> hvigor [32mFinished :entry:clean... after 2 ms [39m
> hvigor [32mFinished :entry:default@PreBuild... after 101 ms [39m
> hvigor [32mFinished :entry:default@CreateModuleInfo... after 1 ms [39m
> hvigor [32mFinished :entry:default@GenerateMetadata... after 3 ms [39m
> hvigor [32mFinished :entry:default@ConfigureCmake... after 14 ms [39m
> hvigor [32mFinished :entry:default@MergeProfile... after 23 ms [39m
> hvigor [32mFinished :entry:default@CreateBuildProfile... after 3 ms [39m
> hvigor [32mFinished :entry:default@PreCheckSyscap... after 1 ms [39m
> hvigor [32mFinished :entry:default@GeneratePkgSdkInfo... after 3 ms [39m
> hvigor [32mFinished :entry:default@ProcessIntegratedHsp... after 1 ms [39m
> hvigor [32mFinished :entry:default@MakePackInfo... after 4 ms [39m
> hvigor [32mFinished :entry:default@SyscapTransform... after 2 ms [39m
> hvigor WARN: CMake Warning in C:/Users/Administrator/Desktop/CodeXProjext/morrow/hmos/.build/checkpoint-sdk-smoke/business-dev22-2026-10-07T10-44-44-764Z/entry/.cxx/default/default/debug/arm64-v8a/CMakeFiles/CMakeScratch/TryCompile-h3l0e0/CMakeLists.txt:
  The object file directory

    C:/Users/Administrator/Desktop/CodeXProjext/morrow/hmos/.build/checkpoint-sdk-smoke/business-dev22-2026-10-07T10-44-44-764Z/entry/.cxx/default/default/debug/arm64-v8a/CMakeFiles/CMakeScratch/TryCompile-h3l0e0/CMakeFiles/cmTC_6dab2.dir/./

  has 237 characters.  The maximum full path to an object file is 250
  characters (see CMAKE_OBJECT_PATH_MAX).  Object file

    CMakeCCompilerABI.c.o

  cannot be safely placed under this directory.  The build may not work
  correctly.



> hvigor WARN: CMake Warning in C:/Users/Administrator/Desktop/CodeXProjext/morrow/hmos/.build/checkpoint-sdk-smoke/business-dev22-2026-10-07T10-44-44-764Z/entry/.cxx/default/default/debug/x86_64/CMakeFiles/CMakeScratch/TryCompile-7lfw0o/CMakeLists.txt:
  The object file directory

    C:/Users/Administrator/Desktop/CodeXProjext/morrow/hmos/.build/checkpoint-sdk-smoke/business-dev22-2026-10-07T10-44-44-764Z/entry/.cxx/default/default/debug/x86_64/CMakeFiles/CMakeScratch/TryCompile-7lfw0o/CMakeFiles/cmTC_d97ba.dir/./

  has 234 characters.  The maximum full path to an object file is 250
  characters (see CMAKE_OBJECT_PATH_MAX).  Object file

    CMakeCCompilerABI.c.o

  cannot be safely placed under this directory.  The build may not work
  correctly.



> hvigor WARN: CMake Warning in C:/Users/Administrator/Desktop/CodeXProjext/morrow/hmos/.build/checkpoint-sdk-smoke/business-dev22-2026-10-07T10-44-44-764Z/entry/.cxx/default/default/debug/x86_64/CMakeFiles/CMakeScratch/TryCompile-hl8zn0/CMakeLists.txt:
  The object file directory

    C:/Users/Administrator/Desktop/CodeXProjext/morrow/hmos/.build/checkpoint-sdk-smoke/business-dev22-2026-10-07T10-44-44-764Z/entry/.cxx/default/default/debug/x86_64/CMakeFiles/CMakeScratch/TryCompile-hl8zn0/CMakeFiles/cmTC_76d62.dir/./

  has 234 characters.  The maximum full path to an object file is 250
  characters (see CMAKE_OBJECT_PATH_MAX).  Object file

    CMakeCXXCompilerABI.cpp.o

  cannot be safely placed under this directory.  The build may not work
  correctly.



> hvigor WARN: CMake Warning in C:/Users/Administrator/Desktop/CodeXProjext/morrow/hmos/.build/checkpoint-sdk-smoke/business-dev22-2026-10-07T10-44-44-764Z/entry/.cxx/default/default/debug/arm64-v8a/CMakeFiles/CMakeScratch/TryCompile-itd1gf/CMakeLists.txt:
  The object file directory

    C:/Users/Administrator/Desktop/CodeXProjext/morrow/hmos/.build/checkpoint-sdk-smoke/business-dev22-2026-10-07T10-44-44-764Z/entry/.cxx/default/default/debug/arm64-v8a/CMakeFiles/CMakeScratch/TryCompile-itd1gf/CMakeFiles/cmTC_4d46b.dir/./

  has 237 characters.  The maximum full path to an object file is 250
  characters (see CMAKE_OBJECT_PATH_MAX).  Object file

    CMakeCXXCompilerABI.cpp.o

  cannot be safely placed under this directory.  The build may not work
  correctly.



> hvigor [32mFinished :entry:default@BuildNativeWithCmake... after 1 s 299 ms [39m
> hvigor [32mFinished :entry:default@GeneratePkgContextInfo... after 16 ms [39m
> hvigor [32mFinished :entry:default@ProcessProfile... after 71 ms [39m
> hvigor [32mFinished :entry:default@ProcessRouterMap... after 3 ms [39m
> hvigor [32mFinished :entry:default@ProcessShareConfig... after 3 ms [39m
> hvigor [32mFinished :entry:default@ProcessStartupConfig... after 2 ms [39m
> hvigor [32mFinished :entry:default@ProcessResource... after 3 ms [39m
> hvigor [32mFinished :entry:default@GenerateLoaderJson... after 7 ms [39m
> hvigor [32mFinished :entry:default@CompileResource... after 259 ms [39m
> hvigor [32mFinished :entry:default@BuildJS... after 2 ms [39m
> hvigor WARN: When performing compilation for the arm64-v8a architecture:
clang++: warning: argument unused during compilation: '--gcc-toolchain=C:/Program Files/Huawei/DevEco Studio/sdk/default/openharmony/native/llvm' [-Wunused-command-line-argument]

> hvigor WARN: When performing compilation for the x86_64 architecture:
clang++: warning: argument unused during compilation: '--gcc-toolchain=C:/Program Files/Huawei/DevEco Studio/sdk/default/openharmony/native/llvm' [-Wunused-command-line-argument]

> hvigor [32mFinished :entry:default@BuildNativeWithNinja... after 1 s 267 ms [39m
> hvigor [32mFinished :entry:default@ProcessLibs... after 172 ms [39m
> hvigor [32mFinished :entry:default@DoNativeStrip... after 106 ms [39m
> hvigor [32mFinished :entry:default@CacheNativeLibs... after 8 ms [39m
> hvigor WARN: WARN: ArkTS:WARN File: C:/Users/Administrator/Desktop/CodeXProjext/morrow/hmos/.build/checkpoint-sdk-smoke/business-dev22-2026-10-07T10-44-44-764Z/entry/src/main/ets/entryability/CheckpointSmokeAbility.ets:4:64
 Function may throw exceptions. Special handling is required.

WARN: ArkTS:WARN File: C:/Users/Administrator/Desktop/CodeXProjext/morrow/hmos/.build/checkpoint-sdk-smoke/business-dev22-2026-10-07T10-44-44-764Z/entry/src/main/ets/model/EditorBusiness.ets:107:32
 The system capacity of this api 'createMd' is not supported on all devices

WARN: ArkTS:WARN File: C:/Users/Administrator/Desktop/CodeXProjext/morrow/hmos/.build/checkpoint-sdk-smoke/business-dev22-2026-10-07T10-44-44-764Z/entry/src/main/ets/model/EditorBusiness.ets:107:32
 Function may throw exceptions. Special handling is required.

WARN: ArkTS:WARN File: C:/Users/Administrator/Desktop/CodeXProjext/morrow/hmos/.build/checkpoint-sdk-smoke/business-dev22-2026-10-07T10-44-44-764Z/entry/src/main/ets/model/EditorBusiness.ets:107:63
 The system capacity of this api 'update' is not supported on all devices

WARN: ArkTS:WARN File: C:/Users/Administrator/Desktop/CodeXProjext/morrow/hmos/.build/checkpoint-sdk-smoke/business-dev22-2026-10-07T10-44-44-764Z/entry/src/main/ets/model/EditorBusiness.ets:107:63
 Function may throw exceptions. Special handling is required.

WARN: ArkTS:WARN File: C:/Users/Administrator/Desktop/CodeXProjext/morrow/hmos/.build/checkpoint-sdk-smoke/business-dev22-2026-10-07T10-44-44-764Z/entry/src/main/ets/model/EditorBusiness.ets:108:29
 The system capacity of this api 'digest' is not supported on all devices

WARN: ArkTS:WARN File: C:/Users/Administrator/Desktop/CodeXProjext/morrow/hmos/.build/checkpoint-sdk-smoke/business-dev22-2026-10-07T10-44-44-764Z/entry/src/main/ets/model/EditorBusiness.ets:108:29
 Function may throw exceptions. Special handling is required.


> hvigor [32mFinished :entry:default@CompileArkTS... after 4 s 872 ms [39m
> hvigor [32mFinished :entry:default@GeneratePkgModuleJson... after 3 ms [39m
> hvigor [32mFinished :entry:default@ProcessCompiledResources... after 1 ms [39m
> hvigor [32mFinished :entry:default@PackageHap... after 439 ms [39m
> hvigor [32mFinished :entry:default@PackingCheck... after 3 ms [39m
> hvigor WARN: Will skip sign 'hos_hap'. No signingConfigs profile is configured in current project.
             If needed, configure the signingConfigs in C:\Users\Administrator\Desktop\CodeXProjext\morrow\hmos\.build\checkpoint-sdk-smoke\business-dev22-2026-10-07T10-44-44-764Z\build-profile.json5.
> hvigor [32mFinished :entry:default@SignHap... after 1 ms [39m
> hvigor [32mFinished :entry:default@CollectDebugSymbol... after 1 ms [39m
> hvigor [32mFinished :entry:assembleHap... after 1 ms [39m
> hvigor [32mBUILD SUCCESSFUL in 11 s 654 ms [39m

34 tasks in total: 34 executed, 0 up-to-date
