   Compiling cfg-if v1.0.5
   Compiling stable_deref_trait v1.2.1
   Compiling smallvec v1.16.1
   Compiling typenum v1.20.1
   Compiling zerofrom v0.1.8
   Compiling libc v0.2.189
   Compiling generic-array v0.14.7
   Compiling siphasher v1.0.4
   Compiling serde_core v1.0.229
   Compiling writeable v0.6.4
   Compiling bitflags v2.13.2
   Compiling litemap v0.8.3
   Compiling new_debug_unreachable v1.0.6
   Compiling yoke v0.8.3
   Compiling parking_lot_core v0.9.12
   Compiling phf_shared v0.11.3
   Compiling bytes v1.12.1
   Compiling memchr v2.8.3
   Compiling scopeguard v1.2.0
   Compiling zerovec v0.11.8
   Compiling zerotrie v0.2.5
   Compiling utf8_iter v1.0.4
   Compiling serde v1.0.229
   Compiling icu_properties_data v2.3.0
   Compiling prost v0.14.4
   Compiling phf v0.11.3
   Compiling tinystr v0.8.4
   Compiling hybrid-array v0.4.15
   Compiling potential_utf v0.1.6
   Compiling lock_api v0.4.14
   Compiling icu_locale_core v2.3.0
   Compiling icu_collections v2.3.0
   Compiling icu_normalizer_data v2.3.0
   Compiling precomputed-hash v0.1.1
   Compiling block-buffer v0.12.1
   Compiling crypto-common v0.2.2
   Compiling crypto-common v0.1.7
   Compiling block-buffer v0.10.4
   Compiling parking_lot v0.12.5
   Compiling cpufeatures v0.2.17
   Compiling digest v0.10.7
   Compiling cpufeatures v0.3.1
   Compiling mac v0.1.1
   Compiling foldhash v0.2.0
   Compiling getrandom v0.4.3
   Compiling futf v0.1.5
   Compiling sha2 v0.10.9
   Compiling hashbrown v0.17.1
   Compiling rustix v1.1.4
   Compiling icu_provider v2.3.1
   Compiling curve25519-dalek v5.0.0
   Compiling digest v0.11.3
   Compiling icu_properties v2.3.0
   Compiling icu_normalizer v2.3.0
   Compiling web_atoms v0.1.3
   Compiling libsqlite3-sys v0.38.2
   Compiling string_cache v0.8.9
   Compiling prost-types v0.14.4
   Compiling curve25519-dalek-derive v0.1.1
   Compiling utf-8 v0.7.6
   Compiling signature v3.0.0
   Compiling capnp v0.24.1
   Compiling zeroize v1.9.0
   Compiling itoa v1.0.18
   Compiling subtle v2.6.1
   Compiling log v0.4.34
   Compiling dtoa v1.0.11
   Compiling linux-raw-sys v0.12.1
   Compiling dtoa-short v0.3.5
   Compiling prost-reflect v0.16.5
   Compiling idna_adapter v1.2.2
   Compiling ed25519 v3.0.0
   Compiling tendril v0.4.3
   Compiling hashlink v0.12.2
   Compiling sha2 v0.11.0
   Compiling aho-corasick v1.1.5
   Compiling fallible-iterator v0.3.0
   Compiling fallible-streaming-iterator v0.1.9
   Compiling fastrand v2.5.0
   Compiling percent-encoding v2.3.2
   Compiling byteorder v1.5.0
   Compiling regex-syntax v0.8.11
   Compiling once_cell v1.21.4
   Compiling tempfile v3.27.0
   Compiling fxhash v0.2.1
   Compiling form_urlencoded v1.2.2
   Compiling zmij v1.0.23
   Compiling ed25519-dalek v3.0.0
   Compiling cssparser v0.35.0
   Compiling derive_more v2.1.1
   Compiling selectors v0.31.0
   Compiling morrow-core v0.1.9-test.50 (C:\Users\Administrator\Desktop\CodeXProjext\morrow\hmos\shared\core)
   Compiling markup5ever v0.35.0
   Compiling morrow-plugin-sdk v0.1.9-test.50 (C:\Users\Administrator\Desktop\CodeXProjext\morrow\hmos\shared\sdk\rust)
   Compiling regex-automata v0.4.18
   Compiling idna v1.1.0
   Compiling servo_arc v0.4.3
   Compiling semver v1.0.28
   Compiling lz4_flex v0.14.0
   Compiling serde_json v1.0.151
   Compiling url v2.5.8
   Compiling pulldown-cmark v0.13.4
   Compiling html5ever v0.35.0
   Compiling morrow-editor-draft-model v0.1.0 (C:\Users\Administrator\Desktop\CodeXProjext\morrow\hmos\rust\editor-draft-model)
   Compiling regex v1.13.1
   Compiling morrow-editor-draft-staging-model v0.1.0 (C:\Users\Administrator\Desktop\CodeXProjext\morrow\hmos\rust\editor-draft-staging-model)
   Compiling morrow-workbench-plugin v0.1.9-test.54.3 (C:\Users\Administrator\Desktop\CodeXProjext\morrow\hmos\shared\plugins\workbench)
   Compiling unicase v2.9.0
   Compiling ego-tree v0.10.0
   Compiling scraper v0.24.0
   Compiling roxmltree v0.21.1
   Compiling encoding_rs v0.8.35
   Compiling base64 v0.22.1
   Compiling rusqlite v0.40.2
   Compiling morrow-hmos v0.1.0 (C:\Users\Administrator\Desktop\CodeXProjext\morrow\hmos\rust)
    Finished `release` profile [optimized] target(s) in 53.90s

Algorithm       Hash                                                                   Path
---------       ----                                                                   ----
SHA256          E64961D0AA087B50BB0FBA331BC47036A369C02A3F4666717B0E5C5330B98606       C:\Users\Administrator\Desktop\C…

