- Dumping layout…
- Dumping layout…
- Dumping layout…
- Dumping layout…
- Dumping layout…
- Dumping layout…
- Executing swipe...
√ swipe from (1126, 1724) to (1126, 1074)
- Dumping layout…
- Dumping layout…
- Executing swipe...
√ swipe from (1126, 1724) to (1126, 1074)
- Dumping layout…
- Dumping layout…
PASS actual native headings, styles, list, quote, code and table projection
node:internal/assert/utils:77
    throw err;
    ^

AssertionError [ERR_ASSERTION]: The expression evaluated to a falsy value:

  assert.ok(allText.has('<script>inert()</script>'))

    at previewTests (C:\Users\Administrator\Desktop\CodeXProjext\morrow\hmos\tool\markdown-device-check.cjs:29:187)
    at Object.<anonymous> (C:\Users\Administrator\Desktop\CodeXProjext\morrow\hmos\tool\markdown-device-check.cjs:41:73)
    at Module._compile (node:internal/modules/cjs/loader:1812:14)
    at Object..js (node:internal/modules/cjs/loader:1943:10)
    at Module.load (node:internal/modules/cjs/loader:1533:32)
    at Module._load (node:internal/modules/cjs/loader:1335:12)
    at wrapModuleLoad (node:internal/modules/cjs/loader:255:19)
    at Module.executeUserEntryPoint [as runMain] (node:internal/modules/run_main:154:5)
    at node:internal/main/run_main_module:33:47 {
  generatedMessage: true,
  code: 'ERR_ASSERTION',
  actual: false,
  expected: true,
  operator: '==',
  diff: 'simple'
}

Node.js v24.14.1
