- Dumping layout…
- Dumping layout…
- Dumping layout…
- Dumping layout…
- Executing click...
√ click at (1194, 1853)
- Executing click...
√ click at (403, 1823)
- Dumping layout…
- Dumping layout…
- Executing click...
√ click at (1087, 1217)
- Dumping layout…
- Dumping layout…
- Dumping layout…
- Executing click...
√ click at (752, 1983)
- Dumping layout…
- Executing click...
√ click at (1227, 213)
- Dumping layout…
- Dumping layout…
- Dumping layout…
- Executing click...
√ click at (1101, 428)
PASS view and preview of confirmed business body consumes no draft
- Dumping layout…
- Dumping layout…
- Executing click...
√ click at (1227, 213)
- Dumping layout…
- Dumping layout…
- Dumping layout…
- Executing click...
√ click at (1101, 428)
PASS read-only preview remains without a journal after process restart
{"result":"PASS","device":"127.0.0.1:5557","title":"HMOS-markdown-20261005-A","cardId":"workspace-card:060b5cd8-de23-45e6-95a1-4571ddbf41a6","checks":["view and preview of confirmed business body consumes no draft","read-only preview remains without a journal after process restart"]}
