- Dumping layout…
- Dumping layout…
PASS HTML stays literal and local images remain inert
- Dumping layout…
- Executing swipe...
√ swipe from (1126, 1094) to (1126, 1394)
- Dumping layout…
- Dumping layout…
- Dumping layout…
- Executing click...
√ click at (1087, 906)
- Dumping layout…
- Executing click...
√ click at (660, 1284)
- Dumping layout…
- Dumping layout…
- Executing click...
√ click at (660, 1284)
- Dumping layout…
- Executing click...
√ click at (486, 596)
- Dumping layout…
- Dumping layout…
- Dumping layout…
- Executing click...
√ click at (1087, 906)
- Dumping layout…
- Dumping layout…
PASS system-authorized clipboard TSV converts completely and replaces selected body
- Dumping layout…
- Executing click...
√ click at (660, 1284)
- Dumping layout…
- Dumping layout…
- Executing click...
√ click at (660, 1284)
- Dumping layout…
node:internal/assert/utils:77
    throw err;
    ^

AssertionError [ERR_ASSERTION]: The expression evaluated to a falsy value:

  assert.ok(s)

    at seek (C:\Users\Administrator\Desktop\CodeXProjext\morrow\hmos\tool\markdown-device-check.cjs:15:161)
    at pasteTests (C:\Users\Administrator\Desktop\CodeXProjext\morrow\hmos\tool\markdown-device-check.cjs:31:69)
    at Object.<anonymous> (C:\Users\Administrator\Desktop\CodeXProjext\morrow\hmos\tool\markdown-device-check.cjs:43:278)
    at Module._compile (node:internal/modules/cjs/loader:1812:14)
    at Object..js (node:internal/modules/cjs/loader:1943:10)
    at Module.load (node:internal/modules/cjs/loader:1533:32)
    at Module._load (node:internal/modules/cjs/loader:1335:12)
    at wrapModuleLoad (node:internal/modules/cjs/loader:255:19)
    at Module.executeUserEntryPoint [as runMain] (node:internal/modules/run_main:154:5)
    at node:internal/main/run_main_module:33:47 {
  generatedMessage: true,
  code: 'ERR_ASSERTION',
  actual: undefined,
  expected: true,
  operator: '==',
  diff: 'simple'
}

Node.js v24.14.1
