- Dumping layout…
- Dumping layout…
- Executing swipe...
√ swipe from (1245, 594) to (1245, 1676)
- Dumping layout…
- Dumping layout…
- Executing click...
√ click at (660, 1536)
- Dumping layout…
- Dumping layout…
- Executing click...
√ click at (660, 1536)
- Dumping layout…
- Executing click...
√ click at (660, 620)
- Dumping layout…
- Executing click...
√ click at (486, 907)
- Dumping layout…
- Dumping layout…
PASS last-focused title uses raw Unicode clipboard text
- Dumping layout…
- Executing click...
√ click at (660, 620)
- Dumping layout…
- Dumping layout…
- Executing click...
√ click at (660, 1536)
- Dumping layout…
- Dumping layout…
- Executing click...
√ click at (660, 1513)
- Dumping layout…
- Executing click...
√ click at (660, 597)
- Dumping layout…
- Executing click...
√ click at (486, 861)
- Dumping layout…
- Dumping layout…
- Dumping layout…
PASS oversized title paste is refused without altering title
- Dumping layout…
- Executing click...
√ click at (660, 1513)
- Dumping layout…
- Dumping layout…
- Dumping layout…
- Executing click...
√ click at (752, 1983)
- Dumping layout…
- Dumping layout…
- Executing click...
√ click at (1213, 213)
- Dumping layout…
- Dumping layout…
- Executing click...
√ click at (1017, 961)
- Dumping layout…
- Dumping layout…
PASS complete converted body survives acknowledged journal and process restart
- Dumping layout…
- Executing click...
√ click at (1087, 1217)
- Dumping layout…
- Dumping layout…
- Dumping layout…
- Executing click...
√ click at (1087, 1217)
- Dumping layout…
- Executing click...
√ click at (1047, 1983)
- Dumping layout…
- Dumping layout…
- Executing click...
√ click at (582, 213)
- Executing text input...
√ input HMOS-markdown-20261005-A at (582, 213)
- Dumping layout…
- Dumping layout…
- Executing click...
√ click at (1227, 213)
- Dumping layout…
- Dumping layout…
- Dumping layout…
- Executing click...
√ click at (1101, 428)
PASS explicit save creates one business identity and retires its raw journal
{"result":"PASS","device":"127.0.0.1:5557","title":"HMOS-markdown-20261005-A","cardId":"workspace-card:060b5cd8-de23-45e6-95a1-4571ddbf41a6","checks":["actual native headings, styles, list, quote, code and table projection","HTML stays literal and local images remain inert","system-authorized clipboard TSV converts completely and replaces selected body","last-focused title uses raw Unicode clipboard text","oversized title paste is refused without altering title","complete converted body survives acknowledged journal and process restart","explicit save creates one business identity and retires its raw journal"]}
