- Dumping layout…
- Dumping layout…
- Executing click...
√ click at (1227, 213)
- Dumping layout…
- Dumping layout…
- Dumping layout…
- Executing click...
√ click at (1101, 428)
- Dumping layout…
- Executing click...
√ click at (582, 213)
- Executing text input...
√ input HMOS-markdown-20261005-A at (582, 213)
- Dumping layout…
- Dumping layout…
- Executing click...
√ click at (948, 214)
- Dumping layout…
- Executing click...
√ click at (1173, 455)
- Dumping layout…
- Executing click...
√ click at (660, 620)
- Dumping layout…
- Dumping layout…
- Executing click...
√ click at (660, 1573)
- Dumping layout…
- Dumping layout…
- Executing click...
√ click at (1087, 906)
- Dumping layout…
node:internal/assert/utils:77
    throw err;
    ^

AssertionError [ERR_ASSERTION]: The expression evaluated to a falsy value:

  assert.ok(blocks.some(n=>n.id.endsWith(':code')))

    at previewTests (C:\Users\Administrator\Desktop\CodeXProjext\morrow\hmos\tool\markdown-device-check.cjs:26:162)
    at Object.<anonymous> (C:\Users\Administrator\Desktop\CodeXProjext\morrow\hmos\tool\markdown-device-check.cjs:37:515)
    at Module._compile (node:internal/modules/cjs/loader:1812:14)
    at Object..js (node:internal/modules/cjs/loader:1943:10)
    at Module.load (node:internal/modules/cjs/loader:1533:32)
    at Module._load (node:internal/modules/cjs/loader:1335:12)
    at wrapModuleLoad (node:internal/modules/cjs/loader:255:19)
    at Module.executeUserEntryPoint [as runMain] (node:internal/modules/run_main:154:5)
    at node:internal/main/run_main_module:33:47 {
  generatedMessage: true,
  code: 'ERR_ASSERTION',
  actual: false,
  expected: true,
  operator: '==',
  diff: 'simple'
}

Node.js v24.14.1
