✔ old material preferences retain values and inherit depth (0.969ms)
✔ follow resolves complete terminal material even through disabled links (0.3109ms)
✔ all cycles rejected including disabled components, missing targets allowed (0.8337ms)
✔ invalid material data fails before replacing accepted values (1.5473ms)
✔ maximum chain is bounded and survives JSON restart without losing overrides (20.1231ms)
✔ seven style radius rules match Flutter and keep a square radius square (0.1967ms)
✔ picker opens exact authorized URI, native streams Unicode bytes, returned metadata has no path (6.6032ms)
✔ picker cancellation does not prepare or create spool (1.0054ms)
✔ provider open denial closes caller files and removes unadmitted private directory (1.4297ms)
✔ native over-budget partial prepare is removed (1.2547ms)
✔ unknown import retains exact original JSON and recovery supports only the same proposal (2.2569ms)
✔ 20 retained requests block picker before provider admission (3.0051ms)
✔ remaining quota includes reserved sidecars of unknown imports (1.6752ms)
✔ bad native whole hash never opens save picker (13.9321ms)
✔ verified short export truncates longer destination, syncs and checks final size (1.226ms)
✔ provider destination stat unsupported is explicitly unconfirmed (3.9321ms)
✔ private image preview is verified, one at a time, and token-scoped cleanup (6.5604ms)
✔ dialog and inline previews coexist, and every original token is released independently (1.3978ms)
✔ inline admission permits eight files then blocks before native read, including another adapter (2.2312ms)
✔ single dialog admission is shared across adapters, while foreign release cannot delete it (1.0792ms)
✔ inline byte quota uses immutable native metadata and restores only after release (1.1645ms)
✔ inline refuses missing or invalid pre-admission length "" (0.644ms)
✔ inline refuses missing or invalid pre-admission length "-1" (1.0052ms)
✔ inline refuses missing or invalid pre-admission length "01" (3.1375ms)
✔ inline refuses missing or invalid pre-admission length "1.0" (1.5299ms)
✔ inline refuses missing or invalid pre-admission length "9007199254740992" (4.6117ms)
✔ inline refuses missing or invalid pre-admission length "67108865" (0.7237ms)
✔ unexpected inline result length is rejected and its private partial is removed (1.0672ms)
✔ invalid purpose does not read native bytes or create private paths (0.9271ms)
✔ preview identity rejects copied handles and every mutated display/path field (1.1258ms)
✔ failed preview URI conversion cleans its private copy and caller descriptor (0.9517ms)
✔ failed token cleanup retains admission and can be explicitly retried (1.0555ms)
✔ failed cleanup remains visible without a UI handle, explicit retry restores dialog admission (1.1472ms)
✔ same-cache new helper retries old failed cleanup, old owner release does not touch disk twice (1.2604ms)
✔ explicit cleanup skips healthy live tokens and preserves failed quota when retry also fails (1.1951ms)
✔ explicit retry keeps immutable inline bytes until actual removal then restores byte budget (1.145ms)
✔ cache-root identity isolates cleanup and quotas even for a nested cache directory (1.2176ms)
✔ Flutter image scale range is finite and panning stays inside contained image geometry (5.1838ms)
✔ preview length mismatch removes private copy and closes FD (0.9782ms)
✔ unknown preview copy result removes private partial bytes without retry (0.7699ms)
✔ provider copy failure is unconfirmed and private export is cleaned (0.7993ms)
✔ crash after mkdtemp before data creation cleans only strict unadmitted directory (0.8695ms)
✔ crash with partial data and undefined metadata, no request, frees quota (1.548ms)
✔ crash with partial data and  metadata, no request, frees quota (1.1052ms)
✔ crash with partial data and {"spool_id": metadata, no request, frees quota (1.3902ms)
✔ metadata write failure during live pick leaves no admitted request or caller FD (1.0675ms)
✔ 20 crashed preparations are cleaned before a new picker request (3.9965ms)
✔ existing corrupt request "" is retained with diagnostic and no handle (0.9337ms)
✔ existing corrupt request "{\"action\":" is retained with diagnostic and no handle (0.9767ms)
✔ existing corrupt request "null" is retained with diagnostic and no handle (0.7929ms)
✔ existing corrupt request "{}" is retained with diagnostic and no handle (0.9919ms)
✔ existing corrupt request "{\"action\":\"import_file\",\"import_request\":[]}" is retained with diagnostic and no handle (0.8445ms)
✔ partial metadata and partial request remain visible, neither becomes an import handle (1.1286ms)
✔ missing metadata with a valid request is preserved (0.8616ms)
✔ schema-invalid or mismatched retained request {"sha256":"0000000000000000000000000000000000000000000000000000000000000000"} is not importable (0.9302ms)
✔ schema-invalid or mismatched retained request {"kind":"unknown"} is not importable (1.1017ms)
✔ schema-invalid or mismatched retained request {"expected_generation":"18446744073709551616"} is not importable (0.9412ms)
✔ schema-invalid or mismatched retained request {"operation_id":""} is not importable (0.9305ms)
✔ symlink directory is never recursively removed or exposed (0.9164ms)
✔ symlink data is never recursively removed or exposed (0.8916ms)
✔ symlink metadata.json is never recursively removed or exposed (0.6972ms)
✔ symlink request.json is never recursively removed or exposed (0.6776ms)
✔ permission failure does not imply request absence and prevents quota admission (1.0091ms)
✔ unexpected child directory survives recursive SDK rmdir and blocks new admission (1.1129ms)
✔ unknown namespace is retained, diagnosed, and cannot be quota-evicted (0.8802ms)
✔ complete preparation without request recovers an opaque handle for explicit use (1.0101ms)
✔ corrupt cached metadata invalidates the old in-memory handle (1.4435ms)
✔ cleanup failure remains visible and blocks the unsafe cached item (9.5505ms)
✔ oversized corrupt journals count actual bytes and block a new picker (1.249ms)
✔ diagnostics are copied so caller mutation cannot hide retained review state (1.0489ms)
✔ system open lease uses bounded safe original suffix and exact read metadata (1.1098ms)
✔ system open requires preadmitted canonical length within 200 MiB (4.1043ms)
✔ system open actual byte length mismatch removes unregistered candidate (1.1611ms)
✔ safe system preview filename preserves suffix under Unicode truncation (2.8961ms)
✔ system open admission is shared but independent of image dialog and inline leases (1.8924ms)
✔ failed system open cleanup retains immutable admission until explicit retry (1.3663ms)
✔ named system preview cleanup refuses foreign sidecars before deleting its verified file (2.8218ms)
✔ named system preview cleanup validates its exact file is not a symlink (1.3061ms)
✔ batch selection returns every URI in provider order and passes the exact ceiling without copying bytes (2.6231ms)
✔ invalid batch ceilings fail before picker admission or file copying (4.6454ms)
✔ empty batch selection grants no URI and permits another explicit picker request (1.0372ms)
✔ an unselected URI or another helper cannot consume the selecting helper grant (2.7027ms)
✔ discarding an unread selection revokes its URI without opening or copying it (2.2351ms)
✔ batch rejects the whole over the caller ceiling result without granting a valid prefix or admitting native work (1.279ms)
✔ batch rejects the whole duplicate URIs result without granting a valid prefix or admitting native work (1.3964ms)
✔ batch rejects the whole empty URI result without granting a valid prefix or admitting native work (1.262ms)
✔ batch rejects the whole non-string URI result without granting a valid prefix or admitting native work (3.0035ms)
✔ batch rejects the whole undefined URI result without granting a valid prefix or admitting native work (2.7074ms)
✔ batch rejects the whole control character in URI result without granting a valid prefix or admitting native work (1.2319ms)
✔ batch rejects the whole DEL in URI result without granting a valid prefix or admitting native work (0.969ms)
✔ batch rejects the whole overlong URI result without granting a valid prefix or admitting native work (2.3503ms)
✔ batch rejects the whole sparse array result without granting a valid prefix or admitting native work (1.2032ms)
✔ batch rejects the whole null provider result result without granting a valid prefix or admitting native work (1.8065ms)
✔ batch rejects the whole undefined provider result result without granting a valid prefix or admitting native work (6.4424ms)
✔ batch rejects the whole object provider result result without granting a valid prefix or admitting native work (2.964ms)
✔ batch rejects the whole string provider result result without granting a valid prefix or admitting native work (1.4619ms)
✔ unread batch members block another picker until each is consumed or explicitly discarded (19.2825ms)
✔ a pending provider reply serializes a second request and blocks it once the first grants arrive (1.7487ms)
✔ provider rejection grants no URI and requires a new explicit selection before preparation (2.9423ms)
✔ each selected URI recalculates the shared spool byte budget including other helper preparations (5.6717ms)
✔ a selected URI whose shared spool count fills before preparation is denied without a native read or retry (5.9782ms)
✔ a failed selected URI is consumed once while a previously prepared spool remains usable (5.6981ms)
✔ discarding remaining grants does not delete or invalidate an already prepared spool (2.9569ms)
✔ native fullscreen hides bars and changes orientation, then restores each original value (1.8182ms)
✔ pre-existing immersive request and asymmetric bar policy survive snapshot and restoration (0.294ms)
✔ repeated enter neither recreates the window port nor resets an existing fullscreen session (0.2547ms)
✔ original snapshot and UI snapshot are immutable from caller mutations (0.2782ms)
✔ exit before pending admission avoids any native writes (0.1946ms)
✔ exit while the app window is being resolved cancels late creation without entering (0.3743ms)
✔ exit during an accepted layout mutation waits then restores and never subsequently hides bars (4.5071ms)
✔ exit during accepted landscape change restores all prior values and does not reenter (0.5836ms)
✔ rapid fullscreen toggles cancel pending enter rather than performing two hidden transitions (0.5537ms)
✔ an enter API rejection which may already have changed the window is restored before returning failure (2.3723ms)
✔ failed restore attempts every remaining independent setting, retains the original window and requires explicit retry (1.487ms)
✔ failed cancellation restore is not automatically replayed by the enter catch handler (0.5326ms)
✔ failed original enter and failed restoration retain obligation rather than recapturing the altered window (0.7596ms)
✔ invalid or unavailable baseline cannot mutate the window (0.4988ms)
✔ actual WindowKit adapter binds only the exact initialized app main window (1.7751ms)
✔ actual ETS model and component-method harness expose their fresh source identity (2.7407ms)
ℹ AttachmentImageGestures.ets SHA256 73af8dd840bab941c7a5acdbc45639920e0b423912d441472c1756fc77647fc9
ℹ AttachmentImagePreview.ets normalized-source SHA256 484076c31dcf78dddb69b0ea27f6bb46c8fd753fc9763f0f07759ce9438442a8
✔ tight Flutter layout box has effective scale 1 through 2.5 with clipped pan at identity (0.6619ms)
✔ off-center pinch preserves the scene point underneath the fingers (0.1494ms)
✔ moving two-finger focal point translates the already scaled image (0.21ms)
✔ pinch registration scale is normalized without a recognition-threshold jump (0.2172ms)
✔ single-finger pan uses the contain Image layout box, including letterboxing (0.3562ms)
✔ both directions reverse immediately after hitting a pan boundary (0.153ms)
✔ moving pinch focal point reverses immediately after either boundary clips it (0.2846ms)
✔ two-finger translation works without requiring a pinch distance change (0.1845ms)
✔ two-finger pan supersedes one-finger pan and its late cancellation cannot cancel the new owner (0.3571ms)
✔ pinch takes over both pan recognizers and parallel updates cannot double-apply translation (0.9362ms)
✔ finished and cancelled tickets cannot update again; fresh gestures can proceed (0.2004ms)
✔ old end and cancel tickets never control a newer gesture in the same preview (0.1178ms)
✔ replacement, including reuse of the same token, revokes old starts, updates, ends and reset (0.2338ms)
✔ geometry changes reset the transform and reject all former geometry tickets (0.1507ms)
✔ loading/background invalidation and disposal revoke tickets without autonomous replay (0.1449ms)
✔ reset and button zoom invalidate any currently admitted gesture tickets (0.1198ms)
✔ invalid gesture numbers and unusable viewport sizes cannot publish a corrupt transform (0.181ms)
✔ returned view and scope snapshots cannot mutate the owned transform (0.0654ms)
✔ actual component only admits status-1 decoded, finite, current exact token and URI (0.3558ms)
✔ actual component pinch uses moving focal point and actual pan binds a separate ticket (0.3257ms)
✔ actual component former preview callbacks cannot alter or fail the next preview (0.2289ms)
✔ actual component geometry replacement revokes old gesture closures while retaining decode identity (0.1289ms)
✔ actual component owner replacement changes its real ForEach key even if geometry and availability are unchanged (0.2732ms)
✔ actual component foreground resume replaces callback owner and retains the current transform (0.15ms)
✔ actual component read loading/failure revokes former owner without resetting to another resource (1.1036ms)
✔ actual component current decode failure stops gestures and preserves the original verified export (0.2178ms)
✔ actual component disappearance rejects source, gesture, reset and visibility late callbacks (0.1396ms)
✔ actual component timestamp fences prevent queued old pan end/cancel from borrowing a new ticket (0.1309ms)
✔ actual component timestamp fences prevent queued old pinch end/cancel from borrowing a new ticket (0.1164ms)
✔ all three URI items are imported in order with independent frozen identities and successive generations (14.2481ms)
✔ picker cancel creates no draft owner, operation or import (0.9768ms)
✔ valid non-empty selection establishes generation zero owner before any provider preparation (1.0857ms)
✔ single picker maximum uses both asset and retained import slots (0.9325ms)
✔ no remaining slot or blocked editor opens no picker and admits no item (1.7471ms)
✔ oversized provider return is rejected whole before confirm or first-item import (0.8677ms)
✔ duplicate, empty, control-containing or excessively long URI selection rejects before any item (3.243ms)
✔ sparse URI selection is rejected before owner confirmation or any first-item import (0.7391ms)
✔ same display names and bytes at distinct URIs remain independent import items (0.9184ms)
✔ new title or generation while the picker is open stops before owner confirmation (2.1855ms)
✔ generation confirmation cannot adopt user changes made while await was live (0.7761ms)
✔ rejected owner confirmation conservatively remains Unknown without reading selected provider URI (0.789ms)
✔ simultaneous run calls share one live handle and one picker (0.967ms)
✔ stop during picker waits for the same live handle then admits no provider URI (0.7492ms)
✔ stop during issued import retains its late confirmed result and never starts next URI (1.3286ms)
✔ Ready but unselected receipt is retained and stops all later items (0.9988ms)
✔ known per-item failure preserves previously selected item and stops without automatic replay (0.855ms)
✔ Unknown returned or thrown item result does not replay and stops remaining selection (1.3888ms)
✔ foreign receipt operation, draft, card or generation is Unknown rather than success (2.7691ms)
✔ receipt cannot smuggle a different current boundary into the next item (3.7224ms)
✔ adapter cannot accept extra edits or replace title with text other than current title or confirmed filename (1.9172ms)
✔ new edit after pin confirmation keeps selected result but stops before next URI (0.7876ms)
✔ duplicate generated operation identity stops before admitting the second item (3.7308ms)
✔ valid uint64 generations above Number safe range remain exact across all items (2.5868ms)
✔ snapshot and callback object mutations cannot replace owned sequencing state (1.8215ms)
✔ synchronous observer stop before first URI admission cannot start any import (1.1985ms)
✔ empty-title proposal matches filename limit and preserves a newly non-empty title (3.8876ms)
✔ invalid generation, negative or excessive counts fail closed before picker (7.0824ms)
✔ fullscreen horizontal seek uses actual Material whole-second duration and default 1000 vp sensitivity (3.5181ms)
✔ horizontal gesture submits once only after finish and subsequent finish is empty (0.3341ms)
✔ Dart negative half-second golden rounds away from zero rather than JavaScript negative zero (0.2473ms)
✔ source-style horizontal out-of-range movements preserve last accepted delta (0.1395ms)
✔ zero movement, unknown duration, invalid offsets and non-fullscreen never submit seek (0.1952ms)
✔ lease replacement, fullscreen exit, background disposal and player failure cancel an accepted horizontal seek (0.1486ms)
✔ short clips below one second and a rounded zero offset do not dispatch (0.1014ms)
✔ double tap submits left minus 10 seconds or right plus 10 seconds after exactly 400 ms (0.5731ms)
✔ middle third double tap and unavailable/fullscreen-disabled playback do not seek (0.211ms)
✔ exact equal-third outer boundaries match source and invalid coordinates cannot seek (0.3169ms)
✔ subsequent tap increments same side by ten seconds and resets 400 ms submission timer (0.2096ms)
✔ opposite or middle single tap does not increment pending double-tap feedback (0.0945ms)
✔ changing double-tap direction cancels earlier side without replaying its timer (0.0959ms)
✔ double tap follows current playback position at delayed commit and clamps to start/end (0.1819ms)
✔ late double-tap timers never control a replacement lease even with identical duration and position (0.1247ms)
✔ double-tap timers cancel on fullscreen exit, busy release, failure and explicit cancel (0.1027ms)
✔ old feedback fade timer cannot erase a newer source indicator (0.1832ms)
✔ controls start hidden and single tap toggles with exact 3-second timeout (0.2965ms)
✔ control interaction refreshes hide timer and slider drag keeps controls mounted until release (0.1638ms)
✔ stale visibility timer and stale tap cannot control replacement or remounted fullscreen controls (0.1079ms)
✔ token-bound toggle and seek reject delayed controls from an old attachment (1.8577ms)
✔ destroyed surface observed before initialized is never assigned or prepared (0.6905ms)
✔ stale surface destroy cannot clear a newer exact surface or another lease (0.6498ms)
✔ destroyed surface cancels queued prepare and replacement admits only the exact latest surface (0.3409ms)
✔ verified private URI and SDK MIME reach the system viewer, launch never releases bytes (2.9885ms)
✔ forged, wrong-purpose and arbitrary provider URI candidates are rejected without adopting or opening (0.9862ms)
✔ all guarded executable families avoid system dispatch and safely release unopened lease (9.8063ms)
✔ MIME hints follow PreviewKit values and unknown names remain unspecified (2.6978ms)
✔ support failure or unsupported file before dispatch removes own file and does not launch (5.9035ms)
✔ a pre-existing singleton window is never replaced or closed by candidate opening (1.7973ms)
✔ UI navigation, foreground observation and window disappearance retain bytes for possible external readers (1.9204ms)
✔ close and successful closure observation preserve bytes until explicit all-readers-finished action (2.1391ms)
✔ finish refuses while the system preview is still displayed (8.1555ms)
✔ open rejection after dispatch is unknown and never automatically replayed or removed (1.3693ms)
✔ silent launch without observed window remains retained rather than being treated as reader completion (3.3591ms)
✔ observation and closure failures retain the known capability and permit only explicit retry (2.5895ms)
✔ close resolution without observed closure cannot authorize removal (1.5732ms)
✔ failed file removal keeps original capability across adapter recreation, retry does not reopen (5.3812ms)
✔ failed pre-dispatch cleanup does not claim ownership of unrelated singleton on later retries (2.1009ms)
✔ mutation during support await cannot inject another file URI into dispatch (1.712ms)
✔ queued finish waits for dispatch settlement and never removes in-flight bytes (3.3264ms)
✔ returned UI snapshots cannot alter retained session or expose private URI (1.6599ms)
✔ cleanup uses original immutable token after a post-dispatch caller mutation (1.5135ms)
✔ audio prepares paused with time controls and never starts automatically (8.3386ms)
✔ video waits for its exact token surface and prepares once irrespective of callback order (1.4468ms)
✔ close before awaited open admission cannot create a player or expose a deleted lease (0.2501ms)
✔ close awaits late factory creation and releases without loading that source (0.5072ms)
✔ close waits for pending native initialization before releasing the player (0.6044ms)
✔ close awaits an already executing play instead of releasing its descriptor mid-command (0.5031ms)
✔ surface observed before native initialization is used only after initialized (0.2835ms)
✔ failed prepare remains failed with controls disabled and releasable ownership (0.3198ms)
✔ rejected release keeps resource ownership and an explicit close can retry (0.566ms)
✔ reopening never bypasses a failed previous release or starts another source (0.3791ms)
✔ concurrent close callers share one cleanup and stale events cannot update a replacement (0.5162ms)
✔ latest concurrent opening wins with no native work from a superseded admission (0.2195ms)
✔ controls reject invalid positions and serialize accepted actions before release (0.5517ms)
✔ background pauses an in-flight accepted play without restoring autoplay (0.3274ms)
✔ late disappearing-surface pause for an old token cannot pause a newly playing session (0.2937ms)
✔ media failure is visible and callbacks cannot silently recover or automatically replay (0.1522ms)
✔ source and view snapshots cannot be mutated to substitute another file (0.304ms)
✔ actual SDK adapter uses readonly nofollow FD with exact byte extent, then release before fd close (48.1998ms)
✔ actual SDK adapter retains descriptor when native release fails and retries only after explicit close (37.0029ms)
✔ actual SDK adapter retains failed FD close after player release, retry never re-releases the player (49.721ms)
✔ actual SDK adapter holds partial initialization resources for cleanup and never feeds mismatched bytes to AVPlayer (88.7854ms)
✔ same identity receives new content without invalidating unrelated cards (1.3743ms)
✔ reordered results refresh revised retained identities and discard removed entries (0.2181ms)
✔ moved identities invalidate positional height caches even without a content revision (0.1273ms)
✔ page identity separates different card presentations and empty queries clear visible data (0.1445ms)
✔ identical queries do not invalidate nodes and detached views receive no events (0.2451ms)
✔ stable page identities include the five Flutter pages and exclude trash (1.8795ms)
✔ restore retains source v1 schema, manual flags and page-specific orders (1.4581ms)
✔ order projects surviving saved IDs and appends new cards without destructive pruning (0.7939ms)
✔ moveRelative uses target identity after removal, including before/after and no-ops (0.6326ms)
✔ filtered moves replace visible slots and leave hidden card anchors unchanged (1.0055ms)
✔ visible query order may differ from full order and is merged into visible slots exactly (1.3176ms)
✔ a successful move prunes removed IDs, appends new ones, and does not change other pages (0.8698ms)
✔ disabling and enabling manual order preserves its saved identities (0.9422ms)
✔ write failure rolls back the exact prior order/manual state and never auto-replays (1.2318ms)
✔ failed mode selection restores the previous manual mode and retained order (0.9683ms)
✔ busy and loading reject new changes instead of issuing concurrent writes or reads (0.9084ms)
✔ invalid candidate identities, page, duplicates, missing targets and overflow never write (3.7863ms)
✔ view tokens and model revision reject stale drags, even for identical identity arrays (1.6412ms)
✔ switching pages during a write does not publish the old page mode into the current page (5.9975ms)
✔ serialized preferences recover the acknowledged state after restart (3.0343ms)
✔ caller mutations of input arrays, views and returned snapshots cannot change a pending request (0.8888ms)
✔ invalid persisted JSON is rejected atomically without partially replacing prior preferences (4.6267ms)
✔ exact 256-card candidates can be persisted without truncation (14.7073ms)
✔ dispose prevents late read/write callbacks from updating the current UI (2.3011ms)
✔ bounded original HTML bytes become a normal recoverable spool without raw provider data (16.4422ms)
✔ a minted system URI can be opened once but never becomes a picker grant or persistent URI (10.2653ms)
✔ plain URI text and forged capabilities cannot open a caller-selected path or invoke native (7.9628ms)
✔ unreadable actual system URI gives explicit failure, consumes once and cleans private partial (9.4127ms)
✔ changing owner during issued native URI read removes only unadmitted partial and never replays (5.1502ms)
✔ owner change during bounded-byte write invalidates the resulting spool before admission (4.4198ms)
✔ snapshot disposal after preparation revokes only sources and does not discard a PreparedAttachment (9.1628ms)
✔ each source uses the shared 20-slot spool cap across adapter instances (27.5481ms)
✔ shared sidecar reserve reduces the actual binary write budget before admission (5.4879ms)
✔ PixelMap bufferSize uses actual remaining global quota and no packToFile bypass (9.9935ms)
✔ invalid byte budget 0 does not consume a valid source (8.9127ms)
✔ invalid byte budget -1 does not consume a valid source (5.3167ms)
✔ invalid byte budget NaN does not consume a valid source (4.7854ms)
✔ invalid byte budget 1.5 does not consume a valid source (7.1642ms)
✔ invalid byte budget 67108865 does not consume a valid source (6.8ms)
✔ HTML over converter UTF8 byte envelope keeps exact original but cannot enter native conversion (254.6044ms)
✔ native conversion request is exact source SHA and one of the five fields: plain (6.2782ms)
✔ native conversion request is exact source SHA and one of the five fields: html (6.9457ms)
✔ native conversion request is exact source SHA and one of the five fields: rtf (8.9736ms)
✔ native conversion request is exact source SHA and one of the five fields: xml (5.5762ms)
✔ conversion rejects foreign source SHA while preserving original spool (44.0362ms)
✔ conversion rejects foreign source length while preserving original spool (6.7483ms)
✔ conversion rejects oversized text while preserving original spool (17.0802ms)
✔ conversion rejects wrong warnings type while preserving original spool (7.398ms)
✔ conversion rejects malformed warning while preserving original spool (5.8279ms)
✔ conversion rejects images object while preserving original spool (5.7542ms)
✔ conversion rejects sparse images while preserving original spool (8.42ms)
✔ conversion rejects success with error while preserving original spool (8.5039ms)
✔ conversion rejects failure with content while preserving original spool (14.9003ms)
✔ native explicit conversion error keeps original bytes and exposes no forged result (9.7824ms)
✔ issued conversion FD and original remain alive until completion even when release is queued (12.8534ms)
✔ embedded image is extracted by exact validated converter identity and full source hash (13.6678ms)
✔ copied or changed converter object and foreign source handles cannot extract image bytes (9.6823ms)
✔ conversion refuses embedded duplicate ID (8.7462ms)
✔ conversion refuses embedded foreign name (7.4215ms)
✔ conversion refuses embedded path name (13.1151ms)
✔ conversion refuses embedded zero length (14.1804ms)
✔ conversion refuses embedded noncanonical decimal (5.9449ms)
✔ conversion refuses embedded unsafe length (6.3156ms)
✔ conversion refuses embedded uppercase hash (4.1869ms)
✔ conversion refuses embedded too many image ID (7.4879ms)
✔ embedded output hash or size mismatch cleans image partial and keeps original (15.6748ms)
✔ embedded size pre-admission uses remaining source-plus-sidecar quota (12.4993ms)
✔ releasing a converter source revokes old extraction authority (4.3768ms)
✔ owner change during encoder cleanup removes its previously complete but unadmitted spool (18.174ms)
✔ encoder release failure prevents prepared image admission and cleans only its own spool (9.6098ms)
✔ CJK plain original above the former 2MiB byte cap reaches native unchanged (98.135ms)
✔ native decoded-unit rejection preserves complete rich original with no successful payload (51.1305ms)
✔ conversion byte preflight plain at envelope +0 is format-specific (10.926ms)
✔ conversion byte preflight plain at envelope +1 is format-specific (13.4877ms)
✔ conversion byte preflight html at envelope +0 is format-specific (10.5907ms)
✔ conversion byte preflight html at envelope +1 is format-specific (4.2425ms)
✔ conversion byte preflight xml at envelope +0 is format-specific (5.3731ms)
✔ conversion byte preflight xml at envelope +1 is format-specific (11.3443ms)
✔ conversion byte preflight rtf at envelope +0 is format-specific (6.132ms)
✔ conversion byte preflight rtf at envelope +1 is format-specific (6.841ms)
✔ a system file URI original beyond the RTF conversion envelope still uses attachment quota (100.7909ms)
✔ SDK Unicode RTF serialization length and SHA include the BOM throughout the native read contract (4.9654ms)
✔ SDK RTF BOM bytes also count against the unchanged global payload plus sidecar allowance (3.1539ms)
✔ conversion validates full native grapheme receipt for emoji above old UTF16 limit (6.1978ms)
✔ conversion validates full native grapheme receipt for combining above old UTF16 limit (6.3974ms)
✔ conversion validates full native grapheme receipt for family above old UTF16 limit (6.0026ms)
✔ conversion refuses missing grapheme receipt without releasing the original or exposing partial text (7.1833ms)
✔ conversion refuses wrong Unicode version without releasing the original or exposing partial text (5.8933ms)
✔ conversion refuses zero nonempty count without releasing the original or exposing partial text (3.626ms)
✔ conversion refuses fractional count without releasing the original or exposing partial text (8.4168ms)
✔ conversion refuses wrong UTF16 count without releasing the original or exposing partial text (5.9685ms)
✔ conversion refuses wrong UTF8 count without releasing the original or exposing partial text (7.4131ms)
✔ conversion refuses surrogate replacement without releasing the original or exposing partial text (6.6423ms)
✔ few graphemes cannot bypass the independent complete conversion JSON/UTF8 byte budget (16.6964ms)
✔ actual SDK snapshot reads each requested flavor and exposes opaque capabilities (16.1418ms)
✔ system file URI excludes text flavors and is never obtained from plain text (6.1905ms)
✔ non-file URI is literal content without file authority (6.8566ms)
✔ binary image wins PixelMap independent of provider order and has no duplicate binary entry (3.4853ms)
✔ PixelMap encodes bounded PNG with explicit bufferSize and releases encoder and image (2.467ms)
✔ dispose during encoding invalidates late bytes without releasing the live encoder early (2.6229ms)
✔ owner change while reading a flavor invalidates the entire snapshot and does not re-read (8.2137ms)
✔ changeCount after system read rejects instead of adopting new content (3.0744ms)
✔ changeCount before consume stops old source and a fresh read requires explicit disposal (14.4055ms)
✔ source is one-shot while sibling flavors remain usable until snapshot disposal (6.1616ms)
✔ copied or fabricated source metadata cannot become authority (4.011ms)
✔ mutated source name is refused (2.9599ms)
✔ mutated source mime is refused (3.6025ms)
✔ mutated source kind is refused (2.8481ms)
✔ mutated source format is refused (2.7815ms)
✔ invalid or over-limit record count -1 does not silently truncate (4.5663ms)
✔ invalid or over-limit record count 21 does not silently truncate (7.3136ms)
✔ invalid or over-limit record count 1.5 does not silently truncate (4.8691ms)
✔ invalid or over-limit record count NaN does not silently truncate (1.1434ms)
✔ invalid provider MIME list is refused before flavor reads (1.253ms)
✔ invalid provider MIME list is refused before flavor reads (0.9906ms)
✔ invalid provider MIME list is refused before flavor reads (0.9464ms)
✔ invalid provider MIME list is refused before flavor reads (0.9204ms)
✔ unrequested MIME and sparse valid-type reply do not mint capabilities (2.0913ms)
✔ wrong value types warn without pretending the format was imported (1.0338ms)
✔ plain CJK within the Flutter UTF16 limit is not rejected by the old 2MiB byte ceiling (10.1204ms)
✔ snapshot buffers are copied before a provider can mutate its ArrayBuffer (1.8017ms)
✔ PixelMap oversized dimensions stop before encoder admission and still release (1.2533ms)
✔ PixelMap encoded overflow and rejected encoder never become output and never replay (2.6157ms)
✔ snapshot disposal revokes unread sources and does not read their providers again (1.9092ms)
✔ late SDK PixelMap reply is released when the owner changed before flavor admission (1.9799ms)
✔ HTML and RTF beyond their conversion unit caps preserve original capability within attachment budget (160.6148ms)
✔ owner change during awaited encoder cleanup invalidates successful late bytes (7.3157ms)
✔ source kinds reuse the actual attachment suffix classifier (4.2001ms)
✔ encoder release failure is explicit after pixel release and does not allow replay (3.3489ms)
✔ disposal attempts every unused PixelMap before reporting a release failure (3.2797ms)
✔ exact Flutter plain UTF16 boundary preserves every ASCII byte (31.0298ms)
✔ exact Flutter plain UTF16 boundary preserves every CJK byte (46.8389ms)
✔ exact Flutter plain UTF16 boundary preserves every supplementary emoji byte (72.6914ms)
✔ plain ASCII one UTF16 unit over the limit warns without truncating or losing a sibling (2.4841ms)
✔ plain supplementary emoji one UTF16 unit over the limit warns without truncating or losing a sibling (5.5055ms)
✔ plain raw binary source byte envelope boundary +0 is independent of decoded native units (9.897ms)
✔ plain raw binary source byte envelope boundary +1 is independent of decoded native units (5.3835ms)
✔ binary image and file originals are not subject to either converter byte envelope (61.2428ms)
✔ expanded text envelopes do not increase the 64MiB snapshot total (31.6162ms)
✔ all SDK text flavors reject unpaired UTF16 before encoding: high-middle (1.414ms)
✔ all SDK text flavors reject unpaired UTF16 before encoding: low-middle (0.9447ms)
✔ all SDK text flavors reject unpaired UTF16 before encoding: high-end (0.8993ms)
✔ all SDK text flavors reject unpaired UTF16 before encoding: low-alone (1.1176ms)
✔ all SDK text flavors reject unpaired UTF16 before encoding: two-high (1.1093ms)
✔ SDK text preservation accepts paired supplementary emoji in every text flavor (1.2038ms)
✔ SDK text preservation accepts intentional U+FFFD in every text flavor (1.0121ms)
✔ SDK string validation does not reinterpret or rewrite original binary text flavors (1.1278ms)
✔ SDK Unicode RTF string has explicit UTF8 BOM even with an ANSI codepage declaration (4.402ms)
✔ raw ANSI RTF ArrayBuffer keeps every original byte without adding a Unicode marker (2.2624ms)
✔ exact pins are confirmed sequentially before portable text and caret persist (5.285ms)
✔ full expanded plan and final insertion budget are checked before any import (1.5396ms)
✔ target selection or raw text changing during confirmation never imports (1.5581ms)
✔ wrong owner, operation receipt, pin ID or target cannot authorize the next import or text (10.2661ms)
✔ Unknown stops later admissions without a native replay or placeholder insertion (0.6828ms)
✔ stop while one native import is live observes that result and admits nothing else (25.0749ms)
✔ copy plan metadata before awaits and refuse a text save without a new confirmed generation (1.2671ms)
✔ complete future grapheme field is checked before the first attachment import (0.8898ms)
✔ large emoji paste fitting the grapheme limit retains every UTF16 unit (0.6252ms)
✔ owner, selection, generation, blocked or import inventory drift during preflight stops before confirmation (23.9139ms)
✔ stop during preflight cannot issue any native import (12.3451ms)
✔ actual persistent image references are checked again after pins before text (0.4038ms)
✔ second async policy failure retains confirmed pins and does not save text or replay imports (0.2728ms)
✔ target or owner drift during final count retains pins but never commits stale text (0.7853ms)
✔ raw capture is already complete while a formatter is pending and confirmation alone is blocked (5.981ms)
✔ same-turn onChange and onSelection coalesce and preserve the original old value (0.8285ms)
✔ later selection revokes old worker and reissues against original edit, preventing selection-only bypass (1.1346ms)
✔ a new text edit uses the immediately preceding raw value and rejects previous reply (0.9839ms)
✔ independent fields do not invalidate one another and task rename uses separate key with todos policy (10.4768ms)
✔ owner replacement and same-identity unbind/rebind prevent ABA adoption (2.2029ms)
✔ stop cancels queued and running workers and stopped fields cannot confirm or capture (0.7115ms)
✔ an uncaptured external field revision or metadata change revokes an in-flight result (2.2074ms)
✔ active preview is fully captured and checked without adoption; commit preserves composing oldValue gate (3.3471ms)
✔ preview flag alone blocks adoption even when SDK composing metadata is collapsed (1.3148ms)
✔ a destructive preview proposal is counted separately and never replaces complete candidate raw (14.4199ms)
✔ positive retained adoption preserves the complete old selection and receives a new field revision (3.5454ms)
✔ retained old active composition after commit is explicit failure, never silently cleared (6.997ms)
✔ worker failure retains raw, blocks confirmation and only explicit retry replays the same intent (4.8112ms)
✔ selection after failed truncation retains original edit identity, not a same-text bypass (6.7692ms)
✔ late failure cannot poison a newer successful field revision (5.7277ms)
✔ apply refusal, stale adoption receipt or throwing controller cannot authorize confirmation (8.1804ms)
✔ reentrant new raw during controller adoption cannot be overwritten by the previous result (1.7521ms)
✔ callers cannot mutate bound values, captured snapshots, views or applied proposals into later adoption (1.2212ms)
✔ strict Unicode and independent request budget failures preserve all original raw text (11.1412ms)
✔ malformed receipt or invalid full metadata fails without discarding raw or automatic replay (0.6881ms)
✔ selection-only after settled input follows the actual same-text gate and does not imply save eligibility (3.633ms)
✔ revision reuse, stale owners, unknown fields and inactive slots cannot issue or adopt new work (2.298ms)
✔ new cards durably save the initial empty snapshot; unchanged existing cards do not (17.9193ms)
✔ successful explicit import preparation establishes an unchanged source journal once; opening does not (5.4827ms)
✔ selected identities and aliases are immutable snapshot input; attachment-only changes save a generation (7.6387ms)
✔ an unknown attachment save retries exact selection bytes and leaves newer removal intact (13.5366ms)
✔ restored selected pins remain read-only and text autosave preserves origin, aliases and inventory (2.6779ms)
✔ missing or altered stored asset evidence cannot certify a selection receipt (10.7356ms)
✔ parent/predecessor, duplicate and oversized attachment selections fail before transport (2.7367ms)
✔ ensureConfirmed surfaces failure without silently certifying empty state or retrying it (4.3873ms)
✔ a later receipt cannot substitute bytes for the same already confirmed asset identity (2.3273ms)
✔ all twenty selected asset identities and Unicode aliases survive serialization without truncation (6.4657ms)
✔ debounce coalesces input and owns scope and full UTF-16 editing values (4.8434ms)
✔ an older receipt confirms history but never replaces newer input; automatic S2 is debounced (4.62ms)
✔ flush waits for the issued save and then confirms all latest input before resolving (3.8198ms)
✔ unknown outcomes preserve exact serialized bytes and explicit retry stops at original S1 (5.433ms)
✔ known rejection clears the proposal, surfaces flush failure and does not replay failed S1 (3.4317ms)
✔ a different S2 already observed during rejected S1 may autosave without replaying S1 (3.8125ms)
✔ a known rejection of retry cannot erase an already uncertain operation (1.471ms)
✔ restoring a confirmed draft is read-only and snapshots are detached (1.1694ms)
✔ inactive or advanced restored journals block flush and autosave (2.7983ms)
✔ historical or mismatched receipts cannot certify latest input (9.8297ms)
✔ disposal stops publication and new work while leaving an issued operation uncancelled (3.2463ms)
✔ selection-only and composing-only changes are real generations; invalid UTF-16 offsets fail before send (15.0304ms)
✔ decimal generation increments preserve u64 precision and reject overflow/noncanonical values (0.9873ms)
✔ pre-send generation exhaustion is an explicit error and never an unknown transport outcome (2.6541ms)
✔ disposing before debounce prevents new writes (1.7558ms)
✔ exact Flutter field limits use grapheme policy, including todos 1000 (2.4709ms)
✔ emoji, combining marks, family, flags and CRLF count complete graphemes (1.6916ms)
✔ each exact boundary is accepted and one additional grapheme is fully rejected (22.6566ms)
✔ empty, whitespace and intentional replacement characters are never normalized (0.4192ms)
✔ lone high or low surrogate is rejected before encoding and paired emoji survives (0.3468ms)
✔ owner loss or stop before the worker completes rejects a late count (0.4205ms)
✔ an already closed owner is rejected without issuing a worker request (0.1616ms)
✔ field, limit, Unicode identity and UTF16/UTF8 lengths must match the original text (0.3184ms)
✔ invalid counts or contradictory success cannot authorize a field (0.7315ms)
✔ a bounded native failure remains explicit and cannot become a truncated success (5.2348ms)
✔ malformed JSON or worker rejection fails closed without a replay (0.5776ms)
✔ full Values are frozen before awaits and all five fields are checked (0.7528ms)
✔ raw inspect and explicitly composing raw validation preserve IME metadata (0.3435ms)
✔ full Values validates every field and reports oversized fields without saving (5.1918ms)
✔ owner generation drift during full Values stops subsequent workers (0.3009ms)
✔ native request-byte failure before field parsing remains an explicit independent budget error (8.9305ms)
✔ actual ETS keeps full Unicode text and editing metadata in the hashed request (2.7087ms)
✔ selection-only overlimit receipt is accepted without authorizing a save (0.6538ms)
✔ truncated native prefix requires a full boundary count and retains full request (0.5829ms)
✔ positive-limit retained must preserve the entire old editing value (1.1575ms)
✔ zero-budget retained validates filtered old: collapsed composition (0.8221ms)
✔ zero-budget retained validates filtered old: invalid selection (0.47ms)
✔ zero-budget retained validates filtered old: CRLF replacement (0.5524ms)
✔ accepted row validates filtering metadata as well as its text (0.5874ms)
✔ accepted row cannot contradict a positive quota or zero-budget no-growth guard (0.6947ms)
✔ wrong request hash, full echoes, Unicode identity and all lengths reject once (1.5393ms)
✔ stop or owner change during hashing prevents any worker request (0.426ms)
✔ late worker reply cannot survive stop or a same-text owner epoch change (8.4012ms)
✔ original full editing values are frozen and caller mutations invalidate pending results (14.4566ms)
✔ invalid Unicode, row mode and wire budgets fail before issuing a worker (5.4181ms)
✔ explicit failure and malformed replies fail without an automatic replay (5.902ms)
✔ full Unicode, leading spaces and trailing LF survive an unset selection (0.7619ms)
✔ reversed UTF16 selection replaces only the selected emoji (0.1185ms)
✔ a caret at a valid UTF16 boundary inserts without replacing neighbors (0.0797ms)
✔ the complete resulting field is grapheme limited, never UTF16 truncated (0.998ms)
✔ live composing text cannot be replaced by a clipboard result (0.1659ms)
✔ invalid or partial selection sentinels are rejected (0.2466ms)
✔ a surrogate cannot be split while pasting (0.2009ms)
✔ a frozen paste target detects raw text, selection and composing drift (0.1204ms)
✔ new editing text, selection, affinity, direction or IME after an async check prevents insertion (0.6814ms)
✔ async paste checks the complete prefix plus inserted text plus suffix (0.3306ms)
✔ replacing a selection can combine graphemes across the insertion boundary (0.2175ms)
✔ policy worker failure rejects the full paste without changing the input (0.3023ms)
✔ actual component methods source identity; builders retain full rows and no platform maxLength (1.2428ms)
ℹ pages/EditorTodos.ets normalized SHA256 871d37a5592098cd8a9a681d01c1883618a79f7cdf3a2c272973a18b0a933a03
✔ actual parent captures whole raw field and maps per-row selection (2.516ms)
✔ preview text is forwarded unchanged to model and raw composing offsets (0.3639ms)
✔ successful Add reveals the exact owned element before its guarded focus callback (5.0036ms)
✔ owner switch between Add and queued focus cancels old-card focus (6.1284ms)
✔ parent disable/disappear blocks editing and late row callbacks without borrowing a new owner (2.812ms)
✔ parent status distinguishes complete raw capture and pending formatting before exact reply (9.7631ms)
✔ readonly count failure keeps full rows visible with unconfirmed counter (21.3085ms)
✔ drop uses matching private drag token and measured window geometry to insert after target (3.0559ms)
✔ drop before midpoint preserves moved row identity (0.6089ms)
✔ foreign drop, malformed geometry and drag-end leave raw unchanged (0.4072ms)
✔ drag frozen before selection change cannot reorder on late drop (0.2724ms)
✔ drag-position callback forwards only a current drag and cancels a stale revision (0.3585ms)
✔ actual child forwards committed string plus exact SDK preview separately (0.8898ms)
✔ child selection only captures while focused and preserves reverse UTF16 order (9.1774ms)
✔ child controllers are stable through refresh and restore confirmed selection after a frame (17.8556ms)
✔ child does not attempt arbitrary composition restore or confirmed cursor during pending (32.3876ms)
✔ child old incarnation callbacks and destroyed controller queued selection are revoked (22.6028ms)
✔ same local row ID on another owner cannot admit old callbacks (0.7247ms)
✔ actual builder uses SDK adaptive1..3 SCROLL lines with full source and Flutter row geometry (0.3328ms)
✔ parent Unknown status keeps complete raw retain permission and separately blocks business readiness (0.5428ms)
✔ valid preview reports complete captured composition rather than formatter failure (0.3262ms)
✔ unlocatable preview reports capture incomplete and preserves exact old raw identity (0.3309ms)
✔ invalid new-owner source status does not borrow previous owner row state (0.4333ms)
✔ failed nonmutating Add count does not misreport the current full raw as capture-incomplete (20.9963ms)
✔ disable pending preserves raw retain permission but cannot turn canceled format into a confirmed receipt (12.1342ms)
✔ actual ETS model exposes its fresh source identity and uses injected field count/formatter only (11.6956ms)
ℹ EditorTodos.ets SHA256 e7a0748f5066939ad42fa4a9b6bde3d9d9761e15df2e42403356c1277a48d710
✔ LF split preserves interior/trailing blanks and CR original without trimming or normalization (5.2049ms)
✔ empty source has zero rows but explicit Add keeps an empty local row across its same-value echo (5.3388ms)
✔ external source sync reuses IDs by index and invalidates previous row callbacks (0.6785ms)
✔ row and view copies cannot mutate private raw state (0.3329ms)
✔ duplicate and malformed local IDs reject instead of producing ambiguous rows (0.5573ms)
✔ selection mapping uses UTF16 offsets across rows including a supplementary emoji (2.5882ms)
✔ external aggregate selection maps within one row but preserves a cross-row selection only in raw (0.7271ms)
✔ external metadata clearing does not leave stale composition on a row (1.0308ms)
✔ remaining budget subtracts other graphemes and one LF per gap, not their UTF16 lengths (0.8725ms)
✔ zero remaining is forwarded intact to native row no-growth policy (3.6738ms)
✔ zero retained adopts complete filtered-old invalid-selection finalize instead of demanding exact-old (2.8886ms)
✔ zero retained keeps legal reverse UTF16 positions/affinity/direction and replaces raw CR with one space (3.4502ms)
✔ zero retained finalizes collapsed composition but rejects any unrelated receipt position change (17.7193ms)
✔ positive remaining retained continues to require exact old without zero-rule metadata relaxation (0.4848ms)
✔ native CRLF-filter full result is adopted without an independent ETS replacement (0.5118ms)
✔ complete raw future candidate is captured before any asynchronous formatter; result is visible (18.5707ms)
✔ malformed native receipt preserves complete candidate and blocks confirmed publication (0.3778ms)
✔ pure worker Unknown never removes or truncates the captured raw candidate (0.5177ms)
✔ preview keeps complete text and composition in aggregate, with no native formatting until commit (4.2642ms)
✔ unknown preview offset preserves old raw and reports capture incomplete without guessing (0.2095ms)
✔ row selection during pending formatting invalidates old reply and rechecks exact new UTF16 selection (2.0309ms)
✔ rapid same-row typing retains frozen last confirmed old value and rejects late candidate reply (5.9487ms)
✔ unexpected second-row input preserves complete raw candidates but cannot publish pending formatting (1.7265ms)
✔ owner switch blocks late row formatter and old controller events (1.1977ms)
✔ same text edit-away-and-back at parent epoch blocks a late formatter (0.7917ms)
✔ stop revokes callbacks and preserves complete raw, while fresh bind cannot qualify canceled formatting (1.0073ms)
✔ capture rejection restores source-consistent local rows instead of creating a second raw draft (1.3126ms)
✔ Add includes new separator in full future count and refuses total1000 without slicing (8.0545ms)
✔ Add caps local rows100 but restore preserves over100 existing raw rows (0.6572ms)
✔ late Add count after changed owner cannot append a row to a new card (1.461ms)
✔ remove accepts blank row, joins all remaining rows, and resets aggregate selection only (0.7388ms)
✔ up/down preserve row IDs and row UTF16 cursor metadata while changing aggregate order (0.5018ms)
✔ private drag can insert before and after a real target with stable row identity (0.6293ms)
✔ stale drag revision and old owner never reorder raw (0.3016ms)
✔ pending/IME prevents remove, move, Add and beginDrag without losing raw candidate (2.5727ms)
✔ status owns an independent full TextValue and cannot mutate row capture authority (1.3443ms)
✔ pending count and formatter never transiently publish a captured candidate as business-ready (6.123ms)
✔ same exact parent echo retains pending status and full raw; epoch change cancels only formatting qualification (1.056ms)
✔ Unknown and incomplete capture remain separate across same raw rebind and recover after a confirmed new input (5.1249ms)
✔ disabling a fully confirmed raw value does not make its existing formatting result incomplete (2.5645ms)
✔ raw sentinel and cross-row composition are retained without guessing a restorable row range (1.721ms)
✔ other row controller callbacks cannot clear the captured active preview composition (0.4636ms)
✔ remaining-count failure preserves complete future raw and blocks only formatter business qualification (0.5166ms)
✔ install plan hashes exact standalone artifact manifests and prints only independent install commands (7.2284ms)
✔ even a hash-matched product bundle disguised as tester filename is refused (2.5436ms)
✔ install plans fail before execution for changed bytes, omitted hashes, guessed device and unsafe staging label (2.3181ms)
✔ probe command uses freshly supplied identity/version/bounds and actual ETS multipointer plan (491.6103ms)
✔ probe printer rejects missing live expectations and observe never prepares input matrix (0.2658ms)
✔ collected report inspection records hashes/percent scope without claiming pixel displacement or private token identity (11.1175ms)
✔ unknown input remains unknown during readonly inspection and never creates a retry command (16.7025ms)
✔ collected success requires matching typed observations, complete artifacts and positive injection acknowledgement (24.1576ms)
✔ actual trace generator supplies complete independent 2x9 paths inside observed px canvas (1.3815ms)
✔ actual two-finger pure pan preserves separation while moving the focal center (0.1627ms)
✔ invalid bounds, unknown operations and nonpercentage accessibility labels fail closed (0.3959ms)
✔ actual runner submits one true multipointer matrix and records screenshot-only visual scope (60.6105ms)
✔ actual readonly observe never injects a gesture or clicks reset (58.0513ms)
✔ actual fixture name, focused foreground window, product version and supplied bounds gate input before a matrix is sent (252.4796ms)
✔ actual failed native injection remains unknown, preserves input intent and never retries (21.9904ms)
✔ actual repeated label, stopped runner and unprepared zoom cannot replay input (159.7355ms)
✔ command printer validates exact fixture/bounds/version and never runs device commands (5.3756ms)
✔ independent project preparation blocks paths outside its owned work directory (1.0353ms)
✔ actual runner requires enabled decoded-image admission and exact image description before gesture (101.8111ms)
✔ actual final foreground checks revoke injection when another app becomes focused during observation (100.2819ms)
✔ pure two-finger pan remains pixel-exact for irregular fresh canvas sizes (6.5554ms)
✔ independent reverse pan stages provide an actual opposite trace for post-boundary visual review (0.4694ms)
Index.ets SHA256=fb58e03bd763d5f33b22463f34dfe3fa9232361ce4ba04c9220512d6abdd1fee; SDK TypeScript=4.9.5
late foreground loss: actual confirmed pin count=1; UI=粘贴已停止 · 已确认附件 1/2 Error: 已确认附件保留；粘贴目标已变化，后续附件和正文未开始加入。
✔ actual Index methods + SDK compiler are used, with source identity emitted (2.144ms)
✔ text selection insertion uses actual Index + draft methods for every editable field (855.9899ms)
✔ actual DirectInput remains current after paste adopts complete selection metadata (124.1293ms)
✖ automatic attachment title hands its complete raw/selection to actual DirectInput (99.4009ms)
✔ rich source and exact image pins precede portable body save (120.3994ms)
✔ image extraction failure preserves source and uses plain fallback without dangling refs (90.3381ms)
✔ expanded 20-slot or import-record capacity stops before any native import or text save (367.1255ms)
✔ unknown second import preserves first confirmed pin and exact original request/spool, no body insertion (108.8797ms)
✔ selection, IME, other field, clipboard or foreground changing during read prevents all imports/text (475.9692ms)
✔ IME candidate present before paste never reads clipboard (79.1367ms)
✔ foreground loss during admitted native import retains its confirmed pin and admits no later import/body (78.1763ms)
✔ plain byte flavor inserts converted text into all non-body fields (299.3238ms)
✔ actual Index input epoch rejects text roundtrip during a delayed complete future-field count (66.1805ms)
✔ actual Index input epoch rejects selection roundtrip during a delayed complete future-field count (77.2822ms)
✔ actual Index rejects a complete future over-limit title before any native import (69.7913ms)
Index.ets SHA256=fb58e03bd763d5f33b22463f34dfe3fa9232361ce4ba04c9220512d6abdd1fee; SDK TypeScript=4.9.5
✔ fresh actual Index methods use installed SDK compiler; emit source hash (2.3496ms)
✔ all five fields retain original graphemes and UTF16 range in actual raw journal (99.7762ms)
✔ IME candidate is journaled losslessly in all fields while business admission is blocked (392.7798ms)
✔ invalid IME offset blocks retention and leaves previous confirmed raw values intact (64.4952ms)
✔ older count cannot replace a newer edit or a newer UTF16 selection count (63.7152ms)
✔ business validation revokes edits, selection, category, owner, command and foreground changes (436.0736ms)
✔ later input during final raw flush prevents issuing a frozen business command (40.4217ms)
✔ over-limit title keeps every character and confirmed pins without business mutation (61.7801ms)
✔ count worker failure never authorizes business or normalizes original input (48.4233ms)
✔ unknown raw journal preserves exact pending request and confirmed pins, no business issue (40.4219ms)
✔ unknown business reply retains original serialized command and raw snapshot with confirmed pins (38.9993ms)
✔ create/edit business send preserves exact source strings and binds confirmed generation (151.9171ms)
✔ task_add validates full raw text and does not consume later text or IME (74.8428ms)
✔ task rename validates its untrimmed original while command retains established trimming (48.8985ms)
✔ same-value rename roundtrip after issue does not consume newer input epoch (42.5704ms)
✔ actual cancel callback invalidates pending validation and later reopen is not consumed (86.1731ms)
✔ unknown rename preserves original request and frozen raw identity through explicit reconciliation (50.0645ms)
✔ confirmed not-committed rename clears only frozen request, preserving user text (37.8777ms)
✔ foreground loss after issued rename revokes successful input consumption (65.6858ms)
✔ late IME rename callback during issued business request retains newer candidate (56.7117ms)
Index.ets SHA256=fb58e03bd763d5f33b22463f34dfe3fa9232361ce4ba04c9220512d6abdd1fee; SDK TypeScript=4.9.5
✔ actual Index create sends one immutable operation with complete raw todos and confirmed publication (119.9932ms)
✔ new-card todos composition is preserved in confirmed raw but never admitted as create (118.2065ms)
✔ complete grapheme overflow or 101 original blank rows stay raw without a partial create (176.7206ms)
✔ unready direct-input or row formatting blocks business while exact raw remains retainable (179.9063ms)
✔ backend known rejection preserves full todos/pins and requires an explicit new save (76.4451ms)
✔ Unknown create retains exact wire and explicit retry does not borrow later todos (67.0598ms)
✔ raw journal Unknown reconciles only its original todos; later rows need a fresh confirmed publication (64.4219ms)
✔ structured unconfirmed or historical committed error preserves the original create wire (140.7129ms)
✔ late todos text/range/composition/edit-away-back revokes create input consumption (372.5564ms)
✔ a different editor owner with identical raw values cannot be consumed by an old create receipt (88.32ms)
✔ successful exact create retires its full raw generation without emptying/normalizing it first (71.3934ms)
✔ late input/range/roundtrip or owner change during discard never disposes the live editor (266.1842ms)
✔ invalid discard receipt retains its original retirement request and raw editor (64.0771ms)
✔ existing V2 edit leaves single pending task input separate and sends no legacy todos or task command (52.1216ms)
✔ actual create admission rejects a command borrowing different raw todos (47.7151ms)
✔ emit fresh source identity for the actual Index business boundary (1.1998ms)
✔ enabled preview debounces and sends only latest input (11.8842ms)
✔ pending input removes old preview; serial work coalesces later input (10.7908ms)
✔ switching editor with identical text rejects stale success and failure (11.2322ms)
✔ A to B to A cannot revive an earlier receipt (2.0121ms)
✔ stale failure cannot show an error or block the latest request (4.146ms)
✔ failure has a nonempty error, no automatic replay, and explicit retry (2.0306ms)
✔ corrected input schedules only the corrected text after a failure (1.4419ms)
✔ disable cancels debounce and ignores issued work while preserving original input (1.7893ms)
✔ closing and reopening the same editor rejects the previous request (5.2138ms)
✔ dispose cancels debounce and late work cannot publish or schedule (4.5097ms)
✔ 20k UTF-16 input is sent whole without trimming or clipping surrogate pairs (3.6222ms)
✔ malformed JSON blocks, runs and tables are rejected rather than displayed (7.1388ms)
✔ complete DTO snapshots are owned independently of transport and getter mutations (6.7502ms)
✔ valid empty documents render without invented content (3.3413ms)
✔ attachment paths match independent Dart URI golden results (6.0334ms)
✔ attachment lookup matches image and GIF name, explicit location, or asset ID (0.8221ms)
✔ first eligible match follows inventory order without preferring ID over name (0.7497ms)
✔ numeric tokens are literal names or IDs, never attachment indexes (0.707ms)
✔ attachment decoding is exact once and case-sensitive without URL form decoding (0.6159ms)
✔ unsupported, missing or malformed attachments cannot become URI or path reads (0.6793ms)
✔ remote images remain explicit load candidates with a host and no credentials (0.7941ms)
✔ image source collection covers tables and paragraphs without code or duplicate reads (0.904ms)
✔ attachment resolution does not mutate inventory and never exposes a location as an image source (0.6848ms)
✔ obsolete reply is discarded and only latest pending page reaches the owner (55.8997ms)
✔ typing is debounced while tabs and confirmed content refresh issue immediately (174.4069ms)
✔ failures clear confirmed membership and explicit retry is a new read (90.5769ms)
✔ obsolete failure, invalidation and disposal cannot publish or replay pending work (109.2795ms)
✔ selection owns conditions and an unchanged view does not duplicate requests (65.974ms)
✔ same asset references deduplicate and frozen exact request survives caller mutation (2.3038ms)
✔ replacement during native read releases late token and serializes next request (0.9564ms)
✔ removal immediately hides prior pixels and releases only removed image (0.7483ms)
✔ dispose releases current and subsequently completed lease without publishing (0.7821ms)
✔ decode failure retains explicit retry and ignores an old path callback (0.8751ms)
✔ read failure never automatically retries and does not block other image requests (0.816ms)
✔ malformed lease cannot publish and known token is released (0.6728ms)
✔ caller cannot mutate display snapshot to inject an image source (0.6787ms)
ℹ tests 673
ℹ suites 0
ℹ pass 672
ℹ fail 1
ℹ cancelled 0
ℹ skipped 0
ℹ todo 0
ℹ duration_ms 6219.5152

✖ failing tests:

test at hmos\tool\index-clipboard-integration.test.cjs:191:1
✖ automatic attachment title hands its complete raw/selection to actual DirectInput (99.4009ms)
  AssertionError [ERR_ASSERTION]: The input did not match the regular expression /内容已保留/. Input:
  
  ''
  
      at TestContext.<anonymous> (C:\Users\Administrator\Desktop\CodeXProjext\morrow\hmos\tool\index-clipboard-integration.test.cjs:198:60)
      at async Test.run (node:internal/test_runner/test:1125:7)
      at async Test.processPendingSubtests (node:internal/test_runner/test:787:7) {
    generatedMessage: true,
    code: 'ERR_ASSERTION',
    actual: '',
    expected: /内容已保留/,
    operator: 'match',
    diff: 'simple'
  }
