Index.ets SHA256=b72ecdabcf33eebadd5348728c0150f1ee197a68dca7ee9434cfccc710db1a1c; SDK TypeScript=4.9.5
✔ actual Index create sends one immutable operation with complete raw todos and confirmed publication (89.0239ms)
✔ new-card todos composition is preserved in confirmed raw but never admitted as create (72.3293ms)
✔ complete grapheme overflow or 101 original blank rows stay raw without a partial create (111.8846ms)
✔ unready direct-input or row formatting blocks business while exact raw remains retainable (105.3064ms)
✔ backend known rejection preserves full todos/pins and requires an explicit new save (48.4312ms)
✔ Unknown create retains exact wire and explicit retry does not borrow later todos (44.9177ms)
✔ raw journal Unknown reconciles only its original todos; later rows need a fresh confirmed publication (52.5634ms)
✔ structured unconfirmed or historical committed error preserves the original create wire (104.8466ms)
✔ late todos text/range/composition/edit-away-back revokes create input consumption (190.6225ms)
✔ a different editor owner with identical raw values cannot be consumed by an old create receipt (43.5337ms)
✔ successful exact create retires its full raw generation without emptying/normalizing it first (45.8927ms)
✔ late input/range/roundtrip/actual SDK callback or owner change during discard never closes the live editor (219.4264ms)
✔ invalid discard receipt retains its original retirement request and raw editor (42.1684ms)
✔ existing V2 edit leaves single pending task input separate and sends no legacy todos or task command (40.3235ms)
✔ actual create admission rejects a command borrowing different raw todos (46.8827ms)
✔ emit fresh source identity for the actual Index business boundary (1.2084ms)
ℹ tests 16
ℹ suites 0
ℹ pass 16
ℹ fail 0
ℹ cancelled 0
ℹ skipped 0
ℹ todo 0
ℹ duration_ms 1746.3737
