Index.ets SHA256=c6ea5904225aa5d08ea3071eb6dcf93a39f964f72bbb6e424b34c587cb3107a1
EditorDraft.ets SHA256=b88a46d0371d8c6f193187d1a0e1acf41671d4991cdbd59c451b8bcf66cf3775
EditorBusiness.ets SHA256=bbd4de0b1e02a67e19345147eb7de4c01622c1e015e12fb0c1431a101945c4fd
EditorBusinessSession.ets SHA256=58e992b7e8bdae01f7bc07b3dee9e66b7bcae6712a945b5509382121e5af52c6
EditorFieldPolicy.ets SHA256=10c3162e77a947335acf0c3df2e464c80195d0ac2bbc2922bbb09c0a8a626842
Workbench.ets SHA256=6cef4c4c9cde5fefe44fc65619cf7caf8c4965b129a553d45d8afe701b2e6547
✔ fresh actual Index/ETS source identities; controlled receiver boundaries are explicit (40.8246ms)
✔ actual new-card Save persists complete raw before pause and durable intent before business admission (316.4078ms)
✔ actual unchanged existing-card Save establishes publication and preserves source/tasks semantics (203.1279ms)
✔ actual first business send synchronously admits Workbench before resuming parent debounce (182.5008ms)
✔ actual S2 during raw publication cancels unissued proposal while keeping complete input (215.148ms)
✔ first proved no-write intent prepare does not strand the complete editor behind an unprepared session (259.5186ms)
✔ prepare ACK Unknown stays blocked and a later no-write reply cannot release that original uncertainty (279.4465ms)
✔ actual Workbench tail orders S1 business before later complete S2 raw persistence (190.809ms)
✔ issued-before-first-send S2 blocks auto-save; explicit read-only restore retries fixed S1 literal (173.3808ms)
✔ actual selection-only S2 after issue cannot be consumed by same-text S1 success (175.2182ms)
✔ actual first save Unknown retries same session and literal without reconstructing current S2 (229.8322ms)
✔ actual committed effect with invalid DTO remains known through attempted save and failed inspection (189.7625ms)
✔ actual list and five-part restore are read-only; same-card different draft does not bind consumption (193.0181ms)
✔ actual failed partial restoration leaves original discovery reference and never auto-replays (161.56ms)
✔ actual old submit rejects create/edit and unfinished strict session blocks ordinary mutation/discard/close (172.0959ms)
✔ actual ordinary task command remains separate from strict create/edit transport (165.0047ms)
✔ actual Store DTO fixture through Index restore/inspect preserves original wire and full historical source (185.6996ms)
✔ actual planned saved_exact restore reads fixed native close and never invents or dispatches another operation (172.1876ms)
✔ actual recovered saved_exact close rejects complete S2 before detach or fixed close replay (142.3259ms)
✔ actual explicit recovered exact close detaches controlled lease before retrying original close literal (157.0317ms)
✔ actual planned handoff restore preserves fixed child plan and stays read-only until explicit reconciliation (167.5831ms)
✔ actual fresh exact S1 save runs actual close lifecycle after controlled lease detach (156.1266ms)
✔ actual fresh late S2 then S3 uses one real child writer, confirms latest raw before retirement and fixed close (160.4732ms)
✖ C:\Users\Administrator\Desktop\CodeXProjext\morrow\hmos\tool\index-business-integration.test.cjs (3.1239ms)
Index.ets SHA256=c6ea5904225aa5d08ea3071eb6dcf93a39f964f72bbb6e424b34c587cb3107a1; SDK TypeScript=4.9.5
✔ fresh actual Index methods use installed SDK compiler; emit source hash (1.6507ms)
✔ all five fields retain original graphemes and UTF16 range in actual raw journal (301.9769ms)
✔ IME candidate is journaled losslessly in all fields while business admission is blocked (1146.8188ms)
✔ invalid IME offset blocks retention and leaves previous confirmed raw values intact (210.5619ms)
✔ older count cannot replace a newer edit or a newer UTF16 selection count (194.0273ms)
✔ complete Save validation revokes edits, selection, category, owner, assets and foreground changes (1439.5288ms)
✔ later input during final raw flush prevents issuing a frozen business command (173.6176ms)
✔ over-limit title keeps every character and confirmed pins without business mutation (158.0934ms)
✔ count worker failure never authorizes business or normalizes original input (144.181ms)
✔ unknown raw journal preserves exact pending request and confirmed pins, no business issue (165.6045ms)
✔ Unknown complete Save retains registered exact wire and immutable publication with confirmed pins (159.5608ms)
✔ create/edit business send preserves exact source strings and binds confirmed generation (353.9883ms)
✔ task_add validates full raw text and does not consume later text or IME (147.1101ms)
✔ task rename validates its untrimmed original while command retains established trimming (133.9088ms)
✔ same-value rename roundtrip after issue does not consume newer input epoch (141.9661ms)
✔ actual cancel callback invalidates pending validation and later reopen is not consumed (132.5066ms)
✔ unknown rename preserves original request and frozen raw identity through explicit reconciliation (127.5228ms)
✔ confirmed not-committed rename clears only frozen request, preserving user text (131.8944ms)
✔ foreground loss after issued rename revokes successful input consumption (123.8378ms)
✔ late IME rename callback during issued business request retains newer candidate (120.8519ms)
✔ actual ordinary-field construction selections do not change raw or epoch before focus, including during restore (240.8828ms)
✔ actual unfocused initialization cannot clear or overwrite an existing unknown event (121.861ms)
✔ actual focused invalid ranges remain exact uncaptured events in active and disabled ordinary fields (2574.0712ms)
✔ actual focused valid reverse selection preserves complete composition, UTF16 metadata and confirmed pins (126.1337ms)
✔ actual blur excludes subsequent unfocused ranges without erasing the invalid selection already delivered (124.1342ms)
✔ actual old or revoked leases cannot submit valid, invalid, focus or text events to a replacement editor (274.2397ms)
✔ actual disabled text and preview still retain exact events regardless of focused selection admission (253.1817ms)
✔ actual focused valid retirement selection retains original event and local range without writing a retired raw scope (130.1179ms)
✖ C:\Users\Administrator\Desktop\CodeXProjext\morrow\hmos\tool\index-editor-field-integration.test.cjs (2.7092ms)
Index.ets SHA256=c6ea5904225aa5d08ea3071eb6dcf93a39f964f72bbb6e424b34c587cb3107a1; SDK TypeScript=4.9.5
✔ actual Index create sends one immutable operation with complete raw todos and confirmed publication (304.1956ms)
✔ new-card todos composition is preserved in confirmed raw but never admitted as create (197.119ms)
✔ complete grapheme overflow or 101 original blank rows stay raw without a partial create (410.1743ms)
✔ complete Save admits exactly 100 original LF rows with full publication and no legacy create transport (288.892ms)
✔ continued_todos uses own root context and admits 100 rows but preserves 101 blank rows before issuing another intent (459.4069ms)
✔ unready direct-input or row formatting blocks business while exact raw remains retainable (393.2047ms)
✔ issued backend rejection preserves full todos/pins and requires explicit original-request retry (223.9163ms)
✔ Unknown create retains exact wire and explicit retry does not borrow later todos (186.6706ms)
✔ raw journal Unknown reconciles only its original todos; later rows need a fresh confirmed publication (187.6044ms)
✔ structured unconfirmed or historical committed error preserves the original create wire (335.0593ms)
✔ late todos text/range/composition/edit-away-back revokes create input consumption (678.0642ms)
✔ a different editor owner with identical raw values cannot be consumed by an old create receipt (151.1692ms)
✔ successful exact create retires its full raw generation without emptying/normalizing it first (151.3148ms)
✔ late input/range/roundtrip or owner change during exact close preserves live input; revoked SDK lease cannot submit (800.1505ms)
✔ invalid exact-close receipt retains its original fixed close and raw editor (140.664ms)
✖ existing V2 pending task blocks body Save and preserves task identity; separate raw remains retainable (132.6849ms)
✔ legacy create command cannot borrow raw todos or bypass complete Save (129.8927ms)
✔ emit fresh source identity for the actual Index business boundary (0.9535ms)
✖ C:\Users\Administrator\Desktop\CodeXProjext\morrow\hmos\tool\index-editor-todos-integration.test.cjs (2.3622ms)
ℹ tests 72
ℹ suites 0
ℹ pass 68
ℹ fail 4
ℹ cancelled 0
ℹ skipped 0
ℹ todo 0
ℹ duration_ms 11786.7983

✖ failing tests:

test at hmos\tool\index-business-integration.test.cjs:12:1
✖ C:\Users\Administrator\Desktop\CodeXProjext\morrow\hmos\tool\index-business-integration.test.cjs (3.1239ms)
  AssertionError [ERR_ASSERTION]: Index did not change during the run
  + actual - expected
  ... Skipped lines
  
    "import { ColorWheel } from './ColorWheel';\n" +
      "import { MarkdownDoc, MarkdownPreviewCoordinator, MarkdownAttachment, collectMarkdownImages, resolveMarkdownImage } from '../model/Markdown';\n" +
      "import { MarkdownPreview } from './MarkdownPreview';\n" +
      "import { AttachmentImagePreview } from './AttachmentImagePreview';\n" +
      "import { AttachmentMediaPreview, createAttachmentPlayer } from './AttachmentMediaPreview';\n" +
  ...
      '  private businessRecovery: EditorBusinessRecoveryCoordinator | undefined = undefined;\n' +
  +   '  private businessRecoverySession: EditorBusinessSessionCoordinator | undefined = undefined;\n' +
      "  private editorOpenIdentity: string = '';\n" +
      "  private editorBusinessMode: string = 'edit';\n" +
      '  private businessHandoff: EditorBusinessHandoffCoordinator | undefined = undefined;\n' +
      "  private businessHandoffCloseOperation: string = '';\n" +
      '  private businessCloseExact: boolean = false;\n' +
      "  @State draftStatus: string = '';\n" +
      '  @State draftRecords: DraftRecord[] = [];\n' +
  +   '  @State dr'... 310925 more characters
  -   '  @State draftsOpen: boolean = false;\n' +
  -   '  @State draftWorking: boolean = false;\n' +
  -   '  @State attachmentWorking'... 310267 more characters
  
      at assertSourceUnchanged (C:\Users\Administrator\Desktop\CodeXProjext\morrow\hmos\tool\index-business-test-harness.cjs:276:10)
      at TestContext.<anonymous> (C:\Users\Administrator\Desktop\CodeXProjext\morrow\hmos\tool\index-business-integration.test.cjs:12:15)
      at TestHook.runInAsyncScope (node:async_hooks:228:14)
      at TestHook.run (node:internal/test_runner/test:1118:25)
      at TestHook.run (node:internal/test_runner/test:1442:18)
      at TestHook.run (node:internal/util:602:20)
      at Test.runHook (node:internal/test_runner/test:1036:20)
      at after (node:internal/test_runner/test:1076:20)
      at Test.run (node:internal/test_runner/test:1144:13) {
    generatedMessage: false,
    code: 'ERR_ASSERTION',
    actual: "import { ColorWheel } from './ColorWheel';\nimport { MarkdownDoc, MarkdownPreviewCoordinator, MarkdownAttachment, collectMarkdownImages, resolveMarkdownImage } from '../model/Markdown';\nimport { MarkdownPreview } from './MarkdownPreview';\nimport { AttachmentImagePreview } from './AttachmentImagePreview';\nimport { AttachmentMediaPreview, createAttachmentPlayer } from './AttachmentMediaPreview';\nimport { AttachmentPlayback, PlaybackSource, PlaybackView } from '../model/AttachmentPlayback';\nimport { AttachmentOpen, AttachmentOpenState, attachmentOpenBlocked } from '../model/AttachmentOpen';\nimport { AttachmentFullscreen, FullscreenView, FullscreenWindow, createFullscreenWindow } from '../model/AttachmentFullscreen';\nimport { AttachmentImportSelection, AttachmentImportBoundary, AttachmentImportIdentity, AttachmentImportReceipt,\n  AttachmentImportSelectionState, attachmentImportTitle } from '../model/AttachmentImportSelection';\nimport { ImageReadTarget, ImageLease, VerifiedImageView, VerifiedImages } from '../model/VerifiedImages';\nimport { samePasteTarget } from '../model/EditorPaste';\nimport { EditorFieldPolicy, editorFieldLimit } from '../model/EditorFieldPolicy';\nimport { EditorInputPolicy } from '../model/EditorInputPolicy';\nimport { editorInputHash } from '../model/EditorInputHash';\nimport { EditorDirectInput, EditorDirectInputProposal } from '../model/EditorDirectInput';\nimport { EditorTodos } from './EditorTodos';\nimport { EditorViewLease } from './EditorViewLease';\nimport { EditorTodosStatus } from '../model/EditorTodos';\nimport { ClipboardInput, ClipboardSnapshot, ClipboardSource } from '../model/ClipboardInput';\nimport { ClipboardPaste, ClipboardPasteAttachment, ClipboardPastePlan, ClipboardPasteBoundary,\n  ClipboardPasteIdentity, ClipboardPasteReceipt } from '../model/ClipboardPaste';\nimport { pasteboard } from '@kit.BasicServicesKit';\nimport { uiText } from '../model/UiStrings';\nimport { preferences } from '@kit.ArkData';\nimport { AppearanceSnapshot, MaterialChoice, alpha, mix, contrast, visualStyles, visualStyleLabels, styleRadiusScale, resolveMaterial, normalizeMaterials, canFollow } from '../model/Appearance';\nimport { SurfaceRelief } from './SurfaceRelief';\nimport { AmbientBackdrop, IdeaOrb, GlassRim, PaperBackdrop } from './StudioArtwork';\nimport { common } from '@kit.AbilityKit';\nimport { NodeContent, LazyVWaterFlowLayout, LazyVWaterFlowLayoutAttribute, LengthMetrics, window } from '@kit.ArkUI';\nimport { util } from '@kit.ArkTS';\nimport native from 'libmorrow.so';\nimport { CardView, Command, Reply, TaskView, workbench } from '../model/Workbench';\nimport { CardDataSource, WorkspaceCard } from '../model/CardDataSource';\nimport { CardOrderPreferences, cardOrderPage } from '../model/CardOrder';\nimport { AttachmentFiles, PreparedAttachment, VerifiedPreview, AttachmentRecoveryDiagnostic, ClipboardConversion } from '../model/AttachmentFiles';\nimport { AssetView, ImportRecord, ImportCommand, attachmentKind, attachmentSize, attachmentIcon, attachmentDetails, selectedImport, sameImport } from '../model/Attachments';\nimport { QueryConditions, QueryState, QueryCoordinator } from '../model/QueryCoordinator';\nimport { Values as DraftValues, TextValue as DraftTextValue, DraftScope, DraftRecord,\n  AssetSelection, EditorDraftCoordinator, DraftSaveFailure, copyValues, copyText, copyScope, sameValues, nextGeneration,\n  validateRecord, validGeneration, sameForkLink, copyRecord } from '../model/EditorDraft';\nimport { EditorDraftForkCoordinator } from '../model/EditorDraftFork';\nimport { EditorBusinessFields, EditorBusinessSubmission } from '../model/EditorBusiness';\nimport { EditorBusinessSessionCoordinator, EditorBusinessSessionHooks, EditorBusinessSessionReply, EditorBusinessSessionOwnerHooks,\n  EditorIntentView, EditorIntentProof } from '../model/EditorBusinessSession';\nimport { EditorBusinessHandoffCoordinator, EditorBusinessHandoffHooks, EditorBusinessHandoffReply } from '../model/EditorBusinessHandoff';\nimport { EditorBusinessRecoveryCoordinator, EditorBusinessRecoveryReady } from '../model/EditorBusinessRecovery';\n\nclass BusinessEditorBinding {\n  parent: EditorDraftCoordinator | undefined;\n  liveDraft: EditorDraftCoordinator;\n  identity: string;\n  owner: string;\n  epoch: number;\n  values: DraftValues;\n  publication: DraftRecord;\n  constructor(parent: EditorDraftCoordinator | undefined, identity: string, owner: string, epoch: number,\n    values: DraftValues, publication: DraftRecord, liveDraft?: EditorDraftCoordinator) {\n    if (!parent && !liveDraft) { throw new Error('Business editor needs a real current writer'); }\n    this.parent = parent; this.liveDraft = liveDraft ?? parent!; this.identity = identity; this.owner = owner;\n    this.epoch = epoch; this.values = copyValues(values); this.publication = publication;\n  }\n}\n\nclass CardDrag {\n  card: CardView;\n  token: string;\n  revision: number;\n  nonce: string;\n  constructor(card: CardView, token: string, revision: number, nonce: string) {\n    this.card = card; this.token = token; this.revision = revision; this.nonce = nonce;\n  }\n}\ninterface CardDragExtra { extraInfo?: string; }\ninterface RawForkRetirementIdentity { operation_id: string; }\ninterface RawForkRetirementCommand { fork_retirement: RawForkRetirementIdentity; }\n\n@Component\nstruct WorkspaceCardSlot {\n  @ObjectLink value: WorkspaceCard;\n  @BuilderParam content: (card: CardView) => void;\n  build() {\n    // Keep the outer page/id node through sorting. Recreate only a revised\n    // card's presentation so event handlers also receive the current CAS data.\n    ForEach([this.value.card], (card: CardView) => {\n      this.content(card)\n    }, (card: CardView) => card.revision)\n  }\n}\n\n@Entry\n@Component\nstruct Index {\n  @State @Watch('workspaceContentChanged') cards: CardView[] = [];\n  @State @Watch('workspaceConditionsChanged') section: string = '概览';\n  @State @Watch('workspaceConditionsChanged') search: string = '';\n  @State queryIds: string[] = [];\n  @State queryPhase: string = 'idle';\n  @State queryRefreshing: boolean = false;\n  @State selected: string = '';\n  @State @Watch('updateMarkdown') detailId: string = '';\n  @State orderRevision: number = 0;\n  @State orderWorking: boolean = false;\n  @State orderError: string = '';\n  @State dragSource: string = '';\n  @State dragTarget: string = '';\n  private heldCard: CardDrag | undefined = undefined;\n  private cardBounds: Map<string, number[]> = new Map();\n  @State title: string = '';\n  @State @Watch('updateMarkdown') description: string = '';\n  @State hypothesis: string = '';\n  @State conclusion: string = '';\n  @State category: string = '灵感';\n  @State taskText: string = '';\n  @State taskEditId: string = '';\n  @State taskRenameOwner: string = '';\n  @State taskRenameText: string = '';\n  @State fieldCountLabels: string[] = ['', '', '', '', '', ''];\n  @State fieldValidationWorking: boolean = false;\n  private fieldPolicy: EditorFieldPolicy = new EditorFieldPolicy((request: string): Promise<string> => native.editorField(request));\n  private fieldCountEpochs: Map<string, number> = new Map();\n  private editorInputEpoch: number = 0;\n  private inputRevisions: Map<string, number> = new Map();\n  @State inputRulesRevision: number = 0;\n  @State inputRulesMessage: string = '';\n  @State todoInputValue: DraftTextValue = new DraftTextValue();\n  @State todoInputRevision: number = 0;\n  @State todoBusinessReady: boolean = false;\n  @State todoFormatPending: boolean = false;\n  private inputPolicy: EditorInputPolicy = new EditorInputPolicy((request: string): Promise<string> => native.editorInput(request), editorInputHash);\n  private directInput: EditorDirectInput = new EditorDirectInput({\n    isCurrent: (owner: string, key: string, revision: number, value: DraftTextValue): boolean => this.directInputCurrent(owner, key, revision, value),\n    format: (field: string, oldValue: DraftTextValue, newValue: DraftTextValue, owned: () => boolean) => this.inputPolicy.format(field, oldValue, newValue, owned),\n    apply: (proposal: EditorDirectInputProposal, owned: () => boolean): number | undefined => this.applyDirectInput(proposal, owned),\n    changed: (): void => this.directInputChanged()\n  });\n  private taskRenameValue: DraftTextValue = new DraftTextValue();\n  @State dirty: boolean = false;\n  @State busy: boolean = false;\n  @State ready: boolean = false;\n  @State message: string = '';\n  @State @Watch('updateMarkdown') editorOpen: boolean = false;\n  @State settingsOpen: boolean = false;\n  @State dark: boolean = false;\n  @State glassOpacity: number = 76;\n  @State radius: number = 20;\n  @State viewportWidth: number = 440;\n  @State viewportHeight: number = 676;\n  @State contentWidth: number = 416;\n  @State @Watch('workspaceConditionsChanged') filter: string = '全部';\n  @State @Watch('workspaceConditionsChanged') sort: string = '默认顺序';\n  @State capture: string = '';\n  @State showAppearance: boolean = true;\n  @State sidebarExpanded: boolean = true;\n  @State pending: string = '';\n  @State businessWorking: boolean = false;\n  @State businessStatus: string = '';\n  @State businessIntents: EditorIntentView[] = [];\n  @State businessListError: string = '';\n  @State businessNext: string = '';\n  private businessSession: EditorBusinessSessionCoordinator | undefined = undefined;\n  private businessBinding: BusinessEditorBinding | undefined = undefined;\n  private ownedTodosBaseline: EditorBusinessSessionCoordinator | undefined = undefined;\n  private businessRecoveryIdentity: string = '';\n  private businessRecovery: EditorBusinessRecoveryCoordinator | undefined = undefined;\n  private businessRecoverySession: EditorBusinessSessionCoordinator | undefined = undefined;\n  private editorOpenIdentity: string = '';\n  private editorBusinessMode: string = 'edit';\n  private businessHandoff: EditorBusinessHandoffCoordinator | undefined = undefined;\n  private businessHandoffCloseOperation: string = '';\n  private businessCloseExact: boolean = false;\n  @State draftStatus: string = '';\n  @State draftRecords: DraftRecord[] = [];\n  @State dr"... 310925 more characters,
    expected: "import { ColorWheel } from './ColorWheel';\nimport { MarkdownDoc, MarkdownPreviewCoordinator, MarkdownAttachment, collectMarkdownImages, resolveMarkdownImage } from '../model/Markdown';\nimport { MarkdownPreview } from './MarkdownPreview';\nimport { AttachmentImagePreview } from './AttachmentImagePreview';\nimport { AttachmentMediaPreview, createAttachmentPlayer } from './AttachmentMediaPreview';\nimport { AttachmentPlayback, PlaybackSource, PlaybackView } from '../model/AttachmentPlayback';\nimport { AttachmentOpen, AttachmentOpenState, attachmentOpenBlocked } from '../model/AttachmentOpen';\nimport { AttachmentFullscreen, FullscreenView, FullscreenWindow, createFullscreenWindow } from '../model/AttachmentFullscreen';\nimport { AttachmentImportSelection, AttachmentImportBoundary, AttachmentImportIdentity, AttachmentImportReceipt,\n  AttachmentImportSelectionState, attachmentImportTitle } from '../model/AttachmentImportSelection';\nimport { ImageReadTarget, ImageLease, VerifiedImageView, VerifiedImages } from '../model/VerifiedImages';\nimport { samePasteTarget } from '../model/EditorPaste';\nimport { EditorFieldPolicy, editorFieldLimit } from '../model/EditorFieldPolicy';\nimport { EditorInputPolicy } from '../model/EditorInputPolicy';\nimport { editorInputHash } from '../model/EditorInputHash';\nimport { EditorDirectInput, EditorDirectInputProposal } from '../model/EditorDirectInput';\nimport { EditorTodos } from './EditorTodos';\nimport { EditorViewLease } from './EditorViewLease';\nimport { EditorTodosStatus } from '../model/EditorTodos';\nimport { ClipboardInput, ClipboardSnapshot, ClipboardSource } from '../model/ClipboardInput';\nimport { ClipboardPaste, ClipboardPasteAttachment, ClipboardPastePlan, ClipboardPasteBoundary,\n  ClipboardPasteIdentity, ClipboardPasteReceipt } from '../model/ClipboardPaste';\nimport { pasteboard } from '@kit.BasicServicesKit';\nimport { uiText } from '../model/UiStrings';\nimport { preferences } from '@kit.ArkData';\nimport { AppearanceSnapshot, MaterialChoice, alpha, mix, contrast, visualStyles, visualStyleLabels, styleRadiusScale, resolveMaterial, normalizeMaterials, canFollow } from '../model/Appearance';\nimport { SurfaceRelief } from './SurfaceRelief';\nimport { AmbientBackdrop, IdeaOrb, GlassRim, PaperBackdrop } from './StudioArtwork';\nimport { common } from '@kit.AbilityKit';\nimport { NodeContent, LazyVWaterFlowLayout, LazyVWaterFlowLayoutAttribute, LengthMetrics, window } from '@kit.ArkUI';\nimport { util } from '@kit.ArkTS';\nimport native from 'libmorrow.so';\nimport { CardView, Command, Reply, TaskView, workbench } from '../model/Workbench';\nimport { CardDataSource, WorkspaceCard } from '../model/CardDataSource';\nimport { CardOrderPreferences, cardOrderPage } from '../model/CardOrder';\nimport { AttachmentFiles, PreparedAttachment, VerifiedPreview, AttachmentRecoveryDiagnostic, ClipboardConversion } from '../model/AttachmentFiles';\nimport { AssetView, ImportRecord, ImportCommand, attachmentKind, attachmentSize, attachmentIcon, attachmentDetails, selectedImport, sameImport } from '../model/Attachments';\nimport { QueryConditions, QueryState, QueryCoordinator } from '../model/QueryCoordinator';\nimport { Values as DraftValues, TextValue as DraftTextValue, DraftScope, DraftRecord,\n  AssetSelection, EditorDraftCoordinator, DraftSaveFailure, copyValues, copyText, copyScope, sameValues, nextGeneration,\n  validateRecord, validGeneration, sameForkLink, copyRecord } from '../model/EditorDraft';\nimport { EditorDraftForkCoordinator } from '../model/EditorDraftFork';\nimport { EditorBusinessFields, EditorBusinessSubmission } from '../model/EditorBusiness';\nimport { EditorBusinessSessionCoordinator, EditorBusinessSessionHooks, EditorBusinessSessionReply, EditorBusinessSessionOwnerHooks,\n  EditorIntentView, EditorIntentProof } from '../model/EditorBusinessSession';\nimport { EditorBusinessHandoffCoordinator, EditorBusinessHandoffHooks, EditorBusinessHandoffReply } from '../model/EditorBusinessHandoff';\nimport { EditorBusinessRecoveryCoordinator, EditorBusinessRecoveryReady } from '../model/EditorBusinessRecovery';\n\nclass BusinessEditorBinding {\n  parent: EditorDraftCoordinator | undefined;\n  liveDraft: EditorDraftCoordinator;\n  identity: string;\n  owner: string;\n  epoch: number;\n  values: DraftValues;\n  publication: DraftRecord;\n  constructor(parent: EditorDraftCoordinator | undefined, identity: string, owner: string, epoch: number,\n    values: DraftValues, publication: DraftRecord, liveDraft?: EditorDraftCoordinator) {\n    if (!parent && !liveDraft) { throw new Error('Business editor needs a real current writer'); }\n    this.parent = parent; this.liveDraft = liveDraft ?? parent!; this.identity = identity; this.owner = owner;\n    this.epoch = epoch; this.values = copyValues(values); this.publication = publication;\n  }\n}\n\nclass CardDrag {\n  card: CardView;\n  token: string;\n  revision: number;\n  nonce: string;\n  constructor(card: CardView, token: string, revision: number, nonce: string) {\n    this.card = card; this.token = token; this.revision = revision; this.nonce = nonce;\n  }\n}\ninterface CardDragExtra { extraInfo?: string; }\ninterface RawForkRetirementIdentity { operation_id: string; }\ninterface RawForkRetirementCommand { fork_retirement: RawForkRetirementIdentity; }\n\n@Component\nstruct WorkspaceCardSlot {\n  @ObjectLink value: WorkspaceCard;\n  @BuilderParam content: (card: CardView) => void;\n  build() {\n    // Keep the outer page/id node through sorting. Recreate only a revised\n    // card's presentation so event handlers also receive the current CAS data.\n    ForEach([this.value.card], (card: CardView) => {\n      this.content(card)\n    }, (card: CardView) => card.revision)\n  }\n}\n\n@Entry\n@Component\nstruct Index {\n  @State @Watch('workspaceContentChanged') cards: CardView[] = [];\n  @State @Watch('workspaceConditionsChanged') section: string = '概览';\n  @State @Watch('workspaceConditionsChanged') search: string = '';\n  @State queryIds: string[] = [];\n  @State queryPhase: string = 'idle';\n  @State queryRefreshing: boolean = false;\n  @State selected: string = '';\n  @State @Watch('updateMarkdown') detailId: string = '';\n  @State orderRevision: number = 0;\n  @State orderWorking: boolean = false;\n  @State orderError: string = '';\n  @State dragSource: string = '';\n  @State dragTarget: string = '';\n  private heldCard: CardDrag | undefined = undefined;\n  private cardBounds: Map<string, number[]> = new Map();\n  @State title: string = '';\n  @State @Watch('updateMarkdown') description: string = '';\n  @State hypothesis: string = '';\n  @State conclusion: string = '';\n  @State category: string = '灵感';\n  @State taskText: string = '';\n  @State taskEditId: string = '';\n  @State taskRenameOwner: string = '';\n  @State taskRenameText: string = '';\n  @State fieldCountLabels: string[] = ['', '', '', '', '', ''];\n  @State fieldValidationWorking: boolean = false;\n  private fieldPolicy: EditorFieldPolicy = new EditorFieldPolicy((request: string): Promise<string> => native.editorField(request));\n  private fieldCountEpochs: Map<string, number> = new Map();\n  private editorInputEpoch: number = 0;\n  private inputRevisions: Map<string, number> = new Map();\n  @State inputRulesRevision: number = 0;\n  @State inputRulesMessage: string = '';\n  @State todoInputValue: DraftTextValue = new DraftTextValue();\n  @State todoInputRevision: number = 0;\n  @State todoBusinessReady: boolean = false;\n  @State todoFormatPending: boolean = false;\n  private inputPolicy: EditorInputPolicy = new EditorInputPolicy((request: string): Promise<string> => native.editorInput(request), editorInputHash);\n  private directInput: EditorDirectInput = new EditorDirectInput({\n    isCurrent: (owner: string, key: string, revision: number, value: DraftTextValue): boolean => this.directInputCurrent(owner, key, revision, value),\n    format: (field: string, oldValue: DraftTextValue, newValue: DraftTextValue, owned: () => boolean) => this.inputPolicy.format(field, oldValue, newValue, owned),\n    apply: (proposal: EditorDirectInputProposal, owned: () => boolean): number | undefined => this.applyDirectInput(proposal, owned),\n    changed: (): void => this.directInputChanged()\n  });\n  private taskRenameValue: DraftTextValue = new DraftTextValue();\n  @State dirty: boolean = false;\n  @State busy: boolean = false;\n  @State ready: boolean = false;\n  @State message: string = '';\n  @State @Watch('updateMarkdown') editorOpen: boolean = false;\n  @State settingsOpen: boolean = false;\n  @State dark: boolean = false;\n  @State glassOpacity: number = 76;\n  @State radius: number = 20;\n  @State viewportWidth: number = 440;\n  @State viewportHeight: number = 676;\n  @State contentWidth: number = 416;\n  @State @Watch('workspaceConditionsChanged') filter: string = '全部';\n  @State @Watch('workspaceConditionsChanged') sort: string = '默认顺序';\n  @State capture: string = '';\n  @State showAppearance: boolean = true;\n  @State sidebarExpanded: boolean = true;\n  @State pending: string = '';\n  @State businessWorking: boolean = false;\n  @State businessStatus: string = '';\n  @State businessIntents: EditorIntentView[] = [];\n  @State businessListError: string = '';\n  @State businessNext: string = '';\n  private businessSession: EditorBusinessSessionCoordinator | undefined = undefined;\n  private businessBinding: BusinessEditorBinding | undefined = undefined;\n  private ownedTodosBaseline: EditorBusinessSessionCoordinator | undefined = undefined;\n  private businessRecoveryIdentity: string = '';\n  private businessRecovery: EditorBusinessRecoveryCoordinator | undefined = undefined;\n  private editorOpenIdentity: string = '';\n  private editorBusinessMode: string = 'edit';\n  private businessHandoff: EditorBusinessHandoffCoordinator | undefined = undefined;\n  private businessHandoffCloseOperation: string = '';\n  private businessCloseExact: boolean = false;\n  @State draftStatus: string = '';\n  @State draftRecords: DraftRecord[] = [];\n  @State draftsOpen: boolean = false;\n  @State draftWorking: boolean = false;\n  @State attachmentWorking"... 310267 more characters,
    operator: 'strictEqual',
    diff: 'simple'
  }

test at hmos\tool\index-editor-field-integration.test.cjs:12:1
✖ C:\Users\Administrator\Desktop\CodeXProjext\morrow\hmos\tool\index-editor-field-integration.test.cjs (2.7092ms)
  AssertionError [ERR_ASSERTION]: Index did not change during the run
  + actual - expected
  ... Skipped lines
  
    "import { ColorWheel } from './ColorWheel';\n" +
      "import { MarkdownDoc, MarkdownPreviewCoordinator, MarkdownAttachment, collectMarkdownImages, resolveMarkdownImage } from '../model/Markdown';\n" +
      "import { MarkdownPreview } from './MarkdownPreview';\n" +
      "import { AttachmentImagePreview } from './AttachmentImagePreview';\n" +
      "import { AttachmentMediaPreview, createAttachmentPlayer } from './AttachmentMediaPreview';\n" +
  ...
      '  private businessRecovery: EditorBusinessRecoveryCoordinator | undefined = undefined;\n' +
  +   '  private businessRecoverySession: EditorBusinessSessionCoordinator | undefined = undefined;\n' +
      "  private editorOpenIdentity: string = '';\n" +
      "  private editorBusinessMode: string = 'edit';\n" +
      '  private businessHandoff: EditorBusinessHandoffCoordinator | undefined = undefined;\n' +
      "  private businessHandoffCloseOperation: string = '';\n" +
      '  private businessCloseExact: boolean = false;\n' +
      "  @State draftStatus: string = '';\n" +
      '  @State draftRecords: DraftRecord[] = [];\n' +
  +   '  @State dr'... 310925 more characters
  -   '  @State draftsOpen: boolean = false;\n' +
  -   '  @State draftWorking: boolean = false;\n' +
  -   '  @State attachmentWorking'... 310267 more characters
  
      at TestContext.assertSourceUnchanged (C:\Users\Administrator\Desktop\CodeXProjext\morrow\hmos\tool\index-business-test-harness.cjs:276:10)
      at TestHook.runInAsyncScope (node:async_hooks:228:14)
      at TestHook.run (node:internal/test_runner/test:1118:25)
      at TestHook.run (node:internal/test_runner/test:1442:18)
      at TestHook.run (node:internal/util:602:20)
      at Test.runHook (node:internal/test_runner/test:1036:20)
      at after (node:internal/test_runner/test:1076:20)
      at Test.run (node:internal/test_runner/test:1144:13) {
    generatedMessage: false,
    code: 'ERR_ASSERTION',
    actual: "import { ColorWheel } from './ColorWheel';\nimport { MarkdownDoc, MarkdownPreviewCoordinator, MarkdownAttachment, collectMarkdownImages, resolveMarkdownImage } from '../model/Markdown';\nimport { MarkdownPreview } from './MarkdownPreview';\nimport { AttachmentImagePreview } from './AttachmentImagePreview';\nimport { AttachmentMediaPreview, createAttachmentPlayer } from './AttachmentMediaPreview';\nimport { AttachmentPlayback, PlaybackSource, PlaybackView } from '../model/AttachmentPlayback';\nimport { AttachmentOpen, AttachmentOpenState, attachmentOpenBlocked } from '../model/AttachmentOpen';\nimport { AttachmentFullscreen, FullscreenView, FullscreenWindow, createFullscreenWindow } from '../model/AttachmentFullscreen';\nimport { AttachmentImportSelection, AttachmentImportBoundary, AttachmentImportIdentity, AttachmentImportReceipt,\n  AttachmentImportSelectionState, attachmentImportTitle } from '../model/AttachmentImportSelection';\nimport { ImageReadTarget, ImageLease, VerifiedImageView, VerifiedImages } from '../model/VerifiedImages';\nimport { samePasteTarget } from '../model/EditorPaste';\nimport { EditorFieldPolicy, editorFieldLimit } from '../model/EditorFieldPolicy';\nimport { EditorInputPolicy } from '../model/EditorInputPolicy';\nimport { editorInputHash } from '../model/EditorInputHash';\nimport { EditorDirectInput, EditorDirectInputProposal } from '../model/EditorDirectInput';\nimport { EditorTodos } from './EditorTodos';\nimport { EditorViewLease } from './EditorViewLease';\nimport { EditorTodosStatus } from '../model/EditorTodos';\nimport { ClipboardInput, ClipboardSnapshot, ClipboardSource } from '../model/ClipboardInput';\nimport { ClipboardPaste, ClipboardPasteAttachment, ClipboardPastePlan, ClipboardPasteBoundary,\n  ClipboardPasteIdentity, ClipboardPasteReceipt } from '../model/ClipboardPaste';\nimport { pasteboard } from '@kit.BasicServicesKit';\nimport { uiText } from '../model/UiStrings';\nimport { preferences } from '@kit.ArkData';\nimport { AppearanceSnapshot, MaterialChoice, alpha, mix, contrast, visualStyles, visualStyleLabels, styleRadiusScale, resolveMaterial, normalizeMaterials, canFollow } from '../model/Appearance';\nimport { SurfaceRelief } from './SurfaceRelief';\nimport { AmbientBackdrop, IdeaOrb, GlassRim, PaperBackdrop } from './StudioArtwork';\nimport { common } from '@kit.AbilityKit';\nimport { NodeContent, LazyVWaterFlowLayout, LazyVWaterFlowLayoutAttribute, LengthMetrics, window } from '@kit.ArkUI';\nimport { util } from '@kit.ArkTS';\nimport native from 'libmorrow.so';\nimport { CardView, Command, Reply, TaskView, workbench } from '../model/Workbench';\nimport { CardDataSource, WorkspaceCard } from '../model/CardDataSource';\nimport { CardOrderPreferences, cardOrderPage } from '../model/CardOrder';\nimport { AttachmentFiles, PreparedAttachment, VerifiedPreview, AttachmentRecoveryDiagnostic, ClipboardConversion } from '../model/AttachmentFiles';\nimport { AssetView, ImportRecord, ImportCommand, attachmentKind, attachmentSize, attachmentIcon, attachmentDetails, selectedImport, sameImport } from '../model/Attachments';\nimport { QueryConditions, QueryState, QueryCoordinator } from '../model/QueryCoordinator';\nimport { Values as DraftValues, TextValue as DraftTextValue, DraftScope, DraftRecord,\n  AssetSelection, EditorDraftCoordinator, DraftSaveFailure, copyValues, copyText, copyScope, sameValues, nextGeneration,\n  validateRecord, validGeneration, sameForkLink, copyRecord } from '../model/EditorDraft';\nimport { EditorDraftForkCoordinator } from '../model/EditorDraftFork';\nimport { EditorBusinessFields, EditorBusinessSubmission } from '../model/EditorBusiness';\nimport { EditorBusinessSessionCoordinator, EditorBusinessSessionHooks, EditorBusinessSessionReply, EditorBusinessSessionOwnerHooks,\n  EditorIntentView, EditorIntentProof } from '../model/EditorBusinessSession';\nimport { EditorBusinessHandoffCoordinator, EditorBusinessHandoffHooks, EditorBusinessHandoffReply } from '../model/EditorBusinessHandoff';\nimport { EditorBusinessRecoveryCoordinator, EditorBusinessRecoveryReady } from '../model/EditorBusinessRecovery';\n\nclass BusinessEditorBinding {\n  parent: EditorDraftCoordinator | undefined;\n  liveDraft: EditorDraftCoordinator;\n  identity: string;\n  owner: string;\n  epoch: number;\n  values: DraftValues;\n  publication: DraftRecord;\n  constructor(parent: EditorDraftCoordinator | undefined, identity: string, owner: string, epoch: number,\n    values: DraftValues, publication: DraftRecord, liveDraft?: EditorDraftCoordinator) {\n    if (!parent && !liveDraft) { throw new Error('Business editor needs a real current writer'); }\n    this.parent = parent; this.liveDraft = liveDraft ?? parent!; this.identity = identity; this.owner = owner;\n    this.epoch = epoch; this.values = copyValues(values); this.publication = publication;\n  }\n}\n\nclass CardDrag {\n  card: CardView;\n  token: string;\n  revision: number;\n  nonce: string;\n  constructor(card: CardView, token: string, revision: number, nonce: string) {\n    this.card = card; this.token = token; this.revision = revision; this.nonce = nonce;\n  }\n}\ninterface CardDragExtra { extraInfo?: string; }\ninterface RawForkRetirementIdentity { operation_id: string; }\ninterface RawForkRetirementCommand { fork_retirement: RawForkRetirementIdentity; }\n\n@Component\nstruct WorkspaceCardSlot {\n  @ObjectLink value: WorkspaceCard;\n  @BuilderParam content: (card: CardView) => void;\n  build() {\n    // Keep the outer page/id node through sorting. Recreate only a revised\n    // card's presentation so event handlers also receive the current CAS data.\n    ForEach([this.value.card], (card: CardView) => {\n      this.content(card)\n    }, (card: CardView) => card.revision)\n  }\n}\n\n@Entry\n@Component\nstruct Index {\n  @State @Watch('workspaceContentChanged') cards: CardView[] = [];\n  @State @Watch('workspaceConditionsChanged') section: string = '概览';\n  @State @Watch('workspaceConditionsChanged') search: string = '';\n  @State queryIds: string[] = [];\n  @State queryPhase: string = 'idle';\n  @State queryRefreshing: boolean = false;\n  @State selected: string = '';\n  @State @Watch('updateMarkdown') detailId: string = '';\n  @State orderRevision: number = 0;\n  @State orderWorking: boolean = false;\n  @State orderError: string = '';\n  @State dragSource: string = '';\n  @State dragTarget: string = '';\n  private heldCard: CardDrag | undefined = undefined;\n  private cardBounds: Map<string, number[]> = new Map();\n  @State title: string = '';\n  @State @Watch('updateMarkdown') description: string = '';\n  @State hypothesis: string = '';\n  @State conclusion: string = '';\n  @State category: string = '灵感';\n  @State taskText: string = '';\n  @State taskEditId: string = '';\n  @State taskRenameOwner: string = '';\n  @State taskRenameText: string = '';\n  @State fieldCountLabels: string[] = ['', '', '', '', '', ''];\n  @State fieldValidationWorking: boolean = false;\n  private fieldPolicy: EditorFieldPolicy = new EditorFieldPolicy((request: string): Promise<string> => native.editorField(request));\n  private fieldCountEpochs: Map<string, number> = new Map();\n  private editorInputEpoch: number = 0;\n  private inputRevisions: Map<string, number> = new Map();\n  @State inputRulesRevision: number = 0;\n  @State inputRulesMessage: string = '';\n  @State todoInputValue: DraftTextValue = new DraftTextValue();\n  @State todoInputRevision: number = 0;\n  @State todoBusinessReady: boolean = false;\n  @State todoFormatPending: boolean = false;\n  private inputPolicy: EditorInputPolicy = new EditorInputPolicy((request: string): Promise<string> => native.editorInput(request), editorInputHash);\n  private directInput: EditorDirectInput = new EditorDirectInput({\n    isCurrent: (owner: string, key: string, revision: number, value: DraftTextValue): boolean => this.directInputCurrent(owner, key, revision, value),\n    format: (field: string, oldValue: DraftTextValue, newValue: DraftTextValue, owned: () => boolean) => this.inputPolicy.format(field, oldValue, newValue, owned),\n    apply: (proposal: EditorDirectInputProposal, owned: () => boolean): number | undefined => this.applyDirectInput(proposal, owned),\n    changed: (): void => this.directInputChanged()\n  });\n  private taskRenameValue: DraftTextValue = new DraftTextValue();\n  @State dirty: boolean = false;\n  @State busy: boolean = false;\n  @State ready: boolean = false;\n  @State message: string = '';\n  @State @Watch('updateMarkdown') editorOpen: boolean = false;\n  @State settingsOpen: boolean = false;\n  @State dark: boolean = false;\n  @State glassOpacity: number = 76;\n  @State radius: number = 20;\n  @State viewportWidth: number = 440;\n  @State viewportHeight: number = 676;\n  @State contentWidth: number = 416;\n  @State @Watch('workspaceConditionsChanged') filter: string = '全部';\n  @State @Watch('workspaceConditionsChanged') sort: string = '默认顺序';\n  @State capture: string = '';\n  @State showAppearance: boolean = true;\n  @State sidebarExpanded: boolean = true;\n  @State pending: string = '';\n  @State businessWorking: boolean = false;\n  @State businessStatus: string = '';\n  @State businessIntents: EditorIntentView[] = [];\n  @State businessListError: string = '';\n  @State businessNext: string = '';\n  private businessSession: EditorBusinessSessionCoordinator | undefined = undefined;\n  private businessBinding: BusinessEditorBinding | undefined = undefined;\n  private ownedTodosBaseline: EditorBusinessSessionCoordinator | undefined = undefined;\n  private businessRecoveryIdentity: string = '';\n  private businessRecovery: EditorBusinessRecoveryCoordinator | undefined = undefined;\n  private businessRecoverySession: EditorBusinessSessionCoordinator | undefined = undefined;\n  private editorOpenIdentity: string = '';\n  private editorBusinessMode: string = 'edit';\n  private businessHandoff: EditorBusinessHandoffCoordinator | undefined = undefined;\n  private businessHandoffCloseOperation: string = '';\n  private businessCloseExact: boolean = false;\n  @State draftStatus: string = '';\n  @State draftRecords: DraftRecord[] = [];\n  @State dr"... 310925 more characters,
    expected: "import { ColorWheel } from './ColorWheel';\nimport { MarkdownDoc, MarkdownPreviewCoordinator, MarkdownAttachment, collectMarkdownImages, resolveMarkdownImage } from '../model/Markdown';\nimport { MarkdownPreview } from './MarkdownPreview';\nimport { AttachmentImagePreview } from './AttachmentImagePreview';\nimport { AttachmentMediaPreview, createAttachmentPlayer } from './AttachmentMediaPreview';\nimport { AttachmentPlayback, PlaybackSource, PlaybackView } from '../model/AttachmentPlayback';\nimport { AttachmentOpen, AttachmentOpenState, attachmentOpenBlocked } from '../model/AttachmentOpen';\nimport { AttachmentFullscreen, FullscreenView, FullscreenWindow, createFullscreenWindow } from '../model/AttachmentFullscreen';\nimport { AttachmentImportSelection, AttachmentImportBoundary, AttachmentImportIdentity, AttachmentImportReceipt,\n  AttachmentImportSelectionState, attachmentImportTitle } from '../model/AttachmentImportSelection';\nimport { ImageReadTarget, ImageLease, VerifiedImageView, VerifiedImages } from '../model/VerifiedImages';\nimport { samePasteTarget } from '../model/EditorPaste';\nimport { EditorFieldPolicy, editorFieldLimit } from '../model/EditorFieldPolicy';\nimport { EditorInputPolicy } from '../model/EditorInputPolicy';\nimport { editorInputHash } from '../model/EditorInputHash';\nimport { EditorDirectInput, EditorDirectInputProposal } from '../model/EditorDirectInput';\nimport { EditorTodos } from './EditorTodos';\nimport { EditorViewLease } from './EditorViewLease';\nimport { EditorTodosStatus } from '../model/EditorTodos';\nimport { ClipboardInput, ClipboardSnapshot, ClipboardSource } from '../model/ClipboardInput';\nimport { ClipboardPaste, ClipboardPasteAttachment, ClipboardPastePlan, ClipboardPasteBoundary,\n  ClipboardPasteIdentity, ClipboardPasteReceipt } from '../model/ClipboardPaste';\nimport { pasteboard } from '@kit.BasicServicesKit';\nimport { uiText } from '../model/UiStrings';\nimport { preferences } from '@kit.ArkData';\nimport { AppearanceSnapshot, MaterialChoice, alpha, mix, contrast, visualStyles, visualStyleLabels, styleRadiusScale, resolveMaterial, normalizeMaterials, canFollow } from '../model/Appearance';\nimport { SurfaceRelief } from './SurfaceRelief';\nimport { AmbientBackdrop, IdeaOrb, GlassRim, PaperBackdrop } from './StudioArtwork';\nimport { common } from '@kit.AbilityKit';\nimport { NodeContent, LazyVWaterFlowLayout, LazyVWaterFlowLayoutAttribute, LengthMetrics, window } from '@kit.ArkUI';\nimport { util } from '@kit.ArkTS';\nimport native from 'libmorrow.so';\nimport { CardView, Command, Reply, TaskView, workbench } from '../model/Workbench';\nimport { CardDataSource, WorkspaceCard } from '../model/CardDataSource';\nimport { CardOrderPreferences, cardOrderPage } from '../model/CardOrder';\nimport { AttachmentFiles, PreparedAttachment, VerifiedPreview, AttachmentRecoveryDiagnostic, ClipboardConversion } from '../model/AttachmentFiles';\nimport { AssetView, ImportRecord, ImportCommand, attachmentKind, attachmentSize, attachmentIcon, attachmentDetails, selectedImport, sameImport } from '../model/Attachments';\nimport { QueryConditions, QueryState, QueryCoordinator } from '../model/QueryCoordinator';\nimport { Values as DraftValues, TextValue as DraftTextValue, DraftScope, DraftRecord,\n  AssetSelection, EditorDraftCoordinator, DraftSaveFailure, copyValues, copyText, copyScope, sameValues, nextGeneration,\n  validateRecord, validGeneration, sameForkLink, copyRecord } from '../model/EditorDraft';\nimport { EditorDraftForkCoordinator } from '../model/EditorDraftFork';\nimport { EditorBusinessFields, EditorBusinessSubmission } from '../model/EditorBusiness';\nimport { EditorBusinessSessionCoordinator, EditorBusinessSessionHooks, EditorBusinessSessionReply, EditorBusinessSessionOwnerHooks,\n  EditorIntentView, EditorIntentProof } from '../model/EditorBusinessSession';\nimport { EditorBusinessHandoffCoordinator, EditorBusinessHandoffHooks, EditorBusinessHandoffReply } from '../model/EditorBusinessHandoff';\nimport { EditorBusinessRecoveryCoordinator, EditorBusinessRecoveryReady } from '../model/EditorBusinessRecovery';\n\nclass BusinessEditorBinding {\n  parent: EditorDraftCoordinator | undefined;\n  liveDraft: EditorDraftCoordinator;\n  identity: string;\n  owner: string;\n  epoch: number;\n  values: DraftValues;\n  publication: DraftRecord;\n  constructor(parent: EditorDraftCoordinator | undefined, identity: string, owner: string, epoch: number,\n    values: DraftValues, publication: DraftRecord, liveDraft?: EditorDraftCoordinator) {\n    if (!parent && !liveDraft) { throw new Error('Business editor needs a real current writer'); }\n    this.parent = parent; this.liveDraft = liveDraft ?? parent!; this.identity = identity; this.owner = owner;\n    this.epoch = epoch; this.values = copyValues(values); this.publication = publication;\n  }\n}\n\nclass CardDrag {\n  card: CardView;\n  token: string;\n  revision: number;\n  nonce: string;\n  constructor(card: CardView, token: string, revision: number, nonce: string) {\n    this.card = card; this.token = token; this.revision = revision; this.nonce = nonce;\n  }\n}\ninterface CardDragExtra { extraInfo?: string; }\ninterface RawForkRetirementIdentity { operation_id: string; }\ninterface RawForkRetirementCommand { fork_retirement: RawForkRetirementIdentity; }\n\n@Component\nstruct WorkspaceCardSlot {\n  @ObjectLink value: WorkspaceCard;\n  @BuilderParam content: (card: CardView) => void;\n  build() {\n    // Keep the outer page/id node through sorting. Recreate only a revised\n    // card's presentation so event handlers also receive the current CAS data.\n    ForEach([this.value.card], (card: CardView) => {\n      this.content(card)\n    }, (card: CardView) => card.revision)\n  }\n}\n\n@Entry\n@Component\nstruct Index {\n  @State @Watch('workspaceContentChanged') cards: CardView[] = [];\n  @State @Watch('workspaceConditionsChanged') section: string = '概览';\n  @State @Watch('workspaceConditionsChanged') search: string = '';\n  @State queryIds: string[] = [];\n  @State queryPhase: string = 'idle';\n  @State queryRefreshing: boolean = false;\n  @State selected: string = '';\n  @State @Watch('updateMarkdown') detailId: string = '';\n  @State orderRevision: number = 0;\n  @State orderWorking: boolean = false;\n  @State orderError: string = '';\n  @State dragSource: string = '';\n  @State dragTarget: string = '';\n  private heldCard: CardDrag | undefined = undefined;\n  private cardBounds: Map<string, number[]> = new Map();\n  @State title: string = '';\n  @State @Watch('updateMarkdown') description: string = '';\n  @State hypothesis: string = '';\n  @State conclusion: string = '';\n  @State category: string = '灵感';\n  @State taskText: string = '';\n  @State taskEditId: string = '';\n  @State taskRenameOwner: string = '';\n  @State taskRenameText: string = '';\n  @State fieldCountLabels: string[] = ['', '', '', '', '', ''];\n  @State fieldValidationWorking: boolean = false;\n  private fieldPolicy: EditorFieldPolicy = new EditorFieldPolicy((request: string): Promise<string> => native.editorField(request));\n  private fieldCountEpochs: Map<string, number> = new Map();\n  private editorInputEpoch: number = 0;\n  private inputRevisions: Map<string, number> = new Map();\n  @State inputRulesRevision: number = 0;\n  @State inputRulesMessage: string = '';\n  @State todoInputValue: DraftTextValue = new DraftTextValue();\n  @State todoInputRevision: number = 0;\n  @State todoBusinessReady: boolean = false;\n  @State todoFormatPending: boolean = false;\n  private inputPolicy: EditorInputPolicy = new EditorInputPolicy((request: string): Promise<string> => native.editorInput(request), editorInputHash);\n  private directInput: EditorDirectInput = new EditorDirectInput({\n    isCurrent: (owner: string, key: string, revision: number, value: DraftTextValue): boolean => this.directInputCurrent(owner, key, revision, value),\n    format: (field: string, oldValue: DraftTextValue, newValue: DraftTextValue, owned: () => boolean) => this.inputPolicy.format(field, oldValue, newValue, owned),\n    apply: (proposal: EditorDirectInputProposal, owned: () => boolean): number | undefined => this.applyDirectInput(proposal, owned),\n    changed: (): void => this.directInputChanged()\n  });\n  private taskRenameValue: DraftTextValue = new DraftTextValue();\n  @State dirty: boolean = false;\n  @State busy: boolean = false;\n  @State ready: boolean = false;\n  @State message: string = '';\n  @State @Watch('updateMarkdown') editorOpen: boolean = false;\n  @State settingsOpen: boolean = false;\n  @State dark: boolean = false;\n  @State glassOpacity: number = 76;\n  @State radius: number = 20;\n  @State viewportWidth: number = 440;\n  @State viewportHeight: number = 676;\n  @State contentWidth: number = 416;\n  @State @Watch('workspaceConditionsChanged') filter: string = '全部';\n  @State @Watch('workspaceConditionsChanged') sort: string = '默认顺序';\n  @State capture: string = '';\n  @State showAppearance: boolean = true;\n  @State sidebarExpanded: boolean = true;\n  @State pending: string = '';\n  @State businessWorking: boolean = false;\n  @State businessStatus: string = '';\n  @State businessIntents: EditorIntentView[] = [];\n  @State businessListError: string = '';\n  @State businessNext: string = '';\n  private businessSession: EditorBusinessSessionCoordinator | undefined = undefined;\n  private businessBinding: BusinessEditorBinding | undefined = undefined;\n  private ownedTodosBaseline: EditorBusinessSessionCoordinator | undefined = undefined;\n  private businessRecoveryIdentity: string = '';\n  private businessRecovery: EditorBusinessRecoveryCoordinator | undefined = undefined;\n  private editorOpenIdentity: string = '';\n  private editorBusinessMode: string = 'edit';\n  private businessHandoff: EditorBusinessHandoffCoordinator | undefined = undefined;\n  private businessHandoffCloseOperation: string = '';\n  private businessCloseExact: boolean = false;\n  @State draftStatus: string = '';\n  @State draftRecords: DraftRecord[] = [];\n  @State draftsOpen: boolean = false;\n  @State draftWorking: boolean = false;\n  @State attachmentWorking"... 310267 more characters,
    operator: 'strictEqual',
    diff: 'simple'
  }

test at hmos\tool\index-editor-todos-integration.test.cjs:228:1
✖ existing V2 pending task blocks body Save and preserves task identity; separate raw remains retainable (132.6849ms)
  AssertionError [ERR_ASSERTION]: The input did not match the regular expression /先添加或取消/. Input:
  
  '待办文字属于原草稿接续，请恢复其保存上下文后再继续，完整文字未清除。'
  
      at TestContext.<anonymous> (C:\Users\Administrator\Desktop\CodeXProjext\morrow\hmos\tool\index-editor-todos-integration.test.cjs:231:59)
      at async Test.run (node:internal/test_runner/test:1125:7)
      at async Test.processPendingSubtests (node:internal/test_runner/test:787:7) {
    generatedMessage: true,
    code: 'ERR_ASSERTION',
    actual: '待办文字属于原草稿接续，请恢复其保存上下文后再继续，完整文字未清除。',
    expected: /先添加或取消/,
    operator: 'match',
    diff: 'simple'
  }

test at hmos\tool\index-editor-todos-integration.test.cjs:10:1
✖ C:\Users\Administrator\Desktop\CodeXProjext\morrow\hmos\tool\index-editor-todos-integration.test.cjs (2.3622ms)
  AssertionError [ERR_ASSERTION]: Index did not change during the run
  + actual - expected
  ... Skipped lines
  
    "import { ColorWheel } from './ColorWheel';\n" +
      "import { MarkdownDoc, MarkdownPreviewCoordinator, MarkdownAttachment, collectMarkdownImages, resolveMarkdownImage } from '../model/Markdown';\n" +
      "import { MarkdownPreview } from './MarkdownPreview';\n" +
      "import { AttachmentImagePreview } from './AttachmentImagePreview';\n" +
      "import { AttachmentMediaPreview, createAttachmentPlayer } from './AttachmentMediaPreview';\n" +
  ...
      '  private businessRecovery: EditorBusinessRecoveryCoordinator | undefined = undefined;\n' +
  +   '  private businessRecoverySession: EditorBusinessSessionCoordinator | undefined = undefined;\n' +
      "  private editorOpenIdentity: string = '';\n" +
      "  private editorBusinessMode: string = 'edit';\n" +
      '  private businessHandoff: EditorBusinessHandoffCoordinator | undefined = undefined;\n' +
      "  private businessHandoffCloseOperation: string = '';\n" +
      '  private businessCloseExact: boolean = false;\n' +
      "  @State draftStatus: string = '';\n" +
      '  @State draftRecords: DraftRecord[] = [];\n' +
  +   '  @State dr'... 310925 more characters
  -   '  @State draftsOpen: boolean = false;\n' +
  -   '  @State draftWorking: boolean = false;\n' +
  -   '  @State attachmentWorking'... 310267 more characters
  
      at TestContext.assertSourceUnchanged (C:\Users\Administrator\Desktop\CodeXProjext\morrow\hmos\tool\index-business-test-harness.cjs:276:10)
      at TestHook.runInAsyncScope (node:async_hooks:228:14)
      at TestHook.run (node:internal/test_runner/test:1118:25)
      at TestHook.run (node:internal/test_runner/test:1442:18)
      at TestHook.run (node:internal/util:602:20)
      at Test.runHook (node:internal/test_runner/test:1036:20)
      at after (node:internal/test_runner/test:1076:20)
      at Test.run (node:internal/test_runner/test:1144:13) {
    generatedMessage: false,
    code: 'ERR_ASSERTION',
    actual: "import { ColorWheel } from './ColorWheel';\nimport { MarkdownDoc, MarkdownPreviewCoordinator, MarkdownAttachment, collectMarkdownImages, resolveMarkdownImage } from '../model/Markdown';\nimport { MarkdownPreview } from './MarkdownPreview';\nimport { AttachmentImagePreview } from './AttachmentImagePreview';\nimport { AttachmentMediaPreview, createAttachmentPlayer } from './AttachmentMediaPreview';\nimport { AttachmentPlayback, PlaybackSource, PlaybackView } from '../model/AttachmentPlayback';\nimport { AttachmentOpen, AttachmentOpenState, attachmentOpenBlocked } from '../model/AttachmentOpen';\nimport { AttachmentFullscreen, FullscreenView, FullscreenWindow, createFullscreenWindow } from '../model/AttachmentFullscreen';\nimport { AttachmentImportSelection, AttachmentImportBoundary, AttachmentImportIdentity, AttachmentImportReceipt,\n  AttachmentImportSelectionState, attachmentImportTitle } from '../model/AttachmentImportSelection';\nimport { ImageReadTarget, ImageLease, VerifiedImageView, VerifiedImages } from '../model/VerifiedImages';\nimport { samePasteTarget } from '../model/EditorPaste';\nimport { EditorFieldPolicy, editorFieldLimit } from '../model/EditorFieldPolicy';\nimport { EditorInputPolicy } from '../model/EditorInputPolicy';\nimport { editorInputHash } from '../model/EditorInputHash';\nimport { EditorDirectInput, EditorDirectInputProposal } from '../model/EditorDirectInput';\nimport { EditorTodos } from './EditorTodos';\nimport { EditorViewLease } from './EditorViewLease';\nimport { EditorTodosStatus } from '../model/EditorTodos';\nimport { ClipboardInput, ClipboardSnapshot, ClipboardSource } from '../model/ClipboardInput';\nimport { ClipboardPaste, ClipboardPasteAttachment, ClipboardPastePlan, ClipboardPasteBoundary,\n  ClipboardPasteIdentity, ClipboardPasteReceipt } from '../model/ClipboardPaste';\nimport { pasteboard } from '@kit.BasicServicesKit';\nimport { uiText } from '../model/UiStrings';\nimport { preferences } from '@kit.ArkData';\nimport { AppearanceSnapshot, MaterialChoice, alpha, mix, contrast, visualStyles, visualStyleLabels, styleRadiusScale, resolveMaterial, normalizeMaterials, canFollow } from '../model/Appearance';\nimport { SurfaceRelief } from './SurfaceRelief';\nimport { AmbientBackdrop, IdeaOrb, GlassRim, PaperBackdrop } from './StudioArtwork';\nimport { common } from '@kit.AbilityKit';\nimport { NodeContent, LazyVWaterFlowLayout, LazyVWaterFlowLayoutAttribute, LengthMetrics, window } from '@kit.ArkUI';\nimport { util } from '@kit.ArkTS';\nimport native from 'libmorrow.so';\nimport { CardView, Command, Reply, TaskView, workbench } from '../model/Workbench';\nimport { CardDataSource, WorkspaceCard } from '../model/CardDataSource';\nimport { CardOrderPreferences, cardOrderPage } from '../model/CardOrder';\nimport { AttachmentFiles, PreparedAttachment, VerifiedPreview, AttachmentRecoveryDiagnostic, ClipboardConversion } from '../model/AttachmentFiles';\nimport { AssetView, ImportRecord, ImportCommand, attachmentKind, attachmentSize, attachmentIcon, attachmentDetails, selectedImport, sameImport } from '../model/Attachments';\nimport { QueryConditions, QueryState, QueryCoordinator } from '../model/QueryCoordinator';\nimport { Values as DraftValues, TextValue as DraftTextValue, DraftScope, DraftRecord,\n  AssetSelection, EditorDraftCoordinator, DraftSaveFailure, copyValues, copyText, copyScope, sameValues, nextGeneration,\n  validateRecord, validGeneration, sameForkLink, copyRecord } from '../model/EditorDraft';\nimport { EditorDraftForkCoordinator } from '../model/EditorDraftFork';\nimport { EditorBusinessFields, EditorBusinessSubmission } from '../model/EditorBusiness';\nimport { EditorBusinessSessionCoordinator, EditorBusinessSessionHooks, EditorBusinessSessionReply, EditorBusinessSessionOwnerHooks,\n  EditorIntentView, EditorIntentProof } from '../model/EditorBusinessSession';\nimport { EditorBusinessHandoffCoordinator, EditorBusinessHandoffHooks, EditorBusinessHandoffReply } from '../model/EditorBusinessHandoff';\nimport { EditorBusinessRecoveryCoordinator, EditorBusinessRecoveryReady } from '../model/EditorBusinessRecovery';\n\nclass BusinessEditorBinding {\n  parent: EditorDraftCoordinator | undefined;\n  liveDraft: EditorDraftCoordinator;\n  identity: string;\n  owner: string;\n  epoch: number;\n  values: DraftValues;\n  publication: DraftRecord;\n  constructor(parent: EditorDraftCoordinator | undefined, identity: string, owner: string, epoch: number,\n    values: DraftValues, publication: DraftRecord, liveDraft?: EditorDraftCoordinator) {\n    if (!parent && !liveDraft) { throw new Error('Business editor needs a real current writer'); }\n    this.parent = parent; this.liveDraft = liveDraft ?? parent!; this.identity = identity; this.owner = owner;\n    this.epoch = epoch; this.values = copyValues(values); this.publication = publication;\n  }\n}\n\nclass CardDrag {\n  card: CardView;\n  token: string;\n  revision: number;\n  nonce: string;\n  constructor(card: CardView, token: string, revision: number, nonce: string) {\n    this.card = card; this.token = token; this.revision = revision; this.nonce = nonce;\n  }\n}\ninterface CardDragExtra { extraInfo?: string; }\ninterface RawForkRetirementIdentity { operation_id: string; }\ninterface RawForkRetirementCommand { fork_retirement: RawForkRetirementIdentity; }\n\n@Component\nstruct WorkspaceCardSlot {\n  @ObjectLink value: WorkspaceCard;\n  @BuilderParam content: (card: CardView) => void;\n  build() {\n    // Keep the outer page/id node through sorting. Recreate only a revised\n    // card's presentation so event handlers also receive the current CAS data.\n    ForEach([this.value.card], (card: CardView) => {\n      this.content(card)\n    }, (card: CardView) => card.revision)\n  }\n}\n\n@Entry\n@Component\nstruct Index {\n  @State @Watch('workspaceContentChanged') cards: CardView[] = [];\n  @State @Watch('workspaceConditionsChanged') section: string = '概览';\n  @State @Watch('workspaceConditionsChanged') search: string = '';\n  @State queryIds: string[] = [];\n  @State queryPhase: string = 'idle';\n  @State queryRefreshing: boolean = false;\n  @State selected: string = '';\n  @State @Watch('updateMarkdown') detailId: string = '';\n  @State orderRevision: number = 0;\n  @State orderWorking: boolean = false;\n  @State orderError: string = '';\n  @State dragSource: string = '';\n  @State dragTarget: string = '';\n  private heldCard: CardDrag | undefined = undefined;\n  private cardBounds: Map<string, number[]> = new Map();\n  @State title: string = '';\n  @State @Watch('updateMarkdown') description: string = '';\n  @State hypothesis: string = '';\n  @State conclusion: string = '';\n  @State category: string = '灵感';\n  @State taskText: string = '';\n  @State taskEditId: string = '';\n  @State taskRenameOwner: string = '';\n  @State taskRenameText: string = '';\n  @State fieldCountLabels: string[] = ['', '', '', '', '', ''];\n  @State fieldValidationWorking: boolean = false;\n  private fieldPolicy: EditorFieldPolicy = new EditorFieldPolicy((request: string): Promise<string> => native.editorField(request));\n  private fieldCountEpochs: Map<string, number> = new Map();\n  private editorInputEpoch: number = 0;\n  private inputRevisions: Map<string, number> = new Map();\n  @State inputRulesRevision: number = 0;\n  @State inputRulesMessage: string = '';\n  @State todoInputValue: DraftTextValue = new DraftTextValue();\n  @State todoInputRevision: number = 0;\n  @State todoBusinessReady: boolean = false;\n  @State todoFormatPending: boolean = false;\n  private inputPolicy: EditorInputPolicy = new EditorInputPolicy((request: string): Promise<string> => native.editorInput(request), editorInputHash);\n  private directInput: EditorDirectInput = new EditorDirectInput({\n    isCurrent: (owner: string, key: string, revision: number, value: DraftTextValue): boolean => this.directInputCurrent(owner, key, revision, value),\n    format: (field: string, oldValue: DraftTextValue, newValue: DraftTextValue, owned: () => boolean) => this.inputPolicy.format(field, oldValue, newValue, owned),\n    apply: (proposal: EditorDirectInputProposal, owned: () => boolean): number | undefined => this.applyDirectInput(proposal, owned),\n    changed: (): void => this.directInputChanged()\n  });\n  private taskRenameValue: DraftTextValue = new DraftTextValue();\n  @State dirty: boolean = false;\n  @State busy: boolean = false;\n  @State ready: boolean = false;\n  @State message: string = '';\n  @State @Watch('updateMarkdown') editorOpen: boolean = false;\n  @State settingsOpen: boolean = false;\n  @State dark: boolean = false;\n  @State glassOpacity: number = 76;\n  @State radius: number = 20;\n  @State viewportWidth: number = 440;\n  @State viewportHeight: number = 676;\n  @State contentWidth: number = 416;\n  @State @Watch('workspaceConditionsChanged') filter: string = '全部';\n  @State @Watch('workspaceConditionsChanged') sort: string = '默认顺序';\n  @State capture: string = '';\n  @State showAppearance: boolean = true;\n  @State sidebarExpanded: boolean = true;\n  @State pending: string = '';\n  @State businessWorking: boolean = false;\n  @State businessStatus: string = '';\n  @State businessIntents: EditorIntentView[] = [];\n  @State businessListError: string = '';\n  @State businessNext: string = '';\n  private businessSession: EditorBusinessSessionCoordinator | undefined = undefined;\n  private businessBinding: BusinessEditorBinding | undefined = undefined;\n  private ownedTodosBaseline: EditorBusinessSessionCoordinator | undefined = undefined;\n  private businessRecoveryIdentity: string = '';\n  private businessRecovery: EditorBusinessRecoveryCoordinator | undefined = undefined;\n  private businessRecoverySession: EditorBusinessSessionCoordinator | undefined = undefined;\n  private editorOpenIdentity: string = '';\n  private editorBusinessMode: string = 'edit';\n  private businessHandoff: EditorBusinessHandoffCoordinator | undefined = undefined;\n  private businessHandoffCloseOperation: string = '';\n  private businessCloseExact: boolean = false;\n  @State draftStatus: string = '';\n  @State draftRecords: DraftRecord[] = [];\n  @State dr"... 310925 more characters,
    expected: "import { ColorWheel } from './ColorWheel';\nimport { MarkdownDoc, MarkdownPreviewCoordinator, MarkdownAttachment, collectMarkdownImages, resolveMarkdownImage } from '../model/Markdown';\nimport { MarkdownPreview } from './MarkdownPreview';\nimport { AttachmentImagePreview } from './AttachmentImagePreview';\nimport { AttachmentMediaPreview, createAttachmentPlayer } from './AttachmentMediaPreview';\nimport { AttachmentPlayback, PlaybackSource, PlaybackView } from '../model/AttachmentPlayback';\nimport { AttachmentOpen, AttachmentOpenState, attachmentOpenBlocked } from '../model/AttachmentOpen';\nimport { AttachmentFullscreen, FullscreenView, FullscreenWindow, createFullscreenWindow } from '../model/AttachmentFullscreen';\nimport { AttachmentImportSelection, AttachmentImportBoundary, AttachmentImportIdentity, AttachmentImportReceipt,\n  AttachmentImportSelectionState, attachmentImportTitle } from '../model/AttachmentImportSelection';\nimport { ImageReadTarget, ImageLease, VerifiedImageView, VerifiedImages } from '../model/VerifiedImages';\nimport { samePasteTarget } from '../model/EditorPaste';\nimport { EditorFieldPolicy, editorFieldLimit } from '../model/EditorFieldPolicy';\nimport { EditorInputPolicy } from '../model/EditorInputPolicy';\nimport { editorInputHash } from '../model/EditorInputHash';\nimport { EditorDirectInput, EditorDirectInputProposal } from '../model/EditorDirectInput';\nimport { EditorTodos } from './EditorTodos';\nimport { EditorViewLease } from './EditorViewLease';\nimport { EditorTodosStatus } from '../model/EditorTodos';\nimport { ClipboardInput, ClipboardSnapshot, ClipboardSource } from '../model/ClipboardInput';\nimport { ClipboardPaste, ClipboardPasteAttachment, ClipboardPastePlan, ClipboardPasteBoundary,\n  ClipboardPasteIdentity, ClipboardPasteReceipt } from '../model/ClipboardPaste';\nimport { pasteboard } from '@kit.BasicServicesKit';\nimport { uiText } from '../model/UiStrings';\nimport { preferences } from '@kit.ArkData';\nimport { AppearanceSnapshot, MaterialChoice, alpha, mix, contrast, visualStyles, visualStyleLabels, styleRadiusScale, resolveMaterial, normalizeMaterials, canFollow } from '../model/Appearance';\nimport { SurfaceRelief } from './SurfaceRelief';\nimport { AmbientBackdrop, IdeaOrb, GlassRim, PaperBackdrop } from './StudioArtwork';\nimport { common } from '@kit.AbilityKit';\nimport { NodeContent, LazyVWaterFlowLayout, LazyVWaterFlowLayoutAttribute, LengthMetrics, window } from '@kit.ArkUI';\nimport { util } from '@kit.ArkTS';\nimport native from 'libmorrow.so';\nimport { CardView, Command, Reply, TaskView, workbench } from '../model/Workbench';\nimport { CardDataSource, WorkspaceCard } from '../model/CardDataSource';\nimport { CardOrderPreferences, cardOrderPage } from '../model/CardOrder';\nimport { AttachmentFiles, PreparedAttachment, VerifiedPreview, AttachmentRecoveryDiagnostic, ClipboardConversion } from '../model/AttachmentFiles';\nimport { AssetView, ImportRecord, ImportCommand, attachmentKind, attachmentSize, attachmentIcon, attachmentDetails, selectedImport, sameImport } from '../model/Attachments';\nimport { QueryConditions, QueryState, QueryCoordinator } from '../model/QueryCoordinator';\nimport { Values as DraftValues, TextValue as DraftTextValue, DraftScope, DraftRecord,\n  AssetSelection, EditorDraftCoordinator, DraftSaveFailure, copyValues, copyText, copyScope, sameValues, nextGeneration,\n  validateRecord, validGeneration, sameForkLink, copyRecord } from '../model/EditorDraft';\nimport { EditorDraftForkCoordinator } from '../model/EditorDraftFork';\nimport { EditorBusinessFields, EditorBusinessSubmission } from '../model/EditorBusiness';\nimport { EditorBusinessSessionCoordinator, EditorBusinessSessionHooks, EditorBusinessSessionReply, EditorBusinessSessionOwnerHooks,\n  EditorIntentView, EditorIntentProof } from '../model/EditorBusinessSession';\nimport { EditorBusinessHandoffCoordinator, EditorBusinessHandoffHooks, EditorBusinessHandoffReply } from '../model/EditorBusinessHandoff';\nimport { EditorBusinessRecoveryCoordinator, EditorBusinessRecoveryReady } from '../model/EditorBusinessRecovery';\n\nclass BusinessEditorBinding {\n  parent: EditorDraftCoordinator | undefined;\n  liveDraft: EditorDraftCoordinator;\n  identity: string;\n  owner: string;\n  epoch: number;\n  values: DraftValues;\n  publication: DraftRecord;\n  constructor(parent: EditorDraftCoordinator | undefined, identity: string, owner: string, epoch: number,\n    values: DraftValues, publication: DraftRecord, liveDraft?: EditorDraftCoordinator) {\n    if (!parent && !liveDraft) { throw new Error('Business editor needs a real current writer'); }\n    this.parent = parent; this.liveDraft = liveDraft ?? parent!; this.identity = identity; this.owner = owner;\n    this.epoch = epoch; this.values = copyValues(values); this.publication = publication;\n  }\n}\n\nclass CardDrag {\n  card: CardView;\n  token: string;\n  revision: number;\n  nonce: string;\n  constructor(card: CardView, token: string, revision: number, nonce: string) {\n    this.card = card; this.token = token; this.revision = revision; this.nonce = nonce;\n  }\n}\ninterface CardDragExtra { extraInfo?: string; }\ninterface RawForkRetirementIdentity { operation_id: string; }\ninterface RawForkRetirementCommand { fork_retirement: RawForkRetirementIdentity; }\n\n@Component\nstruct WorkspaceCardSlot {\n  @ObjectLink value: WorkspaceCard;\n  @BuilderParam content: (card: CardView) => void;\n  build() {\n    // Keep the outer page/id node through sorting. Recreate only a revised\n    // card's presentation so event handlers also receive the current CAS data.\n    ForEach([this.value.card], (card: CardView) => {\n      this.content(card)\n    }, (card: CardView) => card.revision)\n  }\n}\n\n@Entry\n@Component\nstruct Index {\n  @State @Watch('workspaceContentChanged') cards: CardView[] = [];\n  @State @Watch('workspaceConditionsChanged') section: string = '概览';\n  @State @Watch('workspaceConditionsChanged') search: string = '';\n  @State queryIds: string[] = [];\n  @State queryPhase: string = 'idle';\n  @State queryRefreshing: boolean = false;\n  @State selected: string = '';\n  @State @Watch('updateMarkdown') detailId: string = '';\n  @State orderRevision: number = 0;\n  @State orderWorking: boolean = false;\n  @State orderError: string = '';\n  @State dragSource: string = '';\n  @State dragTarget: string = '';\n  private heldCard: CardDrag | undefined = undefined;\n  private cardBounds: Map<string, number[]> = new Map();\n  @State title: string = '';\n  @State @Watch('updateMarkdown') description: string = '';\n  @State hypothesis: string = '';\n  @State conclusion: string = '';\n  @State category: string = '灵感';\n  @State taskText: string = '';\n  @State taskEditId: string = '';\n  @State taskRenameOwner: string = '';\n  @State taskRenameText: string = '';\n  @State fieldCountLabels: string[] = ['', '', '', '', '', ''];\n  @State fieldValidationWorking: boolean = false;\n  private fieldPolicy: EditorFieldPolicy = new EditorFieldPolicy((request: string): Promise<string> => native.editorField(request));\n  private fieldCountEpochs: Map<string, number> = new Map();\n  private editorInputEpoch: number = 0;\n  private inputRevisions: Map<string, number> = new Map();\n  @State inputRulesRevision: number = 0;\n  @State inputRulesMessage: string = '';\n  @State todoInputValue: DraftTextValue = new DraftTextValue();\n  @State todoInputRevision: number = 0;\n  @State todoBusinessReady: boolean = false;\n  @State todoFormatPending: boolean = false;\n  private inputPolicy: EditorInputPolicy = new EditorInputPolicy((request: string): Promise<string> => native.editorInput(request), editorInputHash);\n  private directInput: EditorDirectInput = new EditorDirectInput({\n    isCurrent: (owner: string, key: string, revision: number, value: DraftTextValue): boolean => this.directInputCurrent(owner, key, revision, value),\n    format: (field: string, oldValue: DraftTextValue, newValue: DraftTextValue, owned: () => boolean) => this.inputPolicy.format(field, oldValue, newValue, owned),\n    apply: (proposal: EditorDirectInputProposal, owned: () => boolean): number | undefined => this.applyDirectInput(proposal, owned),\n    changed: (): void => this.directInputChanged()\n  });\n  private taskRenameValue: DraftTextValue = new DraftTextValue();\n  @State dirty: boolean = false;\n  @State busy: boolean = false;\n  @State ready: boolean = false;\n  @State message: string = '';\n  @State @Watch('updateMarkdown') editorOpen: boolean = false;\n  @State settingsOpen: boolean = false;\n  @State dark: boolean = false;\n  @State glassOpacity: number = 76;\n  @State radius: number = 20;\n  @State viewportWidth: number = 440;\n  @State viewportHeight: number = 676;\n  @State contentWidth: number = 416;\n  @State @Watch('workspaceConditionsChanged') filter: string = '全部';\n  @State @Watch('workspaceConditionsChanged') sort: string = '默认顺序';\n  @State capture: string = '';\n  @State showAppearance: boolean = true;\n  @State sidebarExpanded: boolean = true;\n  @State pending: string = '';\n  @State businessWorking: boolean = false;\n  @State businessStatus: string = '';\n  @State businessIntents: EditorIntentView[] = [];\n  @State businessListError: string = '';\n  @State businessNext: string = '';\n  private businessSession: EditorBusinessSessionCoordinator | undefined = undefined;\n  private businessBinding: BusinessEditorBinding | undefined = undefined;\n  private ownedTodosBaseline: EditorBusinessSessionCoordinator | undefined = undefined;\n  private businessRecoveryIdentity: string = '';\n  private businessRecovery: EditorBusinessRecoveryCoordinator | undefined = undefined;\n  private editorOpenIdentity: string = '';\n  private editorBusinessMode: string = 'edit';\n  private businessHandoff: EditorBusinessHandoffCoordinator | undefined = undefined;\n  private businessHandoffCloseOperation: string = '';\n  private businessCloseExact: boolean = false;\n  @State draftStatus: string = '';\n  @State draftRecords: DraftRecord[] = [];\n  @State draftsOpen: boolean = false;\n  @State draftWorking: boolean = false;\n  @State attachmentWorking"... 310267 more characters,
    operator: 'strictEqual',
    diff: 'simple'
  }
