Index.ets SHA256=0c1620875c82c517bea1d8c4a3029dc851452978a323667fed8af91e483696b6
EditorDraft.ets SHA256=b88a46d0371d8c6f193187d1a0e1acf41671d4991cdbd59c451b8bcf66cf3775
EditorBusiness.ets SHA256=bbd4de0b1e02a67e19345147eb7de4c01622c1e015e12fb0c1431a101945c4fd
EditorBusinessSession.ets SHA256=58e992b7e8bdae01f7bc07b3dee9e66b7bcae6712a945b5509382121e5af52c6
EditorFieldPolicy.ets SHA256=10c3162e77a947335acf0c3df2e464c80195d0ac2bbc2922bbb09c0a8a626842
Workbench.ets SHA256=6cef4c4c9cde5fefe44fc65619cf7caf8c4965b129a553d45d8afe701b2e6547
ACTUAL_INDEX_SOURCE_FREEZE=[{"path":"C:\\Users\\Administrator\\Desktop\\CodeXProjext\\morrow\\hmos\\entry\\src\\main\\ets\\model\\EditorBusiness.ets","sha256":"bbd4de0b1e02a67e19345147eb7de4c01622c1e015e12fb0c1431a101945c4fd"},{"path":"C:\\Users\\Administrator\\Desktop\\CodeXProjext\\morrow\\hmos\\entry\\src\\main\\ets\\model\\EditorBusinessHandoff.ets","sha256":"fc2878c8f8fc2f312cf879023a1e445fe2cb3ae409755372feb9ffbc596723f0"},{"path":"C:\\Users\\Administrator\\Desktop\\CodeXProjext\\morrow\\hmos\\entry\\src\\main\\ets\\model\\EditorBusinessRecovery.ets","sha256":"062a7a50f220e27213f24fb3601892e3ab2c797c5e71bb0bb3d6f65675f3a88e"},{"path":"C:\\Users\\Administrator\\Desktop\\CodeXProjext\\morrow\\hmos\\entry\\src\\main\\ets\\model\\EditorBusinessSession.ets","sha256":"58e992b7e8bdae01f7bc07b3dee9e66b7bcae6712a945b5509382121e5af52c6"},{"path":"C:\\Users\\Administrator\\Desktop\\CodeXProjext\\morrow\\hmos\\entry\\src\\main\\ets\\model\\EditorDraft.ets","sha256":"b88a46d0371d8c6f193187d1a0e1acf41671d4991cdbd59c451b8bcf66cf3775"},{"path":"C:\\Users\\Administrator\\Desktop\\CodeXProjext\\morrow\\hmos\\entry\\src\\main\\ets\\model\\EditorDraftFork.ets","sha256":"2f5cc8586d2400f99ee7598dd816970e63d9e3d4b53c5dffbc54cb4e4062263c"},{"path":"C:\\Users\\Administrator\\Desktop\\CodeXProjext\\morrow\\hmos\\entry\\src\\main\\ets\\model\\EditorFieldPolicy.ets","sha256":"10c3162e77a947335acf0c3df2e464c80195d0ac2bbc2922bbb09c0a8a626842"},{"path":"C:\\Users\\Administrator\\Desktop\\CodeXProjext\\morrow\\hmos\\entry\\src\\main\\ets\\model\\EditorPaste.ets","sha256":"28d54a7d02bf644d68b58ac68a4d824ab2ff3fb71b87ab0e00c279456b6d160e"},{"path":"C:\\Users\\Administrator\\Desktop\\CodeXProjext\\morrow\\hmos\\entry\\src\\main\\ets\\model\\Workbench.ets","sha256":"6cef4c4c9cde5fefe44fc65619cf7caf8c4965b129a553d45d8afe701b2e6547"}]
✔ fresh actual Index/ETS source identities; controlled receiver boundaries are explicit (42.0527ms)
✔ actual new-card Save persists complete raw before pause and durable intent before business admission (399.9763ms)
✔ actual unchanged existing-card Save establishes publication and preserves source/tasks semantics (344.1778ms)
✔ actual first business send synchronously admits Workbench before resuming parent debounce (298.6262ms)
✔ actual S2 during raw publication cancels unissued proposal while keeping complete input (246.7706ms)
✔ first proved no-write intent prepare does not strand the complete editor behind an unprepared session (239.3303ms)
✔ prepare ACK Unknown stays blocked and a later no-write reply cannot release that original uncertainty (228.125ms)
✔ actual Workbench tail orders S1 business before later complete S2 raw persistence (216.2351ms)
✔ issued-before-first-send S2 blocks auto-save; explicit read-only restore retries fixed S1 literal (215.0496ms)
✔ actual selection-only S2 after issue cannot be consumed by same-text S1 success (215.7225ms)
✔ actual first save Unknown retries same session and literal without reconstructing current S2 (235.051ms)
✔ actual committed effect with invalid DTO remains known through attempted save and failed inspection (252.776ms)
✔ actual list and five-part restore are read-only; same-card different draft does not bind consumption (217.5336ms)
✔ actual failed partial restoration leaves original discovery reference and never auto-replays (209.4186ms)
✔ actual old submit rejects create/edit and unfinished strict session blocks ordinary mutation/discard/close (193.6064ms)
✔ actual ordinary task command remains separate from strict create/edit transport (214.8879ms)
✔ actual Store DTO fixture through Index restore/inspect preserves original wire and full historical source (249.4567ms)
✔ actual planned saved_exact restore reads fixed native close and never invents or dispatches another operation (215.2116ms)
✔ actual recovered saved_exact close rejects complete S2 before detach or fixed close replay (244.9374ms)
✔ actual explicit recovered exact close detaches controlled lease before retrying original close literal (236.7776ms)
✔ actual planned handoff restore preserves fixed child plan and stays read-only until explicit reconciliation (196.9791ms)
✔ actual fresh exact S1 save runs actual close lifecycle after controlled lease detach (247.2945ms)
✔ actual fresh late S2 then S3 uses one real child writer, confirms latest raw before retirement and fixed close (217.9919ms)
{"qualification":"actual-Index-source-only","inputs":[{"path":"C:\\Users\\Administrator\\Desktop\\CodeXProjext\\morrow\\hmos\\entry\\src\\main\\ets\\pages\\Index.ets","sha256":"0c1620875c82c517bea1d8c4a3029dc851452978a323667fed8af91e483696b6","bytes":334640},{"path":"C:\\Users\\Administrator\\Desktop\\CodeXProjext\\morrow\\hmos\\entry\\src\\main\\ets\\model\\EditorBusiness.ets","sha256":"bbd4de0b1e02a67e19345147eb7de4c01622c1e015e12fb0c1431a101945c4fd","bytes":26878},{"path":"C:\\Users\\Administrator\\Desktop\\CodeXProjext\\morrow\\hmos\\entry\\src\\main\\ets\\model\\EditorBusinessHandoff.ets","sha256":"fc2878c8f8fc2f312cf879023a1e445fe2cb3ae409755372feb9ffbc596723f0","bytes":47627},{"path":"C:\\Users\\Administrator\\Desktop\\CodeXProjext\\morrow\\hmos\\entry\\src\\main\\ets\\model\\EditorBusinessRecovery.ets","sha256":"062a7a50f220e27213f24fb3601892e3ab2c797c5e71bb0bb3d6f65675f3a88e","bytes":10756},{"path":"C:\\Users\\Administrator\\Desktop\\CodeXProjext\\morrow\\hmos\\entry\\src\\main\\ets\\model\\EditorBusinessSession.ets","sha256":"58e992b7e8bdae01f7bc07b3dee9e66b7bcae6712a945b5509382121e5af52c6","bytes":40102},{"path":"C:\\Users\\Administrator\\Desktop\\CodeXProjext\\morrow\\hmos\\entry\\src\\main\\ets\\model\\EditorDirectInput.ets","sha256":"a56119b3dfc3ea52e83082f0654c6bd9164383a646af503b6d72ce2f0d7e6030","bytes":11848},{"path":"C:\\Users\\Administrator\\Desktop\\CodeXProjext\\morrow\\hmos\\entry\\src\\main\\ets\\model\\EditorDraft.ets","sha256":"b88a46d0371d8c6f193187d1a0e1acf41671d4991cdbd59c451b8bcf66cf3775","bytes":37929},{"path":"C:\\Users\\Administrator\\Desktop\\CodeXProjext\\morrow\\hmos\\entry\\src\\main\\ets\\model\\EditorDraftFork.ets","sha256":"2f5cc8586d2400f99ee7598dd816970e63d9e3d4b53c5dffbc54cb4e4062263c","bytes":12805},{"path":"C:\\Users\\Administrator\\Desktop\\CodeXProjext\\morrow\\hmos\\entry\\src\\main\\ets\\model\\EditorFieldPolicy.ets","sha256":"10c3162e77a947335acf0c3df2e464c80195d0ac2bbc2922bbb09c0a8a626842","bytes":6929},{"path":"C:\\Users\\Administrator\\Desktop\\CodeXProjext\\morrow\\hmos\\entry\\src\\main\\ets\\model\\EditorInputPolicy.ets","sha256":"64c86330d3dbc8fa85f88d6f0692d9ed15c88814c711f4f2b665827b3628ae2b","bytes":7887},{"path":"C:\\Users\\Administrator\\Desktop\\CodeXProjext\\morrow\\hmos\\entry\\src\\main\\ets\\model\\EditorPaste.ets","sha256":"28d54a7d02bf644d68b58ac68a4d824ab2ff3fb71b87ab0e00c279456b6d160e","bytes":2767},{"path":"C:\\Users\\Administrator\\Desktop\\CodeXProjext\\morrow\\hmos\\entry\\src\\main\\ets\\model\\EditorTodos.ets","sha256":"e7a0748f5066939ad42fa4a9b6bde3d9d9761e15df2e42403356c1277a48d710","bytes":21509},{"path":"C:\\Users\\Administrator\\Desktop\\CodeXProjext\\morrow\\hmos\\entry\\src\\main\\ets\\model\\Workbench.ets","sha256":"6cef4c4c9cde5fefe44fc65619cf7caf8c4965b129a553d45d8afe701b2e6547","bytes":2418}]}
✔ actual fresh reopen installs latest full source, empty LF and a real writer without borrowing old root or task labels (530.9251ms)
✔ actual migrated legacy classification opens current_v2 with no raw LF reconstruction (343.4428ms)
✔ actual fresh read rejects missing or unknown content kind, regardless of task ids or editor markers (1080.2835ms)
✔ fresh card or draft list Unknown does not install, dispose or dispatch a write (533.6888ms)
✔ late fresh read cannot overwrite a newly owned real editor or complete raw selection (281.2216ms)
✔ fresh read cutoff refuses dirty, background and replaced opening identity independently (626.4567ms)
✔ actual fresh open guards existing input, native pending and retirement before any read (1239.3883ms)
✔ actual metadata eligibility is restricted to mounted new-card scope, both enabled and callback use the guard (212.9531ms)
✔ actual Index restart reads fixed S2 history and advanced current child, installs the same real paused writer without any active parent (279.5775ms)
✔ actual closed handoff restart uses retired parent history, keeps original close readonly and does not revive its Save (189.5096ms)
✔ actual Unknown current read is explicitly retried through the identical queue wire and never first-sends raw or business (166.3419ms)
✔ actual Unknown fixed parent history uses original operation/generation before current child and preserves own Session facts (171.8237ms)
✔ actual late complete editor input during current recovery response cannot be overwritten or disposed (165.6477ms)
✔ actual foreign or inactive current child response cannot create a grant or fake writer from first ACK (642.9508ms)
✔ actual recovery preserves full child LF with source conflict after independent metadata or TaskId advances current card (184.8461ms)
✔ actual current card native DTOs after metadata and TaskId reopen feed current_v2 strict Save with exact full source and no continuation root (338.3286ms)
✔ actual fresh source accepts real AssetView names and rejects incomplete card DTOs before opening (934.3468ms)
✔ actual fresh and recovery reads reject active file, paste, raw fork and owned boundary before queue admission (1248.2937ms)
✔ actual intent-list restore then resume with no active parent reads current child and never creates a publication S1 writer (156.0339ms)
✔ actual recovered current child only retires fixed parent after explicit page action and a close rejection preserves current writer (174.4512ms)
✔ actual install refuses a different real prepared Recovery writer instead of granting from matching detached raw values (425.6734ms)
✔ actual install refuses stale detached scope while preserving the same actual unclaimed writer and own known facts (228.203ms)
✔ actual fresh details open detects linked current draft and runs exact recovery before any editor attachment (169.4016ms)
Index.ets SHA256=0c1620875c82c517bea1d8c4a3029dc851452978a323667fed8af91e483696b6; SDK TypeScript=4.9.5
✔ fresh actual Index methods use installed SDK compiler; emit source hash (1.8927ms)
✔ all five fields retain original graphemes and UTF16 range in actual raw journal (404.6132ms)
✔ IME candidate is journaled losslessly in all fields while business admission is blocked (1350.2392ms)
✔ invalid IME offset blocks retention and leaves previous confirmed raw values intact (204.556ms)
✔ older count cannot replace a newer edit or a newer UTF16 selection count (223.8014ms)
✔ complete Save validation revokes edits, selection, category, owner, assets and foreground changes (1846.2684ms)
✔ later input during final raw flush prevents issuing a frozen business command (200.4968ms)
✔ over-limit title keeps every character and confirmed pins without business mutation (182.6405ms)
✔ count worker failure never authorizes business or normalizes original input (155.1679ms)
✔ unknown raw journal preserves exact pending request and confirmed pins, no business issue (215.8198ms)
✔ Unknown complete Save retains registered exact wire and immutable publication with confirmed pins (240.0063ms)
✔ create/edit business send preserves exact source strings and binds confirmed generation (451.2763ms)
✔ task_add validates full raw text and does not consume later text or IME (156.4082ms)
✔ task rename validates its untrimmed original while command retains established trimming (199.0733ms)
✔ same-value rename roundtrip after issue does not consume newer input epoch (177.4599ms)
✔ actual cancel callback invalidates pending validation and later reopen is not consumed (205.0182ms)
✔ unknown rename preserves original request and frozen raw identity through explicit reconciliation (179.6946ms)
✔ confirmed not-committed rename clears only frozen request, preserving user text (217.1426ms)
✔ foreground loss after issued rename revokes successful input consumption (159.7229ms)
✔ late IME rename callback during issued business request retains newer candidate (166.9954ms)
✔ actual ordinary-field construction selections do not change raw or epoch before focus, including during restore (313.4617ms)
✔ actual unfocused initialization cannot clear or overwrite an existing unknown event (175.8233ms)
✔ actual focused invalid ranges remain exact uncaptured events in active and disabled ordinary fields (2783.0754ms)
✔ actual focused valid reverse selection preserves complete composition, UTF16 metadata and confirmed pins (126.0054ms)
✔ actual blur excludes subsequent unfocused ranges without erasing the invalid selection already delivered (137.0347ms)
✔ actual old or revoked leases cannot submit valid, invalid, focus or text events to a replacement editor (269.0298ms)
✔ actual disabled text and preview still retain exact events regardless of focused selection admission (255.8178ms)
✔ actual focused valid retirement selection retains original event and local range without writing a retired raw scope (124.664ms)
Index.ets SHA256=0c1620875c82c517bea1d8c4a3029dc851452978a323667fed8af91e483696b6; SDK TypeScript=4.9.5
✔ actual Index create sends one immutable operation with complete raw todos and confirmed publication (373.3679ms)
✔ new-card todos composition is preserved in confirmed raw but never admitted as create (330.5ms)
✔ complete grapheme overflow or 101 original blank rows stay raw without a partial create (499.1973ms)
✔ complete Save admits exactly 100 original LF rows with full publication and no legacy create transport (259.0021ms)
✔ continued_todos uses own root context and admits 100 rows but preserves 101 blank rows before issuing another intent (558.8103ms)
✔ unready direct-input or row formatting blocks business while exact raw remains retainable (429.0079ms)
✔ issued backend rejection preserves full todos/pins and requires explicit original-request retry (190.1396ms)
✔ Unknown create retains exact wire and explicit retry does not borrow later todos (214.3108ms)
✔ raw journal Unknown reconciles only its original todos; later rows need a fresh confirmed publication (251.699ms)
✔ structured unconfirmed or historical committed error preserves the original create wire (443.7346ms)
✔ late todos text/range/composition/edit-away-back revokes create input consumption (899.4759ms)
✔ a different editor owner with identical raw values cannot be consumed by an old create receipt (251.4708ms)
✔ successful exact create retires its full raw generation without emptying/normalizing it first (249.3005ms)
✔ late input/range/roundtrip or owner change during exact close preserves live input; revoked SDK lease cannot submit (1065.7743ms)
✔ invalid exact-close receipt retains its original fixed close and raw editor (238.227ms)
✔ existing V2 pending task blocks body Save and preserves task identity; separate raw remains retainable (178.2205ms)
✔ legacy create command cannot borrow raw todos or bypass complete Save (172.2377ms)
✔ emit fresh source identity for the actual Index business boundary (1.0836ms)
ℹ tests 92
ℹ suites 0
ℹ pass 92
ℹ fail 0
ℹ cancelled 0
ℹ skipped 0
ℹ todo 0
ℹ duration_ms 17463.7599
