✔ actual Library source exports only independent music DTO/coordination and exact platform import hooks (2.01ms)
ℹ MusicLibrary.ets SHA256=7317b45a6e853ff78bd0fe44d39b3b8957da3dab4ca16e014903aac70095df36
✔ real Store-produced complete Reply DTO parses without fabricated fields or empty success fallback (2.0189ms)
✔ real Native Pending to complete Ready preserves its original FD import literal and source identity (1.9337ms)
✔ real complete lyrics and pure playback proposal use exact native read contracts (1.5758ms)
✔ read paginates all lexical entries including Pending/Retired then orders only actual Ready playlist (5.2643ms)
✔ read Unknown at a later page retains its exact original page and installs no partial empty playlist (2.0116ms)
✔ mismatched cross-page revision, duplicate cursor, missing ready entry and missing DTO fail without empty fallback (3.4748ms)
✔ strict complete DTO rejects foreign source, original wire hash, unknown keys, bounds and fabricated committed read (1.2061ms)
✔ Pending committed receipt is not Ready, inspect never invokes an FD import, and explicit commit is exact once (0.9669ms)
✔ import Unknown retains exact original FD literal; reconcile may qualify retained bytes without rereading a replacement file (0.6695ms)
✔ unretained Unknown import reconciles only to Pending and permits a later explicit same-literal FD attempt (0.6599ms)
✔ restored original local import first inspects actual Native plan and does not automatically resend FD bytes (0.5823ms)
✔ foreign import provenance, literal changes, fake ready stage operation and wrong receipt revision cannot qualify files (1.401ms)
✔ stable identity navigation wraps actual ordered Ready tracks and refuses foreign or retired source tuples (1.1658ms)
✔ select returns the actual newly confirmed revision and deletion/reorder preserve stable remaining selected source (1.6015ms)
✔ fixed mutation Unknown cannot be discarded or replaced; explicit retry preserves original CAS and operation bytes (1.1418ms)
✔ known CAS rejection may be explicitly discarded; late or malformed receipt remains Unknown (0.6584ms)
✔ known no-write does not survive an explicit same-operation retry whose committed reply is lost (0.719ms)
✔ invalid final page is not admitted and the exact same readonly retry can complete the original aggregate (3.2027ms)
✔ lyrics persist complete UTF8, independent full untimed display and footer CAS without a new source import (1.1787ms)
✔ input limits reject full data instead of slicing 513 tracks, over150MiB audio, malformed Unicode or lyrics over49152 bytes (0.6418ms)
✔ pure Native playback request uses string coordinates and returns only a proposal; Unknown retry is the same original literal (0.6143ms)
✔ owner epoch roundtrip/dispose during actual read, import hash or mutation rejects late installation and keeps original intent (5.1543ms)
✔ independent public snapshots cannot modify private track, import proposal or fixed retry bytes (0.6733ms)
✔ final complete Store fixture identity and every original music Reply retain the exact native schema (4.0604ms)
✔ actual Store 16+2 pages preserve 2 Ready, 15 Pending and retained Retired with no partial or playable fallback (2.2624ms)
✔ actual retained Pending is inspected then reconciled to actual Ready without importing replacement bytes (0.7902ms)
✔ actual full current track and Rust seek/next/restore proposals preserve native contracts and cause no platform transport (2.155ms)
ℹ tests 28
ℹ suites 0
ℹ pass 28
ℹ fail 0
ℹ cancelled 0
ℹ skipped 0
ℹ todo 0
ℹ duration_ms 512.5916
