   Compiling morrow-core v0.1.9-test.50 (C:\Users\Administrator\Desktop\CodeXProjext\morrow\hmos\shared\core)
   Compiling morrow-editor-draft-model v0.1.0 (C:\Users\Administrator\Desktop\CodeXProjext\morrow\hmos\rust\editor-draft-model)
   Compiling morrow-hmos v0.1.0 (C:\Users\Administrator\Desktop\CodeXProjext\morrow\hmos\rust)
    Finished `test` profile [unoptimized + debuginfo] target(s) in 10.22s
     Running unittests src\lib.rs (hmos\.build\music-v29-target\debug\deps\morrow_hmos-d268ea5ee103bc68.exe)

running 220 tests
test card_source_tests::actual_store_card_source_fixture ... ignored, explicit actual-Store DTO output path required
test clipboard::tests::actual_flutter_reference_outputs_match_five_complete_fixtures ... ignored, requires a fresh actual Flutter capture in HMOS_CLIPBOARD_FLUTTER_REFERENCE
test clipboard::tests::actual_flutter_source_capacity_matches_six_complete_boundary_identities ... ignored, requires a fresh actual Flutter capture in HMOS_CLIPBOARD_FLUTTER_CAPACITY_REFERENCE
test clipboard::tests::actual_dom_recovers_tags_entities_tables_and_foreign_active_nodes ... ok
test clipboard::tests::data_images_have_complete_metadata_and_exact_hash_bound_fd_extraction ... ok
test clipboard::tests::extract_refuses_changed_source_unknown_id_and_limit_before_writing ... ok
test clipboard::tests::flutter_excel_fixture_uses_namespace_formula_and_sparse_columns ... ok
test clipboard::tests::flutter_merged_html_table_retains_empty_occupied_cell_and_warning ... ok
test clipboard::tests::flutter_rtf_fixture_and_utf16_surrogate_pair_match_shared_converter ... ok
test clipboard::tests::flutter_word_html_fixture_preserves_structure_without_active_content ... ok
test clipboard::tests::format_byte_envelopes_remain_bounded_before_parsing_or_hash_acceptance ... ok
test clipboard::tests::image_overlimit_malformed_mime_or_magic_fail_whole_conversion ... ok
test clipboard::tests::image_percent_encoding_and_blocked_subtrees_do_not_read_external_sources ... ok
test clipboard::tests::interrupted_reads_short_writes_and_failed_writer_preserve_failure_semantics ... ok
test clipboard::tests::non_body_fields_receive_plain_dom_text_without_markdown ... ok
test card_source_tests::native_v2_classification_follows_current_revisions_and_preserves_historical_contract ... ok
test clipboard::tests::rtf_ansi_hex_bytes_are_decoded_by_declared_codepage_without_changing_raw_hash ... ok
test clipboard::tests::bom_transport_envelope_does_not_replace_the_utf16_source_limit ... ok
test clipboard::tests::rtf_invalid_groups_binary_codepage_or_hex_are_explicit_errors ... ok
test clipboard::tests::rtf_raw_ansi_and_font_codepages_are_not_assumed_utf8 ... ok
test clipboard::tests::rtf_unicode_bom_text_and_ansi_hex_runs_use_their_actual_encodings ... ok
test attachment_integration_tests::actual_engine_stream_failures_preserve_business_and_do_not_admit_pending_imports ... ok
test card_source_tests::migrated_legacy_classification_follows_actual_migration_metadata_and_current_body_edits ... ok
test clipboard::tests::structural_output_and_table_budgets_never_silently_crop_content ... ok
test clipboard::tests::text_bom_encoding_is_strict_and_keeps_original_byte_hash ... ok
test clipboard::tests::unsafe_links_and_forged_attachment_aliases_are_inert ... ok
test clipboard::tests::xml_rejects_entities_namespace_confusion_malformed_and_truncated_tables ... ok
test create_todos::tests::actual_dart_vm_complete_normalization_outputs_match ... ignored, requires a fresh actual Dart VM normalization capture
test create_todos::tests::actual_store_process_loss_is_all_or_nothing_and_reconciles_the_same_create ... ignored, requires explicit morrow-core/fault-injection; subprocess loss-of-outcome qualification
test create_todos::tests::business_task_ids_are_deterministic_original_request_ids_not_view_row_ids ... ok
test clipboard::tests::source_sha_utf8_sections_schema_and_actual_read_limits_fail_closed ... ok
test attachment_integration_tests::actual_engine_existing_and_new_asset_journals_publication_history_restart_and_removal ... ok
test create_todos::tests::normalizes_actual_flutter_lf_trim_blank_dedup_without_unicode_normalization ... ok
test card_source_tests::empty_native_and_current_editor_marker_remain_v2_without_new_continuation_authority ... ok
test create_todos::tests::original_grapheme_and_view_row_budgets_precede_blank_and_duplicate_normalization ... ok
test create_todos::tests::creates_all_tasks_in_one_authorized_store_operation_and_exact_receipt_after_reopen ... ok
test create_todos::tests::new_create_binds_original_raw_draft_values_and_replays_history_after_newer_generation ... ok
test clipboard::tests::source_limit_counts_utf16_units_instead_of_utf8_bytes ... ok
test editor_business::tests::actual_store_dto_fixture ... ignored, requires explicit output path; exports real Store receipts for actual ETS cross-layer tests
test editor_business::tests::actual_store_process_loss_is_all_or_nothing_and_retries_the_original_wire ... ignored, requires explicit morrow-core/fault-injection; fourteen real subprocess transaction boundaries
test create_todos::tests::old_empty_create_proposal_keeps_exact_core_payload_and_existing_v2_editor_rejects_todos ... ok
test clipboard::tests::html_and_xml_accept_complete_multibyte_sources_at_the_real_source_limit ... ok
test create_todos::tests::preserves_registered_and_unrelated_unknown_properties_across_edits_and_historical_retry ... ok
test editor_business::tests::continued_projection_keeps_completed_task_raw_and_retired_ids_without_position_rename ... ok
test editor_business::tests::byte_identical_original_json_and_exact_publication_proof_are_required_after_commit ... ok
test editor_business::tests::changed_continuation_baseline_or_root_never_mutates_and_current_is_not_a_rebase ... ok
test editor_business::tests::current_v2_tests::current_v2_actual_store_process_loss_preserves_tasks_and_fixed_retry ... ignored, host-only actual subprocess Core faults require morrow-core/fault-injection
test clipboard::tests::rtf_counts_original_control_spellings_before_the_shared_conversion ... ok
test editor_business::tests::continued_todos_full_field_order_membership_and_retirement_are_one_business_transaction ... ok
test editor_business::tests::copied_marker_foreign_task_cannot_become_owned_baseline_or_strict_edit ... ok
test editor_business::tests::complete_final_fit_is_accepted_but_final_overflow_retains_raw_and_changes_no_business ... ok
test editor_business::tests::current_v2_tests::current_v2_edits_actual_revision_after_metadata_and_task_commands_without_lf_replacement ... ok
test editor_business::tests::current_v2_tests::export_current_v2_actual_store_dto_fixture ... ignored, explicit complete current-v2 actual Store DTO export requires HMOS_CURRENT_V2_DTO_FIXTURE
test editor_business::tests::current_v2_tests::current_v2_event_capacity_unknown_keeps_original_wire_and_exact_retry_after_reopen ... ok
test editor_business::tests::current_v2_tests::current_v2_full_source_cas_does_not_rebase_after_issue_or_grant_owned_lf_authority ... ok
test editor_business::tests::current_v2_tests::current_v2_preserves_nested_task_asset_outer_and_unrelated_unknown_bytes ... ok
test editor_business::tests::current_v2_tests::current_v2_strict_schema_metadata_and_publication_refuse_without_task_loss ... ok
test create_todos::tests::same_normalized_tasks_different_complete_raw_retries_are_rejected_including_all_blank ... ok
test editor_business::tests::event_capacity_unknown_reopens_and_retries_same_complete_original_wire ... ok
test editor_business::tests::historical_inspect_and_exact_retry_never_mix_current_advanced_or_retired_raw_values ... ok
test editor_business::tests::legacy_history_is_semantic_only_and_absence_inspection_is_read_only ... ok
test editor_business::tests::publication_full_values_composition_kind_and_outer_shape_are_not_borrowable ... ok
test editor_draft::fork::tests::actual_store_crash_boundaries_preserve_pins_and_exact_original_outcomes ... ignored, explicit fault-injection host subprocess test; not an OHOS or cross-process concurrency claim
test editor_business::tests::registered_marker_collision_and_legacy_edit_inspection_scope_are_explicit ... ok
test editor_business::tests::strict_create_marker_and_full_historical_receipt_are_one_actual_store_commit ... ok
test create_todos::tests::task_and_aggregate_byte_limits_refuse_before_creating_any_card_operation_or_subset ... ok
test editor_business::tests::strict_edit_retains_unknown_task_asset_outer_and_verified_attachment_bytes ... ok
test editor_draft::fork::tests::actual_engine_dispatch_round_trip_fork_then_retire_and_history_after_restart ... ok
test editor_draft::fork::tests::child_can_fork_again_only_after_exact_parent_retirement ... ok
test editor_draft::fork::tests::committed_exact_retries_preserve_effect_and_never_reactivate_inactive_child ... ok
test editor_draft::fork::tests::existing_source_bytes_are_inherited_without_adopting_new_business_revision ... ok
test card_source_tests::unknown_type_version_and_corrupt_origin_fail_closed_without_mutation_or_read_fallback ... ok
test editor_draft::fork::tests::child_counts_as_second_active_slot_and_fields_keep_original_limits ... ok
test editor_draft::fork::tests::fork_requires_exact_aliases_order_and_parent_owned_pins_but_allows_subset ... ok
test editor_draft::fork::tests::grant_expiry_cannot_bypass_fork_or_retirement_authority ... ok
test editor_draft::fork::tests::new_card_complete_late_raw_two_phase_reopen_and_exact_history ... ok
test editor_draft::fork::tests::proof_shape_sha_generation_source_identity_fail_before_child_write ... ok
test editor_draft::fork::tests::parent_mutations_and_second_fork_sealed_while_child_can_keep_raw ... ok
test editor_draft::fork::tests::fork_and_retirement_unknown_event_capacity_keep_original_for_retry ... ok
test editor_draft::fork::tests::protected_lineage_and_ordinary_origin4_are_still_rejected ... ok
test editor_draft::fork::tests::retirement_requires_exact_first_child_link_and_parent_cas ... ok
test editor_draft::fork::tests::strict_json_envelopes_export_complete_proofs_and_canonical_request_sha ... ok
test editor_draft::fork::tests::unpublished_selected_pins_export_bytes_after_parent_retirement_and_child_origin3_save ... ok
test editor_draft::tests::development_workbench_list_and_snapshot_query_exclude_valid_private_journals ... ok
test editor_draft::tests::discard_is_exact_idempotent_inactive_and_old_save_history_remains_read_only ... ok
test editor_draft::fork::tests::unresolved_pending_or_ready_import_blocks_fork_without_freezing_parent ... ok
test editor_draft::tests::discard_releases_main_pins_and_all_pending_and_unselected_ready_import_owners ... ok
test editor_draft::tests::draft_bridge_keeps_original_asset_selection_and_u64_metadata_without_accepting_client_pins ... ok
test editor_draft::tests::durable_selected_import_is_pinned_consumed_once_and_text_autosave_does_not_reopen_import ... ok
test editor_draft::tests::exact_discard_history_stays_committed_when_current_journal_readback_is_corrupt ... ok
test editor_draft::tests::exact_history_never_rewinds_newer_snapshot_and_modified_retry_is_rejected ... ok
test editor_draft::tests::exact_saved_history_stays_committed_when_current_journal_readback_is_corrupt ... ok
test editor_business::tests::full_grapheme_rows_task_bytes_and_reply_envelope_limits_fail_before_business_mutation ... ok
test editor_draft::tests::foreign_operation_cannot_save_or_discard_another_journal ... ok
test editor_draft::tests::failed_consumed_cleanup_keeps_previous_generation_and_main_effect_not_committed_until_explicit_retry ... ok
test editor_draft::tests::generation_cas_and_baseline_are_fixed_while_original_business_bytes_stay_unchanged ... ok
test editor_draft::tests::import_identity_cannot_cross_drafts_or_select_a_pending_unverified_payload ... ok
test editor_draft::tests::invalid_raw_shape_unowned_import_and_unsupported_capture_are_rejected_without_a_journal ... ok
test editor_draft::tests::new_card_baseline_remains_empty_after_foreign_create_and_existing_target_rejects_first_write ... ok
test editor_draft::tests::noncanonical_or_corrupt_private_record_is_never_skipped_as_absence ... ok
test editor_draft::tests::pinned_publication_allows_same_business_operation_retries_and_core_rejects_changed_payload ... ok
test editor_draft::tests::post_discard_cleanup_failure_preserves_proven_committed_outcome_and_exact_retry_finishes_cleanup ... ok
test editor_draft::tests::publication_requires_current_exact_generation_operation_and_complete_source_cas ... ok
test editor_draft::tests::raw_empty_values_utf16_selection_and_composing_survive_restart_without_business_card ... ok
test editor_draft::tests::source_asset_pins_survive_restart_and_previous_pin_adoption_preserves_exact_bytes ... ok
test editor_draft::tests::sixteen_active_slots_limit_and_discard_frees_only_active_capacity ... ok
test editor_draft::tests::stored_pin_metadata_and_blob_charge_are_not_optional_and_stream_failure_is_not_success ... ok
test editor_draft::tests::transaction_budget_failure_keeps_unknown_original_and_previous_journal_until_exact_retry ... ok
test attachment_integration_tests::actual_engine_private_imports_do_not_count_toward_256_business_cards ... ok
test editor_draft_staging::tests::changed_retry_payload_foreign_operation_and_stale_admission_never_read_source ... ok
test editor_draft_staging::tests::consumed_binding_and_original_ready_identity_reject_tampered_metadata ... ok
test editor_draft_staging::tests::failed_pending_transaction_is_unknown_and_exact_original_can_retry_after_restart ... ok
test editor_draft_staging::tests::inactive_discard_reports_committed_when_missing_ready_owner_blocks_cleanup_until_repaired ... ok
test editor_draft_staging::tests::inactive_main_cleans_every_unselected_pending_and_ready_import ... ok
test editor_draft_staging::tests::journal_filtering_is_private_fail_closed_and_schema_is_canonical ... ok
test editor_draft_staging::tests::pending_restart_ready_and_exact_retry_use_verified_durable_bytes ... ok
test editor_draft_staging::tests::ready_then_abandon_prune_restart_preserves_terminal_receipts_without_reacquiring_owner ... ok
test editor_draft_staging::tests::original_pending_and_abandon_receipts_stay_committed_when_current_readback_is_corrupt ... ok
test editor_draft_staging::tests::invalid_streams_roll_back_bytes_but_preserve_committed_pending_intent ... ok
test editor_draft_staging::tests::pending_per_draft_and_byte_budgets_reject_before_reading ... ok
test editor_field::tests::actual_flutter_characters_corpus_and_complete_field_boundaries_match ... ignored, requires fresh actual Flutter Characters reference in HMOS_EDITOR_FIELD_FLUTTER_REFERENCE
test editor_field::tests::async_ffi_contract_is_pure_and_always_owns_a_freeable_reply ... ok
test editor_field::tests::complete_raw_field_counts_are_independent_of_utf16_offsets ... ok
test editor_field::tests::escaped_unpaired_utf16_fails_without_replacement_or_losing_known_field ... ok
test editor_draft_staging::tests::release_and_prune_failures_resume_without_recreating_snapshot_owner ... ok
test editor_draft_staging::tests::retained_bytes_survive_failed_ready_and_finish_after_newer_main_generation_without_source ... ok
test editor_field::tests::pinned_tables_use_the_actual_flutter_characters_unicode_version ... ok
test editor_field::tests::markdown_and_rich_outputs_accept_full_graphemes_above_the_old_utf16_proxy ... ok
test editor_field::tests::schema_and_transport_limits_are_distinct_from_character_count ... ok
test editor_draft_staging::tests::same_content_owners_are_independent_and_unselected_bytes_collect_only_after_last_release ... ok
test editor_handoff::tests::actual_handoff_transaction_crashes_preserve_exact_plan_pins_and_fixed_retry ... ignored, actual subprocess transaction crashes require --features morrow-core/fault-injection
test editor_field::tests::render_and_converter_bytes_remain_independent_of_one_huge_grapheme ... ok
test editor_draft_staging::tests::selected_import_cleanup_keeps_draft_pin_across_text_save_restart_and_discard ... ok
test editor_field::tests::every_field_has_its_real_limit_and_keeps_complete_overflow_counts ... ok
test editor_handoff::tests::changed_first_literal_same_operation_and_ordinary_parent_save_discard_import_are_rejected ... ok
test editor_handoff::tests::export_complete_actual_store_handoff_dto_fixture ... ignored, explicit DTO fixture export requires HMOS_HANDOFF_DTO_FIXTURE
test editor_handoff::tests::combined_active_limit_rejects_before_plan_and_keeps_original_parent_and_intent ... ok
test editor_draft_staging::tests::original_revision_reservation_keeps_final_ready_retire_prune_at_256 ... ok
test editor_handoff::tests::competing_saved_exact_and_handoff_plans_cas_one_intent_and_freeze_the_same_parent ... ok
test editor_handoff::tests::exact_s1_business_s2_raw_source0_child_retirement_close_and_reopen_are_distinct_durable_writes ... ok
test editor_handoff::tests::reopen_history_tests::export_actual_store_reopen_history_dto_fixture ... ignored, explicit complete v26 Store DTO export requires HMOS_REOPEN_HISTORY_DTO_FIXTURE
test editor_handoff::tests::historical_business_result_not_current_card_is_the_only_child_source ... ok
test editor_handoff::tests::full_confirmed_raw_fork_ancestor_requires_exact_retirement_and_other_session_is_not_ancestor ... ok
test editor_handoff::tests::new_source0_draft_can_continue_original_wire_with_true_task_ids_after_handoff ... ok
test editor_handoff::tests::reopen_history_tests::closed_saved_exact_original_inspect_can_qualify_fresh_owned_todos_without_new_authority_contract ... ok
test editor_handoff::tests::reopen_history_tests::readonly_history_exact_generation_identity_shape_and_budget_fail_closed ... ok
test editor_handoff::tests::reopen_history_tests::readonly_history_complete_reply_budget_keeps_oversized_raw_and_current_bytes ... ok
test editor_handoff::tests::reopen_history_tests::readonly_history_is_exact_s2_parent_and_actual_current_flags_before_and_after_retirement ... ok
test editor_handoff::tests::reopen_history_tests::readonly_retired_parent_history_retains_pin_metadata_but_grants_no_export ... ok
test editor_input::tests::actual_flutter_complete_windows_edit_values_match ... ignored, requires actual full Flutter editing-value capture in HMOS_EDITOR_INPUT_FLUTTER_REFERENCE
test editor_handoff::tests::strict_absence_malformed_proofs_and_complete_reply_budget_refuse_before_plan ... ok
test editor_input::tests::editable_gate_preserves_complete_overlimit_raw_selection_and_noncommit_ime_updates ... ok
test editor_input::tests::enforced_keeps_complete_old_at_exact_limit_but_accepts_deletion_and_selection_replacement ... ok
test editor_input::tests::input_ffi_returns_a_freeable_read_only_full_reply_and_rejects_invalid_c_input ... ok
test editor_input::tests::receipt_hash_binds_exact_request_bytes_and_echoes_complete_non_normalized_values ... ok
test editor_input::tests::all_fixed_field_limits_accept_retain_and_truncate_without_business_authority ... ok
test editor_input::tests::todo_zero_guard_filter_and_positive_enforcement_have_the_actual_order_and_full_metadata ... ok
test editor_input::tests::truncate_uses_unicode16_prefix_and_actual_utf16_selection_and_composition_rules ... ok
test editor_intent::tests::actual_store_intent_crashes_keep_fixed_request_and_one_cas_effect ... ignored, host-only subprocess crash vectors require --features morrow-core/fault-injection
test editor_intent::tests::actual_store_intent_dto_fixture ... ignored, explicit output path; actual Store DTO fixture, not native transport/device proof
test editor_input::tests::strict_schema_unicode_offsets_and_complete_wire_budgets_never_return_a_partial_success ... ok
test editor_handoff::tests::source0_child_pin_order_aliases_and_late_confirmed_assets_survive_parent_retirement ... ok
test editor_handoff::tests::unresolved_independent_ready_import_blocks_plan_without_releasing_any_owner ... ok
test editor_intent::tests::actual_store_prepare_issue_read_plans_reopen_and_strict_business_are_separate_transactions ... ok
test editor_intent::tests::cancel_and_issue_have_one_actual_cas_winner_and_cancel_tombstone_blocks_every_old_save_route ... ok
test editor_intent::tests::combined_active_count_blocks_intent_first_and_reverse_ordinary_draft_bypass ... ok
test editor_intent::tests::explicit_part_reads_list_bounds_closed_context_and_envelope_budgets_do_not_drop_original_bytes ... ok
test editor_intent::tests::immutable_publication_keeps_complete_s1_and_pins_after_parent_s2_removes_them ... ok
test editor_intent::tests::competing_issue_and_cancel_actual_store_transactions_cas_the_same_exact_generation ... ok
test editor_intent::tests::issued_even_business_absent_cannot_cancel_and_altered_proof_or_literal_cannot_mutate ... ok
test file_stream::tests::bounded_copy_preserves_binary_and_cross_block_hash ... ok
test file_stream::tests::failed_writer_cannot_produce_a_confirmed_metadata_reply ... ok
test file_stream::tests::interrupted_short_reads_and_short_writes_are_complete ... ok
test editor_handoff::tests::saved_exact_compares_complete_textvalue_selection_and_assets_not_just_strings ... ok
test editor_intent::tests::original_core_source_cas_still_rejects_a_changed_source_after_intent_issue ... ok
test historical_retry_tests::authoritative_absence_and_failed_lookup_have_distinct_pre_write_effects ... ok
test historical_retry_tests::committed_create_skips_new_census_and_stays_committed_after_current_draft_corruption ... ok
test historical_retry_tests::committed_edit_and_other_business_retry_keep_proof_on_later_current_read_failure ... ok
test markdown::tests::grapheme_depth_and_node_budgets_fail_instead_of_truncating ... ok
test markdown::tests::headings_inline_styles_soft_breaks_and_code_are_preserved ... ok
test markdown::tests::href_policy_rejects_userinfo_controls_local_and_active_urls ... ok
test markdown::tests::nested_loose_lists_tasks_quotes_and_continuations_keep_order ... ok
test markdown::tests::plain_paste_preserves_raw_text_and_converts_complete_tsv ... ok
test historical_retry_tests::committed_operation_still_checks_complete_core_command_and_never_accepts_changed_payload ... ok
test markdown::tests::reference_links_images_and_html_never_execute_or_read_files ... ok
test markdown::tests::repeated_reference_destinations_have_an_output_budget ... ok
test markdown::tests::table_rows_alignment_and_inline_cells_are_structured ... ok
test markdown::tests::plain_paste_rejects_every_legacy_truncation_or_output_overflow ... ok
test music_bridge::tests::actual_process_crash_reopen_reconcile_uses_original_pending_and_owner ... ignored, explicit morrow-core/fault-injection subprocess matrix
test music_bridge::tests::actual_store_fixture_export ... ignored, explicit actual Store DTO export requires output path
test file_stream::tests::music_cap_is_distinct_and_old_attachment_cap_is_unchanged ... ok
test music_bridge::tests::actual_file_reader_export_short_writer_and_owner_damage_fail_closed ... ok
test music_bridge::tests::music_crash_child ... ignored, subprocess only; parent owns crash setup
test music_bridge::tests::durable_pending_ready_reopen_and_exact_verified_export ... ok
test music_bridge::tests::lyrics_complete_budget_locator_and_playlist_reorder_keep_selected_identity ... ok
test music_bridge::tests::pending_count_and_total_quotas_reject_before_retaining_bytes ... ok
test music_bridge::tests::pure_policy_match_and_library_page_bind_current_snapshot ... ok
test music_bridge::tests::retained_source_reconcile_after_reopen_never_reactivates_retired_track ... ok
test music_bridge::tests::rejected_wrong_hash_short_and_trailing_source_preserve_original_pending ... ok
test music_bridge::tests::unknown_preferences_and_retained_track_fields_survive_real_store_edits ... ok
test query_tests::query_byte_batches_and_single_card_frame_failure_do_not_fall_back_or_write ... ok
test query_tests::query_searches_complete_properties_without_mutation_or_card_projection ... ok
test editor_draft::fork::tests::selected_blob_is_logically_charged_twice_while_parent_and_child_are_active ... ok
test query_tests::query_sections_stage_tasks_favorites_and_deleted_follow_original_v2_semantics ... ok
test query_tests::query_more_than_one_run_filters_and_stably_merges_all_candidates ... ok
test query_tests::query_empty_invalid_and_capacity_rejection_preserve_development_boundary ... ok
test query_tests::query_utf16_sort_and_equal_titles_preserve_reverse_id_protocol_order ... ok
test query_tests::query_uses_original_asset_metadata_with_materialized_assets ... ok
test tests::invalid_edit_does_not_write_and_unknown_is_never_cleared ... ok
test tests::production_path_and_malformed_input_are_rejected ... ok
test tests::delete_undo_window_and_failed_restore_preserve_the_original ... ok
test tests::markdown_and_plain_paste_are_read_only_and_have_complete_json_defaults ... ok
test tests::persistence_cas_exact_retry_and_duplicate_task_names ... ok
test tests::task_edits_keep_identity_validate_order_and_replay_after_reopen ... ok
test editor_draft::fork::tests::inactive_journals_still_count_against_fork_identity_capacity_after_reopen ... ok
test editor_draft::tests::cumulative_identity_limit_survives_discard_and_restart ... ok
test editor_handoff::tests::actual_31mib_parent_plan_child_logical_charge_refuses_before_freezing_or_releasing_pins ... ok
test editor_intent::tests::selected_blob_bytes_are_double_charged_and_ordinary_draft_growth_cannot_bypass_intent_bytes ... ok
test editor_intent::tests::closed_intent_contexts_and_draft_identities_share_the_exact_cumulative_256_ceiling ... ok
test clipboard::tests::rtf_ansi_codepage_and_unicode_bom_sources_have_independent_capacity has been running for over 60 seconds
test clipboard::tests::rtf_ansi_codepage_and_unicode_bom_sources_have_independent_capacity ... ok

test result: ok. 200 passed; 0 failed; 20 ignored; 0 measured; 0 filtered out; finished in 90.49s

     Running unittests src\bin\hmos-attachment-check.rs (hmos\.build\music-v29-target\debug\deps\hmos_attachment_check-a3f9af3be9b32370.exe)

running 3 tests
test scenarios::actual_engine_stream_failures_preserve_business_and_do_not_admit_pending_imports ... ok
test scenarios::actual_engine_existing_and_new_asset_journals_publication_history_restart_and_removal ... ok
test scenarios::actual_engine_private_imports_do_not_count_toward_256_business_cards ... ok

test result: ok. 3 passed; 0 failed; 0 ignored; 0 measured; 0 filtered out; finished in 6.33s

     Running unittests src\bin\hmos-self-check.rs (hmos\.build\music-v29-target\debug\deps\hmos_self_check-f8a2d59b8a982b0d.exe)

running 0 tests

test result: ok. 0 passed; 0 failed; 0 ignored; 0 measured; 0 filtered out; finished in 0.00s

   Doc-tests morrow_hmos

running 0 tests

test result: ok. 0 passed; 0 failed; 0 ignored; 0 measured; 0 filtered out; finished in 0.00s

