✔ actual Library source exports only independent music DTO/coordination and exact platform import hooks (1.5073ms)
ℹ MusicLibrary.ets SHA256=348d7a62922fce9c54c8ec787ff446f1dc6fa250e0f39646223eea55f3aefff3
✔ real Store-produced complete Reply DTO parses without fabricated fields or empty success fallback (2.2018ms)
✔ real Native Pending to complete Ready preserves its original FD import literal and source identity (2.0627ms)
✖ real complete lyrics and pure playback proposal use exact native read contracts (1.974ms)
✔ read paginates all lexical entries including Pending/Retired then orders only actual Ready playlist (5.66ms)
✔ read Unknown at a later page retains its exact original page and installs no partial empty playlist (1.9259ms)
✔ mismatched cross-page revision, duplicate cursor, missing ready entry and missing DTO fail without empty fallback (5.0253ms)
✔ strict complete DTO rejects foreign source, original wire hash, unknown keys, bounds and fabricated committed read (1.3428ms)
✔ Pending committed receipt is not Ready, inspect never invokes an FD import, and explicit commit is exact once (0.989ms)
✔ import Unknown retains exact original FD literal; reconcile may qualify retained bytes without rereading a replacement file (0.7552ms)
✔ unretained Unknown import reconciles only to Pending and permits a later explicit same-literal FD attempt (0.6493ms)
✔ restored original local import first inspects actual Native plan and does not automatically resend FD bytes (0.4574ms)
✔ foreign import provenance, literal changes, fake ready stage operation and wrong receipt revision cannot qualify files (1.1867ms)
✔ stable identity navigation wraps actual ordered Ready tracks and refuses foreign or retired source tuples (1.0653ms)
✔ select returns the actual newly confirmed revision and deletion/reorder preserve stable remaining selected source (1.5457ms)
✔ fixed mutation Unknown cannot be discarded or replaced; explicit retry preserves original CAS and operation bytes (0.9259ms)
✔ known CAS rejection may be explicitly discarded; late or malformed receipt remains Unknown (0.6675ms)
✔ lyrics persist complete UTF8, independent full untimed display and footer CAS without a new source import (1.1078ms)
✔ input limits reject full data instead of slicing 513 tracks, over150MiB audio, malformed Unicode or lyrics over49152 bytes (0.6612ms)
✔ pure Native playback request uses string coordinates and returns only a proposal; Unknown retry is the same original literal (0.6109ms)
✔ owner epoch roundtrip/dispose during actual read, import hash or mutation rejects late installation and keeps original intent (8.667ms)
✔ independent public snapshots cannot modify private track, import proposal or fixed retry bytes (0.6007ms)
ℹ tests 22
ℹ suites 0
ℹ pass 21
ℹ fail 1
ℹ cancelled 0
ℹ skipped 0
ℹ todo 0
ℹ duration_ms 505.9334

✖ failing tests:

test at hmos\tool\music-library-model.test.cjs:36:1
✖ real complete lyrics and pure playback proposal use exact native read contracts (1.974ms)
  AssertionError [ERR_ASSERTION]: Expected values to be strictly equal:
  
  'play' !== 'seek'
  
      at TestContext.<anonymous> (C:\Users\Administrator\Desktop\CodeXProjext\morrow\hmos\tool\music-library-model.test.cjs:45:77)
      at async Test.run (node:internal/test_runner/test:1125:7)
      at async Test.processPendingSubtests (node:internal/test_runner/test:787:7) {
    generatedMessage: true,
    code: 'ERR_ASSERTION',
    actual: 'play',
    expected: 'seek',
    operator: 'strictEqual',
    diff: 'simple'
  }
