- Dumping layout…
- Executing click...
√ click at (790, 907)
- Dumping layout…
- Executing click...
√ click at (839, 250)
- Dumping layout…
- Executing click...
√ click at (301, 738)
- Dumping layout…
- Executing click...
√ click at (196, 903)
- Dumping layout…
- Dumping layout…
[
  {
    type: 'Text',
    text: 'HMOS-dev13-invalid.png',
    bounds: [ 48, 1044, 342, 1101 ],
    children: []
  },
  {
    type: 'Text',
    text: 'HMOS-dev13-中文 图片.png',
    bounds: [ 358, 1044, 652, 1101 ],
    children: []
  }
]
