- Dumping layout…
- Dumping layout…
- Dumping layout…
- Executing swipe...
√ swipe from (1189, 1649) to (1189, 628)
- Dumping layout…
- Dumping layout…
- Executing swipe...
√ swipe from (1189, 1649) to (1189, 628)
- Dumping layout…
- Dumping layout…
- Executing swipe...
√ swipe from (1189, 1649) to (1189, 628)
- Dumping layout…
- Dumping layout…
- Executing swipe...
√ swipe from (1189, 1649) to (1189, 628)
- Dumping layout…
- Dumping layout…
- Executing swipe...
√ swipe from (1189, 1649) to (1189, 628)
- Dumping layout…
- Dumping layout…
- Executing swipe...
√ swipe from (1189, 1649) to (1189, 628)
- Dumping layout…
- Dumping layout…
- Executing swipe...
√ swipe from (1189, 1649) to (1189, 628)
- Dumping layout…
- Dumping layout…
- Executing swipe...
√ swipe from (1189, 1649) to (1189, 628)
- Dumping layout…
- Dumping layout…
- Dumping layout…
- Executing click...
√ click at (1155, 415)
- Dumping layout…
- Executing click...
√ click at (1227, 213)
- Dumping layout…
- Dumping layout…
- Dumping layout…
- Executing click...
√ click at (1101, 428)
- Dumping layout…
- Dumping layout…
- Executing click...
√ click at (1227, 213)
- Dumping layout…
- Dumping layout…
- Dumping layout…
- Executing click...
√ click at (1101, 428)
- Dumping layout…
- Dumping layout…
- Executing click...
√ click at (582, 213)
- Dumping layout…
- Dumping layout…
- Dumping layout…
- Dumping layout…
- Dumping layout…
- Dumping layout…
- Executing click...
√ click at (353, 1858)
- Dumping layout…
PASS duplicate/table references share one verified image; missing and remote placeholders stay explicit; read-only restart creates no journal
