- Dumping layout…
- Dumping layout…
- Executing click...
√ click at (505, 1073)
- Dumping layout…
node:internal/assert/utils:77
    throw err;
    ^

AssertionError [ERR_ASSERTION]: observed completion
    at [eval]:1:231
    at runScriptInThisContext (node:internal/vm:219:10)
    at node:internal/process/execution:451:12
    at [eval]-wrapper:6:24
    at runScriptInContext (node:internal/process/execution:449:60)
    at evalFunction (node:internal/process/execution:283:30)
    at evalTypeScript (node:internal/process/execution:295:3)
    at node:internal/main/eval_string:71:3 {
  generatedMessage: false,
  code: 'ERR_ASSERTION',
  actual: undefined,
  expected: true,
  operator: '==',
  diff: 'simple'
}

Node.js v24.14.1
