- Dumping layout…
node:assert:152
  throw new AssertionError(obj);
  ^

AssertionError [ERR_ASSERTION]: Expected values to be strictly equal:
+ actual - expected

+ undefined
- 'HMOS-inline-20261007-A'

    at pickerOwn (C:\Users\Administrator\Desktop\CodeXProjext\morrow\hmos\tool\inline-device-check.cjs:12:43)
    at Object.<anonymous> (C:\Users\Administrator\Desktop\CodeXProjext\morrow\hmos\tool\inline-device-check.cjs:38:117)
    at Module._compile (node:internal/modules/cjs/loader:1812:14)
    at Object..js (node:internal/modules/cjs/loader:1943:10)
    at Module.load (node:internal/modules/cjs/loader:1533:32)
    at Module._load (node:internal/modules/cjs/loader:1335:12)
    at wrapModuleLoad (node:internal/modules/cjs/loader:255:19)
    at Module.executeUserEntryPoint [as runMain] (node:internal/modules/run_main:154:5)
    at node:internal/main/run_main_module:33:47 {
  generatedMessage: true,
  code: 'ERR_ASSERTION',
  actual: undefined,
  expected: 'HMOS-inline-20261007-A',
  operator: 'strictEqual',
  diff: 'simple'
}

Node.js v24.14.1
