- Dumping layout…
- Dumping layout…
PASS single-selection picker accepted clicked file directly; exact one normal asset confirmed without replay
- Dumping layout…
- Dumping layout…
- Executing click...
√ click at (1087, 1529)
- Dumping layout…
- Executing swipe...
√ swipe from (1122, 1656) to (1122, 1727)
- Dumping layout…
- Executing swipe...
√ swipe from (1122, 1656) to (1122, 1727)
- Dumping layout…
- Executing swipe...
√ swipe from (1122, 1656) to (1122, 1727)
- Dumping layout…
- Executing swipe...
√ swipe from (1122, 1656) to (1122, 1727)
- Dumping layout…
- Executing swipe...
√ swipe from (1122, 1656) to (1122, 1727)
- Dumping layout…
- Executing swipe...
√ swipe from (1122, 1656) to (1122, 1727)
- Dumping layout…
- Executing swipe...
√ swipe from (1122, 1727) to (1122, 1656)
- Dumping layout…
- Dumping layout…
- Dumping layout…
- Dumping layout…
- Executing click...
√ click at (660, 1704)
- Dumping layout…
- Dumping layout…
- Dumping layout…
- Dumping layout…
- Dumping layout…
- Dumping layout…
- Dumping layout…
- Dumping layout…
- Executing click...
√ click at (867, 1722)
- Dumping layout…
- Dumping layout…
- Dumping layout…
- Executing click...
√ click at (660, 1722)
- Dumping layout…
- Dumping layout…
- Dumping layout…
- Executing click...
√ click at (661, 1866)
PASS draft inline image decodes, opens, zooms and resets without business publication
