> hvigor [32mUP-TO-DATE :entry:default@PreBuild...  [39m
> hvigor [32mFinished :entry:default@CreateModuleInfo... after 1 ms [39m
> hvigor [32mUP-TO-DATE :entry:default@GenerateMetadata...  [39m
> hvigor [32mFinished :entry:default@ConfigureCmake... after 9 ms [39m
> hvigor [32mUP-TO-DATE :entry:default@MergeProfile...  [39m
> hvigor [32mUP-TO-DATE :entry:default@CreateBuildProfile...  [39m
> hvigor [32mFinished :entry:default@PreCheckSyscap... after 1 ms [39m
> hvigor [32mFinished :entry:default@GeneratePkgSdkInfo... after 3 ms [39m
> hvigor [32mFinished :entry:default@ProcessIntegratedHsp... after 1 ms [39m
> hvigor [32mFinished :entry:default@BuildNativeWithCmake... after 19 ms [39m
> hvigor [32mUP-TO-DATE :entry:default@MakePackInfo...  [39m
> hvigor [32mFinished :entry:default@SyscapTransform... after 10 ms [39m
> hvigor [32mUP-TO-DATE :entry:default@GeneratePkgContextInfo...  [39m
> hvigor [32mUP-TO-DATE :entry:default@ProcessProfile...  [39m
> hvigor [32mUP-TO-DATE :entry:default@ProcessRouterMap...  [39m
> hvigor [32mUP-TO-DATE :entry:default@ProcessShareConfig...  [39m
> hvigor [32mFinished :entry:default@ProcessStartupConfig... after 4 ms [39m
> hvigor [32mUP-TO-DATE :entry:default@ProcessResource...  [39m
> hvigor [32mUP-TO-DATE :entry:default@GenerateLoaderJson...  [39m
> hvigor [32mUP-TO-DATE :entry:default@CompileResource...  [39m
> hvigor [32mFinished :entry:default@BuildJS... after 3 ms [39m
> hvigor [32mFinished :entry:default@BuildNativeWithNinja... after 73 ms [39m
> hvigor [32mUP-TO-DATE :entry:default@ProcessLibs...  [39m
> hvigor [32mUP-TO-DATE :entry:default@DoNativeStrip...  [39m
> hvigor [32mUP-TO-DATE :entry:default@CacheNativeLibs...  [39m
> hvigor WARN: WARN: ArkTS:WARN File: C:/Users/Administrator/Desktop/CodeXProjext/morrow/hmos/entry/src/main/ets/pages/Index.ets:1700:83
 'Function.bind' is not supported (arkts-no-func-bind)

WARN: ArkTS:WARN: For details about ArkTS syntax errors, see FAQs
WARN: ArkTS:WARN File: C:/Users/Administrator/Desktop/CodeXProjext/morrow/hmos/entry/src/main/ets/model/AttachmentFiles.ets:167:58
 Function may throw exceptions. Special handling is required.

WARN: ArkTS:WARN File: C:/Users/Administrator/Desktop/CodeXProjext/morrow/hmos/entry/src/main/ets/model/AttachmentFiles.ets:168:27
 Function may throw exceptions. Special handling is required.

WARN: ArkTS:WARN File: C:/Users/Administrator/Desktop/CodeXProjext/morrow/hmos/entry/src/main/ets/model/AttachmentFiles.ets:169:15
 Function may throw exceptions. Special handling is required.

WARN: ArkTS:WARN File: C:/Users/Administrator/Desktop/CodeXProjext/morrow/hmos/entry/src/main/ets/model/AttachmentFiles.ets:169:37
 Function may throw exceptions. Special handling is required.

WARN: ArkTS:WARN File: C:/Users/Administrator/Desktop/CodeXProjext/morrow/hmos/entry/src/main/ets/model/AttachmentFiles.ets:211:28
 Function may throw exceptions. Special handling is required.

WARN: ArkTS:WARN File: C:/Users/Administrator/Desktop/CodeXProjext/morrow/hmos/entry/src/main/ets/model/AttachmentFiles.ets:217:31
 Function may throw exceptions. Special handling is required.

WARN: ArkTS:WARN File: C:/Users/Administrator/Desktop/CodeXProjext/morrow/hmos/entry/src/main/ets/model/AttachmentFiles.ets:218:19
 Function may throw exceptions. Special handling is required.

WARN: ArkTS:WARN File: C:/Users/Administrator/Desktop/CodeXProjext/morrow/hmos/entry/src/main/ets/model/AttachmentFiles.ets:218:43
 Function may throw exceptions. Special handling is required.

WARN: ArkTS:WARN File: C:/Users/Administrator/Desktop/CodeXProjext/morrow/hmos/entry/src/main/ets/model/AttachmentFiles.ets:219:33
 Function may throw exceptions. Special handling is required.

WARN: ArkTS:WARN File: C:/Users/Administrator/Desktop/CodeXProjext/morrow/hmos/entry/src/main/ets/model/AttachmentFiles.ets:227:21
 Function may throw exceptions. Special handling is required.

WARN: ArkTS:WARN File: C:/Users/Administrator/Desktop/CodeXProjext/morrow/hmos/entry/src/main/ets/model/AttachmentFiles.ets:227:38
 Function may throw exceptions. Special handling is required.

WARN: ArkTS:WARN File: C:/Users/Administrator/Desktop/CodeXProjext/morrow/hmos/entry/src/main/ets/model/AttachmentFiles.ets:247:23
 Function may throw exceptions. Special handling is required.

WARN: ArkTS:WARN File: C:/Users/Administrator/Desktop/CodeXProjext/morrow/hmos/entry/src/main/ets/model/AttachmentFiles.ets:250:34
 Function may throw exceptions. Special handling is required.

WARN: ArkTS:WARN File: C:/Users/Administrator/Desktop/CodeXProjext/morrow/hmos/entry/src/main/ets/model/AttachmentFiles.ets:256:16
 Function may throw exceptions. Special handling is required.

WARN: ArkTS:WARN File: C:/Users/Administrator/Desktop/CodeXProjext/morrow/hmos/entry/src/main/ets/model/AttachmentFiles.ets:271:17
 Function may throw exceptions. Special handling is required.

WARN: ArkTS:WARN File: C:/Users/Administrator/Desktop/CodeXProjext/morrow/hmos/entry/src/main/ets/model/AttachmentFiles.ets:271:41
 Function may throw exceptions. Special handling is required.

WARN: ArkTS:WARN File: C:/Users/Administrator/Desktop/CodeXProjext/morrow/hmos/entry/src/main/ets/model/AttachmentFiles.ets:272:28
 Function may throw exceptions. Special handling is required.

WARN: ArkTS:WARN File: C:/Users/Administrator/Desktop/CodeXProjext/morrow/hmos/entry/src/main/ets/model/AttachmentFiles.ets:280:26
 Function may throw exceptions. Special handling is required.

WARN: ArkTS:WARN File: C:/Users/Administrator/Desktop/CodeXProjext/morrow/hmos/entry/src/main/ets/model/AttachmentFiles.ets:280:43
 Function may throw exceptions. Special handling is required.

WARN: ArkTS:WARN File: C:/Users/Administrator/Desktop/CodeXProjext/morrow/hmos/entry/src/main/ets/model/AttachmentFiles.ets:290:54
 Function may throw exceptions. Special handling is required.

WARN: ArkTS:WARN File: C:/Users/Administrator/Desktop/CodeXProjext/morrow/hmos/entry/src/main/ets/model/AttachmentFiles.ets:295:19
 Function may throw exceptions. Special handling is required.

WARN: ArkTS:WARN File: C:/Users/Administrator/Desktop/CodeXProjext/morrow/hmos/entry/src/main/ets/model/AttachmentFiles.ets:296:14
 Function may throw exceptions. Special handling is required.

WARN: ArkTS:WARN File: C:/Users/Administrator/Desktop/CodeXProjext/morrow/hmos/entry/src/main/ets/model/AttachmentFiles.ets:346:33
 Function may throw exceptions. Special handling is required.

WARN: ArkTS:WARN File: C:/Users/Administrator/Desktop/CodeXProjext/morrow/hmos/entry/src/main/ets/pages/Index.ets:125:54
 The system capacity of this api 'TextInputController' is not supported on all devices

WARN: ArkTS:WARN File: C:/Users/Administrator/Desktop/CodeXProjext/morrow/hmos/entry/src/main/ets/pages/Index.ets:126:59
 The system capacity of this api 'TextAreaController' is not supported on all devices

WARN: ArkTS:WARN File: C:/Users/Administrator/Desktop/CodeXProjext/morrow/hmos/entry/src/main/ets/pages/Index.ets:127:58
 The system capacity of this api 'TextAreaController' is not supported on all devices

WARN: ArkTS:WARN File: C:/Users/Administrator/Desktop/CodeXProjext/morrow/hmos/entry/src/main/ets/pages/Index.ets:128:58
 The system capacity of this api 'TextAreaController' is not supported on all devices

WARN: ArkTS:WARN File: C:/Users/Administrator/Desktop/CodeXProjext/morrow/hmos/entry/src/main/ets/pages/Index.ets:129:53
 The system capacity of this api 'TextInputController' is not supported on all devices

WARN: ArkTS:WARN File: C:/Users/Administrator/Desktop/CodeXProjext/morrow/hmos/entry/src/main/ets/pages/Index.ets:422:36
 To use this API, you need to apply for the permissions: ohos.permission.READ_PASTEBOARD [since 12]


> hvigor [32mFinished :entry:default@CompileArkTS... after 5 s 667 ms [39m
> hvigor [32mUP-TO-DATE :entry:default@GeneratePkgModuleJson...  [39m
> hvigor [32mFinished :entry:default@ProcessCompiledResources... after 1 ms [39m
> hvigor [32mFinished :entry:default@PackageHap... after 390 ms [39m
> hvigor [32mFinished :entry:default@PackingCheck... after 4 ms [39m
> hvigor WARN: Will skip sign 'hos_hap'. No signingConfigs profile is configured in current project.
             If needed, configure the signingConfigs in C:\Users\Administrator\Desktop\CodeXProjext\morrow\hmos\build-profile.json5.
> hvigor [32mFinished :entry:default@SignHap... after 2 ms [39m
> hvigor [32mFinished :entry:default@CollectDebugSymbol... after 1 ms [39m
> hvigor [32mFinished :entry:assembleHap... after 1 ms [39m
> hvigor [32mBUILD SUCCESSFUL in 9 s 173 ms [39m

33 tasks in total: 17 executed, 16 up-to-date
