C:\Users\Administrator\Desktop\CodeXProjext\morrow\hmos\tool\media-controls-device-check.cjs:130
 }catch(error){active.phase='FAILED_OR_UNKNOWN';active.error=error.message;update();throw error;}finally{active=undefined;}
                                                                                    ^

AssertionError [ERR_ASSERTION]: Expected values to be strictly equal:

true !== false

    at [stdin]:8:72
    at Object.runStage (C:\Users\Administrator\Desktop\CodeXProjext\morrow\hmos\tool\media-controls-device-check.cjs:129:16)
    at [stdin]:4:3
    at runScriptInThisContext (node:internal/vm:219:10)
    at node:internal/process/execution:451:12
    at [stdin]-wrapper:6:24
    at runScriptInContext (node:internal/process/execution:449:60)
    at evalFunction (node:internal/process/execution:283:30)
    at evalTypeScript (node:internal/process/execution:295:3)
    at node:internal/main/eval_stdin:51:5 {
  generatedMessage: true,
  code: 'ERR_ASSERTION',
  actual: true,
  expected: false,
  operator: 'strictEqual',
  diff: 'simple'
}

Node.js v24.14.1
