C:\Users\Administrator\Desktop\CodeXProjext\morrow\hmos\tool\media-controls-device-check.cjs:113
 }catch(error){active.phase='FAILED_OR_UNKNOWN';active.error=error.message;update();throw error;}finally{active=undefined;}
                                                                                    ^

AssertionError [ERR_ASSERTION]: saved pre-preview editor observation
    at modalOwnership (C:\Users\Administrator\Desktop\CodeXProjext\morrow\hmos\tool\media-controls-device-check.cjs:78:77)
    at modal (C:\Users\Administrator\Desktop\CodeXProjext\morrow\hmos\tool\media-controls-device-check.cjs:84:88)
    at C:\Users\Administrator\Desktop\CodeXProjext\morrow\hmos\tool\media-controls-device-check.cjs:140:41
    at runStage (C:\Users\Administrator\Desktop\CodeXProjext\morrow\hmos\tool\media-controls-device-check.cjs:112:16)
    at Object.back (C:\Users\Administrator\Desktop\CodeXProjext\morrow\hmos\tool\media-controls-device-check.cjs:139:47)
    at Object.<anonymous> (C:\Users\Administrator\Desktop\CodeXProjext\morrow\hmos\tool\media-controls-device-check.cjs:187:138)
    at Module._compile (node:internal/modules/cjs/loader:1812:14)
    at Object..js (node:internal/modules/cjs/loader:1943:10)
    at Module.load (node:internal/modules/cjs/loader:1533:32)
    at Module._load (node:internal/modules/cjs/loader:1335:12) {
  generatedMessage: false,
  code: 'ERR_ASSERTION',
  actual: undefined,
  expected: true,
  operator: '==',
  diff: 'simple'
}

Node.js v24.14.1
