C:\Users\Administrator\Desktop\CodeXProjext\morrow\hmos\tool\media-controls-device-check.cjs:128
 }catch(error){active.phase='FAILED_OR_UNKNOWN';active.error=error.message;update();throw error;}finally{active=undefined;}
                                                                                    ^

AssertionError [ERR_ASSERTION]: actual play effect before Home

false !== true

    at C:\Users\Administrator\Desktop\CodeXProjext\morrow\hmos\tool\media-controls-device-check.cjs:181:114
    at runStage (C:\Users\Administrator\Desktop\CodeXProjext\morrow\hmos\tool\media-controls-device-check.cjs:127:16)
    at Object.background (C:\Users\Administrator\Desktop\CodeXProjext\morrow\hmos\tool\media-controls-device-check.cjs:178:59)
    at Object.<anonymous> (C:\Users\Administrator\Desktop\CodeXProjext\morrow\hmos\tool\media-controls-device-check.cjs:213:138)
    at Module._compile (node:internal/modules/cjs/loader:1812:14)
    at Object..js (node:internal/modules/cjs/loader:1943:10)
    at Module.load (node:internal/modules/cjs/loader:1533:32)
    at Module._load (node:internal/modules/cjs/loader:1335:12)
    at wrapModuleLoad (node:internal/modules/cjs/loader:255:19)
    at Module.executeUserEntryPoint [as runMain] (node:internal/modules/run_main:154:5) {
  generatedMessage: false,
  code: 'ERR_ASSERTION',
  actual: false,
  expected: true,
  operator: 'strictEqual',
  diff: 'simple'
}

Node.js v24.14.1
