{
  "label": "seek-gestures-video",
  "phase": "PASS",
  "expectedVersion": "0.1.0-hmos-dev.16",
  "expectedPackageSha": "A971227AC2D39730C2228972B513DBAAB4049E1C9E9AAB49397517BFB0208C7C",
  "packageIdentityProof": "caller expected hash; install bytes verified separately by root",
  "started": "2026-10-07T04:49:41.814Z",
  "actions": [
    {
      "arguments": [
        "shell",
        "bm",
        "dump",
        "-n",
        "dev.morrow.hmos"
      ],
      "phase": "ACKNOWLEDGED",
      "at": "2026-10-07T04:49:41.817Z",
      "reply": "dev.morrow.hmos:\r\n{\r\n    \"appId\": \"dev.morrow.hmos_\",\r\n    \"appIdentifier\": \"\",\r\n    \"appIndex\": 0,\r\n    \"applicationInfo\": {\r\n        \"GWPAsanEnabled\": false,\r\n        \"accessTokenId\": 537001893,\r\n        \"accessTokenIdEx\": 34896740261,\r\n        \"accessible\": false,\r\n        \"allowAppRunWhenDeviceFirstLocked\": false,\r\n        \"allowArkTsLargeHeap\": false,\r\n        \"allowCommonEvent\": [],\r\n        \"allowEnableNotification\": false,\r\n        \"allowListenBundleChangedEvent\": [],\r\n        \"allowMultiProcess\": false,\r\n        \"alternateIcons\": [],\r\n        \"apiCompatibleVersion\": 260000026,\r\n        \"apiReleaseType\": \"Release\",\r\n        \"apiTargetVersion\": 260000026,\r\n        \"appDetailAbilityLibraryPath\": \"\",\r\n        \"appDistributionType\": \"none\",\r\n        \"appEnvironments\": [],\r\n        \"appIndex\": 0,\r\n        \"appPreloadPhase\": 0,\r\n        \"appPrivilegeLevel\": \"normal\",\r\n        \"appProvisionType\": \"debug\",\r\n        \"appQuickFix\": {\r\n            \"bundleName\": \"\",\r\n            \"deployedAppqfInfo\": {\r\n                \"cpuAbi\": \"\",\r\n                \"hqfInfos\": [],\r\n                \"nativeLibraryPath\": \"\",\r\n                \"type\": 0,\r\n                \"versionCode\": 0,\r\n                \"versionName\": \"\"\r\n            },\r\n            \"deployingAppqfInfo\": {\r\n                \"cpuAbi\": \"\",\r\n                \"hqfInfos\": [],\r\n                \"nativeLibraryPath\": \"\",\r\n                \"type\": 0,\r\n                \"versionCode\": 0,\r\n                \"versionName\": \"\"\r\n            },\r\n            \"versionCode\": 0,\r\n            \"versionName\": \"\"\r\n        },\r\n        \"appSignType\": \"none\",\r\n        \"applicationFlags\": 1,\r\n        \"applicationReservedFlag\": 0,\r\n        \"arkNativeFileAbi\": \"\",\r\n        \"arkNativeFilePath\": \"\",\r\n        \"arkTSMode\": \"dynamic\",\r\n        \"asanEnabled\": false,\r\n        \"asanLogPath\": \"\",\r\n        \"assetAccessGroups\": [],\r\n        \"associatedWakeUp\": false,\r\n        \"bundleName\": \"dev.morrow.hmos\",\r\n        \"bundleType\": 0,\r\n        \"cacheDir\": \"\",\r\n        \"cloudFileSyncEnabled\": false,\r\n        \"cloudStructuredDataSyncEnabled\": false,\r\n        \"codePath\": \"/data/app/el1/bundle/public/dev.morrow.hmos\",\r\n        \"compatibleMinorVersion\": 0,\r\n        \"compatiblePatchVersion\": 0,\r\n        \"compileSdkType\": \"HarmonyOS\",\r\n        \"compileSdkVersion\": \"26.0.0.105\",\r\n        \"configuration\": \"\",\r\n        \"cpuAbi\": \"x86_64\",\r\n        \"crowdtestDeadline\": -1,\r\n        \"curAlternateIconModuleName\": \"entry\",\r\n        \"dataBaseDir\": \"/data/app/el2/database/dev.morrow.hmos\",\r\n        \"dataDir\": \"\",\r\n        \"debug\": true,\r\n        \"description\": \"\",\r\n        \"descriptionId\": 0,\r\n        \"descriptionResource\": {\r\n            \"bundleName\": \"dev.morrow.hmos\",\r\n            \"id\": 0,\r\n            \"moduleName\": \"entry\"\r\n        },\r\n        \"deviceId\": \"PHONE-001\",\r\n        \"distributedNotificationEnabled\": true,\r\n        \"enabled\": true,\r\n        \"entityType\": \"unspecified\",\r\n        \"entryDir\": \"\",\r\n        \"entryModuleName\": \"\",\r\n        \"fingerprint\": \"\",\r\n        \"flags\": 0,\r\n        \"formVisibleNotify\": false,\r\n        \"hasPlugin\": false,\r\n        \"hideDesktopIcon\": false,\r\n        \"hnpPackages\": {},\r\n        \"hwasanEnabled\": false,\r\n        \"icon\": \"\",\r\n        \"iconId\": 16777219,\r\n        \"iconPath\": \"$media:layered_image\",\r\n        \"iconResource\": {\r\n            \"bundleName\": \"dev.morrow.hmos\",\r\n            \"id\": 16777219,\r\n            \"moduleName\": \"entry\"\r\n        },\r\n        \"installSource\": \"unknown\",\r\n        \"installedForAllUser\": false,\r\n        \"isCompressNativeLibs\": true,\r\n        \"isForceRotate\": false,\r\n        \"isFreeInstallApp\": false,\r\n        \"isLauncherApp\": false,\r\n        \"isSystemApp\": false,\r\n        \"keepAlive\": false,\r\n        \"label\": \"$string:app_name\",\r\n        \"labelId\": 16777221,\r\n        \"labelResource\": {\r\n            \"bundleName\": \"dev.morrow.hmos\",\r\n            \"id\": 16777221,\r\n            \"moduleName\": \"entry\"\r\n        },\r\n        \"maxChildProcess\": 512,\r\n        \"metaData\": {},\r\n        \"metadata\": {},\r\n        \"minCompatibleVersionCode\": 1000016,\r\n        \"moduleInfos\": [\r\n            {\r\n                \"moduleName\": \"entry\",\r\n                \"moduleSourceDir\": \"\",\r\n                \"preloads\": []\r\n            }\r\n        ],\r\n        \"moduleSourceDirs\": [],\r\n        \"multiAppMode\": {\r\n            \"maxCount\": 0,\r\n            \"multiAppModeType\": 0\r\n        },\r\n        \"multiProjects\": false,\r\n        \"name\": \"dev.morrow.hmos\",\r\n        \"nativeLibraryPath\": \"libs/x86_64\",\r\n        \"needAppDetail\": false,\r\n        \"organization\": \"\",\r\n        \"overlayState\": 0,\r\n        \"permissions\": [],\r\n        \"process\": \"dev.morrow.hmos\",\r\n        \"profileable\": false,\r\n        \"removable\": true,\r\n        \"resourcesApply\": [],\r\n        \"runningResourcesApply\": false,\r\n        \"signatureKey\": \"\",\r\n        \"singleton\": false,\r\n        \"startMode\": 1,\r\n        \"supportedModes\": 0,\r\n        \"targetBundleList\": [],\r\n        \"targetBundleName\": \"\",\r\n        \"targetMinorApiVersion\": 0,\r\n        \"targetPatchApiVersion\": 0,\r\n        \"targetPriority\": 0,\r\n        \"tsanEnabled\": false,\r\n        \"ubsanEnabled\": false,\r\n        \"uid\": 20020063,\r\n        \"userDataClearable\": true,\r\n        \"vendor\": \"Morrow\",\r\n        \"versionCode\": 1000016,\r\n        \"versionName\": \"0.1.0-hmos-dev.16\"\r\n    },\r\n    \"buildVersion\": \"\",\r\n    \"compatibleMinorVersion\": 0,\r\n    \"compatiblePatchVersion\": 0,\r\n    \"compatibleVersion\": 260000026,\r\n    \"cpuAbi\": \"\",\r\n    \"defPermissions\": [],\r\n    \"description\": \"\",\r\n    \"entryInstallationFree\": false,\r\n    \"entryModuleName\": \"entry\",\r\n    \"firstInstallTime\": 1791183795282,\r\n    \"gid\": 20020063,\r\n    \"hapModuleInfos\": [\r\n        {\r\n            \"abilityInfos\": [\r\n                {\r\n                    \"allowSelfRedirect\": true,\r\n                    \"appIndex\": 0,\r\n                    \"applicationName\": \"dev.morrow.hmos\",\r\n                    \"arkTSMode\": \"dynamic\",\r\n                    \"backgroundModes\": 0,\r\n                    \"bundleName\": \"dev.morrow.hmos\",\r\n                    \"codePath\": \"\",\r\n                    \"compileMode\": 1,\r\n                    \"configChanges\": [],\r\n                    \"continuable\": false,\r\n                    \"continueBundleName\": [],\r\n                    \"continueType\": [\r\n                        \"EntryAbility\"\r\n                    ],\r\n                    \"defaultFormHeight\": 0,\r\n                    \"defaultFormWidth\": 0,\r\n                    \"description\": \"$string:EntryAbility_desc\",\r\n                    \"descriptionId\": 16777220,\r\n                    \"deviceCapabilities\": [],\r\n                    \"deviceTypes\": [\r\n                        \"phone\",\r\n                        \"tablet\"\r\n                    ],\r\n                    \"enabled\": true,\r\n                    \"excludeFromDock\": false,\r\n                    \"excludeFromMissions\": false,\r\n                    \"extensionAbilityType\": 255,\r\n                    \"formEnabled\": false,\r\n                    \"formEntity\": 0,\r\n                    \"hapPath\": \"/data/app/el1/bundle/public/dev.morrow.hmos/entry.hap\",\r\n                    \"iconId\": 16777219,\r\n                    \"iconPath\": \"$media:layered_image\",\r\n                    \"isLauncherAbility\": false,\r\n                    \"isModuleJson\": true,\r\n                    \"isNativeAbility\": false,\r\n                    \"isStageBasedModel\": true,\r\n                    \"isolationProcess\": false,\r\n                    \"kind\": \"\",\r\n                    \"label\": \"$string:EntryAbility_label\",\r\n                    \"labelId\": 16777221,\r\n                    \"launchMode\": 0,\r\n                    \"maxWindowHeight\": 0,\r\n                    \"maxWindowRatio\": 0,\r\n                    \"maxWindowWidth\": 0,\r\n                    \"metaData\": {\r\n                        \"customizeData\": []\r\n                    },\r\n                    \"metadata\": [],\r\n                    \"minFormHeight\": 0,\r\n                    \"minFormWidth\": 0,\r\n                    \"minWindowHeight\": 0,\r\n                    \"minWindowRatio\": 0,\r\n                    \"minWindowWidth\": 0,\r\n                    \"moduleName\": \"entry\",\r\n                    \"name\": \"EntryAbility\",\r\n                    \"orientation\": 0,\r\n                    \"orientationId\": 0,\r\n                    \"package\": \"entry\",\r\n                    \"permissions\": [],\r\n                    \"preferMultiWindowOrientation\": \"default\",\r\n                    \"priority\": 0,\r\n                    \"process\": \"\",\r\n                    \"readPermission\": \"\",\r\n                    \"recoverable\": false,\r\n                    \"removeMissionAfterTerminate\": false,\r\n                    \"resourcePath\": \"/data/app/el1/bundle/public/dev.morrow.hmos/entry/resources.index\",\r\n                    \"skills\": [\r\n                        {\r\n                            \"actions\": [\r\n                                \"ohos.want.action.home\"\r\n                            ],\r\n                            \"domainVerify\": false,\r\n                            \"entities\": [\r\n                                \"entity.system.home\"\r\n                            ],\r\n                            \"permissions\": [],\r\n                            \"uris\": []\r\n                        }\r\n                    ],\r\n                    \"srcEntrance\": \"./ets/entryability/EntryAbility.ets\",\r\n                    \"srcLanguage\": \"js\",\r\n                    \"srcPath\": \"\",\r\n                    \"startWindow\": \"\",\r\n                    \"startWindowBackground\": \"$color:start_window_background\",\r\n                    \"startWindowBackgroundId\": 16777223,\r\n                    \"startWindowIcon\": \"$media:startIcon\",\r\n                    \"startWindowIconId\": 16777225,\r\n                    \"startWindowId\": 0,\r\n                    \"startWindowResource\": {\r\n                        \"startWindowAppIconId\": 0,\r\n                        \"startWindowBackgroundColorId\": 0,\r\n                        \"startWindowBackgroundImageFit\": \"Cover\",\r\n                        \"startWindowBackgroundImageId\": 0,\r\n                        \"startWindowBrandingImageId\": 0,\r\n                        \"startWindowIllustrationId\": 0\r\n                    },\r\n                    \"supportExtNames\": [],\r\n                    \"supportMimeTypes\": [],\r\n                    \"supportPipMode\": false,\r\n                    \"supportWindowMode\": [\r\n                        0,\r\n                        1,\r\n                        2\r\n                    ],\r\n                    \"targetAbility\": \"\",\r\n                    \"theme\": \"\",\r\n                    \"type\": 1,\r\n                    \"uid\": -1,\r\n                    \"unclearableMission\": false,\r\n                    \"uri\": \"\",\r\n                    \"visible\": true,\r\n                    \"writePermission\": \"\"\r\n                }\r\n            ],\r\n            \"abilitySrcEntryDelegator\": \"\",\r\n            \"abilityStageSrcEntryDelegator\": \"\",\r\n            \"aotCompileStatus\": 0,\r\n            \"appEnvironments\": [],\r\n            \"appStartup\": \"\",\r\n            \"arkTSMode\": \"dynamic\",\r\n            \"backgroundImg\": \"\",\r\n            \"buildHash\": \"\",\r\n            \"bundleName\": \"dev.morrow.hmos\",\r\n            \"colorMode\": -1,\r\n            \"compileMode\": 1,\r\n            \"compressNativeLibs\": true,\r\n            \"cpuAbi\": \"\",\r\n            \"crossAppSharedConfig\": \"\",\r\n            \"deduplicateHar\": false,\r\n            \"deliveryWithInstall\": true,\r\n            \"dependencies\": [],\r\n            \"description\": \"$string:module_desc\",\r\n            \"descriptionId\": 16777222,\r\n            \"deviceTypes\": [\r\n                \"phone\",\r\n                \"tablet\"\r\n            ],\r\n            \"easyGo\": \"\",\r\n            \"executableBinaryPaths\": [],\r\n            \"extensionInfos\": [\r\n                {\r\n                    \"appIdentifierAllowList\": [],\r\n                    \"appIndex\": 0,\r\n                    \"arkTSMode\": \"dynamic\",\r\n                    \"bundleName\": \"dev.morrow.hmos\",\r\n                    \"compileMode\": 1,\r\n                    \"customProcess\": \"\",\r\n                    \"dataGroupIds\": [],\r\n                    \"description\": \"\",\r\n                    \"descriptionId\": 0,\r\n                    \"enabled\": true,\r\n                    \"extensionProcessMode\": -1,\r\n                    \"extensionTypeName\": \"backup\",\r\n                    \"hapPath\": \"/data/app/el1/bundle/public/dev.morrow.hmos/entry.hap\",\r\n                    \"icon\": \"\",\r\n                    \"iconId\": 0,\r\n                    \"isolationProcess\": false,\r\n                    \"label\": \"\",\r\n                    \"labelId\": 0,\r\n                    \"metadata\": [\r\n                        {\r\n                            \"name\": \"ohos.extension.backup\",\r\n                            \"resource\": \"$profile:backup_config\",\r\n                            \"value\": \"\",\r\n                            \"valueId\": 0\r\n                        }\r\n                    ],\r\n                    \"moduleName\": \"entry\",\r\n                    \"name\": \"EntryBackupAbility\",\r\n                    \"needCreateSandbox\": false,\r\n                    \"permissions\": [],\r\n                    \"priority\": 0,\r\n                    \"process\": \"dev.morrow.hmos:backup\",\r\n                    \"readPermission\": \"\",\r\n                    \"resourcePath\": \"/data/app/el1/bundle/public/dev.morrow.hmos/entry/resources.index\",\r\n                    \"skills\": [],\r\n                    \"skipAbilityStageLifecycle\": false,\r\n                    \"srcEntrance\": \"./ets/entrybackupability/EntryBackupAbility.ets\",\r\n                    \"type\": 9,\r\n                    \"uid\": -1,\r\n                    \"uri\": \"\",\r\n                    \"validDataGroupIds\": [],\r\n                    \"visible\": false,\r\n                    \"writePermission\": \"\"\r\n                }\r\n            ],\r\n            \"fileContextMenu\": \"\",\r\n            \"formExtensionModule\": \"\",\r\n            \"formWidgetModule\": \"\",\r\n            \"hapPath\": \"/data/app/el1/bundle/public/dev.morrow.hmos/entry.hap\",\r\n            \"hasIntent\": false,\r\n            \"hashValue\": \"\",\r\n            \"hqfInfo\": {\r\n                \"cpuAbi\": \"\",\r\n                \"hapSha256\": \"\",\r\n                \"hqfFilePath\": \"\",\r\n                \"moduleName\": \"\",\r\n                \"nativeLibraryPath\": \"\",\r\n                \"type\": 0\r\n            },\r\n            \"iconId\": 16777219,\r\n            \"iconPath\": \"$media:layered_image\",\r\n            \"installationFree\": false,\r\n            \"isLibIsolated\": false,\r\n            \"isModuleJson\": true,\r\n            \"isRemovable\": {},\r\n            \"isRemovableSet\": [],\r\n            \"isStageBasedModel\": true,\r\n            \"isolationMode\": 0,\r\n            \"label\": \"$string:EntryAbility_label\",\r\n            \"labelId\": 16777221,\r\n            \"librarySupportDirectory\": [],\r\n            \"mainAbility\": \"EntryAbility\",\r\n            \"mainElementName\": \"EntryAbility\",\r\n            \"metadata\": [],\r\n            \"moduleArkTSMode\": \"dynamic\",\r\n            \"moduleName\": \"entry\",\r\n            \"moduleSourceDir\": \"\",\r\n            \"moduleType\": 1,\r\n            \"name\": \"entry\",\r\n            \"nativeLibraryFileNames\": [],\r\n            \"nativeLibraryPath\": \"\",\r\n            \"overlayModuleInfos\": [],\r\n            \"package\": \"entry\",\r\n            \"packageName\": \"entry\",\r\n            \"pages\": \"$profile:main_pages\",\r\n            \"preloads\": [],\r\n            \"process\": \"dev.morrow.hmos\",\r\n            \"proxyDatas\": [],\r\n            \"reqCapabilities\": [],\r\n            \"requiredDeviceFeatures\": {},\r\n            \"resizeable\": false,\r\n            \"resourcePath\": \"/data/app/el1/bundle/public/dev.morrow.hmos/entry/resources.index\",\r\n            \"routerArray\": [],\r\n            \"routerMap\": \"\",\r\n            \"shareFiles\": \"\",\r\n            \"srcEntrance\": \"\",\r\n            \"srcPath\": \"\",\r\n            \"supportedModes\": 0,\r\n            \"systemTheme\": \"\",\r\n            \"uiSyntax\": \"hml\",\r\n            \"upgradeFlag\": 0,\r\n            \"versionCode\": 1000016,\r\n            \"virtualMachine\": \"\"\r\n        }\r\n    ],\r\n    \"hapModuleNames\": [\r\n        \"entry\"\r\n    ],\r\n    \"installTime\": 1791183795282,\r\n    \"isDifferentName\": false,\r\n    \"isKeepAlive\": false,\r\n    \"isNativeApp\": false,\r\n    \"isNewVersion\": true,\r\n    \"isPreInstallApp\": false,\r\n    \"jointUserId\": \"\",\r\n    \"label\": \"\",\r\n    \"mainEntry\": \"entry\",\r\n    \"maxSdkVersion\": -1,\r\n    \"minCompatibleVersionCode\": 1000016,\r\n    \"minSdkVersion\": -1,\r\n    \"moduleDirs\": [\r\n        \"/data/app/el1/bundle/public/dev.morrow.hmos/entry\"\r\n    ],\r\n    \"moduleNames\": [\r\n        \"entry\"\r\n    ],\r\n    \"modulePublicDirs\": [\r\n        \"\"\r\n    ],\r\n    \"moduleResPaths\": [\r\n        \"/data/app/el1/bundle/public/dev.morrow.hmos/entry/resources.index\"\r\n    ],\r\n    \"name\": \"dev.morrow.hmos\",\r\n    \"oldAppIds\": [\r\n        \"dev.morrow.hmos_\"\r\n    ],\r\n    \"overlayBundleInfos\": [],\r\n    \"overlayType\": 3,\r\n    \"pluginBundleInfos\": {},\r\n    \"releaseType\": \"Release\",\r\n    \"reqPermissionDetails\": [\r\n        {\r\n            \"moduleName\": \"entry\",\r\n            \"name\": \"ohos.permission.INTERNET\",\r\n            \"reason\": \"\",\r\n            \"reasonId\": 0,\r\n            \"requiredFeature\": \"\",\r\n            \"usedScene\": {\r\n                \"abilities\": [],\r\n                \"when\": \"\"\r\n            }\r\n        }\r\n    ],\r\n    \"reqPermissionStates\": [\r\n        0\r\n    ],\r\n    \"reqPermissions\": [\r\n        \"ohos.permission.INTERNET\"\r\n    ],\r\n    \"routerArray\": [],\r\n    \"sandboxCreatorBundleName\": \"\",\r\n    \"seInfo\": \"\",\r\n    \"singleton\": false,\r\n    \"targetMinorApiVersion\": 0,\r\n    \"targetPatchApiVersion\": 0,\r\n    \"targetVersion\": 260000026,\r\n    \"uid\": 20020063,\r\n    \"updateTime\": 1791347781028,\r\n    \"userInfo\": [\r\n        {\r\n            \"accessTokenId\": 537001893,\r\n            \"accessTokenIdEx\": 34896740261,\r\n            \"bundleName\": \"dev.morrow.hmos\",\r\n            \"bundleUserInfo\": {\r\n                \"disabledAbilities\": [],\r\n                \"enabled\": true,\r\n                \"overlayState\": [],\r\n                \"setEnabledCaller\": \"\",\r\n                \"userId\": 100\r\n            },\r\n            \"canUninstall\": true,\r\n            \"cloneInfos\": {},\r\n            \"curAlternateIconName\": \"\",\r\n            \"curDynamicIconModule\": \"\",\r\n            \"firstInstallTime\": 1791183795282,\r\n            \"gids\": [\r\n                20020063\r\n            ],\r\n            \"installTime\": 1791183795282,\r\n            \"installedPluginSet\": [],\r\n            \"isBundleFirstLaunched\": true,\r\n            \"isRemovable\": true,\r\n            \"sandboxInfos\": {},\r\n            \"uid\": 20020063,\r\n            \"updateTime\": 1791347781028\r\n        }\r\n    ],\r\n    \"vendor\": \"Morrow\",\r\n    \"versionCode\": 1000016,\r\n    \"versionName\": \"0.1.0-hmos-dev.16\"\r\n}\r\n"
    },
    {
      "arguments": [
        "shell",
        "snapshot_display",
        "-t",
        "png",
        "-f",
        "/data/local/tmp/hmos-media-34112-1-seek-gestures-video-before.png"
      ],
      "phase": "ACKNOWLEDGED",
      "at": "2026-10-07T04:49:41.908Z",
      "reply": "fileType: png\r\nprocess: display 0, file type: png, width: 2232, height: 1320\r\n\r\nsuccess: snapshot display 0 , write to /data/local/tmp/hmos-media-34112-1-seek-gestures-video-before.png as png, width: 2232, height: 1320\r\n"
    },
    {
      "arguments": [
        "shell",
        "uitest",
        "dumpLayout",
        "-p",
        "/data/local/tmp/hmos-media-34112-1-seek-gestures-video-before.json"
      ],
      "phase": "ACKNOWLEDGED",
      "at": "2026-10-07T04:49:42.160Z",
      "reply": "DumpLayout saved to:/data/local/tmp/hmos-media-34112-1-seek-gestures-video-before.json\r\n"
    },
    {
      "arguments": [
        "file",
        "recv",
        "/data/local/tmp/hmos-media-34112-1-seek-gestures-video-before.png",
        "C:\\Users\\Administrator\\Desktop\\CodeXProjext\\morrow\\hmos\\reports\\ui-source\\v16\\device-current\\seek-gestures-video-before.png"
      ],
      "phase": "ACKNOWLEDGED",
      "at": "2026-10-07T04:49:42.877Z",
      "reply": "FileTransfer finish, Size:94377, File count = 1, time:8ms rate:11797.13kB/s\r\n"
    },
    {
      "arguments": [
        "file",
        "recv",
        "/data/local/tmp/hmos-media-34112-1-seek-gestures-video-before.json",
        "C:\\Users\\Administrator\\Desktop\\CodeXProjext\\morrow\\hmos\\reports\\ui-source\\v16\\device-current\\seek-gestures-video-before.raw.json"
      ],
      "phase": "ACKNOWLEDGED",
      "at": "2026-10-07T04:49:42.941Z",
      "reply": "FileTransfer finish, Size:71659, File count = 1, time:12ms rate:5971.58kB/s\r\n"
    },
    {
      "arguments": [
        "shell",
        "rm",
        "-f",
        "/data/local/tmp/hmos-media-34112-1-seek-gestures-video-before.png",
        "/data/local/tmp/hmos-media-34112-1-seek-gestures-video-before.json"
      ],
      "phase": "ACKNOWLEDGED",
      "at": "2026-10-07T04:49:43.013Z",
      "reply": ""
    },
    {
      "arguments": [
        "shell",
        "uitest",
        "uiInput",
        "click",
        "1116",
        "627"
      ],
      "phase": "ACKNOWLEDGED",
      "at": "2026-10-07T04:49:43.067Z",
      "reply": "No Error\r\n"
    },
    {
      "arguments": [
        "shell",
        "snapshot_display",
        "-t",
        "png",
        "-f",
        "/data/local/tmp/hmos-media-34112-2-seek-gestures-video-reveal-1.png"
      ],
      "phase": "ACKNOWLEDGED",
      "at": "2026-10-07T04:49:43.820Z",
      "reply": "fileType: png\r\nprocess: display 0, file type: png, width: 2232, height: 1320\r\n\r\nsuccess: snapshot display 0 , write to /data/local/tmp/hmos-media-34112-2-seek-gestures-video-reveal-1.png as png, width: 2232, height: 1320\r\n"
    },
    {
      "arguments": [
        "shell",
        "uitest",
        "dumpLayout",
        "-p",
        "/data/local/tmp/hmos-media-34112-2-seek-gestures-video-reveal-1.json"
      ],
      "phase": "ACKNOWLEDGED",
      "at": "2026-10-07T04:49:44.073Z",
      "reply": "DumpLayout saved to:/data/local/tmp/hmos-media-34112-2-seek-gestures-video-reveal-1.json\r\n"
    },
    {
      "arguments": [
        "file",
        "recv",
        "/data/local/tmp/hmos-media-34112-2-seek-gestures-video-reveal-1.png",
        "C:\\Users\\Administrator\\Desktop\\CodeXProjext\\morrow\\hmos\\reports\\ui-source\\v16\\device-current\\seek-gestures-video-reveal-1.png"
      ],
      "phase": "ACKNOWLEDGED",
      "at": "2026-10-07T04:49:44.766Z",
      "reply": "FileTransfer finish, Size:108147, File count = 1, time:10ms rate:10814.70kB/s\r\n"
    },
    {
      "arguments": [
        "file",
        "recv",
        "/data/local/tmp/hmos-media-34112-2-seek-gestures-video-reveal-1.json",
        "C:\\Users\\Administrator\\Desktop\\CodeXProjext\\morrow\\hmos\\reports\\ui-source\\v16\\device-current\\seek-gestures-video-reveal-1.raw.json"
      ],
      "phase": "ACKNOWLEDGED",
      "at": "2026-10-07T04:49:44.861Z",
      "reply": "FileTransfer finish, Size:71663, File count = 1, time:7ms rate:10237.57kB/s\r\n"
    },
    {
      "arguments": [
        "shell",
        "rm",
        "-f",
        "/data/local/tmp/hmos-media-34112-2-seek-gestures-video-reveal-1.png",
        "/data/local/tmp/hmos-media-34112-2-seek-gestures-video-reveal-1.json"
      ],
      "phase": "ACKNOWLEDGED",
      "at": "2026-10-07T04:49:44.927Z",
      "reply": ""
    },
    {
      "arguments": [
        "shell",
        "uitest",
        "uiInput",
        "click",
        "1116",
        "816"
      ],
      "phase": "ACKNOWLEDGED",
      "at": "2026-10-07T04:49:44.990Z",
      "reply": "No Error\r\n"
    },
    {
      "arguments": [
        "shell",
        "snapshot_display",
        "-t",
        "png",
        "-f",
        "/data/local/tmp/hmos-media-34112-3-seek-gestures-video-midpoint.png"
      ],
      "phase": "ACKNOWLEDGED",
      "at": "2026-10-07T04:49:45.349Z",
      "reply": "fileType: png\r\nprocess: display 0, file type: png, width: 2232, height: 1320\r\n\r\nsuccess: snapshot display 0 , write to /data/local/tmp/hmos-media-34112-3-seek-gestures-video-midpoint.png as png, width: 2232, height: 1320\r\n"
    },
    {
      "arguments": [
        "shell",
        "uitest",
        "dumpLayout",
        "-p",
        "/data/local/tmp/hmos-media-34112-3-seek-gestures-video-midpoint.json"
      ],
      "phase": "ACKNOWLEDGED",
      "at": "2026-10-07T04:49:45.579Z",
      "reply": "DumpLayout saved to:/data/local/tmp/hmos-media-34112-3-seek-gestures-video-midpoint.json\r\n"
    },
    {
      "arguments": [
        "file",
        "recv",
        "/data/local/tmp/hmos-media-34112-3-seek-gestures-video-midpoint.png",
        "C:\\Users\\Administrator\\Desktop\\CodeXProjext\\morrow\\hmos\\reports\\ui-source\\v16\\device-current\\seek-gestures-video-midpoint.png"
      ],
      "phase": "ACKNOWLEDGED",
      "at": "2026-10-07T04:49:46.276Z",
      "reply": "FileTransfer finish, Size:108133, File count = 1, time:12ms rate:9011.08kB/s\r\n"
    },
    {
      "arguments": [
        "file",
        "recv",
        "/data/local/tmp/hmos-media-34112-3-seek-gestures-video-midpoint.json",
        "C:\\Users\\Administrator\\Desktop\\CodeXProjext\\morrow\\hmos\\reports\\ui-source\\v16\\device-current\\seek-gestures-video-midpoint.raw.json"
      ],
      "phase": "ACKNOWLEDGED",
      "at": "2026-10-07T04:49:46.347Z",
      "reply": "FileTransfer finish, Size:71663, File count = 1, time:9ms rate:7962.56kB/s\r\n"
    },
    {
      "arguments": [
        "shell",
        "rm",
        "-f",
        "/data/local/tmp/hmos-media-34112-3-seek-gestures-video-midpoint.png",
        "/data/local/tmp/hmos-media-34112-3-seek-gestures-video-midpoint.json"
      ],
      "phase": "ACKNOWLEDGED",
      "at": "2026-10-07T04:49:46.411Z",
      "reply": ""
    },
    {
      "arguments": [
        "shell",
        "uitest",
        "uiInput",
        "doubleClick",
        "440",
        "627"
      ],
      "phase": "ACKNOWLEDGED",
      "at": "2026-10-07T04:49:46.489Z",
      "reply": "No Error\r\n"
    },
    {
      "arguments": [
        "shell",
        "snapshot_display",
        "-t",
        "png",
        "-f",
        "/data/local/tmp/hmos-media-34112-4-seek-gestures-video-backward-feedback.png"
      ],
      "phase": "ACKNOWLEDGED",
      "at": "2026-10-07T04:49:47.011Z",
      "reply": "fileType: png\r\nprocess: display 0, file type: png, width: 2232, height: 1320\r\n\r\nsuccess: snapshot display 0 , write to /data/local/tmp/hmos-media-34112-4-seek-gestures-video-backward-feedback.png as png, width: 2232, height: 1320\r\n"
    },
    {
      "arguments": [
        "shell",
        "uitest",
        "dumpLayout",
        "-p",
        "/data/local/tmp/hmos-media-34112-4-seek-gestures-video-backward-feedback.json"
      ],
      "phase": "ACKNOWLEDGED",
      "at": "2026-10-07T04:49:47.231Z",
      "reply": "DumpLayout saved to:/data/local/tmp/hmos-media-34112-4-seek-gestures-video-backward-feedback.json\r\n"
    },
    {
      "arguments": [
        "file",
        "recv",
        "/data/local/tmp/hmos-media-34112-4-seek-gestures-video-backward-feedback.png",
        "C:\\Users\\Administrator\\Desktop\\CodeXProjext\\morrow\\hmos\\reports\\ui-source\\v16\\device-current\\seek-gestures-video-backward-feedback.png"
      ],
      "phase": "ACKNOWLEDGED",
      "at": "2026-10-07T04:49:47.945Z",
      "reply": "FileTransfer finish, Size:123677, File count = 1, time:8ms rate:15459.63kB/s\r\n"
    },
    {
      "arguments": [
        "file",
        "recv",
        "/data/local/tmp/hmos-media-34112-4-seek-gestures-video-backward-feedback.json",
        "C:\\Users\\Administrator\\Desktop\\CodeXProjext\\morrow\\hmos\\reports\\ui-source\\v16\\device-current\\seek-gestures-video-backward-feedback.raw.json"
      ],
      "phase": "ACKNOWLEDGED",
      "at": "2026-10-07T04:49:48.010Z",
      "reply": "FileTransfer finish, Size:71657, File count = 1, time:7ms rate:10236.71kB/s\r\n"
    },
    {
      "arguments": [
        "shell",
        "rm",
        "-f",
        "/data/local/tmp/hmos-media-34112-4-seek-gestures-video-backward-feedback.png",
        "/data/local/tmp/hmos-media-34112-4-seek-gestures-video-backward-feedback.json"
      ],
      "phase": "ACKNOWLEDGED",
      "at": "2026-10-07T04:49:48.075Z",
      "reply": ""
    },
    {
      "arguments": [
        "shell",
        "snapshot_display",
        "-t",
        "png",
        "-f",
        "/data/local/tmp/hmos-media-34112-5-seek-gestures-video-backward-result.png"
      ],
      "phase": "ACKNOWLEDGED",
      "at": "2026-10-07T04:49:48.811Z",
      "reply": "fileType: png\r\nprocess: display 0, file type: png, width: 2232, height: 1320\r\n\r\nsuccess: snapshot display 0 , write to /data/local/tmp/hmos-media-34112-5-seek-gestures-video-backward-result.png as png, width: 2232, height: 1320\r\n"
    },
    {
      "arguments": [
        "shell",
        "uitest",
        "dumpLayout",
        "-p",
        "/data/local/tmp/hmos-media-34112-5-seek-gestures-video-backward-result.json"
      ],
      "phase": "ACKNOWLEDGED",
      "at": "2026-10-07T04:49:49.053Z",
      "reply": "DumpLayout saved to:/data/local/tmp/hmos-media-34112-5-seek-gestures-video-backward-result.json\r\n"
    },
    {
      "arguments": [
        "file",
        "recv",
        "/data/local/tmp/hmos-media-34112-5-seek-gestures-video-backward-result.png",
        "C:\\Users\\Administrator\\Desktop\\CodeXProjext\\morrow\\hmos\\reports\\ui-source\\v16\\device-current\\seek-gestures-video-backward-result.png"
      ],
      "phase": "ACKNOWLEDGED",
      "at": "2026-10-07T04:49:49.768Z",
      "reply": "FileTransfer finish, Size:95503, File count = 1, time:10ms rate:9550.30kB/s\r\n"
    },
    {
      "arguments": [
        "file",
        "recv",
        "/data/local/tmp/hmos-media-34112-5-seek-gestures-video-backward-result.json",
        "C:\\Users\\Administrator\\Desktop\\CodeXProjext\\morrow\\hmos\\reports\\ui-source\\v16\\device-current\\seek-gestures-video-backward-result.raw.json"
      ],
      "phase": "ACKNOWLEDGED",
      "at": "2026-10-07T04:49:49.832Z",
      "reply": "FileTransfer finish, Size:71653, File count = 1, time:10ms rate:7165.30kB/s\r\n"
    },
    {
      "arguments": [
        "shell",
        "rm",
        "-f",
        "/data/local/tmp/hmos-media-34112-5-seek-gestures-video-backward-result.png",
        "/data/local/tmp/hmos-media-34112-5-seek-gestures-video-backward-result.json"
      ],
      "phase": "ACKNOWLEDGED",
      "at": "2026-10-07T04:49:49.902Z",
      "reply": ""
    },
    {
      "arguments": [
        "shell",
        "uitest",
        "uiInput",
        "doubleClick",
        "1792",
        "627"
      ],
      "phase": "ACKNOWLEDGED",
      "at": "2026-10-07T04:49:49.963Z",
      "reply": "No Error\r\n"
    },
    {
      "arguments": [
        "shell",
        "snapshot_display",
        "-t",
        "png",
        "-f",
        "/data/local/tmp/hmos-media-34112-6-seek-gestures-video-forward-feedback.png"
      ],
      "phase": "ACKNOWLEDGED",
      "at": "2026-10-07T04:49:50.494Z",
      "reply": "fileType: png\r\nprocess: display 0, file type: png, width: 2232, height: 1320\r\n\r\nsuccess: snapshot display 0 , write to /data/local/tmp/hmos-media-34112-6-seek-gestures-video-forward-feedback.png as png, width: 2232, height: 1320\r\n"
    },
    {
      "arguments": [
        "shell",
        "uitest",
        "dumpLayout",
        "-p",
        "/data/local/tmp/hmos-media-34112-6-seek-gestures-video-forward-feedback.json"
      ],
      "phase": "ACKNOWLEDGED",
      "at": "2026-10-07T04:49:50.721Z",
      "reply": "DumpLayout saved to:/data/local/tmp/hmos-media-34112-6-seek-gestures-video-forward-feedback.json\r\n"
    },
    {
      "arguments": [
        "file",
        "recv",
        "/data/local/tmp/hmos-media-34112-6-seek-gestures-video-forward-feedback.png",
        "C:\\Users\\Administrator\\Desktop\\CodeXProjext\\morrow\\hmos\\reports\\ui-source\\v16\\device-current\\seek-gestures-video-forward-feedback.png"
      ],
      "phase": "ACKNOWLEDGED",
      "at": "2026-10-07T04:49:51.438Z",
      "reply": "FileTransfer finish, Size:111407, File count = 1, time:10ms rate:11140.70kB/s\r\n"
    },
    {
      "arguments": [
        "file",
        "recv",
        "/data/local/tmp/hmos-media-34112-6-seek-gestures-video-forward-feedback.json",
        "C:\\Users\\Administrator\\Desktop\\CodeXProjext\\morrow\\hmos\\reports\\ui-source\\v16\\device-current\\seek-gestures-video-forward-feedback.raw.json"
      ],
      "phase": "ACKNOWLEDGED",
      "at": "2026-10-07T04:49:51.503Z",
      "reply": "FileTransfer finish, Size:71661, File count = 1, time:8ms rate:8957.63kB/s\r\n"
    },
    {
      "arguments": [
        "shell",
        "rm",
        "-f",
        "/data/local/tmp/hmos-media-34112-6-seek-gestures-video-forward-feedback.png",
        "/data/local/tmp/hmos-media-34112-6-seek-gestures-video-forward-feedback.json"
      ],
      "phase": "ACKNOWLEDGED",
      "at": "2026-10-07T04:49:51.567Z",
      "reply": ""
    },
    {
      "arguments": [
        "shell",
        "snapshot_display",
        "-t",
        "png",
        "-f",
        "/data/local/tmp/hmos-media-34112-7-seek-gestures-video-forward-result.png"
      ],
      "phase": "ACKNOWLEDGED",
      "at": "2026-10-07T04:49:52.286Z",
      "reply": "fileType: png\r\nprocess: display 0, file type: png, width: 2232, height: 1320\r\n\r\nsuccess: snapshot display 0 , write to /data/local/tmp/hmos-media-34112-7-seek-gestures-video-forward-result.png as png, width: 2232, height: 1320\r\n"
    },
    {
      "arguments": [
        "shell",
        "uitest",
        "dumpLayout",
        "-p",
        "/data/local/tmp/hmos-media-34112-7-seek-gestures-video-forward-result.json"
      ],
      "phase": "ACKNOWLEDGED",
      "at": "2026-10-07T04:49:52.482Z",
      "reply": "DumpLayout saved to:/data/local/tmp/hmos-media-34112-7-seek-gestures-video-forward-result.json\r\n"
    },
    {
      "arguments": [
        "file",
        "recv",
        "/data/local/tmp/hmos-media-34112-7-seek-gestures-video-forward-result.png",
        "C:\\Users\\Administrator\\Desktop\\CodeXProjext\\morrow\\hmos\\reports\\ui-source\\v16\\device-current\\seek-gestures-video-forward-result.png"
      ],
      "phase": "ACKNOWLEDGED",
      "at": "2026-10-07T04:49:53.203Z",
      "reply": "FileTransfer finish, Size:92258, File count = 1, time:9ms rate:10250.89kB/s\r\n"
    },
    {
      "arguments": [
        "file",
        "recv",
        "/data/local/tmp/hmos-media-34112-7-seek-gestures-video-forward-result.json",
        "C:\\Users\\Administrator\\Desktop\\CodeXProjext\\morrow\\hmos\\reports\\ui-source\\v16\\device-current\\seek-gestures-video-forward-result.raw.json"
      ],
      "phase": "ACKNOWLEDGED",
      "at": "2026-10-07T04:49:53.270Z",
      "reply": "FileTransfer finish, Size:71661, File count = 1, time:11ms rate:6514.64kB/s\r\n"
    },
    {
      "arguments": [
        "shell",
        "rm",
        "-f",
        "/data/local/tmp/hmos-media-34112-7-seek-gestures-video-forward-result.png",
        "/data/local/tmp/hmos-media-34112-7-seek-gestures-video-forward-result.json"
      ],
      "phase": "ACKNOWLEDGED",
      "at": "2026-10-07T04:49:53.336Z",
      "reply": ""
    },
    {
      "arguments": [
        "shell",
        "uitest",
        "uiInput",
        "click",
        "1116",
        "627"
      ],
      "phase": "ACKNOWLEDGED",
      "at": "2026-10-07T04:49:53.396Z",
      "reply": "No Error\r\n"
    },
    {
      "arguments": [
        "shell",
        "snapshot_display",
        "-t",
        "png",
        "-f",
        "/data/local/tmp/hmos-media-34112-8-seek-gestures-video-reveal-7.png"
      ],
      "phase": "ACKNOWLEDGED",
      "at": "2026-10-07T04:49:54.128Z",
      "reply": "fileType: png\r\nprocess: display 0, file type: png, width: 2232, height: 1320\r\n\r\nsuccess: snapshot display 0 , write to /data/local/tmp/hmos-media-34112-8-seek-gestures-video-reveal-7.png as png, width: 2232, height: 1320\r\n"
    },
    {
      "arguments": [
        "shell",
        "uitest",
        "dumpLayout",
        "-p",
        "/data/local/tmp/hmos-media-34112-8-seek-gestures-video-reveal-7.json"
      ],
      "phase": "ACKNOWLEDGED",
      "at": "2026-10-07T04:49:54.354Z",
      "reply": "DumpLayout saved to:/data/local/tmp/hmos-media-34112-8-seek-gestures-video-reveal-7.json\r\n"
    },
    {
      "arguments": [
        "file",
        "recv",
        "/data/local/tmp/hmos-media-34112-8-seek-gestures-video-reveal-7.png",
        "C:\\Users\\Administrator\\Desktop\\CodeXProjext\\morrow\\hmos\\reports\\ui-source\\v16\\device-current\\seek-gestures-video-reveal-7.png"
      ],
      "phase": "ACKNOWLEDGED",
      "at": "2026-10-07T04:49:55.039Z",
      "reply": "FileTransfer finish, Size:105491, File count = 1, time:11ms rate:9590.09kB/s\r\n"
    },
    {
      "arguments": [
        "file",
        "recv",
        "/data/local/tmp/hmos-media-34112-8-seek-gestures-video-reveal-7.json",
        "C:\\Users\\Administrator\\Desktop\\CodeXProjext\\morrow\\hmos\\reports\\ui-source\\v16\\device-current\\seek-gestures-video-reveal-7.raw.json"
      ],
      "phase": "ACKNOWLEDGED",
      "at": "2026-10-07T04:49:55.103Z",
      "reply": "FileTransfer finish, Size:71665, File count = 1, time:11ms rate:6515.00kB/s\r\n"
    },
    {
      "arguments": [
        "shell",
        "rm",
        "-f",
        "/data/local/tmp/hmos-media-34112-8-seek-gestures-video-reveal-7.png",
        "/data/local/tmp/hmos-media-34112-8-seek-gestures-video-reveal-7.json"
      ],
      "phase": "ACKNOWLEDGED",
      "at": "2026-10-07T04:49:55.166Z",
      "reply": ""
    },
    {
      "arguments": [
        "shell",
        "uitest",
        "uiInput",
        "click",
        "1116",
        "816"
      ],
      "phase": "ACKNOWLEDGED",
      "at": "2026-10-07T04:49:55.222Z",
      "reply": "No Error\r\n"
    },
    {
      "arguments": [
        "shell",
        "snapshot_display",
        "-t",
        "png",
        "-f",
        "/data/local/tmp/hmos-media-34112-9-seek-gestures-video-drag-midpoint.png"
      ],
      "phase": "ACKNOWLEDGED",
      "at": "2026-10-07T04:49:55.604Z",
      "reply": "fileType: png\r\nprocess: display 0, file type: png, width: 2232, height: 1320\r\n\r\nsuccess: snapshot display 0 , write to /data/local/tmp/hmos-media-34112-9-seek-gestures-video-drag-midpoint.png as png, width: 2232, height: 1320\r\n"
    },
    {
      "arguments": [
        "shell",
        "uitest",
        "dumpLayout",
        "-p",
        "/data/local/tmp/hmos-media-34112-9-seek-gestures-video-drag-midpoint.json"
      ],
      "phase": "ACKNOWLEDGED",
      "at": "2026-10-07T04:49:55.860Z",
      "reply": "DumpLayout saved to:/data/local/tmp/hmos-media-34112-9-seek-gestures-video-drag-midpoint.json\r\n"
    },
    {
      "arguments": [
        "file",
        "recv",
        "/data/local/tmp/hmos-media-34112-9-seek-gestures-video-drag-midpoint.png",
        "C:\\Users\\Administrator\\Desktop\\CodeXProjext\\morrow\\hmos\\reports\\ui-source\\v16\\device-current\\seek-gestures-video-drag-midpoint.png"
      ],
      "phase": "ACKNOWLEDGED",
      "at": "2026-10-07T04:49:56.563Z",
      "reply": "FileTransfer finish, Size:108275, File count = 1, time:9ms rate:12030.56kB/s\r\n"
    },
    {
      "arguments": [
        "file",
        "recv",
        "/data/local/tmp/hmos-media-34112-9-seek-gestures-video-drag-midpoint.json",
        "C:\\Users\\Administrator\\Desktop\\CodeXProjext\\morrow\\hmos\\reports\\ui-source\\v16\\device-current\\seek-gestures-video-drag-midpoint.raw.json"
      ],
      "phase": "ACKNOWLEDGED",
      "at": "2026-10-07T04:49:56.627Z",
      "reply": "FileTransfer finish, Size:71663, File count = 1, time:9ms rate:7962.56kB/s\r\n"
    },
    {
      "arguments": [
        "shell",
        "rm",
        "-f",
        "/data/local/tmp/hmos-media-34112-9-seek-gestures-video-drag-midpoint.png",
        "/data/local/tmp/hmos-media-34112-9-seek-gestures-video-drag-midpoint.json"
      ],
      "phase": "ACKNOWLEDGED",
      "at": "2026-10-07T04:49:56.693Z",
      "reply": ""
    },
    {
      "arguments": [
        "shell",
        "uitest",
        "uiInput",
        "swipe",
        "812",
        "627",
        "1337",
        "627",
        "1000"
      ],
      "phase": "ACKNOWLEDGED",
      "at": "2026-10-07T04:49:56.759Z",
      "reply": "No Error\r\n"
    },
    {
      "arguments": [
        "shell",
        "snapshot_display",
        "-t",
        "png",
        "-f",
        "/data/local/tmp/hmos-media-34112-10-seek-gestures-video-horizontal-result.png"
      ],
      "phase": "ACKNOWLEDGED",
      "at": "2026-10-07T04:49:57.771Z",
      "reply": "fileType: png\r\nprocess: display 0, file type: png, width: 2232, height: 1320\r\n\r\nsuccess: snapshot display 0 , write to /data/local/tmp/hmos-media-34112-10-seek-gestures-video-horizontal-result.png as png, width: 2232, height: 1320\r\n"
    },
    {
      "arguments": [
        "shell",
        "uitest",
        "dumpLayout",
        "-p",
        "/data/local/tmp/hmos-media-34112-10-seek-gestures-video-horizontal-result.json"
      ],
      "phase": "ACKNOWLEDGED",
      "at": "2026-10-07T04:49:57.970Z",
      "reply": "DumpLayout saved to:/data/local/tmp/hmos-media-34112-10-seek-gestures-video-horizontal-result.json\r\n"
    },
    {
      "arguments": [
        "file",
        "recv",
        "/data/local/tmp/hmos-media-34112-10-seek-gestures-video-horizontal-result.png",
        "C:\\Users\\Administrator\\Desktop\\CodeXProjext\\morrow\\hmos\\reports\\ui-source\\v16\\device-current\\seek-gestures-video-horizontal-result.png"
      ],
      "phase": "ACKNOWLEDGED",
      "at": "2026-10-07T04:49:58.663Z",
      "reply": "FileTransfer finish, Size:105248, File count = 1, time:10ms rate:10524.80kB/s\r\n"
    },
    {
      "arguments": [
        "file",
        "recv",
        "/data/local/tmp/hmos-media-34112-10-seek-gestures-video-horizontal-result.json",
        "C:\\Users\\Administrator\\Desktop\\CodeXProjext\\morrow\\hmos\\reports\\ui-source\\v16\\device-current\\seek-gestures-video-horizontal-result.raw.json"
      ],
      "phase": "ACKNOWLEDGED",
      "at": "2026-10-07T04:49:58.731Z",
      "reply": "FileTransfer finish, Size:71663, File count = 1, time:8ms rate:8957.88kB/s\r\n"
    },
    {
      "arguments": [
        "shell",
        "rm",
        "-f",
        "/data/local/tmp/hmos-media-34112-10-seek-gestures-video-horizontal-result.png",
        "/data/local/tmp/hmos-media-34112-10-seek-gestures-video-horizontal-result.json"
      ],
      "phase": "ACKNOWLEDGED",
      "at": "2026-10-07T04:49:58.793Z",
      "reply": ""
    }
  ],
  "captures": [
    {
      "label": "seek-gestures-video-before",
      "started": 1791348581908,
      "screenshotAt": 1791348582160,
      "layoutAt": 1791348582877,
      "order": "screenshot before raw native dump",
      "visualReview": "REQUIRED; node presence is not rendered visibility",
      "controls": {
        "present": true,
        "opacity": 0,
        "hitTestBehavior": "Default",
        "inputState": "UNKNOWN",
        "inputStateReason": "dump hitTestBehavior does not prove dispatch",
        "renderState": "OPACITY_ZERO"
      },
      "files": {
        "png": "C:\\Users\\Administrator\\Desktop\\CodeXProjext\\morrow\\hmos\\reports\\ui-source\\v16\\device-current\\seek-gestures-video-before.png",
        "json": "C:\\Users\\Administrator\\Desktop\\CodeXProjext\\morrow\\hmos\\reports\\ui-source\\v16\\device-current\\seek-gestures-video-before.json",
        "raw": "C:\\Users\\Administrator\\Desktop\\CodeXProjext\\morrow\\hmos\\reports\\ui-source\\v16\\device-current\\seek-gestures-video-before.raw.json"
      }
    },
    {
      "label": "seek-gestures-video-reveal-1",
      "started": 1791348583820,
      "screenshotAt": 1791348584073,
      "layoutAt": 1791348584766,
      "order": "screenshot before raw native dump",
      "visualReview": "REQUIRED; node presence is not rendered visibility",
      "controls": {
        "present": true,
        "opacity": 1,
        "hitTestBehavior": "Transparent",
        "inputState": "UNKNOWN",
        "inputStateReason": "dump hitTestBehavior does not prove dispatch",
        "renderState": "OPACITY_ONE"
      },
      "files": {
        "png": "C:\\Users\\Administrator\\Desktop\\CodeXProjext\\morrow\\hmos\\reports\\ui-source\\v16\\device-current\\seek-gestures-video-reveal-1.png",
        "json": "C:\\Users\\Administrator\\Desktop\\CodeXProjext\\morrow\\hmos\\reports\\ui-source\\v16\\device-current\\seek-gestures-video-reveal-1.json",
        "raw": "C:\\Users\\Administrator\\Desktop\\CodeXProjext\\morrow\\hmos\\reports\\ui-source\\v16\\device-current\\seek-gestures-video-reveal-1.raw.json"
      }
    },
    {
      "label": "seek-gestures-video-midpoint",
      "started": 1791348585349,
      "screenshotAt": 1791348585579,
      "layoutAt": 1791348586276,
      "order": "screenshot before raw native dump",
      "visualReview": "REQUIRED; node presence is not rendered visibility",
      "controls": {
        "present": true,
        "opacity": 1,
        "hitTestBehavior": "Transparent",
        "inputState": "UNKNOWN",
        "inputStateReason": "dump hitTestBehavior does not prove dispatch",
        "renderState": "OPACITY_ONE"
      },
      "files": {
        "png": "C:\\Users\\Administrator\\Desktop\\CodeXProjext\\morrow\\hmos\\reports\\ui-source\\v16\\device-current\\seek-gestures-video-midpoint.png",
        "json": "C:\\Users\\Administrator\\Desktop\\CodeXProjext\\morrow\\hmos\\reports\\ui-source\\v16\\device-current\\seek-gestures-video-midpoint.json",
        "raw": "C:\\Users\\Administrator\\Desktop\\CodeXProjext\\morrow\\hmos\\reports\\ui-source\\v16\\device-current\\seek-gestures-video-midpoint.raw.json"
      }
    },
    {
      "label": "seek-gestures-video-backward-feedback",
      "started": 1791348587011,
      "screenshotAt": 1791348587231,
      "layoutAt": 1791348587945,
      "order": "screenshot before raw native dump",
      "visualReview": "REQUIRED; node presence is not rendered visibility",
      "controls": {
        "present": true,
        "opacity": 1,
        "hitTestBehavior": "Transparent",
        "inputState": "UNKNOWN",
        "inputStateReason": "dump hitTestBehavior does not prove dispatch",
        "renderState": "OPACITY_ONE"
      },
      "files": {
        "png": "C:\\Users\\Administrator\\Desktop\\CodeXProjext\\morrow\\hmos\\reports\\ui-source\\v16\\device-current\\seek-gestures-video-backward-feedback.png",
        "json": "C:\\Users\\Administrator\\Desktop\\CodeXProjext\\morrow\\hmos\\reports\\ui-source\\v16\\device-current\\seek-gestures-video-backward-feedback.json",
        "raw": "C:\\Users\\Administrator\\Desktop\\CodeXProjext\\morrow\\hmos\\reports\\ui-source\\v16\\device-current\\seek-gestures-video-backward-feedback.raw.json"
      }
    },
    {
      "label": "seek-gestures-video-backward-result",
      "started": 1791348588811,
      "screenshotAt": 1791348589053,
      "layoutAt": 1791348589768,
      "order": "screenshot before raw native dump",
      "visualReview": "REQUIRED; node presence is not rendered visibility",
      "controls": {
        "present": true,
        "opacity": 0,
        "hitTestBehavior": "Default",
        "inputState": "UNKNOWN",
        "inputStateReason": "dump hitTestBehavior does not prove dispatch",
        "renderState": "OPACITY_ZERO"
      },
      "files": {
        "png": "C:\\Users\\Administrator\\Desktop\\CodeXProjext\\morrow\\hmos\\reports\\ui-source\\v16\\device-current\\seek-gestures-video-backward-result.png",
        "json": "C:\\Users\\Administrator\\Desktop\\CodeXProjext\\morrow\\hmos\\reports\\ui-source\\v16\\device-current\\seek-gestures-video-backward-result.json",
        "raw": "C:\\Users\\Administrator\\Desktop\\CodeXProjext\\morrow\\hmos\\reports\\ui-source\\v16\\device-current\\seek-gestures-video-backward-result.raw.json"
      }
    },
    {
      "label": "seek-gestures-video-forward-feedback",
      "started": 1791348590494,
      "screenshotAt": 1791348590721,
      "layoutAt": 1791348591438,
      "order": "screenshot before raw native dump",
      "visualReview": "REQUIRED; node presence is not rendered visibility",
      "controls": {
        "present": true,
        "opacity": 0,
        "hitTestBehavior": "Default",
        "inputState": "UNKNOWN",
        "inputStateReason": "dump hitTestBehavior does not prove dispatch",
        "renderState": "OPACITY_ZERO"
      },
      "files": {
        "png": "C:\\Users\\Administrator\\Desktop\\CodeXProjext\\morrow\\hmos\\reports\\ui-source\\v16\\device-current\\seek-gestures-video-forward-feedback.png",
        "json": "C:\\Users\\Administrator\\Desktop\\CodeXProjext\\morrow\\hmos\\reports\\ui-source\\v16\\device-current\\seek-gestures-video-forward-feedback.json",
        "raw": "C:\\Users\\Administrator\\Desktop\\CodeXProjext\\morrow\\hmos\\reports\\ui-source\\v16\\device-current\\seek-gestures-video-forward-feedback.raw.json"
      }
    },
    {
      "label": "seek-gestures-video-forward-result",
      "started": 1791348592286,
      "screenshotAt": 1791348592482,
      "layoutAt": 1791348593203,
      "order": "screenshot before raw native dump",
      "visualReview": "REQUIRED; node presence is not rendered visibility",
      "controls": {
        "present": true,
        "opacity": 0,
        "hitTestBehavior": "Default",
        "inputState": "UNKNOWN",
        "inputStateReason": "dump hitTestBehavior does not prove dispatch",
        "renderState": "OPACITY_ZERO"
      },
      "files": {
        "png": "C:\\Users\\Administrator\\Desktop\\CodeXProjext\\morrow\\hmos\\reports\\ui-source\\v16\\device-current\\seek-gestures-video-forward-result.png",
        "json": "C:\\Users\\Administrator\\Desktop\\CodeXProjext\\morrow\\hmos\\reports\\ui-source\\v16\\device-current\\seek-gestures-video-forward-result.json",
        "raw": "C:\\Users\\Administrator\\Desktop\\CodeXProjext\\morrow\\hmos\\reports\\ui-source\\v16\\device-current\\seek-gestures-video-forward-result.raw.json"
      }
    },
    {
      "label": "seek-gestures-video-reveal-7",
      "started": 1791348594128,
      "screenshotAt": 1791348594354,
      "layoutAt": 1791348595039,
      "order": "screenshot before raw native dump",
      "visualReview": "REQUIRED; node presence is not rendered visibility",
      "controls": {
        "present": true,
        "opacity": 1,
        "hitTestBehavior": "Transparent",
        "inputState": "UNKNOWN",
        "inputStateReason": "dump hitTestBehavior does not prove dispatch",
        "renderState": "OPACITY_ONE"
      },
      "files": {
        "png": "C:\\Users\\Administrator\\Desktop\\CodeXProjext\\morrow\\hmos\\reports\\ui-source\\v16\\device-current\\seek-gestures-video-reveal-7.png",
        "json": "C:\\Users\\Administrator\\Desktop\\CodeXProjext\\morrow\\hmos\\reports\\ui-source\\v16\\device-current\\seek-gestures-video-reveal-7.json",
        "raw": "C:\\Users\\Administrator\\Desktop\\CodeXProjext\\morrow\\hmos\\reports\\ui-source\\v16\\device-current\\seek-gestures-video-reveal-7.raw.json"
      }
    },
    {
      "label": "seek-gestures-video-drag-midpoint",
      "started": 1791348595604,
      "screenshotAt": 1791348595860,
      "layoutAt": 1791348596563,
      "order": "screenshot before raw native dump",
      "visualReview": "REQUIRED; node presence is not rendered visibility",
      "controls": {
        "present": true,
        "opacity": 1,
        "hitTestBehavior": "Transparent",
        "inputState": "UNKNOWN",
        "inputStateReason": "dump hitTestBehavior does not prove dispatch",
        "renderState": "OPACITY_ONE"
      },
      "files": {
        "png": "C:\\Users\\Administrator\\Desktop\\CodeXProjext\\morrow\\hmos\\reports\\ui-source\\v16\\device-current\\seek-gestures-video-drag-midpoint.png",
        "json": "C:\\Users\\Administrator\\Desktop\\CodeXProjext\\morrow\\hmos\\reports\\ui-source\\v16\\device-current\\seek-gestures-video-drag-midpoint.json",
        "raw": "C:\\Users\\Administrator\\Desktop\\CodeXProjext\\morrow\\hmos\\reports\\ui-source\\v16\\device-current\\seek-gestures-video-drag-midpoint.raw.json"
      }
    },
    {
      "label": "seek-gestures-video-horizontal-result",
      "started": 1791348597771,
      "screenshotAt": 1791348597970,
      "layoutAt": 1791348598663,
      "order": "screenshot before raw native dump",
      "visualReview": "REQUIRED; node presence is not rendered visibility",
      "controls": {
        "present": true,
        "opacity": 1,
        "hitTestBehavior": "Transparent",
        "inputState": "UNKNOWN",
        "inputStateReason": "dump hitTestBehavior does not prove dispatch",
        "renderState": "OPACITY_ONE"
      },
      "files": {
        "png": "C:\\Users\\Administrator\\Desktop\\CodeXProjext\\morrow\\hmos\\reports\\ui-source\\v16\\device-current\\seek-gestures-video-horizontal-result.png",
        "json": "C:\\Users\\Administrator\\Desktop\\CodeXProjext\\morrow\\hmos\\reports\\ui-source\\v16\\device-current\\seek-gestures-video-horizontal-result.json",
        "raw": "C:\\Users\\Administrator\\Desktop\\CodeXProjext\\morrow\\hmos\\reports\\ui-source\\v16\\device-current\\seek-gestures-video-horizontal-result.raw.json"
      }
    }
  ],
  "result": {
    "before": {
      "kind": "video",
      "name": "HMOS-dev14-bars.mp4",
      "assetId": "asset-draft-import-eaa74272b78711cf088e3953cd54830e6f3e583084dbe34eaafd4798b9ee9e77",
      "ownership": {
        "title": "HMOS-media-20261007-A",
        "currentExposedRows": 0,
        "pinEvidence": "PRIOR_CONFIRMED_TWO_PINS; NOT_A_FRESH_PIN_REREAD",
        "priorStage": "preview-video",
        "priorEditorJson": "C:\\Users\\Administrator\\Desktop\\CodeXProjext\\morrow\\hmos\\reports\\ui-source\\v16\\device-current\\preview-video-before.json",
        "currentVisibility": "rows not fully exposed in the current modal viewport"
      },
      "position": 6,
      "duration": 12,
      "toggleLabel": "▷",
      "playing": false,
      "controls": {
        "present": true,
        "opacity": 0,
        "hitTestBehavior": "Default",
        "inputState": "UNKNOWN",
        "inputStateReason": "dump hitTestBehavior does not prove dispatch",
        "renderState": "OPACITY_ZERO"
      },
      "zone": [
        102,
        210,
        2130,
        1044
      ],
      "fullscreenLabel": "退出全屏"
    },
    "middle": {
      "kind": "video",
      "name": "HMOS-dev14-bars.mp4",
      "assetId": "asset-draft-import-eaa74272b78711cf088e3953cd54830e6f3e583084dbe34eaafd4798b9ee9e77",
      "ownership": {
        "title": "HMOS-media-20261007-A",
        "currentExposedRows": 0,
        "pinEvidence": "PRIOR_CONFIRMED_TWO_PINS; NOT_A_FRESH_PIN_REREAD",
        "priorStage": "preview-video",
        "priorEditorJson": "C:\\Users\\Administrator\\Desktop\\CodeXProjext\\morrow\\hmos\\reports\\ui-source\\v16\\device-current\\preview-video-before.json",
        "currentVisibility": "rows not fully exposed in the current modal viewport"
      },
      "position": 6,
      "duration": 12,
      "toggleLabel": "▷",
      "playing": false,
      "controls": {
        "present": true,
        "opacity": 1,
        "hitTestBehavior": "Transparent",
        "inputState": "UNKNOWN",
        "inputStateReason": "dump hitTestBehavior does not prove dispatch",
        "renderState": "OPACITY_ONE"
      },
      "zone": [
        102,
        210,
        2130,
        1044
      ],
      "fullscreenLabel": "退出全屏"
    },
    "backward": {
      "kind": "video",
      "name": "HMOS-dev14-bars.mp4",
      "assetId": "asset-draft-import-eaa74272b78711cf088e3953cd54830e6f3e583084dbe34eaafd4798b9ee9e77",
      "ownership": {
        "title": "HMOS-media-20261007-A",
        "currentExposedRows": 0,
        "pinEvidence": "PRIOR_CONFIRMED_TWO_PINS; NOT_A_FRESH_PIN_REREAD",
        "priorStage": "preview-video",
        "priorEditorJson": "C:\\Users\\Administrator\\Desktop\\CodeXProjext\\morrow\\hmos\\reports\\ui-source\\v16\\device-current\\preview-video-before.json",
        "currentVisibility": "rows not fully exposed in the current modal viewport"
      },
      "position": 0,
      "duration": 12,
      "toggleLabel": "▷",
      "playing": false,
      "controls": {
        "present": true,
        "opacity": 0,
        "hitTestBehavior": "Default",
        "inputState": "UNKNOWN",
        "inputStateReason": "dump hitTestBehavior does not prove dispatch",
        "renderState": "OPACITY_ZERO"
      },
      "zone": [
        102,
        210,
        2130,
        1044
      ],
      "fullscreenLabel": "退出全屏"
    },
    "forward": {
      "kind": "video",
      "name": "HMOS-dev14-bars.mp4",
      "assetId": "asset-draft-import-eaa74272b78711cf088e3953cd54830e6f3e583084dbe34eaafd4798b9ee9e77",
      "ownership": {
        "title": "HMOS-media-20261007-A",
        "currentExposedRows": 0,
        "pinEvidence": "PRIOR_CONFIRMED_TWO_PINS; NOT_A_FRESH_PIN_REREAD",
        "priorStage": "preview-video",
        "priorEditorJson": "C:\\Users\\Administrator\\Desktop\\CodeXProjext\\morrow\\hmos\\reports\\ui-source\\v16\\device-current\\preview-video-before.json",
        "currentVisibility": "rows not fully exposed in the current modal viewport"
      },
      "position": 10,
      "duration": 12,
      "toggleLabel": "▷",
      "playing": false,
      "controls": {
        "present": true,
        "opacity": 0,
        "hitTestBehavior": "Default",
        "inputState": "UNKNOWN",
        "inputStateReason": "dump hitTestBehavior does not prove dispatch",
        "renderState": "OPACITY_ZERO"
      },
      "zone": [
        102,
        210,
        2130,
        1044
      ],
      "fullscreenLabel": "退出全屏"
    },
    "horizontal": {
      "kind": "video",
      "name": "HMOS-dev14-bars.mp4",
      "assetId": "asset-draft-import-eaa74272b78711cf088e3953cd54830e6f3e583084dbe34eaafd4798b9ee9e77",
      "ownership": {
        "title": "HMOS-media-20261007-A",
        "currentExposedRows": 0,
        "pinEvidence": "PRIOR_CONFIRMED_TWO_PINS; NOT_A_FRESH_PIN_REREAD",
        "priorStage": "preview-video",
        "priorEditorJson": "C:\\Users\\Administrator\\Desktop\\CodeXProjext\\morrow\\hmos\\reports\\ui-source\\v16\\device-current\\preview-video-before.json",
        "currentVisibility": "rows not fully exposed in the current modal viewport"
      },
      "position": 8,
      "duration": 12,
      "toggleLabel": "▷",
      "playing": false,
      "controls": {
        "present": true,
        "opacity": 1,
        "hitTestBehavior": "Transparent",
        "inputState": "UNKNOWN",
        "inputStateReason": "dump hitTestBehavior does not prove dispatch",
        "renderState": "OPACITY_ONE"
      },
      "zone": [
        102,
        210,
        2130,
        1044
      ],
      "fullscreenLabel": "退出全屏"
    },
    "density": 3,
    "deltaPixels": 525,
    "feedbackVisibility": "inspect fast PNG; 400ms may expire before raw tree, never infer feedback rendering from node presence"
  },
  "completed": "2026-10-07T04:49:58.858Z"
}
