{
  "label": "back-video-final",
  "phase": "PASS",
  "expectedVersion": "0.1.0-hmos-dev.16",
  "expectedPackageSha": "A971227AC2D39730C2228972B513DBAAB4049E1C9E9AAB49397517BFB0208C7C",
  "packageIdentityProof": "caller expected hash; install bytes verified separately by root",
  "started": "2026-10-07T04:54:06.662Z",
  "actions": [
    {
      "arguments": [
        "shell",
        "bm",
        "dump",
        "-n",
        "dev.morrow.hmos"
      ],
      "phase": "ACKNOWLEDGED",
      "at": "2026-10-07T04:54:06.667Z",
      "reply": "dev.morrow.hmos:\r\n{\r\n    \"appId\": \"dev.morrow.hmos_\",\r\n    \"appIdentifier\": \"\",\r\n    \"appIndex\": 0,\r\n    \"applicationInfo\": {\r\n        \"GWPAsanEnabled\": false,\r\n        \"accessTokenId\": 537001893,\r\n        \"accessTokenIdEx\": 34896740261,\r\n        \"accessible\": false,\r\n        \"allowAppRunWhenDeviceFirstLocked\": false,\r\n        \"allowArkTsLargeHeap\": false,\r\n        \"allowCommonEvent\": [],\r\n        \"allowEnableNotification\": false,\r\n        \"allowListenBundleChangedEvent\": [],\r\n        \"allowMultiProcess\": false,\r\n        \"alternateIcons\": [],\r\n        \"apiCompatibleVersion\": 260000026,\r\n        \"apiReleaseType\": \"Release\",\r\n        \"apiTargetVersion\": 260000026,\r\n        \"appDetailAbilityLibraryPath\": \"\",\r\n        \"appDistributionType\": \"none\",\r\n        \"appEnvironments\": [],\r\n        \"appIndex\": 0,\r\n        \"appPreloadPhase\": 0,\r\n        \"appPrivilegeLevel\": \"normal\",\r\n        \"appProvisionType\": \"debug\",\r\n        \"appQuickFix\": {\r\n            \"bundleName\": \"\",\r\n            \"deployedAppqfInfo\": {\r\n                \"cpuAbi\": \"\",\r\n                \"hqfInfos\": [],\r\n                \"nativeLibraryPath\": \"\",\r\n                \"type\": 0,\r\n                \"versionCode\": 0,\r\n                \"versionName\": \"\"\r\n            },\r\n            \"deployingAppqfInfo\": {\r\n                \"cpuAbi\": \"\",\r\n                \"hqfInfos\": [],\r\n                \"nativeLibraryPath\": \"\",\r\n                \"type\": 0,\r\n                \"versionCode\": 0,\r\n                \"versionName\": \"\"\r\n            },\r\n            \"versionCode\": 0,\r\n            \"versionName\": \"\"\r\n        },\r\n        \"appSignType\": \"none\",\r\n        \"applicationFlags\": 1,\r\n        \"applicationReservedFlag\": 0,\r\n        \"arkNativeFileAbi\": \"\",\r\n        \"arkNativeFilePath\": \"\",\r\n        \"arkTSMode\": \"dynamic\",\r\n        \"asanEnabled\": false,\r\n        \"asanLogPath\": \"\",\r\n        \"assetAccessGroups\": [],\r\n        \"associatedWakeUp\": false,\r\n        \"bundleName\": \"dev.morrow.hmos\",\r\n        \"bundleType\": 0,\r\n        \"cacheDir\": \"\",\r\n        \"cloudFileSyncEnabled\": false,\r\n        \"cloudStructuredDataSyncEnabled\": false,\r\n        \"codePath\": \"/data/app/el1/bundle/public/dev.morrow.hmos\",\r\n        \"compatibleMinorVersion\": 0,\r\n        \"compatiblePatchVersion\": 0,\r\n        \"compileSdkType\": \"HarmonyOS\",\r\n        \"compileSdkVersion\": \"26.0.0.105\",\r\n        \"configuration\": \"\",\r\n        \"cpuAbi\": \"x86_64\",\r\n        \"crowdtestDeadline\": -1,\r\n        \"curAlternateIconModuleName\": \"entry\",\r\n        \"dataBaseDir\": \"/data/app/el2/database/dev.morrow.hmos\",\r\n        \"dataDir\": \"\",\r\n        \"debug\": true,\r\n        \"description\": \"\",\r\n        \"descriptionId\": 0,\r\n        \"descriptionResource\": {\r\n            \"bundleName\": \"dev.morrow.hmos\",\r\n            \"id\": 0,\r\n            \"moduleName\": \"entry\"\r\n        },\r\n        \"deviceId\": \"PHONE-001\",\r\n        \"distributedNotificationEnabled\": true,\r\n        \"enabled\": true,\r\n        \"entityType\": \"unspecified\",\r\n        \"entryDir\": \"\",\r\n        \"entryModuleName\": \"\",\r\n        \"fingerprint\": \"\",\r\n        \"flags\": 0,\r\n        \"formVisibleNotify\": false,\r\n        \"hasPlugin\": false,\r\n        \"hideDesktopIcon\": false,\r\n        \"hnpPackages\": {},\r\n        \"hwasanEnabled\": false,\r\n        \"icon\": \"\",\r\n        \"iconId\": 16777219,\r\n        \"iconPath\": \"$media:layered_image\",\r\n        \"iconResource\": {\r\n            \"bundleName\": \"dev.morrow.hmos\",\r\n            \"id\": 16777219,\r\n            \"moduleName\": \"entry\"\r\n        },\r\n        \"installSource\": \"unknown\",\r\n        \"installedForAllUser\": false,\r\n        \"isCompressNativeLibs\": true,\r\n        \"isForceRotate\": false,\r\n        \"isFreeInstallApp\": false,\r\n        \"isLauncherApp\": false,\r\n        \"isSystemApp\": false,\r\n        \"keepAlive\": false,\r\n        \"label\": \"$string:app_name\",\r\n        \"labelId\": 16777221,\r\n        \"labelResource\": {\r\n            \"bundleName\": \"dev.morrow.hmos\",\r\n            \"id\": 16777221,\r\n            \"moduleName\": \"entry\"\r\n        },\r\n        \"maxChildProcess\": 512,\r\n        \"metaData\": {},\r\n        \"metadata\": {},\r\n        \"minCompatibleVersionCode\": 1000016,\r\n        \"moduleInfos\": [\r\n            {\r\n                \"moduleName\": \"entry\",\r\n                \"moduleSourceDir\": \"\",\r\n                \"preloads\": []\r\n            }\r\n        ],\r\n        \"moduleSourceDirs\": [],\r\n        \"multiAppMode\": {\r\n            \"maxCount\": 0,\r\n            \"multiAppModeType\": 0\r\n        },\r\n        \"multiProjects\": false,\r\n        \"name\": \"dev.morrow.hmos\",\r\n        \"nativeLibraryPath\": \"libs/x86_64\",\r\n        \"needAppDetail\": false,\r\n        \"organization\": \"\",\r\n        \"overlayState\": 0,\r\n        \"permissions\": [],\r\n        \"process\": \"dev.morrow.hmos\",\r\n        \"profileable\": false,\r\n        \"removable\": true,\r\n        \"resourcesApply\": [],\r\n        \"runningResourcesApply\": false,\r\n        \"signatureKey\": \"\",\r\n        \"singleton\": false,\r\n        \"startMode\": 1,\r\n        \"supportedModes\": 0,\r\n        \"targetBundleList\": [],\r\n        \"targetBundleName\": \"\",\r\n        \"targetMinorApiVersion\": 0,\r\n        \"targetPatchApiVersion\": 0,\r\n        \"targetPriority\": 0,\r\n        \"tsanEnabled\": false,\r\n        \"ubsanEnabled\": false,\r\n        \"uid\": 20020063,\r\n        \"userDataClearable\": true,\r\n        \"vendor\": \"Morrow\",\r\n        \"versionCode\": 1000016,\r\n        \"versionName\": \"0.1.0-hmos-dev.16\"\r\n    },\r\n    \"buildVersion\": \"\",\r\n    \"compatibleMinorVersion\": 0,\r\n    \"compatiblePatchVersion\": 0,\r\n    \"compatibleVersion\": 260000026,\r\n    \"cpuAbi\": \"\",\r\n    \"defPermissions\": [],\r\n    \"description\": \"\",\r\n    \"entryInstallationFree\": false,\r\n    \"entryModuleName\": \"entry\",\r\n    \"firstInstallTime\": 1791183795282,\r\n    \"gid\": 20020063,\r\n    \"hapModuleInfos\": [\r\n        {\r\n            \"abilityInfos\": [\r\n                {\r\n                    \"allowSelfRedirect\": true,\r\n                    \"appIndex\": 0,\r\n                    \"applicationName\": \"dev.morrow.hmos\",\r\n                    \"arkTSMode\": \"dynamic\",\r\n                    \"backgroundModes\": 0,\r\n                    \"bundleName\": \"dev.morrow.hmos\",\r\n                    \"codePath\": \"\",\r\n                    \"compileMode\": 1,\r\n                    \"configChanges\": [],\r\n                    \"continuable\": false,\r\n                    \"continueBundleName\": [],\r\n                    \"continueType\": [\r\n                        \"EntryAbility\"\r\n                    ],\r\n                    \"defaultFormHeight\": 0,\r\n                    \"defaultFormWidth\": 0,\r\n                    \"description\": \"$string:EntryAbility_desc\",\r\n                    \"descriptionId\": 16777220,\r\n                    \"deviceCapabilities\": [],\r\n                    \"deviceTypes\": [\r\n                        \"phone\",\r\n                        \"tablet\"\r\n                    ],\r\n                    \"enabled\": true,\r\n                    \"excludeFromDock\": false,\r\n                    \"excludeFromMissions\": false,\r\n                    \"extensionAbilityType\": 255,\r\n                    \"formEnabled\": false,\r\n                    \"formEntity\": 0,\r\n                    \"hapPath\": \"/data/app/el1/bundle/public/dev.morrow.hmos/entry.hap\",\r\n                    \"iconId\": 16777219,\r\n                    \"iconPath\": \"$media:layered_image\",\r\n                    \"isLauncherAbility\": false,\r\n                    \"isModuleJson\": true,\r\n                    \"isNativeAbility\": false,\r\n                    \"isStageBasedModel\": true,\r\n                    \"isolationProcess\": false,\r\n                    \"kind\": \"\",\r\n                    \"label\": \"$string:EntryAbility_label\",\r\n                    \"labelId\": 16777221,\r\n                    \"launchMode\": 0,\r\n                    \"maxWindowHeight\": 0,\r\n                    \"maxWindowRatio\": 0,\r\n                    \"maxWindowWidth\": 0,\r\n                    \"metaData\": {\r\n                        \"customizeData\": []\r\n                    },\r\n                    \"metadata\": [],\r\n                    \"minFormHeight\": 0,\r\n                    \"minFormWidth\": 0,\r\n                    \"minWindowHeight\": 0,\r\n                    \"minWindowRatio\": 0,\r\n                    \"minWindowWidth\": 0,\r\n                    \"moduleName\": \"entry\",\r\n                    \"name\": \"EntryAbility\",\r\n                    \"orientation\": 0,\r\n                    \"orientationId\": 0,\r\n                    \"package\": \"entry\",\r\n                    \"permissions\": [],\r\n                    \"preferMultiWindowOrientation\": \"default\",\r\n                    \"priority\": 0,\r\n                    \"process\": \"\",\r\n                    \"readPermission\": \"\",\r\n                    \"recoverable\": false,\r\n                    \"removeMissionAfterTerminate\": false,\r\n                    \"resourcePath\": \"/data/app/el1/bundle/public/dev.morrow.hmos/entry/resources.index\",\r\n                    \"skills\": [\r\n                        {\r\n                            \"actions\": [\r\n                                \"ohos.want.action.home\"\r\n                            ],\r\n                            \"domainVerify\": false,\r\n                            \"entities\": [\r\n                                \"entity.system.home\"\r\n                            ],\r\n                            \"permissions\": [],\r\n                            \"uris\": []\r\n                        }\r\n                    ],\r\n                    \"srcEntrance\": \"./ets/entryability/EntryAbility.ets\",\r\n                    \"srcLanguage\": \"js\",\r\n                    \"srcPath\": \"\",\r\n                    \"startWindow\": \"\",\r\n                    \"startWindowBackground\": \"$color:start_window_background\",\r\n                    \"startWindowBackgroundId\": 16777223,\r\n                    \"startWindowIcon\": \"$media:startIcon\",\r\n                    \"startWindowIconId\": 16777225,\r\n                    \"startWindowId\": 0,\r\n                    \"startWindowResource\": {\r\n                        \"startWindowAppIconId\": 0,\r\n                        \"startWindowBackgroundColorId\": 0,\r\n                        \"startWindowBackgroundImageFit\": \"Cover\",\r\n                        \"startWindowBackgroundImageId\": 0,\r\n                        \"startWindowBrandingImageId\": 0,\r\n                        \"startWindowIllustrationId\": 0\r\n                    },\r\n                    \"supportExtNames\": [],\r\n                    \"supportMimeTypes\": [],\r\n                    \"supportPipMode\": false,\r\n                    \"supportWindowMode\": [\r\n                        0,\r\n                        1,\r\n                        2\r\n                    ],\r\n                    \"targetAbility\": \"\",\r\n                    \"theme\": \"\",\r\n                    \"type\": 1,\r\n                    \"uid\": -1,\r\n                    \"unclearableMission\": false,\r\n                    \"uri\": \"\",\r\n                    \"visible\": true,\r\n                    \"writePermission\": \"\"\r\n                }\r\n            ],\r\n            \"abilitySrcEntryDelegator\": \"\",\r\n            \"abilityStageSrcEntryDelegator\": \"\",\r\n            \"aotCompileStatus\": 0,\r\n            \"appEnvironments\": [],\r\n            \"appStartup\": \"\",\r\n            \"arkTSMode\": \"dynamic\",\r\n            \"backgroundImg\": \"\",\r\n            \"buildHash\": \"\",\r\n            \"bundleName\": \"dev.morrow.hmos\",\r\n            \"colorMode\": -1,\r\n            \"compileMode\": 1,\r\n            \"compressNativeLibs\": true,\r\n            \"cpuAbi\": \"\",\r\n            \"crossAppSharedConfig\": \"\",\r\n            \"deduplicateHar\": false,\r\n            \"deliveryWithInstall\": true,\r\n            \"dependencies\": [],\r\n            \"description\": \"$string:module_desc\",\r\n            \"descriptionId\": 16777222,\r\n            \"deviceTypes\": [\r\n                \"phone\",\r\n                \"tablet\"\r\n            ],\r\n            \"easyGo\": \"\",\r\n            \"executableBinaryPaths\": [],\r\n            \"extensionInfos\": [\r\n                {\r\n                    \"appIdentifierAllowList\": [],\r\n                    \"appIndex\": 0,\r\n                    \"arkTSMode\": \"dynamic\",\r\n                    \"bundleName\": \"dev.morrow.hmos\",\r\n                    \"compileMode\": 1,\r\n                    \"customProcess\": \"\",\r\n                    \"dataGroupIds\": [],\r\n                    \"description\": \"\",\r\n                    \"descriptionId\": 0,\r\n                    \"enabled\": true,\r\n                    \"extensionProcessMode\": -1,\r\n                    \"extensionTypeName\": \"backup\",\r\n                    \"hapPath\": \"/data/app/el1/bundle/public/dev.morrow.hmos/entry.hap\",\r\n                    \"icon\": \"\",\r\n                    \"iconId\": 0,\r\n                    \"isolationProcess\": false,\r\n                    \"label\": \"\",\r\n                    \"labelId\": 0,\r\n                    \"metadata\": [\r\n                        {\r\n                            \"name\": \"ohos.extension.backup\",\r\n                            \"resource\": \"$profile:backup_config\",\r\n                            \"value\": \"\",\r\n                            \"valueId\": 0\r\n                        }\r\n                    ],\r\n                    \"moduleName\": \"entry\",\r\n                    \"name\": \"EntryBackupAbility\",\r\n                    \"needCreateSandbox\": false,\r\n                    \"permissions\": [],\r\n                    \"priority\": 0,\r\n                    \"process\": \"dev.morrow.hmos:backup\",\r\n                    \"readPermission\": \"\",\r\n                    \"resourcePath\": \"/data/app/el1/bundle/public/dev.morrow.hmos/entry/resources.index\",\r\n                    \"skills\": [],\r\n                    \"skipAbilityStageLifecycle\": false,\r\n                    \"srcEntrance\": \"./ets/entrybackupability/EntryBackupAbility.ets\",\r\n                    \"type\": 9,\r\n                    \"uid\": -1,\r\n                    \"uri\": \"\",\r\n                    \"validDataGroupIds\": [],\r\n                    \"visible\": false,\r\n                    \"writePermission\": \"\"\r\n                }\r\n            ],\r\n            \"fileContextMenu\": \"\",\r\n            \"formExtensionModule\": \"\",\r\n            \"formWidgetModule\": \"\",\r\n            \"hapPath\": \"/data/app/el1/bundle/public/dev.morrow.hmos/entry.hap\",\r\n            \"hasIntent\": false,\r\n            \"hashValue\": \"\",\r\n            \"hqfInfo\": {\r\n                \"cpuAbi\": \"\",\r\n                \"hapSha256\": \"\",\r\n                \"hqfFilePath\": \"\",\r\n                \"moduleName\": \"\",\r\n                \"nativeLibraryPath\": \"\",\r\n                \"type\": 0\r\n            },\r\n            \"iconId\": 16777219,\r\n            \"iconPath\": \"$media:layered_image\",\r\n            \"installationFree\": false,\r\n            \"isLibIsolated\": false,\r\n            \"isModuleJson\": true,\r\n            \"isRemovable\": {},\r\n            \"isRemovableSet\": [],\r\n            \"isStageBasedModel\": true,\r\n            \"isolationMode\": 0,\r\n            \"label\": \"$string:EntryAbility_label\",\r\n            \"labelId\": 16777221,\r\n            \"librarySupportDirectory\": [],\r\n            \"mainAbility\": \"EntryAbility\",\r\n            \"mainElementName\": \"EntryAbility\",\r\n            \"metadata\": [],\r\n            \"moduleArkTSMode\": \"dynamic\",\r\n            \"moduleName\": \"entry\",\r\n            \"moduleSourceDir\": \"\",\r\n            \"moduleType\": 1,\r\n            \"name\": \"entry\",\r\n            \"nativeLibraryFileNames\": [],\r\n            \"nativeLibraryPath\": \"\",\r\n            \"overlayModuleInfos\": [],\r\n            \"package\": \"entry\",\r\n            \"packageName\": \"entry\",\r\n            \"pages\": \"$profile:main_pages\",\r\n            \"preloads\": [],\r\n            \"process\": \"dev.morrow.hmos\",\r\n            \"proxyDatas\": [],\r\n            \"reqCapabilities\": [],\r\n            \"requiredDeviceFeatures\": {},\r\n            \"resizeable\": false,\r\n            \"resourcePath\": \"/data/app/el1/bundle/public/dev.morrow.hmos/entry/resources.index\",\r\n            \"routerArray\": [],\r\n            \"routerMap\": \"\",\r\n            \"shareFiles\": \"\",\r\n            \"srcEntrance\": \"\",\r\n            \"srcPath\": \"\",\r\n            \"supportedModes\": 0,\r\n            \"systemTheme\": \"\",\r\n            \"uiSyntax\": \"hml\",\r\n            \"upgradeFlag\": 0,\r\n            \"versionCode\": 1000016,\r\n            \"virtualMachine\": \"\"\r\n        }\r\n    ],\r\n    \"hapModuleNames\": [\r\n        \"entry\"\r\n    ],\r\n    \"installTime\": 1791183795282,\r\n    \"isDifferentName\": false,\r\n    \"isKeepAlive\": false,\r\n    \"isNativeApp\": false,\r\n    \"isNewVersion\": true,\r\n    \"isPreInstallApp\": false,\r\n    \"jointUserId\": \"\",\r\n    \"label\": \"\",\r\n    \"mainEntry\": \"entry\",\r\n    \"maxSdkVersion\": -1,\r\n    \"minCompatibleVersionCode\": 1000016,\r\n    \"minSdkVersion\": -1,\r\n    \"moduleDirs\": [\r\n        \"/data/app/el1/bundle/public/dev.morrow.hmos/entry\"\r\n    ],\r\n    \"moduleNames\": [\r\n        \"entry\"\r\n    ],\r\n    \"modulePublicDirs\": [\r\n        \"\"\r\n    ],\r\n    \"moduleResPaths\": [\r\n        \"/data/app/el1/bundle/public/dev.morrow.hmos/entry/resources.index\"\r\n    ],\r\n    \"name\": \"dev.morrow.hmos\",\r\n    \"oldAppIds\": [\r\n        \"dev.morrow.hmos_\"\r\n    ],\r\n    \"overlayBundleInfos\": [],\r\n    \"overlayType\": 3,\r\n    \"pluginBundleInfos\": {},\r\n    \"releaseType\": \"Release\",\r\n    \"reqPermissionDetails\": [\r\n        {\r\n            \"moduleName\": \"entry\",\r\n            \"name\": \"ohos.permission.INTERNET\",\r\n            \"reason\": \"\",\r\n            \"reasonId\": 0,\r\n            \"requiredFeature\": \"\",\r\n            \"usedScene\": {\r\n                \"abilities\": [],\r\n                \"when\": \"\"\r\n            }\r\n        }\r\n    ],\r\n    \"reqPermissionStates\": [\r\n        0\r\n    ],\r\n    \"reqPermissions\": [\r\n        \"ohos.permission.INTERNET\"\r\n    ],\r\n    \"routerArray\": [],\r\n    \"sandboxCreatorBundleName\": \"\",\r\n    \"seInfo\": \"\",\r\n    \"singleton\": false,\r\n    \"targetMinorApiVersion\": 0,\r\n    \"targetPatchApiVersion\": 0,\r\n    \"targetVersion\": 260000026,\r\n    \"uid\": 20020063,\r\n    \"updateTime\": 1791347781028,\r\n    \"userInfo\": [\r\n        {\r\n            \"accessTokenId\": 537001893,\r\n            \"accessTokenIdEx\": 34896740261,\r\n            \"bundleName\": \"dev.morrow.hmos\",\r\n            \"bundleUserInfo\": {\r\n                \"disabledAbilities\": [],\r\n                \"enabled\": true,\r\n                \"overlayState\": [],\r\n                \"setEnabledCaller\": \"\",\r\n                \"userId\": 100\r\n            },\r\n            \"canUninstall\": true,\r\n            \"cloneInfos\": {},\r\n            \"curAlternateIconName\": \"\",\r\n            \"curDynamicIconModule\": \"\",\r\n            \"firstInstallTime\": 1791183795282,\r\n            \"gids\": [\r\n                20020063\r\n            ],\r\n            \"installTime\": 1791183795282,\r\n            \"installedPluginSet\": [],\r\n            \"isBundleFirstLaunched\": true,\r\n            \"isRemovable\": true,\r\n            \"sandboxInfos\": {},\r\n            \"uid\": 20020063,\r\n            \"updateTime\": 1791347781028\r\n        }\r\n    ],\r\n    \"vendor\": \"Morrow\",\r\n    \"versionCode\": 1000016,\r\n    \"versionName\": \"0.1.0-hmos-dev.16\"\r\n}\r\n"
    },
    {
      "arguments": [
        "shell",
        "snapshot_display",
        "-t",
        "png",
        "-f",
        "/data/local/tmp/hmos-media-10352-1-back-video-final-before.png"
      ],
      "phase": "ACKNOWLEDGED",
      "at": "2026-10-07T04:54:06.773Z",
      "reply": "fileType: png\r\nprocess: display 0, file type: png, width: 2232, height: 1320\r\n\r\nsuccess: snapshot display 0 , write to /data/local/tmp/hmos-media-10352-1-back-video-final-before.png as png, width: 2232, height: 1320\r\n"
    },
    {
      "arguments": [
        "shell",
        "uitest",
        "dumpLayout",
        "-p",
        "/data/local/tmp/hmos-media-10352-1-back-video-final-before.json"
      ],
      "phase": "ACKNOWLEDGED",
      "at": "2026-10-07T04:54:07.011Z",
      "reply": "DumpLayout saved to:/data/local/tmp/hmos-media-10352-1-back-video-final-before.json\r\n"
    },
    {
      "arguments": [
        "file",
        "recv",
        "/data/local/tmp/hmos-media-10352-1-back-video-final-before.png",
        "C:\\Users\\Administrator\\Desktop\\CodeXProjext\\morrow\\hmos\\reports\\ui-source\\v16\\device-current\\back-video-final-before.png"
      ],
      "phase": "ACKNOWLEDGED",
      "at": "2026-10-07T04:54:07.761Z",
      "reply": "FileTransfer finish, Size:92258, File count = 1, time:12ms rate:7688.17kB/s\r\n"
    },
    {
      "arguments": [
        "file",
        "recv",
        "/data/local/tmp/hmos-media-10352-1-back-video-final-before.json",
        "C:\\Users\\Administrator\\Desktop\\CodeXProjext\\morrow\\hmos\\reports\\ui-source\\v16\\device-current\\back-video-final-before.raw.json"
      ],
      "phase": "ACKNOWLEDGED",
      "at": "2026-10-07T04:54:07.835Z",
      "reply": "FileTransfer finish, Size:71659, File count = 1, time:8ms rate:8957.38kB/s\r\n"
    },
    {
      "arguments": [
        "shell",
        "rm",
        "-f",
        "/data/local/tmp/hmos-media-10352-1-back-video-final-before.png",
        "/data/local/tmp/hmos-media-10352-1-back-video-final-before.json"
      ],
      "phase": "ACKNOWLEDGED",
      "at": "2026-10-07T04:54:07.908Z",
      "reply": ""
    },
    {
      "arguments": [
        "shell",
        "uitest",
        "uiInput",
        "keyEvent",
        "Back"
      ],
      "phase": "ACKNOWLEDGED",
      "at": "2026-10-07T04:54:08.067Z",
      "reply": "No Error\r\n"
    },
    {
      "arguments": [
        "shell",
        "snapshot_display",
        "-t",
        "png",
        "-f",
        "/data/local/tmp/hmos-media-10352-2-back-video-final-restored.png"
      ],
      "phase": "ACKNOWLEDGED",
      "at": "2026-10-07T04:54:09.185Z",
      "reply": "fileType: png\r\nprocess: display 0, file type: png, width: 1320, height: 2232\r\n\r\nsuccess: snapshot display 0 , write to /data/local/tmp/hmos-media-10352-2-back-video-final-restored.png as png, width: 1320, height: 2232\r\n"
    },
    {
      "arguments": [
        "shell",
        "uitest",
        "dumpLayout",
        "-p",
        "/data/local/tmp/hmos-media-10352-2-back-video-final-restored.json"
      ],
      "phase": "ACKNOWLEDGED",
      "at": "2026-10-07T04:54:09.752Z",
      "reply": "DumpLayout saved to:/data/local/tmp/hmos-media-10352-2-back-video-final-restored.json\r\n"
    },
    {
      "arguments": [
        "file",
        "recv",
        "/data/local/tmp/hmos-media-10352-2-back-video-final-restored.png",
        "C:\\Users\\Administrator\\Desktop\\CodeXProjext\\morrow\\hmos\\reports\\ui-source\\v16\\device-current\\back-video-final-restored.png"
      ],
      "phase": "ACKNOWLEDGED",
      "at": "2026-10-07T04:54:10.529Z",
      "reply": "FileTransfer finish, Size:625097, File count = 1, time:18ms rate:34727.61kB/s\r\n"
    },
    {
      "arguments": [
        "file",
        "recv",
        "/data/local/tmp/hmos-media-10352-2-back-video-final-restored.json",
        "C:\\Users\\Administrator\\Desktop\\CodeXProjext\\morrow\\hmos\\reports\\ui-source\\v16\\device-current\\back-video-final-restored.raw.json"
      ],
      "phase": "ACKNOWLEDGED",
      "at": "2026-10-07T04:54:10.604Z",
      "reply": "FileTransfer finish, Size:128628, File count = 1, time:10ms rate:12862.80kB/s\r\n"
    },
    {
      "arguments": [
        "shell",
        "rm",
        "-f",
        "/data/local/tmp/hmos-media-10352-2-back-video-final-restored.png",
        "/data/local/tmp/hmos-media-10352-2-back-video-final-restored.json"
      ],
      "phase": "ACKNOWLEDGED",
      "at": "2026-10-07T04:54:10.673Z",
      "reply": ""
    }
  ],
  "captures": [
    {
      "label": "back-video-final-before",
      "started": 1791348846773,
      "screenshotAt": 1791348847011,
      "layoutAt": 1791348847761,
      "order": "screenshot before raw native dump",
      "visualReview": "REQUIRED; node presence is not rendered visibility",
      "controls": {
        "present": true,
        "opacity": 0,
        "hitTestBehavior": "Default",
        "inputState": "UNKNOWN",
        "inputStateReason": "dump hitTestBehavior does not prove dispatch",
        "renderState": "OPACITY_ZERO"
      },
      "files": {
        "png": "C:\\Users\\Administrator\\Desktop\\CodeXProjext\\morrow\\hmos\\reports\\ui-source\\v16\\device-current\\back-video-final-before.png",
        "json": "C:\\Users\\Administrator\\Desktop\\CodeXProjext\\morrow\\hmos\\reports\\ui-source\\v16\\device-current\\back-video-final-before.json",
        "raw": "C:\\Users\\Administrator\\Desktop\\CodeXProjext\\morrow\\hmos\\reports\\ui-source\\v16\\device-current\\back-video-final-before.raw.json"
      }
    },
    {
      "label": "back-video-final-restored",
      "started": 1791348849185,
      "screenshotAt": 1791348849752,
      "layoutAt": 1791348850529,
      "order": "screenshot before raw native dump",
      "visualReview": "REQUIRED; node presence is not rendered visibility",
      "controls": {
        "present": true,
        "opacity": 0,
        "hitTestBehavior": "Default",
        "inputState": "UNKNOWN",
        "inputStateReason": "dump hitTestBehavior does not prove dispatch",
        "renderState": "OPACITY_ZERO"
      },
      "files": {
        "png": "C:\\Users\\Administrator\\Desktop\\CodeXProjext\\morrow\\hmos\\reports\\ui-source\\v16\\device-current\\back-video-final-restored.png",
        "json": "C:\\Users\\Administrator\\Desktop\\CodeXProjext\\morrow\\hmos\\reports\\ui-source\\v16\\device-current\\back-video-final-restored.json",
        "raw": "C:\\Users\\Administrator\\Desktop\\CodeXProjext\\morrow\\hmos\\reports\\ui-source\\v16\\device-current\\back-video-final-restored.raw.json"
      }
    }
  ],
  "result": {
    "before": {
      "kind": "video",
      "name": "HMOS-dev14-bars.mp4",
      "assetId": "asset-draft-import-eaa74272b78711cf088e3953cd54830e6f3e583084dbe34eaafd4798b9ee9e77",
      "ownership": {
        "title": "HMOS-media-20261007-A",
        "currentExposedRows": 0,
        "pinEvidence": "PRIOR_CONFIRMED_TWO_PINS; NOT_A_FRESH_PIN_REREAD",
        "priorStage": "preview-video",
        "priorEditorJson": "C:\\Users\\Administrator\\Desktop\\CodeXProjext\\morrow\\hmos\\reports\\ui-source\\v16\\device-current\\preview-video-before.json",
        "currentVisibility": "rows not fully exposed in the current modal viewport"
      },
      "position": 8,
      "duration": 12,
      "toggleLabel": "▷",
      "playing": false,
      "controls": {
        "present": true,
        "opacity": 0,
        "hitTestBehavior": "Default",
        "inputState": "UNKNOWN",
        "inputStateReason": "dump hitTestBehavior does not prove dispatch",
        "renderState": "OPACITY_ZERO"
      },
      "zone": [
        102,
        210,
        2130,
        1044
      ],
      "fullscreenLabel": "退出全屏"
    },
    "after": {
      "kind": "video",
      "name": "HMOS-dev14-bars.mp4",
      "assetId": "asset-draft-import-eaa74272b78711cf088e3953cd54830e6f3e583084dbe34eaafd4798b9ee9e77",
      "ownership": {
        "fixture": {
          "title": "HMOS-media-20261007-A",
          "assets": {
            "audio": {
              "name": "HMOS-dev14-tone.wav",
              "id": "asset-draft-import-62a954f711c5144c3f2e333407ecd11f5f1aad374634f95e42a9787a7742ff4f"
            },
            "video": {
              "name": "HMOS-dev14-bars.mp4",
              "id": "asset-draft-import-eaa74272b78711cf088e3953cd54830e6f3e583084dbe34eaafd4798b9ee9e77"
            }
          },
          "draftJournalId": "NOT_EXPOSED_BY_UI; asset IDs are checked"
        },
        "currentExposedRows": 2,
        "pinEvidence": "FRESH_TWO_PIN_EDITOR_ROWS"
      },
      "position": 8,
      "duration": 12,
      "toggleLabel": "▷",
      "playing": false,
      "controls": {
        "present": true,
        "opacity": 0,
        "hitTestBehavior": "Default",
        "inputState": "UNKNOWN",
        "inputStateReason": "dump hitTestBehavior does not prove dispatch",
        "renderState": "OPACITY_ZERO"
      },
      "zone": [
        138,
        667,
        1182,
        1531
      ],
      "fullscreenLabel": "全屏"
    },
    "restoredBounds": [
      0,
      0,
      1320,
      2232
    ],
    "previewRemainsOpen": true,
    "visualReview": "inspect PNG for restored bars/layout"
  },
  "completed": "2026-10-07T04:54:10.749Z"
}
