{
  "label": "playback-audio",
  "phase": "PASS",
  "expectedVersion": "0.1.0-hmos-dev.16",
  "expectedPackageSha": "A971227AC2D39730C2228972B513DBAAB4049E1C9E9AAB49397517BFB0208C7C",
  "packageIdentityProof": "caller expected hash; install bytes verified separately by root",
  "started": "2026-10-07T04:38:41.227Z",
  "actions": [
    {
      "arguments": [
        "shell",
        "bm",
        "dump",
        "-n",
        "dev.morrow.hmos"
      ],
      "phase": "ACKNOWLEDGED",
      "at": "2026-10-07T04:38:41.228Z",
      "reply": "dev.morrow.hmos:\r\n{\r\n    \"appId\": \"dev.morrow.hmos_\",\r\n    \"appIdentifier\": \"\",\r\n    \"appIndex\": 0,\r\n    \"applicationInfo\": {\r\n        \"GWPAsanEnabled\": false,\r\n        \"accessTokenId\": 537001893,\r\n        \"accessTokenIdEx\": 34896740261,\r\n        \"accessible\": false,\r\n        \"allowAppRunWhenDeviceFirstLocked\": false,\r\n        \"allowArkTsLargeHeap\": false,\r\n        \"allowCommonEvent\": [],\r\n        \"allowEnableNotification\": false,\r\n        \"allowListenBundleChangedEvent\": [],\r\n        \"allowMultiProcess\": false,\r\n        \"alternateIcons\": [],\r\n        \"apiCompatibleVersion\": 260000026,\r\n        \"apiReleaseType\": \"Release\",\r\n        \"apiTargetVersion\": 260000026,\r\n        \"appDetailAbilityLibraryPath\": \"\",\r\n        \"appDistributionType\": \"none\",\r\n        \"appEnvironments\": [],\r\n        \"appIndex\": 0,\r\n        \"appPreloadPhase\": 0,\r\n        \"appPrivilegeLevel\": \"normal\",\r\n        \"appProvisionType\": \"debug\",\r\n        \"appQuickFix\": {\r\n            \"bundleName\": \"\",\r\n            \"deployedAppqfInfo\": {\r\n                \"cpuAbi\": \"\",\r\n                \"hqfInfos\": [],\r\n                \"nativeLibraryPath\": \"\",\r\n                \"type\": 0,\r\n                \"versionCode\": 0,\r\n                \"versionName\": \"\"\r\n            },\r\n            \"deployingAppqfInfo\": {\r\n                \"cpuAbi\": \"\",\r\n                \"hqfInfos\": [],\r\n                \"nativeLibraryPath\": \"\",\r\n                \"type\": 0,\r\n                \"versionCode\": 0,\r\n                \"versionName\": \"\"\r\n            },\r\n            \"versionCode\": 0,\r\n            \"versionName\": \"\"\r\n        },\r\n        \"appSignType\": \"none\",\r\n        \"applicationFlags\": 1,\r\n        \"applicationReservedFlag\": 0,\r\n        \"arkNativeFileAbi\": \"\",\r\n        \"arkNativeFilePath\": \"\",\r\n        \"arkTSMode\": \"dynamic\",\r\n        \"asanEnabled\": false,\r\n        \"asanLogPath\": \"\",\r\n        \"assetAccessGroups\": [],\r\n        \"associatedWakeUp\": false,\r\n        \"bundleName\": \"dev.morrow.hmos\",\r\n        \"bundleType\": 0,\r\n        \"cacheDir\": \"\",\r\n        \"cloudFileSyncEnabled\": false,\r\n        \"cloudStructuredDataSyncEnabled\": false,\r\n        \"codePath\": \"/data/app/el1/bundle/public/dev.morrow.hmos\",\r\n        \"compatibleMinorVersion\": 0,\r\n        \"compatiblePatchVersion\": 0,\r\n        \"compileSdkType\": \"HarmonyOS\",\r\n        \"compileSdkVersion\": \"26.0.0.105\",\r\n        \"configuration\": \"\",\r\n        \"cpuAbi\": \"x86_64\",\r\n        \"crowdtestDeadline\": -1,\r\n        \"curAlternateIconModuleName\": \"entry\",\r\n        \"dataBaseDir\": \"/data/app/el2/database/dev.morrow.hmos\",\r\n        \"dataDir\": \"\",\r\n        \"debug\": true,\r\n        \"description\": \"\",\r\n        \"descriptionId\": 0,\r\n        \"descriptionResource\": {\r\n            \"bundleName\": \"dev.morrow.hmos\",\r\n            \"id\": 0,\r\n            \"moduleName\": \"entry\"\r\n        },\r\n        \"deviceId\": \"PHONE-001\",\r\n        \"distributedNotificationEnabled\": true,\r\n        \"enabled\": true,\r\n        \"entityType\": \"unspecified\",\r\n        \"entryDir\": \"\",\r\n        \"entryModuleName\": \"\",\r\n        \"fingerprint\": \"\",\r\n        \"flags\": 0,\r\n        \"formVisibleNotify\": false,\r\n        \"hasPlugin\": false,\r\n        \"hideDesktopIcon\": false,\r\n        \"hnpPackages\": {},\r\n        \"hwasanEnabled\": false,\r\n        \"icon\": \"\",\r\n        \"iconId\": 16777219,\r\n        \"iconPath\": \"$media:layered_image\",\r\n        \"iconResource\": {\r\n            \"bundleName\": \"dev.morrow.hmos\",\r\n            \"id\": 16777219,\r\n            \"moduleName\": \"entry\"\r\n        },\r\n        \"installSource\": \"unknown\",\r\n        \"installedForAllUser\": false,\r\n        \"isCompressNativeLibs\": true,\r\n        \"isForceRotate\": false,\r\n        \"isFreeInstallApp\": false,\r\n        \"isLauncherApp\": false,\r\n        \"isSystemApp\": false,\r\n        \"keepAlive\": false,\r\n        \"label\": \"$string:app_name\",\r\n        \"labelId\": 16777221,\r\n        \"labelResource\": {\r\n            \"bundleName\": \"dev.morrow.hmos\",\r\n            \"id\": 16777221,\r\n            \"moduleName\": \"entry\"\r\n        },\r\n        \"maxChildProcess\": 512,\r\n        \"metaData\": {},\r\n        \"metadata\": {},\r\n        \"minCompatibleVersionCode\": 1000016,\r\n        \"moduleInfos\": [\r\n            {\r\n                \"moduleName\": \"entry\",\r\n                \"moduleSourceDir\": \"\",\r\n                \"preloads\": []\r\n            }\r\n        ],\r\n        \"moduleSourceDirs\": [],\r\n        \"multiAppMode\": {\r\n            \"maxCount\": 0,\r\n            \"multiAppModeType\": 0\r\n        },\r\n        \"multiProjects\": false,\r\n        \"name\": \"dev.morrow.hmos\",\r\n        \"nativeLibraryPath\": \"libs/x86_64\",\r\n        \"needAppDetail\": false,\r\n        \"organization\": \"\",\r\n        \"overlayState\": 0,\r\n        \"permissions\": [],\r\n        \"process\": \"dev.morrow.hmos\",\r\n        \"profileable\": false,\r\n        \"removable\": true,\r\n        \"resourcesApply\": [],\r\n        \"runningResourcesApply\": false,\r\n        \"signatureKey\": \"\",\r\n        \"singleton\": false,\r\n        \"startMode\": 1,\r\n        \"supportedModes\": 0,\r\n        \"targetBundleList\": [],\r\n        \"targetBundleName\": \"\",\r\n        \"targetMinorApiVersion\": 0,\r\n        \"targetPatchApiVersion\": 0,\r\n        \"targetPriority\": 0,\r\n        \"tsanEnabled\": false,\r\n        \"ubsanEnabled\": false,\r\n        \"uid\": 20020063,\r\n        \"userDataClearable\": true,\r\n        \"vendor\": \"Morrow\",\r\n        \"versionCode\": 1000016,\r\n        \"versionName\": \"0.1.0-hmos-dev.16\"\r\n    },\r\n    \"buildVersion\": \"\",\r\n    \"compatibleMinorVersion\": 0,\r\n    \"compatiblePatchVersion\": 0,\r\n    \"compatibleVersion\": 260000026,\r\n    \"cpuAbi\": \"\",\r\n    \"defPermissions\": [],\r\n    \"description\": \"\",\r\n    \"entryInstallationFree\": false,\r\n    \"entryModuleName\": \"entry\",\r\n    \"firstInstallTime\": 1791183795282,\r\n    \"gid\": 20020063,\r\n    \"hapModuleInfos\": [\r\n        {\r\n            \"abilityInfos\": [\r\n                {\r\n                    \"allowSelfRedirect\": true,\r\n                    \"appIndex\": 0,\r\n                    \"applicationName\": \"dev.morrow.hmos\",\r\n                    \"arkTSMode\": \"dynamic\",\r\n                    \"backgroundModes\": 0,\r\n                    \"bundleName\": \"dev.morrow.hmos\",\r\n                    \"codePath\": \"\",\r\n                    \"compileMode\": 1,\r\n                    \"configChanges\": [],\r\n                    \"continuable\": false,\r\n                    \"continueBundleName\": [],\r\n                    \"continueType\": [\r\n                        \"EntryAbility\"\r\n                    ],\r\n                    \"defaultFormHeight\": 0,\r\n                    \"defaultFormWidth\": 0,\r\n                    \"description\": \"$string:EntryAbility_desc\",\r\n                    \"descriptionId\": 16777220,\r\n                    \"deviceCapabilities\": [],\r\n                    \"deviceTypes\": [\r\n                        \"phone\",\r\n                        \"tablet\"\r\n                    ],\r\n                    \"enabled\": true,\r\n                    \"excludeFromDock\": false,\r\n                    \"excludeFromMissions\": false,\r\n                    \"extensionAbilityType\": 255,\r\n                    \"formEnabled\": false,\r\n                    \"formEntity\": 0,\r\n                    \"hapPath\": \"/data/app/el1/bundle/public/dev.morrow.hmos/entry.hap\",\r\n                    \"iconId\": 16777219,\r\n                    \"iconPath\": \"$media:layered_image\",\r\n                    \"isLauncherAbility\": false,\r\n                    \"isModuleJson\": true,\r\n                    \"isNativeAbility\": false,\r\n                    \"isStageBasedModel\": true,\r\n                    \"isolationProcess\": false,\r\n                    \"kind\": \"\",\r\n                    \"label\": \"$string:EntryAbility_label\",\r\n                    \"labelId\": 16777221,\r\n                    \"launchMode\": 0,\r\n                    \"maxWindowHeight\": 0,\r\n                    \"maxWindowRatio\": 0,\r\n                    \"maxWindowWidth\": 0,\r\n                    \"metaData\": {\r\n                        \"customizeData\": []\r\n                    },\r\n                    \"metadata\": [],\r\n                    \"minFormHeight\": 0,\r\n                    \"minFormWidth\": 0,\r\n                    \"minWindowHeight\": 0,\r\n                    \"minWindowRatio\": 0,\r\n                    \"minWindowWidth\": 0,\r\n                    \"moduleName\": \"entry\",\r\n                    \"name\": \"EntryAbility\",\r\n                    \"orientation\": 0,\r\n                    \"orientationId\": 0,\r\n                    \"package\": \"entry\",\r\n                    \"permissions\": [],\r\n                    \"preferMultiWindowOrientation\": \"default\",\r\n                    \"priority\": 0,\r\n                    \"process\": \"\",\r\n                    \"readPermission\": \"\",\r\n                    \"recoverable\": false,\r\n                    \"removeMissionAfterTerminate\": false,\r\n                    \"resourcePath\": \"/data/app/el1/bundle/public/dev.morrow.hmos/entry/resources.index\",\r\n                    \"skills\": [\r\n                        {\r\n                            \"actions\": [\r\n                                \"ohos.want.action.home\"\r\n                            ],\r\n                            \"domainVerify\": false,\r\n                            \"entities\": [\r\n                                \"entity.system.home\"\r\n                            ],\r\n                            \"permissions\": [],\r\n                            \"uris\": []\r\n                        }\r\n                    ],\r\n                    \"srcEntrance\": \"./ets/entryability/EntryAbility.ets\",\r\n                    \"srcLanguage\": \"js\",\r\n                    \"srcPath\": \"\",\r\n                    \"startWindow\": \"\",\r\n                    \"startWindowBackground\": \"$color:start_window_background\",\r\n                    \"startWindowBackgroundId\": 16777223,\r\n                    \"startWindowIcon\": \"$media:startIcon\",\r\n                    \"startWindowIconId\": 16777225,\r\n                    \"startWindowId\": 0,\r\n                    \"startWindowResource\": {\r\n                        \"startWindowAppIconId\": 0,\r\n                        \"startWindowBackgroundColorId\": 0,\r\n                        \"startWindowBackgroundImageFit\": \"Cover\",\r\n                        \"startWindowBackgroundImageId\": 0,\r\n                        \"startWindowBrandingImageId\": 0,\r\n                        \"startWindowIllustrationId\": 0\r\n                    },\r\n                    \"supportExtNames\": [],\r\n                    \"supportMimeTypes\": [],\r\n                    \"supportPipMode\": false,\r\n                    \"supportWindowMode\": [\r\n                        0,\r\n                        1,\r\n                        2\r\n                    ],\r\n                    \"targetAbility\": \"\",\r\n                    \"theme\": \"\",\r\n                    \"type\": 1,\r\n                    \"uid\": -1,\r\n                    \"unclearableMission\": false,\r\n                    \"uri\": \"\",\r\n                    \"visible\": true,\r\n                    \"writePermission\": \"\"\r\n                }\r\n            ],\r\n            \"abilitySrcEntryDelegator\": \"\",\r\n            \"abilityStageSrcEntryDelegator\": \"\",\r\n            \"aotCompileStatus\": 0,\r\n            \"appEnvironments\": [],\r\n            \"appStartup\": \"\",\r\n            \"arkTSMode\": \"dynamic\",\r\n            \"backgroundImg\": \"\",\r\n            \"buildHash\": \"\",\r\n            \"bundleName\": \"dev.morrow.hmos\",\r\n            \"colorMode\": -1,\r\n            \"compileMode\": 1,\r\n            \"compressNativeLibs\": true,\r\n            \"cpuAbi\": \"\",\r\n            \"crossAppSharedConfig\": \"\",\r\n            \"deduplicateHar\": false,\r\n            \"deliveryWithInstall\": true,\r\n            \"dependencies\": [],\r\n            \"description\": \"$string:module_desc\",\r\n            \"descriptionId\": 16777222,\r\n            \"deviceTypes\": [\r\n                \"phone\",\r\n                \"tablet\"\r\n            ],\r\n            \"easyGo\": \"\",\r\n            \"executableBinaryPaths\": [],\r\n            \"extensionInfos\": [\r\n                {\r\n                    \"appIdentifierAllowList\": [],\r\n                    \"appIndex\": 0,\r\n                    \"arkTSMode\": \"dynamic\",\r\n                    \"bundleName\": \"dev.morrow.hmos\",\r\n                    \"compileMode\": 1,\r\n                    \"customProcess\": \"\",\r\n                    \"dataGroupIds\": [],\r\n                    \"description\": \"\",\r\n                    \"descriptionId\": 0,\r\n                    \"enabled\": true,\r\n                    \"extensionProcessMode\": -1,\r\n                    \"extensionTypeName\": \"backup\",\r\n                    \"hapPath\": \"/data/app/el1/bundle/public/dev.morrow.hmos/entry.hap\",\r\n                    \"icon\": \"\",\r\n                    \"iconId\": 0,\r\n                    \"isolationProcess\": false,\r\n                    \"label\": \"\",\r\n                    \"labelId\": 0,\r\n                    \"metadata\": [\r\n                        {\r\n                            \"name\": \"ohos.extension.backup\",\r\n                            \"resource\": \"$profile:backup_config\",\r\n                            \"value\": \"\",\r\n                            \"valueId\": 0\r\n                        }\r\n                    ],\r\n                    \"moduleName\": \"entry\",\r\n                    \"name\": \"EntryBackupAbility\",\r\n                    \"needCreateSandbox\": false,\r\n                    \"permissions\": [],\r\n                    \"priority\": 0,\r\n                    \"process\": \"dev.morrow.hmos:backup\",\r\n                    \"readPermission\": \"\",\r\n                    \"resourcePath\": \"/data/app/el1/bundle/public/dev.morrow.hmos/entry/resources.index\",\r\n                    \"skills\": [],\r\n                    \"skipAbilityStageLifecycle\": false,\r\n                    \"srcEntrance\": \"./ets/entrybackupability/EntryBackupAbility.ets\",\r\n                    \"type\": 9,\r\n                    \"uid\": -1,\r\n                    \"uri\": \"\",\r\n                    \"validDataGroupIds\": [],\r\n                    \"visible\": false,\r\n                    \"writePermission\": \"\"\r\n                }\r\n            ],\r\n            \"fileContextMenu\": \"\",\r\n            \"formExtensionModule\": \"\",\r\n            \"formWidgetModule\": \"\",\r\n            \"hapPath\": \"/data/app/el1/bundle/public/dev.morrow.hmos/entry.hap\",\r\n            \"hasIntent\": false,\r\n            \"hashValue\": \"\",\r\n            \"hqfInfo\": {\r\n                \"cpuAbi\": \"\",\r\n                \"hapSha256\": \"\",\r\n                \"hqfFilePath\": \"\",\r\n                \"moduleName\": \"\",\r\n                \"nativeLibraryPath\": \"\",\r\n                \"type\": 0\r\n            },\r\n            \"iconId\": 16777219,\r\n            \"iconPath\": \"$media:layered_image\",\r\n            \"installationFree\": false,\r\n            \"isLibIsolated\": false,\r\n            \"isModuleJson\": true,\r\n            \"isRemovable\": {},\r\n            \"isRemovableSet\": [],\r\n            \"isStageBasedModel\": true,\r\n            \"isolationMode\": 0,\r\n            \"label\": \"$string:EntryAbility_label\",\r\n            \"labelId\": 16777221,\r\n            \"librarySupportDirectory\": [],\r\n            \"mainAbility\": \"EntryAbility\",\r\n            \"mainElementName\": \"EntryAbility\",\r\n            \"metadata\": [],\r\n            \"moduleArkTSMode\": \"dynamic\",\r\n            \"moduleName\": \"entry\",\r\n            \"moduleSourceDir\": \"\",\r\n            \"moduleType\": 1,\r\n            \"name\": \"entry\",\r\n            \"nativeLibraryFileNames\": [],\r\n            \"nativeLibraryPath\": \"\",\r\n            \"overlayModuleInfos\": [],\r\n            \"package\": \"entry\",\r\n            \"packageName\": \"entry\",\r\n            \"pages\": \"$profile:main_pages\",\r\n            \"preloads\": [],\r\n            \"process\": \"dev.morrow.hmos\",\r\n            \"proxyDatas\": [],\r\n            \"reqCapabilities\": [],\r\n            \"requiredDeviceFeatures\": {},\r\n            \"resizeable\": false,\r\n            \"resourcePath\": \"/data/app/el1/bundle/public/dev.morrow.hmos/entry/resources.index\",\r\n            \"routerArray\": [],\r\n            \"routerMap\": \"\",\r\n            \"shareFiles\": \"\",\r\n            \"srcEntrance\": \"\",\r\n            \"srcPath\": \"\",\r\n            \"supportedModes\": 0,\r\n            \"systemTheme\": \"\",\r\n            \"uiSyntax\": \"hml\",\r\n            \"upgradeFlag\": 0,\r\n            \"versionCode\": 1000016,\r\n            \"virtualMachine\": \"\"\r\n        }\r\n    ],\r\n    \"hapModuleNames\": [\r\n        \"entry\"\r\n    ],\r\n    \"installTime\": 1791183795282,\r\n    \"isDifferentName\": false,\r\n    \"isKeepAlive\": false,\r\n    \"isNativeApp\": false,\r\n    \"isNewVersion\": true,\r\n    \"isPreInstallApp\": false,\r\n    \"jointUserId\": \"\",\r\n    \"label\": \"\",\r\n    \"mainEntry\": \"entry\",\r\n    \"maxSdkVersion\": -1,\r\n    \"minCompatibleVersionCode\": 1000016,\r\n    \"minSdkVersion\": -1,\r\n    \"moduleDirs\": [\r\n        \"/data/app/el1/bundle/public/dev.morrow.hmos/entry\"\r\n    ],\r\n    \"moduleNames\": [\r\n        \"entry\"\r\n    ],\r\n    \"modulePublicDirs\": [\r\n        \"\"\r\n    ],\r\n    \"moduleResPaths\": [\r\n        \"/data/app/el1/bundle/public/dev.morrow.hmos/entry/resources.index\"\r\n    ],\r\n    \"name\": \"dev.morrow.hmos\",\r\n    \"oldAppIds\": [\r\n        \"dev.morrow.hmos_\"\r\n    ],\r\n    \"overlayBundleInfos\": [],\r\n    \"overlayType\": 3,\r\n    \"pluginBundleInfos\": {},\r\n    \"releaseType\": \"Release\",\r\n    \"reqPermissionDetails\": [\r\n        {\r\n            \"moduleName\": \"entry\",\r\n            \"name\": \"ohos.permission.INTERNET\",\r\n            \"reason\": \"\",\r\n            \"reasonId\": 0,\r\n            \"requiredFeature\": \"\",\r\n            \"usedScene\": {\r\n                \"abilities\": [],\r\n                \"when\": \"\"\r\n            }\r\n        }\r\n    ],\r\n    \"reqPermissionStates\": [\r\n        0\r\n    ],\r\n    \"reqPermissions\": [\r\n        \"ohos.permission.INTERNET\"\r\n    ],\r\n    \"routerArray\": [],\r\n    \"sandboxCreatorBundleName\": \"\",\r\n    \"seInfo\": \"\",\r\n    \"singleton\": false,\r\n    \"targetMinorApiVersion\": 0,\r\n    \"targetPatchApiVersion\": 0,\r\n    \"targetVersion\": 260000026,\r\n    \"uid\": 20020063,\r\n    \"updateTime\": 1791347781028,\r\n    \"userInfo\": [\r\n        {\r\n            \"accessTokenId\": 537001893,\r\n            \"accessTokenIdEx\": 34896740261,\r\n            \"bundleName\": \"dev.morrow.hmos\",\r\n            \"bundleUserInfo\": {\r\n                \"disabledAbilities\": [],\r\n                \"enabled\": true,\r\n                \"overlayState\": [],\r\n                \"setEnabledCaller\": \"\",\r\n                \"userId\": 100\r\n            },\r\n            \"canUninstall\": true,\r\n            \"cloneInfos\": {},\r\n            \"curAlternateIconName\": \"\",\r\n            \"curDynamicIconModule\": \"\",\r\n            \"firstInstallTime\": 1791183795282,\r\n            \"gids\": [\r\n                20020063\r\n            ],\r\n            \"installTime\": 1791183795282,\r\n            \"installedPluginSet\": [],\r\n            \"isBundleFirstLaunched\": true,\r\n            \"isRemovable\": true,\r\n            \"sandboxInfos\": {},\r\n            \"uid\": 20020063,\r\n            \"updateTime\": 1791347781028\r\n        }\r\n    ],\r\n    \"vendor\": \"Morrow\",\r\n    \"versionCode\": 1000016,\r\n    \"versionName\": \"0.1.0-hmos-dev.16\"\r\n}\r\n"
    },
    {
      "arguments": [
        "shell",
        "snapshot_display",
        "-t",
        "png",
        "-f",
        "/data/local/tmp/hmos-media-33400-1-playback-audio-before.png"
      ],
      "phase": "ACKNOWLEDGED",
      "at": "2026-10-07T04:38:41.293Z",
      "reply": "fileType: png\r\nprocess: display 0, file type: png, width: 1320, height: 2232\r\n\r\nsuccess: snapshot display 0 , write to /data/local/tmp/hmos-media-33400-1-playback-audio-before.png as png, width: 1320, height: 2232\r\n"
    },
    {
      "arguments": [
        "shell",
        "uitest",
        "dumpLayout",
        "-p",
        "/data/local/tmp/hmos-media-33400-1-playback-audio-before.json"
      ],
      "phase": "ACKNOWLEDGED",
      "at": "2026-10-07T04:38:41.512Z",
      "reply": "DumpLayout saved to:/data/local/tmp/hmos-media-33400-1-playback-audio-before.json\r\n"
    },
    {
      "arguments": [
        "file",
        "recv",
        "/data/local/tmp/hmos-media-33400-1-playback-audio-before.png",
        "C:\\Users\\Administrator\\Desktop\\CodeXProjext\\morrow\\hmos\\reports\\ui-source\\v16\\device-current\\playback-audio-before.png"
      ],
      "phase": "ACKNOWLEDGED",
      "at": "2026-10-07T04:38:42.261Z",
      "reply": "FileTransfer finish, Size:593446, File count = 1, time:11ms rate:53949.64kB/s\r\n"
    },
    {
      "arguments": [
        "file",
        "recv",
        "/data/local/tmp/hmos-media-33400-1-playback-audio-before.json",
        "C:\\Users\\Administrator\\Desktop\\CodeXProjext\\morrow\\hmos\\reports\\ui-source\\v16\\device-current\\playback-audio-before.raw.json"
      ],
      "phase": "ACKNOWLEDGED",
      "at": "2026-10-07T04:38:42.318Z",
      "reply": "FileTransfer finish, Size:129717, File count = 1, time:8ms rate:16214.63kB/s\r\n"
    },
    {
      "arguments": [
        "shell",
        "rm",
        "-f",
        "/data/local/tmp/hmos-media-33400-1-playback-audio-before.png",
        "/data/local/tmp/hmos-media-33400-1-playback-audio-before.json"
      ],
      "phase": "ACKNOWLEDGED",
      "at": "2026-10-07T04:38:42.379Z",
      "reply": ""
    },
    {
      "arguments": [
        "shell",
        "uitest",
        "uiInput",
        "click",
        "660",
        "1099"
      ],
      "phase": "ACKNOWLEDGED",
      "at": "2026-10-07T04:38:42.440Z",
      "reply": "No Error\r\n"
    },
    {
      "arguments": [
        "shell",
        "snapshot_display",
        "-t",
        "png",
        "-f",
        "/data/local/tmp/hmos-media-33400-2-playback-audio-reveal-1.png"
      ],
      "phase": "ACKNOWLEDGED",
      "at": "2026-10-07T04:38:43.181Z",
      "reply": "fileType: png\r\nprocess: display 0, file type: png, width: 1320, height: 2232\r\n\r\nsuccess: snapshot display 0 , write to /data/local/tmp/hmos-media-33400-2-playback-audio-reveal-1.png as png, width: 1320, height: 2232\r\n"
    },
    {
      "arguments": [
        "shell",
        "uitest",
        "dumpLayout",
        "-p",
        "/data/local/tmp/hmos-media-33400-2-playback-audio-reveal-1.json"
      ],
      "phase": "ACKNOWLEDGED",
      "at": "2026-10-07T04:38:43.433Z",
      "reply": "DumpLayout saved to:/data/local/tmp/hmos-media-33400-2-playback-audio-reveal-1.json\r\n"
    },
    {
      "arguments": [
        "file",
        "recv",
        "/data/local/tmp/hmos-media-33400-2-playback-audio-reveal-1.png",
        "C:\\Users\\Administrator\\Desktop\\CodeXProjext\\morrow\\hmos\\reports\\ui-source\\v16\\device-current\\playback-audio-reveal-1.png"
      ],
      "phase": "ACKNOWLEDGED",
      "at": "2026-10-07T04:38:44.152Z",
      "reply": "FileTransfer finish, Size:602138, File count = 1, time:11ms rate:54739.82kB/s\r\n"
    },
    {
      "arguments": [
        "file",
        "recv",
        "/data/local/tmp/hmos-media-33400-2-playback-audio-reveal-1.json",
        "C:\\Users\\Administrator\\Desktop\\CodeXProjext\\morrow\\hmos\\reports\\ui-source\\v16\\device-current\\playback-audio-reveal-1.raw.json"
      ],
      "phase": "ACKNOWLEDGED",
      "at": "2026-10-07T04:38:44.204Z",
      "reply": "FileTransfer finish, Size:129721, File count = 1, time:10ms rate:12972.10kB/s\r\n"
    },
    {
      "arguments": [
        "shell",
        "rm",
        "-f",
        "/data/local/tmp/hmos-media-33400-2-playback-audio-reveal-1.png",
        "/data/local/tmp/hmos-media-33400-2-playback-audio-reveal-1.json"
      ],
      "phase": "ACKNOWLEDGED",
      "at": "2026-10-07T04:38:44.268Z",
      "reply": ""
    },
    {
      "arguments": [
        "shell",
        "uitest",
        "uiInput",
        "click",
        "660",
        "1099"
      ],
      "phase": "ACKNOWLEDGED",
      "at": "2026-10-07T04:38:44.342Z",
      "reply": "No Error\r\n"
    },
    {
      "arguments": [
        "shell",
        "snapshot_display",
        "-t",
        "png",
        "-f",
        "/data/local/tmp/hmos-media-33400-3-playback-audio-playing.png"
      ],
      "phase": "ACKNOWLEDGED",
      "at": "2026-10-07T04:38:44.561Z",
      "reply": "fileType: png\r\nprocess: display 0, file type: png, width: 1320, height: 2232\r\n\r\nsuccess: snapshot display 0 , write to /data/local/tmp/hmos-media-33400-3-playback-audio-playing.png as png, width: 1320, height: 2232\r\n"
    },
    {
      "arguments": [
        "shell",
        "uitest",
        "dumpLayout",
        "-p",
        "/data/local/tmp/hmos-media-33400-3-playback-audio-playing.json"
      ],
      "phase": "ACKNOWLEDGED",
      "at": "2026-10-07T04:38:44.795Z",
      "reply": "DumpLayout saved to:/data/local/tmp/hmos-media-33400-3-playback-audio-playing.json\r\n"
    },
    {
      "arguments": [
        "file",
        "recv",
        "/data/local/tmp/hmos-media-33400-3-playback-audio-playing.png",
        "C:\\Users\\Administrator\\Desktop\\CodeXProjext\\morrow\\hmos\\reports\\ui-source\\v16\\device-current\\playback-audio-playing.png"
      ],
      "phase": "ACKNOWLEDGED",
      "at": "2026-10-07T04:38:45.531Z",
      "reply": "FileTransfer finish, Size:600165, File count = 1, time:11ms rate:54560.45kB/s\r\n"
    },
    {
      "arguments": [
        "file",
        "recv",
        "/data/local/tmp/hmos-media-33400-3-playback-audio-playing.json",
        "C:\\Users\\Administrator\\Desktop\\CodeXProjext\\morrow\\hmos\\reports\\ui-source\\v16\\device-current\\playback-audio-playing.raw.json"
      ],
      "phase": "ACKNOWLEDGED",
      "at": "2026-10-07T04:38:45.583Z",
      "reply": "FileTransfer finish, Size:129727, File count = 1, time:9ms rate:14414.11kB/s\r\n"
    },
    {
      "arguments": [
        "shell",
        "rm",
        "-f",
        "/data/local/tmp/hmos-media-33400-3-playback-audio-playing.png",
        "/data/local/tmp/hmos-media-33400-3-playback-audio-playing.json"
      ],
      "phase": "ACKNOWLEDGED",
      "at": "2026-10-07T04:38:45.631Z",
      "reply": ""
    },
    {
      "arguments": [
        "shell",
        "snapshot_display",
        "-t",
        "png",
        "-f",
        "/data/local/tmp/hmos-media-33400-4-playback-audio-advanced.png"
      ],
      "phase": "ACKNOWLEDGED",
      "at": "2026-10-07T04:38:47.105Z",
      "reply": "fileType: png\r\nprocess: display 0, file type: png, width: 1320, height: 2232\r\n\r\nsuccess: snapshot display 0 , write to /data/local/tmp/hmos-media-33400-4-playback-audio-advanced.png as png, width: 1320, height: 2232\r\n"
    },
    {
      "arguments": [
        "shell",
        "uitest",
        "dumpLayout",
        "-p",
        "/data/local/tmp/hmos-media-33400-4-playback-audio-advanced.json"
      ],
      "phase": "ACKNOWLEDGED",
      "at": "2026-10-07T04:38:47.326Z",
      "reply": "DumpLayout saved to:/data/local/tmp/hmos-media-33400-4-playback-audio-advanced.json\r\n"
    },
    {
      "arguments": [
        "file",
        "recv",
        "/data/local/tmp/hmos-media-33400-4-playback-audio-advanced.png",
        "C:\\Users\\Administrator\\Desktop\\CodeXProjext\\morrow\\hmos\\reports\\ui-source\\v16\\device-current\\playback-audio-advanced.png"
      ],
      "phase": "ACKNOWLEDGED",
      "at": "2026-10-07T04:38:48.059Z",
      "reply": "FileTransfer finish, Size:601294, File count = 1, time:12ms rate:50107.83kB/s\r\n"
    },
    {
      "arguments": [
        "file",
        "recv",
        "/data/local/tmp/hmos-media-33400-4-playback-audio-advanced.json",
        "C:\\Users\\Administrator\\Desktop\\CodeXProjext\\morrow\\hmos\\reports\\ui-source\\v16\\device-current\\playback-audio-advanced.raw.json"
      ],
      "phase": "ACKNOWLEDGED",
      "at": "2026-10-07T04:38:48.113Z",
      "reply": "FileTransfer finish, Size:129723, File count = 1, time:10ms rate:12972.30kB/s\r\n"
    },
    {
      "arguments": [
        "shell",
        "rm",
        "-f",
        "/data/local/tmp/hmos-media-33400-4-playback-audio-advanced.png",
        "/data/local/tmp/hmos-media-33400-4-playback-audio-advanced.json"
      ],
      "phase": "ACKNOWLEDGED",
      "at": "2026-10-07T04:38:48.174Z",
      "reply": ""
    },
    {
      "arguments": [
        "shell",
        "uitest",
        "uiInput",
        "click",
        "660",
        "1099"
      ],
      "phase": "ACKNOWLEDGED",
      "at": "2026-10-07T04:38:48.254Z",
      "reply": "No Error\r\n"
    },
    {
      "arguments": [
        "shell",
        "snapshot_display",
        "-t",
        "png",
        "-f",
        "/data/local/tmp/hmos-media-33400-5-playback-audio-reveal-4.png"
      ],
      "phase": "ACKNOWLEDGED",
      "at": "2026-10-07T04:38:48.973Z",
      "reply": "fileType: png\r\nprocess: display 0, file type: png, width: 1320, height: 2232\r\n\r\nsuccess: snapshot display 0 , write to /data/local/tmp/hmos-media-33400-5-playback-audio-reveal-4.png as png, width: 1320, height: 2232\r\n"
    },
    {
      "arguments": [
        "shell",
        "uitest",
        "dumpLayout",
        "-p",
        "/data/local/tmp/hmos-media-33400-5-playback-audio-reveal-4.json"
      ],
      "phase": "ACKNOWLEDGED",
      "at": "2026-10-07T04:38:49.212Z",
      "reply": "DumpLayout saved to:/data/local/tmp/hmos-media-33400-5-playback-audio-reveal-4.json\r\n"
    },
    {
      "arguments": [
        "file",
        "recv",
        "/data/local/tmp/hmos-media-33400-5-playback-audio-reveal-4.png",
        "C:\\Users\\Administrator\\Desktop\\CodeXProjext\\morrow\\hmos\\reports\\ui-source\\v16\\device-current\\playback-audio-reveal-4.png"
      ],
      "phase": "ACKNOWLEDGED",
      "at": "2026-10-07T04:38:49.957Z",
      "reply": "FileTransfer finish, Size:601212, File count = 1, time:13ms rate:46247.08kB/s\r\n"
    },
    {
      "arguments": [
        "file",
        "recv",
        "/data/local/tmp/hmos-media-33400-5-playback-audio-reveal-4.json",
        "C:\\Users\\Administrator\\Desktop\\CodeXProjext\\morrow\\hmos\\reports\\ui-source\\v16\\device-current\\playback-audio-reveal-4.raw.json"
      ],
      "phase": "ACKNOWLEDGED",
      "at": "2026-10-07T04:38:50.011Z",
      "reply": "FileTransfer finish, Size:129727, File count = 1, time:10ms rate:12972.70kB/s\r\n"
    },
    {
      "arguments": [
        "shell",
        "rm",
        "-f",
        "/data/local/tmp/hmos-media-33400-5-playback-audio-reveal-4.png",
        "/data/local/tmp/hmos-media-33400-5-playback-audio-reveal-4.json"
      ],
      "phase": "ACKNOWLEDGED",
      "at": "2026-10-07T04:38:50.072Z",
      "reply": ""
    },
    {
      "arguments": [
        "shell",
        "uitest",
        "uiInput",
        "click",
        "660",
        "1099"
      ],
      "phase": "ACKNOWLEDGED",
      "at": "2026-10-07T04:38:50.132Z",
      "reply": "No Error\r\n"
    },
    {
      "arguments": [
        "shell",
        "snapshot_display",
        "-t",
        "png",
        "-f",
        "/data/local/tmp/hmos-media-33400-6-playback-audio-paused.png"
      ],
      "phase": "ACKNOWLEDGED",
      "at": "2026-10-07T04:38:50.335Z",
      "reply": "fileType: png\r\nprocess: display 0, file type: png, width: 1320, height: 2232\r\n\r\nsuccess: snapshot display 0 , write to /data/local/tmp/hmos-media-33400-6-playback-audio-paused.png as png, width: 1320, height: 2232\r\n"
    },
    {
      "arguments": [
        "shell",
        "uitest",
        "dumpLayout",
        "-p",
        "/data/local/tmp/hmos-media-33400-6-playback-audio-paused.json"
      ],
      "phase": "ACKNOWLEDGED",
      "at": "2026-10-07T04:38:50.556Z",
      "reply": "DumpLayout saved to:/data/local/tmp/hmos-media-33400-6-playback-audio-paused.json\r\n"
    },
    {
      "arguments": [
        "file",
        "recv",
        "/data/local/tmp/hmos-media-33400-6-playback-audio-paused.png",
        "C:\\Users\\Administrator\\Desktop\\CodeXProjext\\morrow\\hmos\\reports\\ui-source\\v16\\device-current\\playback-audio-paused.png"
      ],
      "phase": "ACKNOWLEDGED",
      "at": "2026-10-07T04:38:51.296Z",
      "reply": "FileTransfer finish, Size:603414, File count = 1, time:77ms rate:7836.55kB/s\r\n"
    },
    {
      "arguments": [
        "file",
        "recv",
        "/data/local/tmp/hmos-media-33400-6-playback-audio-paused.json",
        "C:\\Users\\Administrator\\Desktop\\CodeXProjext\\morrow\\hmos\\reports\\ui-source\\v16\\device-current\\playback-audio-paused.raw.json"
      ],
      "phase": "ACKNOWLEDGED",
      "at": "2026-10-07T04:38:51.476Z",
      "reply": "FileTransfer finish, Size:129727, File count = 1, time:9ms rate:14414.11kB/s\r\n"
    },
    {
      "arguments": [
        "shell",
        "rm",
        "-f",
        "/data/local/tmp/hmos-media-33400-6-playback-audio-paused.png",
        "/data/local/tmp/hmos-media-33400-6-playback-audio-paused.json"
      ],
      "phase": "ACKNOWLEDGED",
      "at": "2026-10-07T04:38:51.534Z",
      "reply": ""
    },
    {
      "arguments": [
        "shell",
        "snapshot_display",
        "-t",
        "png",
        "-f",
        "/data/local/tmp/hmos-media-33400-7-playback-audio-pause-stable.png"
      ],
      "phase": "ACKNOWLEDGED",
      "at": "2026-10-07T04:38:52.914Z",
      "reply": "fileType: png\r\nprocess: display 0, file type: png, width: 1320, height: 2232\r\n\r\nsuccess: snapshot display 0 , write to /data/local/tmp/hmos-media-33400-7-playback-audio-pause-stable.png as png, width: 1320, height: 2232\r\n"
    },
    {
      "arguments": [
        "shell",
        "uitest",
        "dumpLayout",
        "-p",
        "/data/local/tmp/hmos-media-33400-7-playback-audio-pause-stable.json"
      ],
      "phase": "ACKNOWLEDGED",
      "at": "2026-10-07T04:38:53.119Z",
      "reply": "DumpLayout saved to:/data/local/tmp/hmos-media-33400-7-playback-audio-pause-stable.json\r\n"
    },
    {
      "arguments": [
        "file",
        "recv",
        "/data/local/tmp/hmos-media-33400-7-playback-audio-pause-stable.png",
        "C:\\Users\\Administrator\\Desktop\\CodeXProjext\\morrow\\hmos\\reports\\ui-source\\v16\\device-current\\playback-audio-pause-stable.png"
      ],
      "phase": "ACKNOWLEDGED",
      "at": "2026-10-07T04:38:53.833Z",
      "reply": "FileTransfer finish, Size:603414, File count = 1, time:10ms rate:60341.40kB/s\r\n"
    },
    {
      "arguments": [
        "file",
        "recv",
        "/data/local/tmp/hmos-media-33400-7-playback-audio-pause-stable.json",
        "C:\\Users\\Administrator\\Desktop\\CodeXProjext\\morrow\\hmos\\reports\\ui-source\\v16\\device-current\\playback-audio-pause-stable.raw.json"
      ],
      "phase": "ACKNOWLEDGED",
      "at": "2026-10-07T04:38:53.889Z",
      "reply": "FileTransfer finish, Size:129723, File count = 1, time:10ms rate:12972.30kB/s\r\n"
    },
    {
      "arguments": [
        "shell",
        "rm",
        "-f",
        "/data/local/tmp/hmos-media-33400-7-playback-audio-pause-stable.png",
        "/data/local/tmp/hmos-media-33400-7-playback-audio-pause-stable.json"
      ],
      "phase": "ACKNOWLEDGED",
      "at": "2026-10-07T04:38:53.951Z",
      "reply": ""
    }
  ],
  "captures": [
    {
      "label": "playback-audio-before",
      "started": 1791347921293,
      "screenshotAt": 1791347921512,
      "layoutAt": 1791347922261,
      "order": "screenshot before raw native dump",
      "visualReview": "REQUIRED; node presence is not rendered visibility",
      "controls": {
        "present": true,
        "opacity": 0,
        "hitTestBehavior": "Default",
        "inputState": "UNKNOWN",
        "inputStateReason": "dump hitTestBehavior does not prove dispatch",
        "renderState": "OPACITY_ZERO"
      },
      "files": {
        "png": "C:\\Users\\Administrator\\Desktop\\CodeXProjext\\morrow\\hmos\\reports\\ui-source\\v16\\device-current\\playback-audio-before.png",
        "json": "C:\\Users\\Administrator\\Desktop\\CodeXProjext\\morrow\\hmos\\reports\\ui-source\\v16\\device-current\\playback-audio-before.json",
        "raw": "C:\\Users\\Administrator\\Desktop\\CodeXProjext\\morrow\\hmos\\reports\\ui-source\\v16\\device-current\\playback-audio-before.raw.json"
      }
    },
    {
      "label": "playback-audio-reveal-1",
      "started": 1791347923181,
      "screenshotAt": 1791347923433,
      "layoutAt": 1791347924152,
      "order": "screenshot before raw native dump",
      "visualReview": "REQUIRED; node presence is not rendered visibility",
      "controls": {
        "present": true,
        "opacity": 1,
        "hitTestBehavior": "Transparent",
        "inputState": "UNKNOWN",
        "inputStateReason": "dump hitTestBehavior does not prove dispatch",
        "renderState": "OPACITY_ONE"
      },
      "files": {
        "png": "C:\\Users\\Administrator\\Desktop\\CodeXProjext\\morrow\\hmos\\reports\\ui-source\\v16\\device-current\\playback-audio-reveal-1.png",
        "json": "C:\\Users\\Administrator\\Desktop\\CodeXProjext\\morrow\\hmos\\reports\\ui-source\\v16\\device-current\\playback-audio-reveal-1.json",
        "raw": "C:\\Users\\Administrator\\Desktop\\CodeXProjext\\morrow\\hmos\\reports\\ui-source\\v16\\device-current\\playback-audio-reveal-1.raw.json"
      }
    },
    {
      "label": "playback-audio-playing",
      "started": 1791347924561,
      "screenshotAt": 1791347924795,
      "layoutAt": 1791347925531,
      "order": "screenshot before raw native dump",
      "visualReview": "REQUIRED; node presence is not rendered visibility",
      "controls": {
        "present": true,
        "opacity": 1,
        "hitTestBehavior": "Transparent",
        "inputState": "UNKNOWN",
        "inputStateReason": "dump hitTestBehavior does not prove dispatch",
        "renderState": "OPACITY_ONE"
      },
      "files": {
        "png": "C:\\Users\\Administrator\\Desktop\\CodeXProjext\\morrow\\hmos\\reports\\ui-source\\v16\\device-current\\playback-audio-playing.png",
        "json": "C:\\Users\\Administrator\\Desktop\\CodeXProjext\\morrow\\hmos\\reports\\ui-source\\v16\\device-current\\playback-audio-playing.json",
        "raw": "C:\\Users\\Administrator\\Desktop\\CodeXProjext\\morrow\\hmos\\reports\\ui-source\\v16\\device-current\\playback-audio-playing.raw.json"
      }
    },
    {
      "label": "playback-audio-advanced",
      "started": 1791347927105,
      "screenshotAt": 1791347927326,
      "layoutAt": 1791347928059,
      "order": "screenshot before raw native dump",
      "visualReview": "REQUIRED; node presence is not rendered visibility",
      "controls": {
        "present": true,
        "opacity": 0,
        "hitTestBehavior": "Default",
        "inputState": "UNKNOWN",
        "inputStateReason": "dump hitTestBehavior does not prove dispatch",
        "renderState": "OPACITY_ZERO"
      },
      "files": {
        "png": "C:\\Users\\Administrator\\Desktop\\CodeXProjext\\morrow\\hmos\\reports\\ui-source\\v16\\device-current\\playback-audio-advanced.png",
        "json": "C:\\Users\\Administrator\\Desktop\\CodeXProjext\\morrow\\hmos\\reports\\ui-source\\v16\\device-current\\playback-audio-advanced.json",
        "raw": "C:\\Users\\Administrator\\Desktop\\CodeXProjext\\morrow\\hmos\\reports\\ui-source\\v16\\device-current\\playback-audio-advanced.raw.json"
      }
    },
    {
      "label": "playback-audio-reveal-4",
      "started": 1791347928973,
      "screenshotAt": 1791347929212,
      "layoutAt": 1791347929957,
      "order": "screenshot before raw native dump",
      "visualReview": "REQUIRED; node presence is not rendered visibility",
      "controls": {
        "present": true,
        "opacity": 1,
        "hitTestBehavior": "Transparent",
        "inputState": "UNKNOWN",
        "inputStateReason": "dump hitTestBehavior does not prove dispatch",
        "renderState": "OPACITY_ONE"
      },
      "files": {
        "png": "C:\\Users\\Administrator\\Desktop\\CodeXProjext\\morrow\\hmos\\reports\\ui-source\\v16\\device-current\\playback-audio-reveal-4.png",
        "json": "C:\\Users\\Administrator\\Desktop\\CodeXProjext\\morrow\\hmos\\reports\\ui-source\\v16\\device-current\\playback-audio-reveal-4.json",
        "raw": "C:\\Users\\Administrator\\Desktop\\CodeXProjext\\morrow\\hmos\\reports\\ui-source\\v16\\device-current\\playback-audio-reveal-4.raw.json"
      }
    },
    {
      "label": "playback-audio-paused",
      "started": 1791347930335,
      "screenshotAt": 1791347930556,
      "layoutAt": 1791347931296,
      "order": "screenshot before raw native dump",
      "visualReview": "REQUIRED; node presence is not rendered visibility",
      "controls": {
        "present": true,
        "opacity": 1,
        "hitTestBehavior": "Transparent",
        "inputState": "UNKNOWN",
        "inputStateReason": "dump hitTestBehavior does not prove dispatch",
        "renderState": "OPACITY_ONE"
      },
      "files": {
        "png": "C:\\Users\\Administrator\\Desktop\\CodeXProjext\\morrow\\hmos\\reports\\ui-source\\v16\\device-current\\playback-audio-paused.png",
        "json": "C:\\Users\\Administrator\\Desktop\\CodeXProjext\\morrow\\hmos\\reports\\ui-source\\v16\\device-current\\playback-audio-paused.json",
        "raw": "C:\\Users\\Administrator\\Desktop\\CodeXProjext\\morrow\\hmos\\reports\\ui-source\\v16\\device-current\\playback-audio-paused.raw.json"
      }
    },
    {
      "label": "playback-audio-pause-stable",
      "started": 1791347932914,
      "screenshotAt": 1791347933119,
      "layoutAt": 1791347933833,
      "order": "screenshot before raw native dump",
      "visualReview": "REQUIRED; node presence is not rendered visibility",
      "controls": {
        "present": true,
        "opacity": 0,
        "hitTestBehavior": "Default",
        "inputState": "UNKNOWN",
        "inputStateReason": "dump hitTestBehavior does not prove dispatch",
        "renderState": "OPACITY_ZERO"
      },
      "files": {
        "png": "C:\\Users\\Administrator\\Desktop\\CodeXProjext\\morrow\\hmos\\reports\\ui-source\\v16\\device-current\\playback-audio-pause-stable.png",
        "json": "C:\\Users\\Administrator\\Desktop\\CodeXProjext\\morrow\\hmos\\reports\\ui-source\\v16\\device-current\\playback-audio-pause-stable.json",
        "raw": "C:\\Users\\Administrator\\Desktop\\CodeXProjext\\morrow\\hmos\\reports\\ui-source\\v16\\device-current\\playback-audio-pause-stable.raw.json"
      }
    }
  ],
  "result": {
    "before": {
      "kind": "audio",
      "name": "HMOS-dev14-tone.wav",
      "assetId": "asset-draft-import-62a954f711c5144c3f2e333407ecd11f5f1aad374634f95e42a9787a7742ff4f",
      "position": 0,
      "duration": 12,
      "toggleLabel": "▷",
      "playing": false,
      "controls": {
        "present": true,
        "opacity": 0,
        "hitTestBehavior": "Default",
        "inputState": "UNKNOWN",
        "inputStateReason": "dump hitTestBehavior does not prove dispatch",
        "renderState": "OPACITY_ZERO"
      },
      "zone": [
        138,
        667,
        1182,
        1531
      ],
      "fullscreenLabel": "全屏"
    },
    "started": {
      "kind": "audio",
      "name": "HMOS-dev14-tone.wav",
      "assetId": "asset-draft-import-62a954f711c5144c3f2e333407ecd11f5f1aad374634f95e42a9787a7742ff4f",
      "position": 1,
      "duration": 12,
      "toggleLabel": "Ⅱ",
      "playing": true,
      "controls": {
        "present": true,
        "opacity": 1,
        "hitTestBehavior": "Transparent",
        "inputState": "UNKNOWN",
        "inputStateReason": "dump hitTestBehavior does not prove dispatch",
        "renderState": "OPACITY_ONE"
      },
      "zone": [
        138,
        667,
        1182,
        1531
      ],
      "fullscreenLabel": "全屏"
    },
    "advanced": {
      "kind": "audio",
      "name": "HMOS-dev14-tone.wav",
      "assetId": "asset-draft-import-62a954f711c5144c3f2e333407ecd11f5f1aad374634f95e42a9787a7742ff4f",
      "position": 3,
      "duration": 12,
      "toggleLabel": "Ⅱ",
      "playing": true,
      "controls": {
        "present": true,
        "opacity": 0,
        "hitTestBehavior": "Default",
        "inputState": "UNKNOWN",
        "inputStateReason": "dump hitTestBehavior does not prove dispatch",
        "renderState": "OPACITY_ZERO"
      },
      "zone": [
        138,
        667,
        1182,
        1531
      ],
      "fullscreenLabel": "全屏"
    },
    "paused": {
      "kind": "audio",
      "name": "HMOS-dev14-tone.wav",
      "assetId": "asset-draft-import-62a954f711c5144c3f2e333407ecd11f5f1aad374634f95e42a9787a7742ff4f",
      "position": 6,
      "duration": 12,
      "toggleLabel": "▷",
      "playing": false,
      "controls": {
        "present": true,
        "opacity": 1,
        "hitTestBehavior": "Transparent",
        "inputState": "UNKNOWN",
        "inputStateReason": "dump hitTestBehavior does not prove dispatch",
        "renderState": "OPACITY_ONE"
      },
      "zone": [
        138,
        667,
        1182,
        1531
      ],
      "fullscreenLabel": "全屏"
    },
    "stable": {
      "kind": "audio",
      "name": "HMOS-dev14-tone.wav",
      "assetId": "asset-draft-import-62a954f711c5144c3f2e333407ecd11f5f1aad374634f95e42a9787a7742ff4f",
      "position": 6,
      "duration": 12,
      "toggleLabel": "▷",
      "playing": false,
      "controls": {
        "present": true,
        "opacity": 0,
        "hitTestBehavior": "Default",
        "inputState": "UNKNOWN",
        "inputStateReason": "dump hitTestBehavior does not prove dispatch",
        "renderState": "OPACITY_ZERO"
      },
      "zone": [
        138,
        667,
        1182,
        1531
      ],
      "fullscreenLabel": "全屏"
    },
    "audibleOutput": "NOT_PROVEN_BY_UI"
  },
  "completed": "2026-10-07T04:38:54.023Z"
}
