Generated by HiviewDFX@OpenHarmony
================================================================
Device info:emulator
Build info:emulator 7.0.0.106(SP1DEVC00E999R4P11)
DeviceDebuggable:No
Fingerprint:8654d7d5e67af89a2f7021502f0ccf3f92fdd34b674ac2cf926b317faef7efb2
Timestamp:2026-10-07 18:06:56.222
Module name:dev.morrow.hmos
ReleaseType:debug
CpuAbi:x86_64
Version:0.1.0-hmos-dev.19
VersionCode:1000019
IsSystemApp:No
PreInstalled:No
Foreground:Yes
Pid:6435
Uid:20020063
Process name:dev.morrow.hmos
App running unique id:11904858136385475679
Process life time:1735s
Process Memory(kB): 240574(Rss)
Device Memory(kB): Total 4025324, Free 2142988, Available 2796392
Page switch history:
  17:38:02.060 :enters foreground
Reason:Error
Error name:Error
Error message:The component doesn't exist, is currently invisible, or has been disabled.
Error code:150003
Stacktrace:
    at anonymous (obj/foundation/arkui/ace_engine/frameworks/bridge/declarative_frontend/jsUIContext_ohos.js:1274:1)
    at withInstanceId (obj/foundation/arkui/ace_engine/frameworks/bridge/declarative_frontend/jsUIContext_ohos.js:1991:1)
    at requestFocus (obj/foundation/arkui/ace_engine/frameworks/bridge/declarative_frontend/jsUIContext_ohos.js:1273:1)
    at anonymous entry (entry/src/main/ets/pages/EditorTodos.ets:122:75)

HiLog:
10-07 18:06:47.358  6435  6435 I C03911/AceMenu: [(100000:100000:scope)] the area of target node is changed, isMenuHide: 0
10-07 18:06:47.373  6435  6435 I C03911/AceMenu: [(100000:100000:scope)] the area of target node is changed, isMenuHide: 0
10-07 18:06:47.390  6435  6435 I C03911/AceMenu: [(100000:100000:scope)] the area of target node is changed, isMenuHide: 0
10-07 18:06:47.406  6435  6435 I C03911/AceMenu: [(100000:100000:scope)] the area of target node is changed, isMenuHide: 0
10-07 18:06:47.422  6435  6435 I C03911/AceMenu: [(100000:100000:scope)] the area of target node is changed, isMenuHide: 0
10-07 18:06:47.437  6435  6435 I C03911/AceMenu: [(100000:100000:scope)] the area of target node is changed, isMenuHide: 0
10-07 18:06:47.454  6435  6435 I C03911/AceMenu: [(100000:100000:scope)] the area of target node is changed, isMenuHide: 0
10-07 18:06:47.470  6435  6435 I C03911/AceMenu: [(100000:100000:scope)] the area of target node is changed, isMenuHide: 0
10-07 18:06:47.487  6435  6435 I C03911/AceMenu: [(100000:100000:scope)] the area of target node is changed, isMenuHide: 0
10-07 18:06:47.503  6435  6435 I C03911/AceMenu: [(100000:100000:scope)] the area of target node is changed, isMenuHide: 0
10-07 18:06:47.519  6435  6435 I C03911/AceMenu: [(100000:100000:scope)] the area of target node is changed, isMenuHide: 0
10-07 18:06:47.534  6435  6435 I C03911/AceMenu: [(100000:100000:scope)] the area of target node is changed, isMenuHide: 0
10-07 18:06:47.552  6435  6435 I C03911/AceMenu: [(100000:100000:scope)] the area of target node is changed, isMenuHide: 0
10-07 18:06:47.567  6435  6435 I C03911/AceMenu: [(100000:100000:scope)] the area of target node is changed, isMenuHide: 0
10-07 18:06:47.585  6435  6435 I C03911/AceMenu: [(100000:100000:scope)] the area of target node is changed, isMenuHide: 0
10-07 18:06:47.598  6435  6435 I C03911/AceMenu: [(100000:100000:scope)] the area of target node is changed, isMenuHide: 0
10-07 18:06:47.613  6435  6435 I C03911/AceMenu: [(100000:100000:scope)] the area of target node is changed, isMenuHide: 0
10-07 18:06:47.632  6435  6435 I C03911/AceMenu: [(100000:100000:scope)] the area of target node is changed, isMenuHide: 0
10-07 18:06:47.647  6435  6435 I C03911/AceMenu: [(100000:100000:scope)] the area of target node is changed, isMenuHide: 0
10-07 18:06:47.664  6435  6435 I C03911/AceMenu: [(100000:100000:scope)] the area of target node is changed, isMenuHide: 0
10-07 18:06:47.678  6435  6435 I C03911/AceMenu: [(100000:100000:scope)] the area of target node is changed, isMenuHide: 0
10-07 18:06:47.694  6435  6435 I C03911/AceMenu: [(100000:100000:scope)] the area of target node is changed, isMenuHide: 0
10-07 18:06:47.710  6435  6435 I C03911/AceMenu: [(100000:100000:scope)] the area of target node is changed, isMenuHide: 0
10-07 18:06:47.715  6435  6435 I C02805/InputKeyFlow: [P:M:5359|249]ac: move, first: 5260-(2026-10-07 18:06:47.010ms), 5359, count: 100
10-07 18:06:47.727  6435  6435 I C03911/AceMenu: [(100000:100000:scope)] the area of target node is changed, isMenuHide: 0
10-07 18:06:47.743  6435  6435 I C03911/AceMenu: [(100000:100000:scope)] the area of target node is changed, isMenuHide: 0
10-07 18:06:47.758  6435  6435 I C03911/AceMenu: [(100000:100000:scope)] the area of target node is changed, isMenuHide: 0
10-07 18:06:47.774  6435  6435 I C03911/AceMenu: [(100000:100000:scope)] the area of target node is changed, isMenuHide: 0
10-07 18:06:47.790  6435  6435 I C03911/AceMenu: [(100000:100000:scope)] the area of target node is changed, isMenuHide: 0
10-07 18:06:47.806  6435  6435 I C03911/AceMenu: [(100000:100000:scope)] the area of target node is changed, isMenuHide: 0
10-07 18:06:47.822  6435  6435 I C03911/AceMenu: [(100000:100000:scope)] the area of target node is changed, isMenuHide: 0
10-07 18:06:47.838  6435  6435 I C03911/AceMenu: [(100000:100000:scope)] the area of target node is changed, isMenuHide: 0
10-07 18:06:47.854  6435  6435 I C03911/AceMenu: [(100000:100000:scope)] the area of target node is changed, isMenuHide: 0
10-07 18:06:47.869  6435  6435 I C03911/AceMenu: [(100000:100000:scope)] the area of target node is changed, isMenuHide: 0
10-07 18:06:47.885  6435  6435 I C03911/AceMenu: [(100000:100000:scope)] the area of target node is changed, isMenuHide: 0
10-07 18:06:47.902  6435  6435 I C03911/AceMenu: [(100000:100000:scope)] the area of target node is changed, isMenuHide: 0
10-07 18:06:47.919  6435  6435 I C03911/AceMenu: [(100000:100000:scope)] the area of target node is changed, isMenuHide: 0
10-07 18:06:47.932  6435 24759 I C02805/InputKeyFlow: [|74]Ffrt PE:5196 5391
10-07 18:06:47.933  6435  6435 I C03911/AceMenu: [(100000:100000:scope)] the area of target node is changed, isMenuHide: 0
10-07 18:06:47.950  6435  6435 I C03911/AceMenu: [(100000:100000:scope)] the area of target node is changed, isMenuHide: 0
10-07 18:06:47.966  6435  6435 I C03911/AceMenu: [(100000:100000:scope)] the area of target node is changed, isMenuHide: 0
10-07 18:06:47.983  6435  6435 I C03911/AceMenu: [(100000:100000:scope)] the area of target node is changed, isMenuHide: 0
10-07 18:06:47.999  6435  6435 I C03911/AceMenu: [(100000:100000:scope)] the area of target node is changed, isMenuHide: 0
10-07 18:06:48.015  6435  6435 I C03911/AceMenu: [(100000:100000:scope)] the area of target node is changed, isMenuHide: 0
10-07 18:06:48.030  6435  6435 I C03911/AceMenu: [(100000:100000:scope)] the area of target node is changed, isMenuHide: 0
10-07 18:06:48.046  6435  6435 I C03911/AceMenu: [(100000:100000:scope)] the area of target node is changed, isMenuHide: 0
10-07 18:06:48.063  6435  6435 I C03911/AceMenu: [(100000:100000:scope)] the area of target node is changed, isMenuHide: 0
10-07 18:06:48.078  6435  6435 I C03911/AceMenu: [(100000:100000:scope)] the area of target node is changed, isMenuHide: 0
10-07 18:06:48.095  6435  6435 I C03911/AceMenu: [(100000:100000:scope)] the area of target node is changed, isMenuHide: 0
10-07 18:06:48.110  6435  6435 I C03911/AceMenu: [(100000:100000:scope)] the area of target node is changed, isMenuHide: 0
10-07 18:06:48.126  6435  6435 I C03911/AceMenu: [(100000:100000:scope)] the area of target node is changed, isMenuHide: 0
10-07 18:06:48.143  6435  6435 I C03911/AceMenu: [(100000:100000:scope)] the area of target node is changed, isMenuHide: 0
10-07 18:06:48.157  6435  6435 I C03911/AceMenu: [(100000:100000:scope)] the area of target node is changed, isMenuHide: 0
10-07 18:06:48.174  6435  6435 I C03911/AceMenu: [(100000:100000:scope)] the area of target node is changed, isMenuHide: 0
10-07 18:06:48.190  6435  6435 I C03911/AceMenu: [(100000:100000:scope)] the area of target node is changed, isMenuHide: 0
10-07 18:06:48.206  6435  6435 I C03911/AceMenu: [(100000:100000:scope)] the area of target node is changed, isMenuHide: 0
10-07 18:06:48.223  6435  6435 I C03911/AceMenu: [(100000:100000:scope)] the area of target node is changed, isMenuHide: 0
10-07 18:06:48.239  6435  6435 I C03911/AceMenu: [(100000:100000:scope)] the area of target node is changed, isMenuHide: 0
10-07 18:06:48.254  6435  6435 I C03911/AceMenu: [(100000:100000:scope)] the area of target node is changed, isMenuHide: 0
10-07 18:06:48.270  6435  6435 I C03911/AceMenu: [(100000:100000:scope)] the area of target node is changed, isMenuHide: 0
10-07 18:06:48.286  6435  6435 I C03911/AceMenu: [(100000:100000:scope)] the area of target node is changed, isMenuHide: 0
10-07 18:06:48.302  6435  6435 I C03911/AceMenu: [(100000:100000:scope)] the area of target node is changed, isMenuHide: 0
10-07 18:06:48.319  6435  6435 I C03911/AceMenu: [(100000:100000:scope)] the area of target node is changed, isMenuHide: 0
10-07 18:06:48.335  6435  6435 I C03911/AceMenu: [(100000:100000:scope)] the area of target node is changed, isMenuHide: 0
10-07 18:06:48.350  6435  6435 I C03911/AceMenu: [(100000:100000:scope)] the area of target node is changed, isMenuHide: 0
10-07 18:06:48.366  6435  6435 I C03911/AceMenu: [(100000:100000:scope)] the area of target node is changed, isMenuHide: 0
10-07 18:06:48.383  6435  6435 I C03911/AceMenu: [(100000:100000:scope)] the area of target node is changed, isMenuHide: 0
10-07 18:06:48.399  6435  6435 I C03911/AceMenu: [(100000:100000:scope)] the area of target node is changed, isMenuHide: 0
10-07 18:06:48.415  6435  6435 I C03911/AceMenu: [(100000:100000:scope)] the area of target node is changed, isMenuHide: 0
10-07 18:06:48.415  6435  6435 I C02805/InputKeyFlow: [P:M:5459|249]ac: move, first: 5360-(2026-10-07 18:06:47.722ms), 5459, count: 100
10-07 18:06:48.430  6435  6435 I C03911/AceMenu: [(100000:100000:scope)] the area of target node is changed, isMenuHide: 0
10-07 18:06:48.447  6435  6435 I C03911/AceMenu: [(100000:100000:scope)] the area of target node is changed, isMenuHide: 0
10-07 18:06:48.462  6435  6435 I C03911/AceMenu: [(100000:100000:scope)] the area of target node is changed, isMenuHide: 0
10-07 18:06:48.479  6435  6435 I C03911/AceMenu: [(100000:100000:scope)] the area of target node is changed, isMenuHide: 0
10-07 18:06:48.494  6435  6435 I C03911/AceMenu: [(100000:100000:scope)] the area of target node is changed, isMenuHide: 0
10-07 18:06:48.510  6435  6435 I C03911/AceMenu: [(100000:100000:scope)] the area of target node is changed, isMenuHide: 0
10-07 18:06:48.528  6435  6435 I C03911/AceMenu: [(100000:100000:scope)] the area of target node is changed, isMenuHide: 0
10-07 18:06:48.543  6435  6435 I C03911/AceMenu: [(100000:100000:scope)] the area of target node is changed, isMenuHide: 0
10-07 18:06:48.558  6435  6435 I C03911/AceMenu: [(100000:100000:scope)] the area of target node is changed, isMenuHide: 0
10-07 18:06:48.576  6435  6435 I C03911/AceMenu: [(100000:100000:scope)] the area of target node is changed, isMenuHide: 0
10-07 18:06:48.590  6435  6435 I C03911/AceMenu: [(100000:100000:scope)] the area of target node is changed, isMenuHide: 0
10-07 18:06:48.607  6435  6435 I C03911/AceMenu: [(100000:100000:scope)] the area of target node is changed, isMenuHide: 0
10-07 18:06:48.622  6435  6435 I C03911/AceMenu: [(100000:100000:scope)] the area of target node is changed, isMenuHide: 0
10-07 18:06:48.639  6435  6435 I C03911/AceMenu: [(100000:100000:scope)] the area of target node is changed, isMenuHide: 0
10-07 18:06:48.654  6435  6435 I C03911/AceMenu: [(100000:100000:scope)] the area of target node is changed, isMenuHide: 0
10-07 18:06:48.670  6435  6435 I C03911/AceMenu: [(100000:100000:scope)] the area of target node is changed, isMenuHide: 0
10-07 18:06:48.685  6435  6435 I C03911/AceMenu: [(100000:100000:scope)] the area of target node is changed, isMenuHide: 0
10-07 18:06:48.703  6435  6435 I C03911/AceMenu: [(100000:100000:scope)] the area of target node is changed, isMenuHide: 0
10-07 18:06:48.719  6435  6435 I C03911/AceMenu: [(100000:100000:scope)] the area of target node is changed, isMenuHide: 0
10-07 18:06:48.734  6435  6435 I C03911/AceMenu: [(100000:100000:scope)] the area of target node is changed, isMenuHide: 0
10-07 18:06:48.751  6435  6435 I C03911/AceMenu: [(100000:100000:scope)] the area of target node is changed, isMenuHide: 0
10-07 18:06:48.767  6435  6435 I C03911/AceMenu: [(100000:100000:scope)] the area of target node is changed, isMenuHide: 0
10-07 18:06:48.783  6435  6435 I C03911/AceMenu: [(100000:100000:scope)] the area of target node is changed, isMenuHide: 0
10-07 18:06:48.799  6435  6435 I C03911/AceMenu: [(100000:100000:scope)] the area of target node is changed, isMenuHide: 0
10-07 18:06:48.814  6435  6435 I C03911/AceMenu: [(100000:100000:scope)] the area of target node is changed, isMenuHide: 0
10-07 18:06:48.830  6435  6435 I C03911/AceMenu: [(100000:100000:scope)] the area of target node is changed, isMenuHide: 0
10-07 18:06:48.847  6435  6435 I C03911/AceMenu: [(100000:100000:scope)] the area of target node is changed, isMenuHide: 0
10-07 18:06:48.862  6435  6435 I C03911/AceMenu: [(100000:100000:scope)] the area of target node is changed, isMenuHide: 0
10-07 18:06:48.879  6435  6435 I C03911/AceMenu: [(100000:100000:scope)] the area of target node is changed, isMenuHide: 0
10-07 18:06:48.895  6435  6435 I C03911/AceMenu: [(100000:100000:scope)] the area of target node is changed, isMenuHide: 0
10-07 18:06:48.910  6435  6435 I C03911/AceMenu: [(100000:100000:scope)] the area of target node is changed, isMenuHide: 0
10-07 18:06:50.455  6435  6435 W C01400/Vsync: PrintRequestTs: recv vsync timeout, from:WM_6435, now:25207142082509, fromRsTs:25205611200000, timeInterval:1530882509ns
10-07 18:06:50.479  6435  6435 I C03911/AceMenu: [(100000:100000:scope)] the area of target node is changed, isMenuHide: 0
10-07 18:06:50.494  6435  6435 I C03911/AceMenu: [(100000:100000:scope)] the area of target node is changed, isMenuHide: 0
10-07 18:06:50.525  6435  6435 I C03911/AceMenu: [(100000:100000:scope)] the area of target node is changed, isMenuHide: 0
10-07 18:06:50.543  6435  6435 I C03911/AceMenu: [(100000:100000:scope)] the area of target node is changed, isMenuHide: 0
10-07 18:06:50.558  6435  6435 I C03911/AceMenu: [(100000:100000:scope)] the area of target node is changed, isMenuHide: 0
10-07 18:06:50.574  6435  6435 I C03911/AceMenu: [(100000:100000:scope)] the area of target node is changed, isMenuHide: 0
10-07 18:06:50.595  6435  6435 I C03911/AceMenu: [(100000:100000:scope)] the area of target node is changed, isMenuHide: 0
10-07 18:06:50.607  6435  6435 I C03911/AceMenu: [(100000:100000:scope)] the area of target node is changed, isMenuHide: 0
10-07 18:06:50.621  6435  6435 I C03911/AceMenu: [(100000:100000:scope)] the area of target node is changed, isMenuHide: 0
10-07 18:06:50.638  6435  6435 I C03911/AceMenu: [(100000:100000:scope)] the area of target node is changed, isMenuHide: 0
10-07 18:06:50.655  6435  6435 I C03911/AceMenu: [(100000:100000:scope)] the area of target node is changed, isMenuHide: 0
10-07 18:06:50.670  6435  6435 I C03911/AceMenu: [(100000:100000:scope)] the area of target node is changed, isMenuHide: 0
10-07 18:06:50.687  6435  6435 I C02805/InputKeyFlow: [P:M:5559|249]ac: move, first: 5460-(2026-10-07 18:06:48.422ms), 5559, count: 100
10-07 18:06:50.688  6435  6435 I C03911/AceMenu: [(100000:100000:scope)] the area of target node is changed, isMenuHide: 0
10-07 18:06:50.703  6435  6435 I C03911/AceMenu: [(100000:100000:scope)] the area of target node is changed, isMenuHide: 0
10-07 18:06:50.718  6435  6435 I C03911/AceMenu: [(100000:100000:scope)] the area of target node is changed, isMenuHide: 0
10-07 18:06:50.735  6435  6435 I C03911/AceMenu: [(100000:100000:scope)] the area of target node is changed, isMenuHide: 0
10-07 18:06:50.750  6435  6435 I C03911/AceMenu: [(100000:100000:scope)] the area of target node is changed, isMenuHide: 0
10-07 18:06:50.772  6435  6435 I C03911/AceMenu: [(100000:100000:scope)] the area of target node is changed, isMenuHide: 0
10-07 18:06:50.782  6435  6435 I C03911/AceMenu: [(100000:100000:scope)] the area of target node is changed, isMenuHide: 0
10-07 18:06:50.799  6435  6435 I C03911/AceMenu: [(100000:100000:scope)] the area of target node is changed, isMenuHide: 0
10-07 18:06:50.815  6435  6435 I C03911/AceMenu: [(100000:100000:scope)] the area of target node is changed, isMenuHide: 0
10-07 18:06:50.830  6435  6435 I C03911/AceMenu: [(100000:100000:scope)] the area of target node is changed, isMenuHide: 0
10-07 18:06:50.847  6435  6435 I C03911/AceMenu: [(100000:100000:scope)] the area of target node is changed, isMenuHide: 0
10-07 18:06:50.863  6435  6435 I C03911/AceMenu: [(100000:100000:scope)] the area of target node is changed, isMenuHide: 0
10-07 18:06:50.878  6435  6435 I C03911/AceMenu: [(100000:100000:scope)] the area of target node is changed, isMenuHide: 0
10-07 18:06:50.894  6435  6435 I C03911/AceMenu: [(100000:100000:scope)] the area of target node is changed, isMenuHide: 0
10-07 18:06:50.900  6435 24759 I C02805/InputKeyFlow: [|74]Ffrt PE:5393 5590
10-07 18:06:50.911  6435  6435 I C03911/AceMenu: [(100000:100000:scope)] the area of target node is changed, isMenuHide: 0
10-07 18:06:50.930  6435  6435 I C03911/AceMenu: [(100000:100000:scope)] the area of target node is changed, isMenuHide: 0
10-07 18:06:50.933  6435  6435 I C02805/InputKeyFlow: [P:U:5595|249]ac: move, first: 5560-(2026-10-07 18:06:50.693ms), 5594, count: 35, last: ac: up: 5595
10-07 18:06:50.933  6435  6435 I C02805/InputKeyFlow: [P:U:5595|707]recv
10-07 18:06:50.933  6435  6435 I C04213/InputKeyFlow: HandleInputEvent: eid:9,InputId:5595,wid:87,ac:4
10-07 18:06:50.934  6435  6435 I C03951/InputKeyFlow: [(100000:100000:scope)] ITK Id:5595, fId:10000, T:1, I=0, M=0
10-07 18:06:50.934  6435  6435 I C0390b/AceScrollable: [(100000:100000:scope)] Scroll drag end, velocity is 489.122488 id:273, tag:Scroll, dragCnt:1
10-07 18:06:50.934  6435  6435 I C0390b/AceScrollable: [(100000:100000:scope)] ScrollablePattern::SetUiDvsyncSwitch SetUiDvsyncSwitch true
10-07 18:06:50.934  6435  6435 I C03919/AceInputTracking: [(100000:100000:scope)] Consumed id:5595, last id:5594
10-07 18:06:50.941  6435  6435 I C03911/AceMenu: [(100000:100000:scope)] the area of target node is changed, isMenuHide: 0
10-07 18:06:50.942  6435  6435 I C03911/AceMenu: [(100000:100000:scope)] the area of target node is changed, isMenuHide: 0
10-07 18:06:50.959  6435  6435 I C03911/AceMenu: [(100000:100000:scope)] the area of target node is changed, isMenuHide: 0
10-07 18:06:50.975  6435  6435 I C03911/AceMenu: [(100000:100000:scope)] the area of target node is changed, isMenuHide: 0
10-07 18:06:50.991  6435  6435 I C03911/AceMenu: [(100000:100000:scope)] the area of target node is changed, isMenuHide: 0
10-07 18:06:51.006  6435  6435 I C03911/AceMenu: [(100000:100000:scope)] the area of target node is changed, isMenuHide: 0
10-07 18:06:51.021  6435  6435 I C0390b/AceScrollable: [(100000:100000:scope)] UpdateCurrentOffset==>[HandleCrashTop();]
10-07 18:06:51.021  6435  6435 I C03911/AceMenu: [(100000:100000:scope)] the area of target node is changed, isMenuHide: 0
10-07 18:06:51.038  6435  6435 I C0390b/AceScrollable: [(100000:100000:scope)] ScrollablePattern::SetUiDvsyncSwitch SetUiDvsyncSwitch false
10-07 18:06:51.039  6435  6435 I C01706/ueaClient-FrameWindowMgr: fling end
10-07 18:06:51.413  6435  6503 I C01d02/accessibility_asacfwk: [(NotifyStateChanged:771)]observers size is 1
10-07 18:06:51.413  6435  6503 I C01d02/accessibility_asacfwk: [(NotifyStateChanged:771)]observers size is 1
10-07 18:06:51.413  6435  6435 I C01d02/accessibility_asacfwk: [(RegisterElementOperator:431)]Register windowId[87] start
10-07 18:06:52.023  6435  6503 I C01d02/accessibility_asacfwk: [(NotifyStateChanged:771)]observers size is 1
10-07 18:06:52.023  6435  6503 I C01d02/accessibility_asacfwk: [(NotifyStateChanged:771)]observers size is 1
10-07 18:06:52.023  6435  6435 I C01d02/accessibility_asacfwk: [(DeregisterElementOperator:512)]Deregister windowId[87] start
10-07 18:06:52.235  6435  6435 I C02805/InputKeyFlow: [P:D:5596|249]ac: down: 5596
10-07 18:06:52.235  6435  6435 I C02805/InputKeyFlow: [P:D:5596|707]recv
10-07 18:06:52.235  6435  6435 I C04213/InputKeyFlow: HandleInputEvent: eid:10,InputId:5596,wid:87,ac:2
10-07 18:06:52.236  6435  6435 I C03951/InputKeyFlow: [(100000:100000:scope)] ITK Id:5596, fId:10000, T:0, I=0, M=0
10-07 18:06:52.236  6435  6435 I C03951/InputKeyFlow: [(100000:100000:scope)] ITK Id:5596, TTHNI:fId: 10000{ T: Scroll, D: 9 };
10-07 18:06:52.236  6435  6435 I C03951/InputKeyFlow: [(100000:100000:scope)] ITK Id:5596, TTHRTI: T ClickRecognizer info: { T: Scroll };T PanRecognizer info: { T: Scroll };
10-07 18:06:52.237  6435  6435 I C03919/AceInputTracking: [(100000:100000:scope)] Consumed id:5596, last id:5594
10-07 18:06:52.243  6435  6435 I C02805/InputKeyFlow: [P:M:5597|249]ac: move: 5597
10-07 18:06:52.285  6435  6435 I C03951/InputKeyFlow: [(100000:100000:scope)] PAN RACC, T: Scroll, DIS x 0.000000, y -16.894409
10-07 18:06:52.285  6435  6435 I C0390b/AceScrollable: [(100000:100000:scope)] Scroll drag start, id:273, tag:Scroll
10-07 18:06:52.285  6435  6435 I C01706/ueaClient-FrameWindowMgr: fling start
10-07 18:06:52.286  6435  6435 I C03911/AceMenu: [(100000:100000:scope)] the area of target node is changed, isMenuHide: 0
10-07 18:06:52.302  6435  6435 I C03911/AceMenu: [(100000:100000:scope)] the area of target node is changed, isMenuHide: 0
10-07 18:06:52.318  6435  6435 I C03911/AceMenu: [(100000:100000:scope)] the area of target node is changed, isMenuHide: 0
10-07 18:06:52.333  6435  6435 I C03911/AceMenu: [(100000:100000:scope)] the area of target node is changed, isMenuHide: 0
10-07 18:06:52.350  6435  6435 I C03911/AceMenu: [(100000:100000:scope)] the area of target node is changed, isMenuHide: 0
10-07 18:06:52.367  6435  6435 I C03911/AceMenu: [(100000:100000:scope)] the area of target node is changed, isMenuHide: 0
10-07 18:06:52.384  6435  6435 I C03911/AceMenu: [(100000:100000:scope)] the area of target node is changed, isMenuHide: 0
10-07 18:06:52.398  6435  6435 I C03911/AceMenu: [(100000:100000:scope)] the area of target node is changed, isMenuHide: 0
10-07 18:06:52.414  6435  6435 I C03911/AceMenu: [(100000:100000:scope)] the area of target node is changed, isMenuHide: 0
10-07 18:06:52.431  6435  6435 I C03911/AceMenu: [(100000:100000:scope)] the area of target node is changed, isMenuHide: 0
10-07 18:06:52.445  6435  6435 I C03911/AceMenu: [(100000:100000:scope)] the area of target node is changed, isMenuHide: 0
10-07 18:06:52.463  6435  6435 I C03911/AceMenu: [(100000:100000:scope)] the area of target node is changed, isMenuHide: 0
10-07 18:06:52.478  6435  6435 I C03911/AceMenu: [(100000:100000:scope)] the area of target node is changed, isMenuHide: 0
10-07 18:06:52.494  6435  6435 I C03911/AceMenu: [(100000:100000:scope)] the area of target node is changed, isMenuHide: 0
10-07 18:06:52.511  6435  6435 I C03911/AceMenu: [(100000:100000:scope)] the area of target node is changed, isMenuHide: 0
10-07 18:06:52.527  6435  6435 I C03911/AceMenu: [(100000:100000:scope)] the area of target node is changed, isMenuHide: 0
10-07 18:06:52.543  6435  6435 I C03911/AceMenu: [(100000:100000:scope)] the area of target node is changed, isMenuHide: 0
10-07 18:06:52.558  6435  6435 I C03911/AceMenu: [(100000:100000:scope)] the area of target node is changed, isMenuHide: 0
10-07 18:06:52.575  6435  6435 I C03911/AceMenu: [(100000:100000:scope)] the area of target node is changed, isMenuHide: 0
10-07 18:06:52.590  6435  6435 I C03911/AceMenu: [(100000:100000:scope)] the area of target node is changed, isMenuHide: 0
10-07 18:06:52.607  6435  6435 I C03911/AceMenu: [(100000:100000:scope)] the area of target node is changed, isMenuHide: 0
10-07 18:06:52.622  6435  6435 I C03911/AceMenu: [(100000:100000:scope)] the area of target node is changed, isMenuHide: 0
10-07 18:06:52.637  6435  6435 I C03911/AceMenu: [(100000:100000:scope)] the area of target node is changed, isMenuHide: 0
10-07 18:06:52.655  6435  6435 I C03911/AceMenu: [(100000:100000:scope)] the area of target node is changed, isMenuHide: 0
10-07 18:06:52.670  6435  6435 I C03911/AceMenu: [(100000:100000:scope)] the area of target node is changed, isMenuHide: 0
10-07 18:06:52.687  6435  6435 I C03911/AceMenu: [(100000:100000:scope)] the area of target node is changed, isMenuHide: 0
10-07 18:06:52.704  6435  6435 I C03911/AceMenu: [(100000:100000:scope)] the area of target node is changed, isMenuHide: 0
10-07 18:06:52.718  6435  6435 I C03911/AceMenu: [(100000:100000:scope)] the area of target node is changed, isMenuHide: 0
10-07 18:06:52.739  6435  6435 I C03911/AceMenu: [(100000:100000:scope)] the area of target node is changed, isMenuHide: 0
10-07 18:06:52.751  6435  6435 I C03911/AceMenu: [(100000:100000:scope)] the area of target node is changed, isMenuHide: 0
10-07 18:06:52.767  6435  6435 I C03911/AceMenu: [(100000:100000:scope)] the area of target node is changed, isMenuHide: 0
10-07 18:06:52.782  6435  6435 I C03911/AceMenu: [(100000:100000:scope)] the area of target node is changed, isMenuHide: 0
10-07 18:06:52.800  6435  6435 I C03911/AceMenu: [(100000:100000:scope)] the area of target node is changed, isMenuHide: 0
10-07 18:06:52.815  6435  6435 I C03911/AceMenu: [(100000:100000:scope)] the area of target node is changed, isMenuHide: 0
10-07 18:06:52.830  6435  6435 I C03911/AceMenu: [(100000:100000:scope)] the area of target node is changed, isMenuHide: 0
10-07 18:06:52.846  6435  6435 I C03911/AceMenu: [(100000:100000:scope)] the area of target node is changed, isMenuHide: 0
10-07 18:06:52.863  6435  6435 I C03911/AceMenu: [(100000:100000:scope)] the area of target node is changed, isMenuHide: 0
10-07 18:06:52.884  6435  6435 I C03911/AceMenu: [(100000:100000:scope)] the area of target node is changed, isMenuHide: 0
10-07 18:06:52.899  6435  6435 I C03911/AceMenu: [(100000:100000:scope)] the area of target node is changed, isMenuHide: 0
10-07 18:06:52.911  6435  6435 I C03911/AceMenu: [(100000:100000:scope)] the area of target node is changed, isMenuHide: 0
10-07 18:06:52.927  6435  6435 I C03911/AceMenu: [(100000:100000:scope)] the area of target node is changed, isMenuHide: 0
10-07 18:06:52.931  6435  6435 I C02805/InputKeyFlow: [P:M:5697|249]ac: move, first: 5598-(2026-10-07 18:06:52.249ms), 5697, count: 100
10-07 18:06:52.944  6435  6435 I C03911/AceMenu: [(100000:100000:scope)] the area of target node is changed, isMenuHide: 0
10-07 18:06:52.960  6435  6435 I C03911/AceMenu: [(100000:100000:scope)] the area of target node is changed, isMenuHide: 0
10-07 18:06:52.976  6435  6435 I C03911/AceMenu: [(100000:100000:scope)] the area of target node is changed, isMenuHide: 0
10-07 18:06:52.992  6435  6435 I C03911/AceMenu: [(100000:100000:scope)] the area of target node is changed, isMenuHide: 0
10-07 18:06:53.006  6435  6435 I C03911/AceMenu: [(100000:100000:scope)] the area of target node is changed, isMenuHide: 0
10-07 18:06:53.023  6435  6435 I C03911/AceMenu: [(100000:100000:scope)] the area of target node is changed, isMenuHide: 0
10-07 18:06:53.039  6435  6435 I C03911/AceMenu: [(100000:100000:scope)] the area of target node is changed, isMenuHide: 0
10-07 18:06:53.054  6435  6435 I C03911/AceMenu: [(100000:100000:scope)] the area of target node is changed, isMenuHide: 0
10-07 18:06:53.071  6435  6435 I C03911/AceMenu: [(100000:100000:scope)] the area of target node is changed, isMenuHide: 0
10-07 18:06:53.087  6435  6435 I C03911/AceMenu: [(100000:100000:scope)] the area of target node is changed, isMenuHide: 0
10-07 18:06:53.107  6435  6435 I C03911/AceMenu: [(100000:100000:scope)] the area of target node is changed, isMenuHide: 0
10-07 18:06:53.120  6435  6435 I C03911/AceMenu: [(100000:100000:scope)] the area of target node is changed, isMenuHide: 0
10-07 18:06:53.135  6435  6435 I C03911/AceMenu: [(100000:100000:scope)] the area of target node is changed, isMenuHide: 0
10-07 18:06:53.151  6435  6435 I C03911/AceMenu: [(100000:100000:scope)] the area of target node is changed, isMenuHide: 0
10-07 18:06:53.168  6435  6435 I C03911/AceMenu: [(100000:100000:scope)] the area of target node is changed, isMenuHide: 0
10-07 18:06:53.183  6435  6435 I C03911/AceMenu: [(100000:100000:scope)] the area of target node is changed, isMenuHide: 0
10-07 18:06:53.198  6435  6435 I C03911/AceMenu: [(100000:100000:scope)] the area of target node is changed, isMenuHide: 0
10-07 18:06:53.214  6435  6435 I C03911/AceMenu: [(100000:100000:scope)] the area of target node is changed, isMenuHide: 0
10-07 18:06:53.231  6435  6435 I C03911/AceMenu: [(100000:100000:scope)] the area of target node is changed, isMenuHide: 0
10-07 18:06:53.247  6435  6435 I C03911/AceMenu: [(100000:100000:scope)] the area of target node is changed, isMenuHide: 0
10-07 18:06:53.261  6435  6435 I C03911/AceMenu: [(100000:100000:scope)] the area of target node is changed, isMenuHide: 0
10-07 18:06:53.279  6435  6435 I C03911/AceMenu: [(100000:100000:scope)] the area of target node is changed, isMenuHide: 0
10-07 18:06:53.295  6435  6435 I C03911/AceMenu: [(100000:100000:scope)] the area of target node is changed, isMenuHide: 0
10-07 18:06:53.311  6435  6435 I C03911/AceMenu: [(100000:100000:scope)] the area of target node is changed, isMenuHide: 0
10-07 18:06:53.327  6435  6435 I C03911/AceMenu: [(100000:100000:scope)] the area of target node is changed, isMenuHide: 0
10-07 18:06:53.343  6435  6435 I C03911/AceMenu: [(100000:100000:scope)] the area of target node is changed, isMenuHide: 0
10-07 18:06:53.360  6435  6435 I C03911/AceMenu: [(100000:100000:scope)] the area of target node is changed, isMenuHide: 0
10-07 18:06:53.375  6435  6435 I C03911/AceMenu: [(100000:100000:scope)] the area of target node is changed, isMenuHide: 0
10-07 18:06:53.390  6435  6435 I C03911/AceMenu: [(100000:100000:scope)] the area of target node is changed, isMenuHide: 0
10-07 18:06:53.408  6435  6435 I C03911/AceMenu: [(100000:100000:scope)] the area of target node is changed, isMenuHide: 0
10-07 18:06:53.424  6435  6435 I C03911/AceMenu: [(100000:100000:scope)] the area of target node is changed, isMenuHide: 0
10-07 18:06:53.439  6435  6435 I C03911/AceMenu: [(100000:100000:scope)] the area of target node is changed, isMenuHide: 0
10-07 18:06:53.454  6435  6435 I C03911/AceMenu: [(100000:100000:scope)] the area of target node is changed, isMenuHide: 0
10-07 18:06:53.470  6435  6435 I C03911/AceMenu: [(100000:100000:scope)] the area of target node is changed, isMenuHide: 0
10-07 18:06:53.491  6435  6435 I C03911/AceMenu: [(100000:100000:scope)] the area of target node is changed, isMenuHide: 0
10-07 18:06:53.503  6435  6435 I C03911/AceMenu: [(100000:100000:scope)] the area of target node is changed, isMenuHide: 0
10-07 18:06:53.519  6435  6435 I C03911/AceMenu: [(100000:100000:scope)] the area of target node is changed, isMenuHide: 0
10-07 18:06:53.536  6435  6435 I C03911/AceMenu: [(100000:100000:scope)] the area of target node is changed, isMenuHide: 0
10-07 18:06:53.550  6435  6435 I C03911/AceMenu: [(100000:100000:scope)] the area of target node is changed, isMenuHide: 0
10-07 18:06:53.567  6435  6435 I C03911/AceMenu: [(100000:100000:scope)] the area of target node is changed, isMenuHide: 0
10-07 18:06:53.574  6435 24759 I C02805/InputKeyFlow: [|74]Ffrt PE:5592 5785
10-07 18:06:53.582  6435  6435 I C03911/AceMenu: [(100000:100000:scope)] the area of target node is changed, isMenuHide: 0
10-07 18:06:53.599  6435  6435 I C03911/AceMenu: [(100000:100000:scope)] the area of target node is changed, isMenuHide: 0
10-07 18:06:53.614  6435  6435 I C03911/AceMenu: [(100000:100000:scope)] the area of target node is changed, isMenuHide: 0
10-07 18:06:53.630  6435  6435 I C03911/AceMenu: [(100000:100000:scope)] the area of target node is changed, isMenuHide: 0
10-07 18:06:53.646  6435  6435 I C03911/AceMenu: [(100000:100000:scope)] the area of target node is changed, isMenuHide: 0
10-07 18:06:53.658  6435  6435 I C02805/InputKeyFlow: [P:M:5797|249]ac: move, first: 5698-(2026-10-07 18:06:52.937ms), 5797, count: 100
10-07 18:06:53.662  6435  6435 I C03911/AceMenu: [(100000:100000:scope)] the area of target node is changed, isMenuHide: 0
10-07 18:06:53.680  6435  6435 I C03911/AceMenu: [(100000:100000:scope)] the area of target node is changed, isMenuHide: 0
10-07 18:06:53.695  6435  6435 I C03911/AceMenu: [(100000:100000:scope)] the area of target node is changed, isMenuHide: 0
10-07 18:06:53.711  6435  6435 I C03911/AceMenu: [(100000:100000:scope)] the area of target node is changed, isMenuHide: 0
10-07 18:06:53.727  6435  6435 I C03911/AceMenu: [(100000:100000:scope)] the area of target node is changed, isMenuHide: 0
10-07 18:06:53.743  6435  6435 I C03911/AceMenu: [(100000:100000:scope)] the area of target node is changed, isMenuHide: 0
10-07 18:06:53.760  6435  6435 I C03911/AceMenu: [(100000:100000:scope)] the area of target node is changed, isMenuHide: 0
10-07 18:06:53.775  6435  6435 I C03911/AceMenu: [(100000:100000:scope)] the area of target node is changed, isMenuHide: 0
10-07 18:06:53.792  6435  6435 I C03911/AceMenu: [(100000:100000:scope)] the area of target node is changed, isMenuHide: 0
10-07 18:06:53.807  6435  6435 I C03911/AceMenu: [(100000:100000:scope)] the area of target node is changed, isMenuHide: 0
10-07 18:06:53.823  6435  6435 I C03911/AceMenu: [(100000:100000:scope)] the area of target node is changed, isMenuHide: 0
10-07 18:06:53.839  6435  6435 I C03911/AceMenu: [(100000:100000:scope)] the area of target node is changed, isMenuHide: 0
10-07 18:06:53.854  6435  6435 I C03911/AceMenu: [(100000:100000:scope)] the area of target node is changed, isMenuHide: 0
10-07 18:06:53.870  6435  6435 I C03911/AceMenu: [(100000:100000:scope)] the area of target node is changed, isMenuHide: 0
10-07 18:06:53.886  6435  6435 I C03911/AceMenu: [(100000:100000:scope)] the area of target node is changed, isMenuHide: 0
10-07 18:06:53.903  6435  6435 I C03911/AceMenu: [(100000:100000:scope)] the area of target node is changed, isMenuHide: 0
10-07 18:06:53.920  6435  6435 I C03911/AceMenu: [(100000:100000:scope)] the area of target node is changed, isMenuHide: 0
10-07 18:06:53.936  6435  6435 I C03911/AceMenu: [(100000:100000:scope)] the area of target node is changed, isMenuHide: 0
10-07 18:06:53.951  6435  6435 I C03911/AceMenu: [(100000:100000:scope)] the area of target node is changed, isMenuHide: 0
10-07 18:06:53.967  6435  6435 I C03911/AceMenu: [(100000:100000:scope)] the area of target node is changed, isMenuHide: 0
10-07 18:06:53.984  6435  6435 I C03911/AceMenu: [(100000:100000:scope)] the area of target node is changed, isMenuHide: 0
10-07 18:06:53.999  6435  6435 I C03911/AceMenu: [(100000:100000:scope)] the area of target node is changed, isMenuHide: 0
10-07 18:06:54.016  6435  6435 I C03911/AceMenu: [(100000:100000:scope)] the area of target node is changed, isMenuHide: 0
10-07 18:06:54.031  6435  6435 I C03911/AceMenu: [(100000:100000:scope)] the area of target node is changed, isMenuHide: 0
10-07 18:06:54.047  6435  6435 I C03911/AceMenu: [(100000:100000:scope)] the area of target node is changed, isMenuHide: 0
10-07 18:06:54.065  6435  6435 I C03911/AceMenu: [(100000:100000:scope)] the area of target node is changed, isMenuHide: 0
10-07 18:06:54.079  6435  6435 I C03911/AceMenu: [(100000:100000:scope)] the area of target node is changed, isMenuHide: 0
10-07 18:06:54.094  6435  6435 I C03911/AceMenu: [(100000:100000:scope)] the area of target node is changed, isMenuHide: 0
10-07 18:06:54.110  6435  6435 I C03911/AceMenu: [(100000:100000:scope)] the area of target node is changed, isMenuHide: 0
10-07 18:06:54.126  6435  6435 I C03911/AceMenu: [(100000:100000:scope)] the area of target node is changed, isMenuHide: 0
10-07 18:06:54.143  6435  6435 I C03911/AceMenu: [(100000:100000:scope)] the area of target node is changed, isMenuHide: 0
10-07 18:06:54.158  6435  6435 I C03911/AceMenu: [(100000:100000:scope)] the area of target node is changed, isMenuHide: 0
10-07 18:06:54.175  6435  6435 I C03911/AceMenu: [(100000:100000:scope)] the area of target node is changed, isMenuHide: 0
10-07 18:06:54.191  6435  6435 I C03911/AceMenu: [(100000:100000:scope)] the area of target node is changed, isMenuHide: 0
10-07 18:06:54.207  6435  6435 I C03911/AceMenu: [(100000:100000:scope)] the area of target node is changed, isMenuHide: 0
10-07 18:06:54.222  6435  6435 I C03911/AceMenu: [(100000:100000:scope)] the area of target node is changed, isMenuHide: 0
10-07 18:06:54.239  6435  6435 I C03911/AceMenu: [(100000:100000:scope)] the area of target node is changed, isMenuHide: 0
10-07 18:06:54.254  6435  6435 I C03911/AceMenu: [(100000:100000:scope)] the area of target node is changed, isMenuHide: 0
10-07 18:06:54.270  6435  6435 I C03911/AceMenu: [(100000:100000:scope)] the area of target node is changed, isMenuHide: 0
10-07 18:06:54.287  6435  6435 I C03911/AceMenu: [(100000:100000:scope)] the area of target node is changed, isMenuHide: 0
10-07 18:06:54.303  6435  6435 I C03911/AceMenu: [(100000:100000:scope)] the area of target node is changed, isMenuHide: 0
10-07 18:06:54.319  6435  6435 I C03911/AceMenu: [(100000:100000:scope)] the area of target node is changed, isMenuHide: 0
10-07 18:06:54.335  6435  6435 I C03911/AceMenu: [(100000:100000:scope)] the area of target node is changed, isMenuHide: 0
10-07 18:06:54.351  6435  6435 I C02805/InputKeyFlow: [P:M:5897|249]ac: move, first: 5798-(2026-10-07 18:06:53.666ms), 5897, count: 100
10-07 18:06:54.352  6435  6435 I C03911/AceMenu: [(100000:100000:scope)] the area of target node is changed, isMenuHide: 0
10-07 18:06:54.368  6435  6435 I C03911/AceMenu: [(100000:100000:scope)] the area of target node is changed, isMenuHide: 0
10-07 18:06:54.383  6435  6435 I C03911/AceMenu: [(100000:100000:scope)] the area of target node is changed, isMenuHide: 0
10-07 18:06:54.398  6435  6435 I C03911/AceMenu: [(100000:100000:scope)] the area of target node is changed, isMenuHide: 0
10-07 18:06:54.414  6435  6435 I C03911/AceMenu: [(100000:100000:scope)] the area of target node is changed, isMenuHide: 0
10-07 18:06:54.430  6435  6435 I C03911/AceMenu: [(100000:100000:scope)] the area of target node is changed, isMenuHide: 0
10-07 18:06:54.446  6435  6435 I C03911/AceMenu: [(100000:100000:scope)] the area of target node is changed, isMenuHide: 0
10-07 18:06:54.462  6435  6435 I C03911/AceMenu: [(100000:100000:scope)] the area of target node is changed, isMenuHide: 0
10-07 18:06:54.482  6435  6435 I C03911/AceMenu: [(100000:100000:scope)] the area of target node is changed, isMenuHide: 0
10-07 18:06:54.549  6435  6435 I C03911/AceMenu: [(100000:100000:scope)] the area of target node is changed, isMenuHide: 0
10-07 18:06:54.558  6435  6435 I C03911/AceMenu: [(100000:100000:scope)] the area of target node is changed, isMenuHide: 0
10-07 18:06:54.575  6435  6435 I C03911/AceMenu: [(100000:100000:scope)] the area of target node is changed, isMenuHide: 0
10-07 18:06:54.596  6435  6435 I C03911/AceMenu: [(100000:100000:scope)] the area of target node is changed, isMenuHide: 0
10-07 18:06:54.608  6435  6435 I C03911/AceMenu: [(100000:100000:scope)] the area of target node is changed, isMenuHide: 0
10-07 18:06:54.631  6435  6435 I C03911/AceMenu: [(100000:100000:scope)] the area of target node is changed, isMenuHide: 0
10-07 18:06:54.646  6435  6435 I C03911/AceMenu: [(100000:100000:scope)] the area of target node is changed, isMenuHide: 0
10-07 18:06:54.654  6435  6435 I C03911/AceMenu: [(100000:100000:scope)] the area of target node is changed, isMenuHide: 0
10-07 18:06:54.670  6435  6435 I C03911/AceMenu: [(100000:100000:scope)] the area of target node is changed, isMenuHide: 0
10-07 18:06:54.685  6435  6435 I C03911/AceMenu: [(100000:100000:scope)] the area of target node is changed, isMenuHide: 0
10-07 18:06:54.689  6435  6435 I C02805/InputKeyFlow: [P:U:5933|249]ac: move, first: 5898-(2026-10-07 18:06:54.357ms), 5932, count: 35, last: ac: up: 5933
10-07 18:06:54.689  6435  6435 I C02805/InputKeyFlow: [P:U:5933|707]recv
10-07 18:06:54.689  6435  6435 I C04213/InputKeyFlow: HandleInputEvent: eid:11,InputId:5933,wid:87,ac:4
10-07 18:06:54.689  6435  6435 I C03951/InputKeyFlow: [(100000:100000:scope)] ITK Id:5933, fId:10000, T:1, I=0, M=0
10-07 18:06:54.690  6435  6435 I C0390b/AceScrollable: [(100000:100000:scope)] Scroll drag end, velocity is -444.365048 id:273, tag:Scroll, dragCnt:1
10-07 18:06:54.690  6435  6435 I C0390b/AceScrollable: [(100000:100000:scope)] ScrollablePattern::SetUiDvsyncSwitch SetUiDvsyncSwitch true
10-07 18:06:54.690  6435  6435 I C03919/AceInputTracking: [(100000:100000:scope)] Consumed id:5933, last id:5932
10-07 18:06:54.703  6435  6435 I C03911/AceMenu: [(100000:100000:scope)] the area of target node is changed, isMenuHide: 0
10-07 18:06:54.703  6435  6435 I C03911/AceMenu: [(100000:100000:scope)] the area of target node is changed, isMenuHide: 0
10-07 18:06:54.718  6435  6435 I C03911/AceMenu: [(100000:100000:scope)] the area of target node is changed, isMenuHide: 0
10-07 18:06:54.734  6435  6435 I C03911/AceMenu: [(100000:100000:scope)] the area of target node is changed, isMenuHide: 0
10-07 18:06:54.750  6435  6435 I C03911/AceMenu: [(100000:100000:scope)] the area of target node is changed, isMenuHide: 0
10-07 18:06:54.766  6435  6435 I C03911/AceMenu: [(100000:100000:scope)] the area of target node is changed, isMenuHide: 0
10-07 18:06:54.783  6435  6435 I C03911/AceMenu: [(100000:100000:scope)] the area of target node is changed, isMenuHide: 0
10-07 18:06:54.797  6435  6435 I C0390b/AceScrollable: [(100000:100000:scope)] UpdateCurrentOffset==>[HandleCrashBottom();]
10-07 18:06:54.803  6435  6435 I C03911/AceMenu: [(100000:100000:scope)] the area of target node is changed, isMenuHide: 0
10-07 18:06:54.814  6435  6435 I C0390b/AceScrollable: [(100000:100000:scope)] ScrollablePattern::SetUiDvsyncSwitch SetUiDvsyncSwitch false
10-07 18:06:54.815  6435  6435 I C01706/ueaClient-FrameWindowMgr: fling end
10-07 18:06:55.176  6435  6503 I C01d02/accessibility_asacfwk: [(NotifyStateChanged:771)]observers size is 1
10-07 18:06:55.176  6435  6503 I C01d02/accessibility_asacfwk: [(NotifyStateChanged:771)]observers size is 1
10-07 18:06:55.176  6435  6435 I C01d02/accessibility_asacfwk: [(RegisterElementOperator:431)]Register windowId[87] start
10-07 18:06:55.790  6435  6503 I C01d02/accessibility_asacfwk: [(NotifyStateChanged:771)]observers size is 1
10-07 18:06:55.790  6435  6503 I C01d02/accessibility_asacfwk: [(NotifyStateChanged:771)]observers size is 1
10-07 18:06:55.791  6435  6435 I C01d02/accessibility_asacfwk: [(DeregisterElementOperator:512)]Deregister windowId[87] start
10-07 18:06:56.032  6435  6435 I C02805/InputKeyFlow: [P:D:5934|249]ac: down: 5934
10-07 18:06:56.033  6435  6435 I C02805/InputKeyFlow: [P:D:5934|707]recv
10-07 18:06:56.033  6435  6435 I C04213/InputKeyFlow: HandleInputEvent: eid:12,InputId:5934,wid:87,ac:2
10-07 18:06:56.033  6435  6435 I C03951/InputKeyFlow: [(100000:100000:scope)] ITK Id:5934, fId:10000, T:0, I=0, M=0
10-07 18:06:56.033  6435  6435 I C03951/InputKeyFlow: [(100000:100000:scope)] ITK Id:5934, TTHNI:fId: 10000{ T: Scroll, D: 9 };{ T: Button, D: 15 };
10-07 18:06:56.033  6435  6435 I C03951/InputKeyFlow: [(100000:100000:scope)] ITK Id:5934, TTHRTI: T ClickRecognizer info: { T: Scroll }; { T: Button };T PanRecognizer info: { T: Scroll };
10-07 18:06:56.033  6435  6435 I C03945/AceStateStyle: [(100000:100000:scope)] Handle TouchDown event node: Button
10-07 18:06:56.034  6435  6435 I C03919/AceInputTracking: [(100000:100000:scope)] Consumed id:5934, last id:5932
10-07 18:06:56.135  6435  6435 I C02805/InputKeyFlow: [P:U:5935|249]ac: up: 5935
10-07 18:06:56.135  6435  6435 I C02805/InputKeyFlow: [P:U:5935|707]recv
10-07 18:06:56.135  6435  6435 I C04213/InputKeyFlow: HandleInputEvent: eid:13,InputId:5935,wid:87,ac:4
10-07 18:06:56.135  6435  6435 I C03951/InputKeyFlow: [(100000:100000:scope)] ITK Id:5935, fId:10000, T:1, I=0, M=0
10-07 18:06:56.136  6435  6435 I C03945/AceStateStyle: [(100000:100000:scope)] Handle TouchUp or Cancel event node: Button
10-07 18:06:56.136  6435  6435 I C0391e/AceGesture: [(100000:100000:scope)] Click try accept Scroll
10-07 18:06:56.136  6435  6435 I C0390b/AceScrollable: [(100000:100000:scope)] Scrollable GestureJudge:0, 0
10-07 18:06:56.136  6435  6435 I C0391e/AceGesture: [(100000:100000:scope)] Click gesture judge reject
10-07 18:06:56.136  6435  6435 I C0391e/AceGesture: [(100000:100000:scope)] Click try accept Button
10-07 18:06:56.136  6435  6435 I C03951/InputKeyFlow: [(100000:100000:scope)] CLK RACC, T: Button
10-07 18:06:56.140  6435  6435 I C03919/AceInputTracking: [(100000:100000:scope)] Consumed id:5935, last id:5932
10-07 18:06:56.148  6435  6435 I C0391c/AceFocus: [(100000:100000:scope)] Request focus id can not found.
10-07 18:06:56.148  6435  6435 E C03900/Ace: [napi_utils.cpp(60)-(100000:100000:scope)] napi throw errCode 150003 strMsg The component doesn't exist, is currently invisible, or has been disabled.
10-07 18:06:56.148  6435  6435 W C03f00/ArkCompiler: [default] [CallForNapi] occur exception need return
10-07 18:06:56.149  6435  6435 W C03f01/NAPI: [napi_call_function] pending exception when js function called, print exception info: 
10-07 18:06:56.149  6435  6435 E C03f00/ArkCompiler: Error: The component doesn't exist, is currently invisible, or has been disabled.
10-07 18:06:56.149  6435  6435 E C03f00/ArkCompiler:     at anonymous (obj/foundation/arkui/ace_engine/frameworks/bridge/declarative_frontend/jsUIContext_ohos.js:1274:1)
10-07 18:06:56.149  6435  6435 E C03f00/ArkCompiler:     at withInstanceId (obj/foundation/arkui/ace_engine/frameworks/bridge/declarative_frontend/jsUIContext_ohos.js:1991:1)
10-07 18:06:56.149  6435  6435 E C03f00/ArkCompiler:     at requestFocus (obj/foundation/arkui/ace_engine/frameworks/bridge/declarative_frontend/jsUIContext_ohos.js:1273:1)
10-07 18:06:56.149  6435  6435 E C03f00/ArkCompiler:     at anonymous entry (entry/src/main/ets/pages/EditorTodos.ets:122:75)
10-07 18:06:56.149  6435  6435 E C03f05/NAPI: Pending exception in TimerCallback. Triggering HandleUncaughtException
10-07 18:06:56.149  6435  6435 E C03f00/ArkCompiler: [ecmascript] Not support runtime async stack trace
10-07 18:06:56.222  6435  6435 W C01317/AppKit: [MTHRD2308]hisysevent write result=0, send event [FRAMEWORK,JS_ERROR], packageName=dev.morrow.hmos, pid=6435, appRunningId=11904858136385475679, threadName=dev.morrow.hmos, isUncatchable=0, foreground=1
10-07 18:06:56.222  6435  6435 E C01317/AppKit: [MTHRD2357]
10-07 18:06:56.222  6435  6435 E C01317/AppKit: dev.morrow.hmos is about to exit due to RuntimeError
10-07 18:06:56.222  6435  6435 E C01317/AppKit: Error type:Error
10-07 18:06:56.222  6435  6435 E C01317/AppKit: Error name:Error
10-07 18:06:56.222  6435  6435 E C01317/AppKit: Error message:The component doesn't exist, is currently invisible, or has been disabled.
10-07 18:06:56.222  6435  6435 E C01317/AppKit: Error code:150003
10-07 18:06:56.222  6435  6435 E C01317/AppKit: Stacktrace:
10-07 18:06:56.222  6435  6435 E C01317/AppKit:     at anonymous (obj/foundation/arkui/ace_engine/frameworks/bridge/declarative_frontend/jsUIContext_ohos.js:1274:1)
10-07 18:06:56.222  6435  6435 E C01317/AppKit:     at withInstanceId (obj/foundation/arkui/ace_engine/frameworks/bridge/declarative_frontend/jsUIContext_ohos.js:1991:1)
10-07 18:06:56.222  6435  6435 E C01317/AppKit:     at requestFocus (obj/foundation/arkui/ace_engine/frameworks/bridge/declarative_frontend/jsUIContext_ohos.js:1273:1)
10-07 18:06:56.222  6435  6435 E C01317/AppKit:     at anonymous entry (entry/src/main/ets/pages/EditorTodos.ets:122:75)
10-07 18:06:56.222  6435  6435 I C01336/AMS: [AMC1927]RecordAppWithReason pid:6435, uid:20020063, killId:2003
10-07 18:06:56.225  6435  6435 W C01317/AppKit: [MTHRD2364]Record result=0, send event [FRAMEWORK,PROCESS_KILL,JS_ERROR], pid=6435, processName=dev.morrow.hmos, msg=Kill Reason:Js Error, foreground=1, isUncatchable=0
10-07 18:06:56.225  6435  6435 I C01317/AppKit: [application_data_manager.cpp211]main thread
10-07 18:06:56.225  6435  6435 I C01356/Recovery: [app_recovery.cpp282]scheduleRecoverApp  begin
