   Compiling proc-macro2 v1.0.107
   Compiling unicode-ident v1.0.26
   Compiling quote v1.0.47
   Compiling version_check v0.9.5
   Compiling typenum v1.20.1
   Compiling anyhow v1.0.104
   Compiling stable_deref_trait v1.2.1
   Compiling either v1.18.0
   Compiling libc v0.2.189
   Compiling capnp v0.24.1
   Compiling prettyplease v0.2.37
   Compiling foldhash v0.1.5
   Compiling itertools v0.14.0
   Compiling windows-link v0.2.1
   Compiling generic-array v0.14.7
   Compiling regex-syntax v0.8.11
   Compiling hashbrown v0.17.1
   Compiling bytes v1.12.1
   Compiling equivalent v1.0.2
   Compiling cfg-if v1.0.5
   Compiling indexmap v2.14.2
   Compiling windows-sys v0.61.2
   Compiling hashbrown v0.15.5
   Compiling writeable v0.6.4
   Compiling syn v2.0.119
   Compiling syn v3.0.6
   Compiling litemap v0.8.3
   Compiling fastrand v2.5.0
   Compiling once_cell v1.21.4
   Compiling fixedbitset v0.5.7
   Compiling regex-automata v0.4.18
   Compiling tempfile v3.27.0
   Compiling hybrid-array v0.4.15
   Compiling petgraph v0.8.3
   Compiling capnpc v0.24.0
   Compiling heck v0.5.0
   Compiling log v0.4.34
   Compiling protoc-bin-vendored-linux-ppcle_64 v3.2.0
   Compiling protoc-bin-vendored-win32 v3.2.0
   Compiling icu_normalizer_data v2.3.0
   Compiling smallvec v1.16.1
   Compiling protoc-bin-vendored-macos-x86_64 v3.2.0
   Compiling protoc-bin-vendored-linux-s390_64 v3.2.0
   Compiling utf8_iter v1.0.4
   Compiling multimap v0.10.1
   Compiling protoc-bin-vendored-macos-aarch_64 v3.2.0
   Compiling protoc-bin-vendored-linux-x86_64 v3.2.0
   Compiling protoc-bin-vendored-linux-x86_32 v3.2.0
   Compiling regex v1.13.1
   Compiling protoc-bin-vendored-linux-aarch_64 v3.2.0
   Compiling icu_properties_data v2.3.0
   Compiling block-buffer v0.10.4
   Compiling crypto-common v0.1.7
   Compiling protoc-bin-vendored v3.2.0
   Compiling semver v1.0.28
   Compiling shlex v2.0.1
   Compiling find-msvc-tools v0.1.13
   Compiling rustc_version v0.4.1
   Compiling digest v0.10.7
   Compiling crypto-common v0.2.2
   Compiling block-buffer v0.12.1
   Compiling cc v1.4.7
   Compiling memchr v2.8.3
   Compiling cpufeatures v0.2.17
   Compiling pkg-config v0.3.34
   Compiling vcpkg v0.2.15
   Compiling sha2 v0.10.9
   Compiling digest v0.11.3
   Compiling curve25519-dalek v5.0.0
   Compiling serde_core v1.0.229
   Compiling zerovec-derive v0.11.6
   Compiling displaydoc v0.2.7
   Compiling foldhash v0.2.0
   Compiling bitflags v2.13.2
   Compiling rustix v1.1.4
   Compiling synstructure v0.13.2
   Compiling getrandom v0.4.3
   Compiling libsqlite3-sys v0.38.2
   Compiling morrow-plugin-sdk v0.1.9-test.50 (C:\Users\Administrator\Desktop\CodeXProjext\morrow\hmos\shared\sdk\rust)
   Compiling aho-corasick v1.1.5
   Compiling cpufeatures v0.3.1
   Compiling zeroize v1.9.0
   Compiling zmij v1.0.23
   Compiling linux-raw-sys v0.12.1
   Compiling subtle v2.6.1
   Compiling percent-encoding v2.3.2
   Compiling signature v3.0.0
   Compiling ed25519 v3.0.0
   Compiling form_urlencoded v1.2.2
   Compiling hashlink v0.12.2
   Compiling sha2 v0.11.0
   Compiling zerofrom-derive v0.1.7
   Compiling yoke-derive v0.8.2
   Compiling prost-derive v0.14.4
   Compiling zerofrom v0.1.8
   Compiling yoke v0.8.3
   Compiling prost v0.14.4
   Compiling zerovec v0.11.8
   Compiling zerotrie v0.2.5
   Compiling prost-types v0.14.4
   Compiling tinystr v0.8.4
   Compiling potential_utf v0.1.6
   Compiling icu_locale_core v2.3.0
   Compiling icu_collections v2.3.0
   Compiling prost-build v0.14.4
   Compiling prost-reflect v0.16.5
   Compiling icu_provider v2.3.1
   Compiling icu_normalizer v2.3.0
   Compiling icu_properties v2.3.0
   Compiling morrow-core v0.1.9-test.50 (C:\Users\Administrator\Desktop\CodeXProjext\morrow\hmos\shared\core)
   Compiling morrow-workbench-plugin v0.1.9-test.54.3 (C:\Users\Administrator\Desktop\CodeXProjext\morrow\hmos\shared\plugins\workbench)
   Compiling serde v1.0.229
   Compiling idna_adapter v1.2.2
   Compiling fallible-iterator v0.3.0
   Compiling idna v1.1.0
   Compiling fallible-streaming-iterator v0.1.9
   Compiling serde_json v1.0.151
   Compiling url v2.5.8
   Compiling ed25519-dalek v3.0.0
   Compiling serde_derive v1.0.229
   Compiling itoa v1.0.18
   Compiling lz4_flex v0.14.0
   Compiling rusqlite v0.40.2
   Compiling morrow-hmos v0.1.0 (C:\Users\Administrator\Desktop\CodeXProjext\morrow\hmos\rust)
    Finished `release` profile [optimized] target(s) in 41.80s
   Compiling morrow-hmos v0.1.0 (C:\Users\Administrator\Desktop\CodeXProjext\morrow\hmos\rust)
    Finished `release` profile [optimized] target(s) in 1.13s

Algorithm       Hash                                                                   Path
---------       ----                                                                   ----
SHA256          99A1FD527B6827A5E4421D8C276D49814D2B5A539D3B3106F78C9F8A85098515       C:\Users\Administrator\Desktop\C…
