   Compiling typenum v1.20.1
   Compiling stable_deref_trait v1.2.1
   Compiling cfg-if v1.0.5
   Compiling generic-array v0.14.7
   Compiling writeable v0.6.4
   Compiling litemap v0.8.3
   Compiling zerofrom v0.1.8
   Compiling smallvec v1.16.1
   Compiling utf8_iter v1.0.4
   Compiling icu_normalizer_data v2.3.0
   Compiling icu_properties_data v2.3.0
   Compiling memchr v2.8.3
   Compiling bytes v1.12.1
   Compiling libc v0.2.189
   Compiling yoke v0.8.3
   Compiling bitflags v2.13.2
   Compiling foldhash v0.2.0
   Compiling cpufeatures v0.2.17
   Compiling cpufeatures v0.3.1
   Compiling getrandom v0.4.3
   Compiling hashbrown v0.17.1
   Compiling zerovec v0.11.8
   Compiling zerotrie v0.2.5
   Compiling serde_core v1.0.229
   Compiling rustix v1.1.4
   Compiling curve25519-dalek v5.0.0
   Compiling prost v0.14.4
   Compiling aho-corasick v1.1.5
   Compiling tinystr v0.8.4
   Compiling hybrid-array v0.4.15
   Compiling potential_utf v0.1.6
   Compiling libsqlite3-sys v0.38.2
   Compiling icu_locale_core v2.3.0
   Compiling icu_collections v2.3.0
   Compiling prost-types v0.14.4
   Compiling curve25519-dalek-derive v0.1.1
   Compiling zeroize v1.9.0
   Compiling crypto-common v0.1.7
   Compiling block-buffer v0.12.1
   Compiling crypto-common v0.2.2
   Compiling block-buffer v0.10.4
   Compiling linux-raw-sys v0.12.1
   Compiling digest v0.10.7
   Compiling subtle v2.6.1
   Compiling percent-encoding v2.3.2
   Compiling regex-syntax v0.8.11
   Compiling capnp v0.24.1
   Compiling icu_provider v2.3.1
   Compiling sha2 v0.10.9
   Compiling signature v3.0.0
   Compiling icu_normalizer v2.3.0
   Compiling icu_properties v2.3.0
   Compiling digest v0.11.3
   Compiling regex-automata v0.4.18
   Compiling idna_adapter v1.2.2
   Compiling sha2 v0.11.0
   Compiling idna v1.1.0
   Compiling ed25519 v3.0.0
   Compiling zmij v1.0.23
   Compiling form_urlencoded v1.2.2
   Compiling prost-reflect v0.16.5
   Compiling morrow-plugin-sdk v0.1.9-test.50 (C:\Users\Administrator\Desktop\CodeXProjext\morrow\hmos\shared\sdk\rust)
   Compiling hashlink v0.12.2
   Compiling fallible-iterator v0.3.0
   Compiling fallible-streaming-iterator v0.1.9
   Compiling once_cell v1.21.4
   Compiling fastrand v2.5.0
   Compiling serde_json v1.0.151
   Compiling tempfile v3.27.0
   Compiling serde v1.0.229
   Compiling morrow-workbench-plugin v0.1.9-test.54.3 (C:\Users\Administrator\Desktop\CodeXProjext\morrow\hmos\shared\plugins\workbench)
   Compiling morrow-core v0.1.9-test.50 (C:\Users\Administrator\Desktop\CodeXProjext\morrow\hmos\shared\core)
   Compiling regex v1.13.1
   Compiling url v2.5.8
   Compiling ed25519-dalek v3.0.0
   Compiling semver v1.0.28
   Compiling itoa v1.0.18
   Compiling lz4_flex v0.14.0
   Compiling rusqlite v0.40.2
   Compiling morrow-hmos v0.1.0 (C:\Users\Administrator\Desktop\CodeXProjext\morrow\hmos\rust)
    Finished `release` profile [optimized] target(s) in 36.14s
   Compiling morrow-hmos v0.1.0 (C:\Users\Administrator\Desktop\CodeXProjext\morrow\hmos\rust)
    Finished `release` profile [optimized] target(s) in 0.79s

Algorithm       Hash                                                                   Path
---------       ----                                                                   ----
SHA256          CDFC81E88E85C58A4F2819CAC487BE6D2C064624DB539971655F416294A138C3       C:\Users\Administrator\Desktop\C…
