✔ actual handoff freezes complete late S2, exact historical source, ordered confirmed subset and independent identities (826.0124ms)
✔ late full S3 is installed in a real child coordinator and saved separately without replacing it with first S2 (507.1645ms)
✔ Unknown first uses one fixed literal after owner revocation; known ACK is retained but cannot install into replacement owner (403.4122ms)
✔ committed effect survives malformed DTO without qualifying first child or replaying a business request (235.087ms)
✔ first complete DTO rejects altered raw, source, immutable link, pin bytes, origin, aliases and reply identity (4354.776ms)
✔ historical first with advanced or inactive current state is retained and never resurrected; explicit current read may restore its actual writer (548.7479ms)
✔ native retirement literal is read verbatim including key order/spacing; metadata plan is not a retirement effect (250.6721ms)
✔ native draft acknowledgement may omit the optional cursor but rejects null or nonempty cursors (563.0842ms)
✔ fixed plan read rejects substitution and Unknown retries that exact read without creating a new child or plan (155.4267ms)
✔ retirement requires the actual installed child and latest full raw confirmation, including selection/composition generations (171.0457ms)
✔ retirement Unknown preserves fixed literal and known business/child, explicit retry after owner revocation settles only original parent (144.1343ms)
✔ retirement proof/full parent/pin mismatch cannot qualify cleanup and never releases or overwrites the child (1219.6087ms)
✔ retired handoff closes only the intent, keeps child S3 and exposes the same qualified continuation baseline (199.018ms)
✔ exact close factory is read-only and freezes full S1, detach boundary can close without reviving the old SDK lease (150.8142ms)
✔ exact close refuses any newer text/selection/composition/asset/order or changed fresh input cutoff before transport (873.535ms)
✔ exact close Unknown cannot change identity or consume late S2 by another close; original explicit reconciliation retains known effect (145.0339ms)
✔ closed success restores original transport read-only and explicitly inspects history; it never authorizes a new save (133.3618ms)
✔ handoff restore reads exact native literals without writes and preserves original first request for explicit reconciliation (123.7009ms)
✔ restart without parent writer restores exact S2 parent history, advances current S3 child and completes fixed retirement without first replay (122.8905ms)
✔ restart reads already retired immutable parent and receipt without fabricating active parent or resending retirement (124.0404ms)
✔ immutable parent history failures retain one exact readonly request and never substitute original S1 publication (862.8914ms)
✔ verified readonly retirement history resolves only fixed retirement Unknown and preserves separate close Unknown (125.0164ms)
✔ restart current child rejects altered first raw, foreign lineage/source and inactive journals without erasing fixed reconciliation (729.1525ms)
✔ freeze guards actual parent in-flight/Unknown/import owner and pin subset authority; whole wire budgets and Unicode fail before native (488.2834ms)
✔ business/raw mixed lineage copy and ordinary child saves retain business15 while rejecting dual incoming/outgoing links (123.6445ms)
✔ fresh actual Store full handoff/retirement/closed seven-part DTO restores exact plan and active native child without replay (120.4717ms)
✔ fresh actual Store saved_exact closed context retains complete original request and inspect bytes without reactivating intent or raw (116.532ms)
✔ fresh v26 actual Store advanced child and different immutable S2 parent restore into real writer then fixed retirement (116.9743ms)
✔ fresh v26 actual closed handoff restores retired parent history and still-active current child without resurrecting old first or intent (118.6539ms)
✔ prepare freezes all raw strings, full editing publication and exact original wire before asynchronous checks (502.8728ms)
✔ native field policy, composition, exact raw and active publication are separate mandatory admission gates (1669.1846ms)
✔ current_v2 freezes current full source and empty LF fields while parsing actual complete TaskId results without converting them (209.3018ms)
✔ current_v2 cannot admit LF todos, source mismatch, stale publication, composition or revoked owner (772.6543ms)
✔ owner or input epoch revoked during asynchronous validation cannot issue a proposal (133.996ms)
✔ Unknown retains one complete original save wire; retry is explicit even after late raw and owner replacement (125.7432ms)
✔ late selection/composition or same-values away/back epoch cannot consume a valid historical result (79.4234ms)
✔ initial definitive no-write failure is rejected; an Unknown retry cannot be downgraded by not_committed (196.2867ms)
✔ full source digest and canonical framed publication independently bind strict history, including u64 over 2^53 (83.7494ms)
✔ mismatched tuple/hash/revision/full source/common fields/duplicate identities never qualify or consume (1593.6477ms)
✔ inspect uses only exact historical DTO even when Reply.cards is newer, missing or deleted live state (314.3089ms)
✔ snapshot absence does not resolve uncertain original save, generate a new operation or automatically retry (101.2568ms)
✔ Unknown inspection retains its own same wire and cannot be confused with save transport (97.7589ms)
✔ a qualified known commit remains committed on later damaged/oversize readback and cannot become absent (101.9207ms)
✔ restart restore preserves noncanonical JSON spacing/key order and exact retired publication history (81.4013ms)
✔ legacy semantic-only history stays readonly and cannot acquire strict wire/publication or a continued root (133.5887ms)
✔ continued todos derives constant original create plus latest six-field baseline through two own historical commits (83.0397ms)
✔ foreign source/operation/owner and kind1 raw fork cannot be promoted to a business continuation (112.14ms)
✔ ordinary existing V2 edit rejects any nonempty legacy todos and cannot be used as an owned-root factory (324.1659ms)
✔ complete escaped outer wire budget, not UTF16 length or inner JSON size, gates all proposals (125.967ms)
✔ inspect revision overflow/noncanonical identity and incomplete Unicode fail before any transport (357.7229ms)
✔ missing editor_commit and oversized initial reply remain Unknown with exact retry, never use current cards fallback (208.4116ms)
✔ full DTO is frozen before asynchronous source hashing, so caller mutation cannot change an admitted receipt (78.5471ms)
✔ canonical publication supports the complete u64 range and history effect/status inconsistency is rejected (108.3168ms)
✔ fresh actual Store create and continued_todos DTOs pass original-wire/publication/full historical-source validation (167.4843ms)
✔ current_v2 actual Session prepares, registers exact transport, saves and restores inspection without granting LF continuation (939.0979ms)
✔ fresh v26 actual Store current_v2 registered literal and reopened result preserve real TaskIds, rename/completion/order and favorite (424.2916ms)
✔ owner-only rebind retains every original byte, proof, known commit hint and Unknown after malformed actual business DTO (332.4391ms)
✔ actual qualified receipt survives guard rebind and an in-flight rebind is rejected without moving an issued request (183.324ms)
✔ actual Business admission freezes raw/publication before native prepare; intent is not a business receipt (235.2085ms)
✔ actual field/composition/full raw admission refuses a proposal before any durable mutation (1006.2174ms)
✔ prepare Unknown retains original operation and full bytes; explicit retry after owner replacement uses the same request (181.8006ms)
✔ a first no-write prepare failure stays known, while a no-write uncertain retry cannot erase uncertainty (298.3083ms)
✔ metadata proof/ID/domain/current generation and business tuple mismatches never admit native issue (2276.7553ms)
✔ issue freezes only immutable proof/gen1, requires explicit ACK and literal reads before business (145.9121ms)
✔ issue Unknown reuses the exact CAS request and never presumes business submission (163.2122ms)
✔ issued before first business send with late S2/owner revocation settles original S1 only after explicit five-part restore and retry (323.8172ms)
✔ late owner/epoch after prepare blocks fresh issue and late raw after issue blocks fresh save (237.3373ms)
✔ parent queue must be paused for the exact publication before fresh preparation/issue/save, while historical retry never resumes it (384.46ms)
✔ an in-flight metadata request excludes another action and late raw remains live while the original ACK is retained (119.4268ms)
✔ missing/wrong/extra native save envelope cannot be sent and explicit read retry retains one exact part request (496.0148ms)
✔ native inspect literal is checked independently, mapped once and sent byte-for-byte even with different key order (120.7062ms)
✔ business Unknown retries actual registered outer bytes after late selection/composition and view owner replacement (97.8314ms)
✔ inspection Unknown keeps its native original wire; later not_committed cannot wash a known committed effect (118.8963ms)
✔ malformed committed business DTO retains commitment hint without qualifying or consuming the result (117.1542ms)
✔ restart reads all five parts without a mutation and preserves immutable historical publication despite later retirement (124.8329ms)
✔ restart rejects changed literal/hash/publication text/inconsistent asset aliases/order and mixed-phase snapshots (776.0785ms)
✔ restored asset metadata must match actual historical business assets before receipt qualification (127.8966ms)
✔ subsequent publication part requires full original selection, pin metadata and aliases against the frozen publication (511.987ms)
✔ prepared restart does not invent save/inspect plans; empty read payload is not cancellation or business absence (101.9414ms)
✔ native cancel prepared CAS has a fixed independent literal and unknown cancellation retries exact bytes (106.0073ms)
✔ prepared historical retry returning current issued state does not grant prepared cancel rights (109.6776ms)
✔ intent discovery is read-only and rejects duplicate IDs, foreign card, mixed parts and invalid pagination cursor (110.1521ms)
✔ complete native list DTO is copied before async SHA so caller mutation cannot replace its visible identity (95.3317ms)
✔ full UTF8 reply/transport budgets fail closed before sending and never truncate original bytes (101.7617ms)
✔ continued_todos needs an own qualified historical baseline, constant root and a real source0 publication (97.5781ms)
✔ complete u64 expected revision is retained without Number conversion across issued restore and inspect (112.634ms)
✔ fresh actual Store complete intent parts restore the exact native registered save/inspect literals and qualify historical Card bytes (109.0432ms)
✔ fresh actual Store cancel_prepared complete five-part closed context restores its original Close without inventing business plans (97.9492ms)
EditorDraft.ets SHA256=b88a46d0371d8c6f193187d1a0e1acf41671d4991cdbd59c451b8bcf66cf3775
EditorDraftFork.ets SHA256=2f5cc8586d2400f99ee7598dd816970e63d9e3d4b53c5dffbc54cb4e4062263c
SDK TypeScript=4.9.5
✔ pause captures every raw field/metadata/assets without automatic or explicit writes; resume retains them (376.984ms)
✔ pause never cancels issued work, but prevents its completion from issuing later raw (154.5879ms)
✔ fork freezes full source/proof/raw and selected subset order/aliases as origin4 without a business command (177.3731ms)
✔ new-card fork inherits kind1/revision0/empty source and raw legacy rows without business reconciliation (118.7417ms)
✔ latest raw stays on paused parent during first ACK; caller updates child completely before its ordinary save (161.1294ms)
✔ normal fork child keeps fixed lineage and source, promotes parent pins once, and exposes immutable proof (130.2012ms)
✔ Unknown first fork preserves one original wire; late raw and explicit retry do not change its operation (115.5078ms)
✔ known first rejection can explicitly release parent; Unknown reconciliation cannot downgrade or release (193.785ms)
✔ owner replacement cannot install a valid durable old fork or issue its Unknown retry (217.5337ms)
✔ valid historical first commitment with advanced or inactive current state is conflict, never resurrected or replayed (190.7827ms)
✔ wrong full source/operation/parent proof/raw/digest/first active state never installs a child (1333.7841ms)
✔ receipt pin bytes/metadata and exact inventory aliases/order/identities are validated against the frozen parent (756.8348ms)
✔ normal-only paths still reject origin4 without a verified fork, and later receipts cannot alter lineage/source (57.7783ms)
✔ retirement freezes explicit parent/child identity once; building it alone never sends or retires either journal (117.8166ms)
✔ fork constructor rejects duplicate identity, wrong scope, incomplete pins and unavailable parents before transport (874.6745ms)
✔ development retirement marker binds the exact original parent digest and cannot revive an inactive child (65.9322ms)
✔ fresh SDK compiler and actual fork/draft model source identities are emitted (69.0457ms)
✔ settleIssued observes a paused actual in-flight save and leaves full late S2 dirty without sending it (5.2588ms)
✔ settleIssued preserves actual failed issued Unknown and never retries or consumes newer input while paused (1.2114ms)
✔ new cards durably save the initial empty snapshot; unchanged existing cards do not (1.8796ms)
✔ successful explicit import preparation establishes an unchanged source journal once; opening does not (1.737ms)
✔ selected identities and aliases are immutable snapshot input; attachment-only changes save a generation (1.8166ms)
✔ an unknown attachment save retries exact selection bytes and leaves newer removal intact (1.6038ms)
✔ restored selected pins remain read-only and text autosave preserves origin, aliases and inventory (1.5515ms)
✔ missing or altered stored asset evidence cannot certify a selection receipt (2.9715ms)
✔ parent/predecessor, duplicate and oversized attachment selections fail before transport (0.9793ms)
✔ ensureConfirmed surfaces failure without silently certifying empty state or retrying it (1.066ms)
✔ a later receipt cannot substitute bytes for the same already confirmed asset identity (1.3703ms)
✔ all twenty selected asset identities and Unicode aliases survive serialization without truncation (6.3346ms)
✔ debounce coalesces input and owns scope and full UTF-16 editing values (1.2207ms)
✔ an older receipt confirms history but never replaces newer input; automatic S2 is debounced (2.2203ms)
✔ flush waits for the issued save and then confirms all latest input before resolving (10.1041ms)
✔ unknown outcomes preserve exact serialized bytes and explicit retry stops at original S1 (5.1724ms)
✔ known rejection clears the proposal, surfaces flush failure and does not replay failed S1 (4.006ms)
✔ a different S2 already observed during rejected S1 may autosave without replaying S1 (1.6422ms)
✔ a known rejection of retry cannot erase an already uncertain operation (1.551ms)
✔ restoring a confirmed draft is read-only and snapshots are detached (2.3534ms)
✔ inactive or advanced restored journals block flush and autosave (6.6033ms)
✔ historical or mismatched receipts cannot certify latest input (29.2748ms)
✔ disposal stops publication and new work while leaving an issued operation uncancelled (1.1816ms)
✔ selection-only and composing-only changes are real generations; invalid UTF-16 offsets fail before send (1.6027ms)
✔ decimal generation increments preserve u64 precision and reject overflow/noncanonical values (0.7816ms)
✔ pre-send generation exhaustion is an explicit error and never an unknown transport outcome (2.2276ms)
✔ disposing before debounce prevents new writes (11.0388ms)
ℹ tests 132
ℹ suites 0
ℹ pass 132
ℹ fail 0
ℹ cancelled 0
ℹ skipped 0
ℹ todo 0
ℹ duration_ms 14562.2704
