> hvigor [32mFinished :entry:clean... after 2 ms [39m
> hvigor [32mFinished :entry:default@PreBuild... after 100 ms [39m
> hvigor [32mFinished :entry:default@CreateModuleInfo... after 1 ms [39m
> hvigor [32mFinished :entry:default@GenerateMetadata... after 3 ms [39m
> hvigor [32mFinished :entry:default@ConfigureCmake... after 13 ms [39m
> hvigor [32mFinished :entry:default@MergeProfile... after 23 ms [39m
> hvigor [32mFinished :entry:default@CreateBuildProfile... after 3 ms [39m
> hvigor [32mFinished :entry:default@PreCheckSyscap... after 1 ms [39m
> hvigor [32mFinished :entry:default@GeneratePkgSdkInfo... after 3 ms [39m
> hvigor [32mFinished :entry:default@ProcessIntegratedHsp... after 1 ms [39m
> hvigor [32mFinished :entry:default@MakePackInfo... after 3 ms [39m
> hvigor [32mFinished :entry:default@SyscapTransform... after 1 ms [39m
> hvigor WARN: CMake Warning in C:/Users/Administrator/Desktop/CodeXProjext/morrow/hmos/.build/checkpoint-sdk-smoke/dev24-business-session-retry1/entry/.cxx/default/default/debug/arm64-v8a/CMakeFiles/CMakeScratch/TryCompile-2m2lof/CMakeLists.txt:
  The object file directory

    C:/Users/Administrator/Desktop/CodeXProjext/morrow/hmos/.build/checkpoint-sdk-smoke/dev24-business-session-retry1/entry/.cxx/default/default/debug/arm64-v8a/CMakeFiles/CMakeScratch/TryCompile-2m2lof/CMakeFiles/cmTC_d5ca7.dir/./

  has 227 characters.  The maximum full path to an object file is 250
  characters (see CMAKE_OBJECT_PATH_MAX).  Object file

    CMakeCXXCompilerABI.cpp.o

  cannot be safely placed under this directory.  The build may not work
  correctly.



> hvigor [32mFinished :entry:default@BuildNativeWithCmake... after 1 s 403 ms [39m
> hvigor [32mFinished :entry:default@GeneratePkgContextInfo... after 29 ms [39m
> hvigor [32mFinished :entry:default@ProcessProfile... after 93 ms [39m
> hvigor [32mFinished :entry:default@ProcessRouterMap... after 4 ms [39m
> hvigor [32mFinished :entry:default@ProcessShareConfig... after 2 ms [39m
> hvigor [32mFinished :entry:default@ProcessStartupConfig... after 2 ms [39m
> hvigor [32mFinished :entry:default@ProcessResource... after 3 ms [39m
> hvigor [32mFinished :entry:default@GenerateLoaderJson... after 8 ms [39m
> hvigor [32mFinished :entry:default@CompileResource... after 235 ms [39m
> hvigor [32mFinished :entry:default@BuildJS... after 3 ms [39m
> hvigor WARN: When performing compilation for the x86_64 architecture:
clang++: warning: argument unused during compilation: '--gcc-toolchain=C:/Program Files/Huawei/DevEco Studio/sdk/default/openharmony/native/llvm' [-Wunused-command-line-argument]

> hvigor WARN: When performing compilation for the arm64-v8a architecture:
clang++: warning: argument unused during compilation: '--gcc-toolchain=C:/Program Files/Huawei/DevEco Studio/sdk/default/openharmony/native/llvm' [-Wunused-command-line-argument]

> hvigor [32mFinished :entry:default@BuildNativeWithNinja... after 956 ms [39m
> hvigor [32mFinished :entry:default@ProcessLibs... after 174 ms [39m
> hvigor [32mFinished :entry:default@DoNativeStrip... after 80 ms [39m
> hvigor [32mFinished :entry:default@CacheNativeLibs... after 6 ms [39m
> hvigor WARN: WARN: ArkTS:WARN File: C:/Users/Administrator/Desktop/CodeXProjext/morrow/hmos/.build/checkpoint-sdk-smoke/dev24-business-session-retry1/entry/src/main/ets/entryability/CheckpointSmokeAbility.ets:4:64
 Function may throw exceptions. Special handling is required.

WARN: ArkTS:WARN File: C:/Users/Administrator/Desktop/CodeXProjext/morrow/hmos/.build/checkpoint-sdk-smoke/dev24-business-session-retry1/entry/src/main/ets/model/EditorBusiness.ets:107:32
 The system capacity of this api 'createMd' is not supported on all devices

WARN: ArkTS:WARN File: C:/Users/Administrator/Desktop/CodeXProjext/morrow/hmos/.build/checkpoint-sdk-smoke/dev24-business-session-retry1/entry/src/main/ets/model/EditorBusiness.ets:107:32
 Function may throw exceptions. Special handling is required.

WARN: ArkTS:WARN File: C:/Users/Administrator/Desktop/CodeXProjext/morrow/hmos/.build/checkpoint-sdk-smoke/dev24-business-session-retry1/entry/src/main/ets/model/EditorBusiness.ets:107:63
 The system capacity of this api 'update' is not supported on all devices

WARN: ArkTS:WARN File: C:/Users/Administrator/Desktop/CodeXProjext/morrow/hmos/.build/checkpoint-sdk-smoke/dev24-business-session-retry1/entry/src/main/ets/model/EditorBusiness.ets:107:63
 Function may throw exceptions. Special handling is required.

WARN: ArkTS:WARN File: C:/Users/Administrator/Desktop/CodeXProjext/morrow/hmos/.build/checkpoint-sdk-smoke/dev24-business-session-retry1/entry/src/main/ets/model/EditorBusiness.ets:108:29
 The system capacity of this api 'digest' is not supported on all devices

WARN: ArkTS:WARN File: C:/Users/Administrator/Desktop/CodeXProjext/morrow/hmos/.build/checkpoint-sdk-smoke/dev24-business-session-retry1/entry/src/main/ets/model/EditorBusiness.ets:108:29
 Function may throw exceptions. Special handling is required.

WARN: ArkTS:WARN File: C:/Users/Administrator/Desktop/CodeXProjext/morrow/hmos/.build/checkpoint-sdk-smoke/dev24-business-session-retry1/entry/src/main/ets/model/EditorBusinessSession.ets:151:30
 The system capacity of this api 'createMd' is not supported on all devices

WARN: ArkTS:WARN File: C:/Users/Administrator/Desktop/CodeXProjext/morrow/hmos/.build/checkpoint-sdk-smoke/dev24-business-session-retry1/entry/src/main/ets/model/EditorBusinessSession.ets:151:30
 Function may throw exceptions. Special handling is required.

WARN: ArkTS:WARN File: C:/Users/Administrator/Desktop/CodeXProjext/morrow/hmos/.build/checkpoint-sdk-smoke/dev24-business-session-retry1/entry/src/main/ets/model/EditorBusinessSession.ets:151:59
 The system capacity of this api 'update' is not supported on all devices

WARN: ArkTS:WARN File: C:/Users/Administrator/Desktop/CodeXProjext/morrow/hmos/.build/checkpoint-sdk-smoke/dev24-business-session-retry1/entry/src/main/ets/model/EditorBusinessSession.ets:151:59
 Function may throw exceptions. Special handling is required.

WARN: ArkTS:WARN File: C:/Users/Administrator/Desktop/CodeXProjext/morrow/hmos/.build/checkpoint-sdk-smoke/dev24-business-session-retry1/entry/src/main/ets/model/EditorBusinessSession.ets:151:108
 The system capacity of this api 'digest' is not supported on all devices

WARN: ArkTS:WARN File: C:/Users/Administrator/Desktop/CodeXProjext/morrow/hmos/.build/checkpoint-sdk-smoke/dev24-business-session-retry1/entry/src/main/ets/model/EditorBusinessSession.ets:151:108
 Function may throw exceptions. Special handling is required.


> hvigor [32mFinished :entry:default@CompileArkTS... after 3 s 232 ms [39m
> hvigor [32mFinished :entry:default@GeneratePkgModuleJson... after 4 ms [39m
> hvigor [32mFinished :entry:default@ProcessCompiledResources... after 1 ms [39m
> hvigor [32mFinished :entry:default@PackageHap... after 376 ms [39m
> hvigor [32mFinished :entry:default@PackingCheck... after 4 ms [39m
> hvigor WARN: Will skip sign 'hos_hap'. No signingConfigs profile is configured in current project.
             If needed, configure the signingConfigs in C:\Users\Administrator\Desktop\CodeXProjext\morrow\hmos\.build\checkpoint-sdk-smoke\dev24-business-session-retry1\build-profile.json5.
> hvigor [32mFinished :entry:default@SignHap... after 3 ms [39m
> hvigor [32mFinished :entry:default@CollectDebugSymbol... after 2 ms [39m
> hvigor [32mFinished :entry:assembleHap... after 1 ms [39m
> hvigor [32mBUILD SUCCESSFUL in 9 s 480 ms [39m

34 tasks in total: 34 executed, 0 up-to-date
{
  "project": "C:\\Users\\Administrator\\Desktop\\CodeXProjext\\morrow\\hmos\\.build\\checkpoint-sdk-smoke\\dev24-business-session-retry1",
  "bundle_name": "dev.morrow.hmos.editorbusinesssessionsdk",
  "api": "26.0.0",
  "daemon": false,
  "exit_code": 0,
  "verification_exit_code": 0,
  "artifacts": [
    {
      "path": "C:\\Users\\Administrator\\Desktop\\CodeXProjext\\morrow\\hmos\\.build\\checkpoint-sdk-smoke\\dev24-business-session-retry1\\entry\\build\\default\\outputs\\default\\entry-default-unsigned.hap",
      "bytes": 26169517,
      "sha256": "2F56774CEBB9BAA65636B924977AC09F09819E55C8DF1DA34A7C8B4899228DF1"
    }
  ],
  "runtime": "NOT_RUN",
  "device": "NOT_RUN",
  "installation": "NOT_RUN",
  "qualification": "Independent EditorSession SDK compile only; no Index or native runtime qualification"
}
