- Dumping layout…
- Dumping layout…
- Dumping layout…
- Executing click...
√ click at (601, 213)
- Dumping layout…
- Dumping layout…
- Dumping layout…
- Dumping layout…
- Dumping layout…
- Dumping layout…
- Dumping layout…
- Dumping layout…
- Dumping layout…
- Executing swipe...
√ swipe from (1272, 2022) to (1272, 429)
- Dumping layout…
- Dumping layout…
- Dumping layout…
- Dumping layout…
- Executing drag...
√ drag from (96, 540) to (660, 1084)
- Dumping layout…
- Dumping layout…
- Dumping layout…
- Dumping layout…
- Executing swipe...
√ swipe from (1272, 429) to (1272, 2022)
- Dumping layout…
- Dumping layout…
- Dumping layout…
- Dumping layout…
- Executing swipe...
√ swipe from (1269, 2022) to (1269, 429)
- Dumping layout…
- Dumping layout…
PASS native long-hold drag inserts B after C and saves manual order
- Dumping layout…
- Dumping layout…
- Dumping layout…
- Executing click...
√ click at (582, 213)
- Dumping layout…
- Dumping layout…
- Dumping layout…
- Dumping layout…
- Dumping layout…
- Dumping layout…
- Dumping layout…
- Dumping layout…
- Executing swipe...
√ swipe from (1269, 2022) to (1269, 429)
- Dumping layout…
PASS native drag order survives process restart
