- Dumping layout…
- Executing click...
√ click at (97, 214)
- Dumping layout…
- Executing click...
√ click at (217, 522)
- Dumping layout…
- Dumping layout…
- Dumping layout…
- Dumping layout…
- Dumping layout…
- Executing click...
√ click at (660, 1194)
- Dumping layout…
- Executing click...
√ click at (145, 1627)
- Dumping layout…
- Dumping layout…
- Dumping layout…
- Dumping layout…
- Dumping layout…
- Dumping layout…
- Dumping layout…
- Dumping layout…
- Executing click...
√ click at (1224, 1894)
- Dumping layout…
- Executing click...
√ click at (985, 874)
- Dumping layout…
- Dumping layout…
- Dumping layout…
- Dumping layout…
- Dumping layout…
- Executing click...
√ click at (97, 214)
- Dumping layout…
- Executing click...
√ click at (145, 378)
- Dumping layout…
- Dumping layout…
- Dumping layout…
- Dumping layout…
- Executing swipe...
√ swipe from (1272, 429) to (1272, 2022)
- Dumping layout…
- Dumping layout…
- Dumping layout…
- Dumping layout…
- Dumping layout…
- Executing swipe...
√ swipe from (1269, 2022) to (1269, 429)
- Dumping layout…
PASS inbox manual selection and order do not overwrite overview preferences
- Dumping layout…
- Executing swipe...
√ swipe from (1272, 429) to (1272, 2022)
- Dumping layout…
- Executing longclick...
√ longclick at (342, 1850)
- Dumping layout…
- Dumping layout…
- Dumping layout…
- Dumping layout…
- Executing click...
√ click at (619, 912)
- Dumping layout…
- Dumping layout…
- Executing click...
√ click at (1155, 770)
PASS native body long press opens card menu and routes to reading detail
