- Dumping layout…
- Executing click...
√ click at (1194, 1853)
- Dumping layout…
- Dumping layout…
- Executing click...
√ click at (601, 213)
- Dumping layout…
- Dumping layout…
- Dumping layout…
- Dumping layout…
- Dumping layout…
- Executing click...
√ click at (403, 1360)
- Dumping layout…
- Dumping layout…
- Dumping layout…
- Dumping layout…
- Dumping layout…
- Executing click...
√ click at (449, 1609)
- Dumping layout…
- Dumping layout…
- Executing click...
√ click at (1155, 644)
- Dumping layout…
- Executing click...
√ click at (1227, 213)
- Dumping layout…
- Dumping layout…
- Dumping layout…
- Executing click...
√ click at (1101, 428)
- Dumping layout…
- Dumping layout…
- Executing click...
√ click at (1227, 213)
- Dumping layout…
- Dumping layout…
- Dumping layout…
- Executing click...
√ click at (1101, 428)
PASS Markdown reading and native copy create no journal, including restart
{"result":"PASS","device":"127.0.0.1:5557","prefix":"HMOS-flow-20261005-","checks":["Markdown reading and native copy create no journal, including restart"]}
