- Dumping layout…
- Dumping layout…
- Executing click...
√ click at (601, 213)
- Dumping layout…
- Dumping layout…
- Dumping layout…
- Dumping layout…
- Dumping layout…
- Executing click...
√ click at (403, 1823)
- Dumping layout…
- Dumping layout…
- Dumping layout…
- Dumping layout…
- Dumping layout…
- Executing click...
√ click at (449, 1953)
- Dumping layout…
- Dumping layout…
- Executing click...
√ click at (1155, 356)
- Dumping layout…
- Executing click...
√ click at (1227, 213)
- Dumping layout…
- Dumping layout…
node:internal/assert/utils:77
    throw err;
    ^

AssertionError [ERR_ASSERTION]: The expression evaluated to a falsy value:

  assert.ok(!nodes().some(n=>n.text===target))

    at assertNoDraft (C:\Users\Administrator\Desktop\CodeXProjext\morrow\hmos\tool\card-workflow-device-check.cjs:32:143)
    at readOnly (C:\Users\Administrator\Desktop\CodeXProjext\morrow\hmos\tool\card-workflow-device-check.cjs:35:28)
    at Object.<anonymous> (C:\Users\Administrator\Desktop\CodeXProjext\morrow\hmos\tool\card-workflow-device-check.cjs:50:42)
    at Module._compile (node:internal/modules/cjs/loader:1872:14)
    at Object..js (node:internal/modules/cjs/loader:2003:10)
    at Module.load (node:internal/modules/cjs/loader:1594:32)
    at Module._load (node:internal/modules/cjs/loader:1396:12)
    at wrapModuleLoad (node:internal/modules/cjs/loader:255:19)
    at Module.executeUserEntryPoint [as runMain] (node:internal/modules/run_main:154:5)
    at node:internal/main/run_main_module:33:47 {
  generatedMessage: true,
  code: 'ERR_ASSERTION',
  actual: false,
  expected: true,
  operator: '==',
  diff: 'simple'
}

Node.js v24.19.0
