- Dumping layout…
- Dumping layout…
- Executing swipe...
√ swipe from (1272, 429) to (1272, 2022)
- Dumping layout…
- Executing swipe...
√ swipe from (1272, 429) to (1272, 2022)
- Dumping layout…
- Executing swipe...
√ swipe from (1272, 429) to (1272, 2022)
- Dumping layout…
- Executing swipe...
√ swipe from (1272, 429) to (1272, 2022)
- Dumping layout…
- Executing swipe...
√ swipe from (1272, 429) to (1272, 2022)
- Dumping layout…
- Executing swipe...
√ swipe from (1272, 429) to (1272, 2022)
- Dumping layout…
- Executing swipe...
√ swipe from (1272, 2022) to (1272, 429)
- Dumping layout…
- Executing click...
√ click at (342, 854)
- Dumping layout…
- Executing click...
√ click at (956, 1502)
- Dumping layout…
- Executing swipe...
√ swipe from (1245, 1790) to (1245, 614)
- Dumping layout…
- Executing click...
√ click at (594, 1604)
- Dumping layout…
- Dumping layout…
- Executing click...
√ click at (1131, 1604)
- Dumping layout…
- Dumping layout…
- Dumping layout…
- Dumping layout…
- Dumping layout…
- Dumping layout…
- Executing click...
√ click at (243, 1983)
- Dumping layout…
- Executing click...
√ click at (949, 1216)
- Dumping layout…
- Dumping layout…
- Dumping layout…
- Dumping layout…
- Dumping layout…
- Executing click...
√ click at (1194, 1853)
- Dumping layout…
- Executing click...
√ click at (342, 854)
- Dumping layout…
- Executing click...
√ click at (159, 1469)
- Dumping layout…
- Dumping layout…
- Dumping layout…
- Dumping layout…
- Dumping layout…
PASS detail checkbox keeps stable TaskId and confirms one task completion
- Dumping layout…
- Executing click...
√ click at (1078, 1154)
- Dumping layout…
- Executing click...
√ click at (841, 1466)
- Dumping layout…
- Dumping layout…
- Dumping layout…
- Dumping layout…
- Dumping layout…
- Dumping layout…
- Dumping layout…
- Executing click...
√ click at (1155, 590)
PASS detail stage CAS refresh retains completed task and latest source
