- Dumping layout…
- Dumping layout…
- Executing click...
√ click at (582, 213)
- Dumping layout…
- Dumping layout…
- Dumping layout…
- Dumping layout…
- Dumping layout…
- Executing click...
√ click at (660, 1518)
- Dumping layout…
- Executing click...
√ click at (145, 1228)
- Dumping layout…
- Dumping layout…
- Dumping layout…
- Dumping layout…
- Dumping layout…
- Dumping layout…
- Executing swipe...
√ swipe from (1269, 2022) to (1269, 429)
- Dumping layout…
- Dumping layout…
- Executing swipe...
√ swipe from (1272, 429) to (1272, 2022)
- Dumping layout…
- Executing click...
√ click at (660, 1518)
- Dumping layout…
- Executing click...
√ click at (145, 1228)
- Dumping layout…
- Dumping layout…
- Dumping layout…
- Dumping layout…
- Dumping layout…
- Dumping layout…
- Dumping layout…
- Executing swipe...
√ swipe from (1272, 2022) to (1272, 429)
- Dumping layout…
- Executing click...
√ click at (1224, 494)
- Dumping layout…
- Executing click...
√ click at (985, 938)
- Dumping layout…
- Dumping layout…
- Dumping layout…
- Dumping layout…
- Dumping layout…
- Dumping layout…
- Dumping layout…
- Executing swipe...
√ swipe from (1269, 2022) to (1269, 429)
- Dumping layout…
- Dumping layout…
PASS card-menu nudge enables manual order
- Dumping layout…
- Dumping layout…
- Dumping layout…
- Executing click...
√ click at (1224, 881)
- Dumping layout…
- Executing click...
√ click at (853, 1776)
- Dumping layout…
- Dumping layout…
- Dumping layout…
- Dumping layout…
- Dumping layout…
- Dumping layout…
- Executing click...
√ click at (1224, 1572)
- Dumping layout…
- Executing click...
√ click at (985, 1128)
- Dumping layout…
- Dumping layout…
- Dumping layout…
- Dumping layout…
- Executing swipe...
√ swipe from (1272, 429) to (1272, 2022)
- Dumping layout…
- Executing click...
√ click at (909, 1026)
- Dumping layout…
- Executing swipe...
√ swipe from (1272, 429) to (1272, 2022)
- Dumping layout…
- Executing swipe...
√ swipe from (1272, 429) to (1272, 2022)
- Dumping layout…
- Executing swipe...
√ swipe from (1272, 429) to (1272, 2022)
- Dumping layout…
- Executing swipe...
√ swipe from (1272, 429) to (1272, 2022)
- Dumping layout…
- Executing swipe...
√ swipe from (1272, 429) to (1272, 2022)
- Dumping layout…
- Executing swipe...
√ swipe from (1272, 429) to (1272, 2022)
- Dumping layout…
- Executing swipe...
√ swipe from (1272, 2022) to (1272, 429)
- Dumping layout…
- Dumping layout…
- Dumping layout…
- Executing click...
√ click at (1224, 1572)
- Dumping layout…
- Executing click...
√ click at (985, 408)
- Dumping layout…
- Dumping layout…
- Dumping layout…
- Dumping layout…
- Executing swipe...
√ swipe from (1272, 429) to (1272, 2022)
- Dumping layout…
- Executing click...
√ click at (420, 1406)
- Dumping layout…
- Dumping layout…
- Dumping layout…
- Dumping layout…
- Executing swipe...
√ swipe from (1269, 2022) to (1269, 429)
- Dumping layout…
PASS filtered nudge retains the hidden B card slot
- Dumping layout…
- Dumping layout…
- Dumping layout…
- Executing click...
√ click at (582, 213)
- Dumping layout…
- Dumping layout…
- Dumping layout…
- Dumping layout…
- Dumping layout…
- Dumping layout…
- Dumping layout…
- Dumping layout…
- Executing swipe...
√ swipe from (1269, 2022) to (1269, 429)
- Dumping layout…
PASS per-page manual order survives process restart
- Dumping layout…
- Executing swipe...
√ swipe from (1272, 429) to (1272, 2022)
- Dumping layout…
- Executing click...
√ click at (342, 1845)
- Dumping layout…
- Dumping layout…
- Dumping layout…
- Executing click...
√ click at (956, 1502)
- Dumping layout…
- Dumping layout…
- Executing click...
√ click at (660, 1595)
- Dumping layout…
- Dumping layout…
- Executing click...
√ click at (1047, 1983)
- Dumping layout…
- Dumping layout…
- Executing click...
√ click at (342, 1845)
- Dumping layout…
node:internal/assert/utils:77
    throw err;
    ^

AssertionError [ERR_ASSERTION]: The expression evaluated to a falsy value:

  assert.ok(text('Revised B'))

    at detailEditing (C:\Users\Administrator\Desktop\CodeXProjext\morrow\hmos\tool\card-workflow-device-check.cjs:45:194)
    at Object.<anonymous> (C:\Users\Administrator\Desktop\CodeXProjext\morrow\hmos\tool\card-workflow-device-check.cjs:54:72)
    at Module._compile (node:internal/modules/cjs/loader:1872:14)
    at Object..js (node:internal/modules/cjs/loader:2003:10)
    at Module.load (node:internal/modules/cjs/loader:1594:32)
    at Module._load (node:internal/modules/cjs/loader:1396:12)
    at wrapModuleLoad (node:internal/modules/cjs/loader:255:19)
    at Module.executeUserEntryPoint [as runMain] (node:internal/modules/run_main:154:5)
    at node:internal/main/run_main_module:33:47 {
  generatedMessage: true,
  code: 'ERR_ASSERTION',
  actual: undefined,
  expected: true,
  operator: '==',
  diff: 'simple'
}

Node.js v24.19.0
