- Dumping layout…
- Dumping layout…
- Executing click...
√ click at (582, 213)
- Dumping layout…
- Dumping layout…
- Dumping layout…
- Dumping layout…
- Dumping layout…
- Dumping layout…
- Executing click...
√ click at (1227, 213)
- Dumping layout…
- Dumping layout…
- Dumping layout…
- Executing click...
√ click at (1101, 428)
- Dumping layout…
- Executing click...
√ click at (1173, 455)
- Dumping layout…
- Executing click...
√ click at (660, 620)
- Dumping layout…
- Dumping layout…
- Executing click...
√ click at (660, 1573)
- Dumping layout…
- Dumping layout…
- Executing click...
√ click at (1047, 1983)
- Dumping layout…
- Dumping layout…
- Executing click...
√ click at (1173, 455)
- Dumping layout…
- Executing click...
√ click at (660, 620)
- Dumping layout…
- Dumping layout…
- Executing click...
√ click at (660, 1573)
- Dumping layout…
- Dumping layout…
- Executing click...
√ click at (1047, 1983)
- Dumping layout…
- Dumping layout…
- Executing click...
√ click at (1173, 455)
- Dumping layout…
- Executing click...
√ click at (660, 620)
- Dumping layout…
- Dumping layout…
- Executing click...
√ click at (660, 1573)
- Dumping layout…
- Dumping layout…
- Executing click...
√ click at (1047, 1983)
- Dumping layout…
- Dumping layout…
- Dumping layout…
- Executing click...
√ click at (601, 213)
- Dumping layout…
- Dumping layout…
- Dumping layout…
- Dumping layout…
- Dumping layout…
- Executing click...
√ click at (660, 1518)
- Dumping layout…
- Executing click...
√ click at (324, 1228)
- Dumping layout…
- Dumping layout…
- Dumping layout…
- Dumping layout…
- Dumping layout…
- Dumping layout…
- Executing swipe...
√ swipe from (1269, 2022) to (1269, 429)
- Dumping layout…
PASS three unique fixtures saved and title-sorted through actual editor
- Dumping layout…
- Executing swipe...
√ swipe from (1272, 429) to (1272, 2022)
- Dumping layout…
- Executing click...
√ click at (660, 1518)
- Dumping layout…
- Executing click...
√ click at (1236, 1518)
- Dumping layout…
- Dumping layout…
- Dumping layout…
- Dumping layout…
- Dumping layout…
- Dumping layout…
- Dumping layout…
- Executing swipe...
√ swipe from (1272, 2022) to (1272, 429)
- Dumping layout…
- Executing click...
√ click at (1224, 531)
- Dumping layout…
node:internal/assert/utils:77
    throw err;
    ^

AssertionError [ERR_ASSERTION]: observed control
    at click (C:\Users\Administrator\Desktop\CodeXProjext\morrow\hmos\tool\card-workflow-device-check.cjs:8:26)
    at action (C:\Users\Administrator\Desktop\CodeXProjext\morrow\hmos\tool\card-workflow-device-check.cjs:27:40)
    at ordering (C:\Users\Administrator\Desktop\CodeXProjext\morrow\hmos\tool\card-workflow-device-check.cjs:39:32)
    at Object.<anonymous> (C:\Users\Administrator\Desktop\CodeXProjext\morrow\hmos\tool\card-workflow-device-check.cjs:51:50)
    at Module._compile (node:internal/modules/cjs/loader:1872:14)
    at Object..js (node:internal/modules/cjs/loader:2003:10)
    at Module.load (node:internal/modules/cjs/loader:1594:32)
    at Module._load (node:internal/modules/cjs/loader:1396:12)
    at wrapModuleLoad (node:internal/modules/cjs/loader:255:19)
    at Module.executeUserEntryPoint [as runMain] (node:internal/modules/run_main:154:5) {
  generatedMessage: false,
  code: 'ERR_ASSERTION',
  actual: undefined,
  expected: true,
  operator: '==',
  diff: 'simple'
}

Node.js v24.19.0
