- Dumping layout…
- Dumping layout…
- Executing click...
√ click at (1194, 1853)
- Dumping layout…
- Executing click...
√ click at (342, 1845)
- Dumping layout…
- Dumping layout…
- Dumping layout…
- Dumping layout…
- Executing click...
√ click at (1155, 770)
- Dumping layout…
- Executing click...
√ click at (1227, 213)
- Dumping layout…
- Dumping layout…
- Dumping layout…
- Executing click...
√ click at (1101, 428)
PASS explicit detail edit saves one existing identity and refreshes Markdown
- Dumping layout…
- Dumping layout…
- Dumping layout…
- Dumping layout…
- Executing swipe...
√ swipe from (1272, 2022) to (1272, 429)
- Dumping layout…
- Executing click...
√ click at (1224, 545)
- Dumping layout…
- Executing click...
√ click at (985, 1421)
- Dumping layout…
- Dumping layout…
- Dumping layout…
- Dumping layout…
- Executing click...
√ click at (1194, 1853)
- Dumping layout…
- Executing swipe...
√ swipe from (1272, 429) to (1272, 2022)
- Dumping layout…
- Executing click...
√ click at (342, 1837)
- Dumping layout…
- Dumping layout…
- Dumping layout…
- Executing click...
√ click at (1155, 770)
PASS context menu moves inspiration to project through CAS
{"result":"PASS","device":"127.0.0.1:5557","prefix":"HMOS-flow-20261005-","checks":["three unique fixtures saved and title-sorted through actual editor","card-menu nudge enables manual order","filtered nudge retains the hidden B card slot","per-page manual order survives process restart","explicit detail edit saves one existing identity and refreshes Markdown","context menu moves inspiration to project through CAS"]}
