- Dumping layout…
- Dumping layout…
- Dumping layout…
- Executing click...
√ click at (790, 907)
- Dumping layout…
- Dumping layout…
- Executing click...
√ click at (839, 250)
- Dumping layout…
- Executing click...
√ click at (301, 738)
- Dumping layout…
- Executing click...
√ click at (196, 903)
- Dumping layout…
node:internal/assert/utils:77
    throw err;
    ^

AssertionError [ERR_ASSERTION]: observed own public file
    at importFile (C:\Users\Administrator\Desktop\CodeXProjext\morrow\hmos\tool\media-device-check.cjs:31:50)
    at Object.<anonymous> (C:\Users\Administrator\Desktop\CodeXProjext\morrow\hmos\tool\media-device-check.cjs:85:40)
    at Module._compile (node:internal/modules/cjs/loader:1812:14)
    at Object..js (node:internal/modules/cjs/loader:1943:10)
    at Module.load (node:internal/modules/cjs/loader:1533:32)
    at Module._load (node:internal/modules/cjs/loader:1335:12)
    at wrapModuleLoad (node:internal/modules/cjs/loader:255:19)
    at Module.executeUserEntryPoint [as runMain] (node:internal/modules/run_main:154:5)
    at node:internal/main/run_main_module:33:47 {
  generatedMessage: false,
  code: 'ERR_ASSERTION',
  actual: undefined,
  expected: true,
  operator: '==',
  diff: 'simple'
}

Node.js v24.14.1
