✔ new cards durably save the initial empty snapshot; unchanged existing cards do not (5.2926ms)
✔ successful explicit import preparation establishes an unchanged source journal once; opening does not (2.9763ms)
✔ selected identities and aliases are immutable snapshot input; attachment-only changes save a generation (2.0074ms)
✔ an unknown attachment save retries exact selection bytes and leaves newer removal intact (2.4457ms)
✔ restored selected pins remain read-only and text autosave preserves origin, aliases and inventory (1.6197ms)
✔ missing or altered stored asset evidence cannot certify a selection receipt (3.2478ms)
✔ parent/predecessor, duplicate and oversized attachment selections fail before transport (1.1714ms)
✔ ensureConfirmed surfaces failure without silently certifying empty state or retrying it (1.2851ms)
✔ a later receipt cannot substitute bytes for the same already confirmed asset identity (1.4733ms)
✔ all twenty selected asset identities and Unicode aliases survive serialization without truncation (1.8916ms)
✔ debounce coalesces input and owns scope and full UTF-16 editing values (1.5636ms)
✔ an older receipt confirms history but never replaces newer input; automatic S2 is debounced (1.8375ms)
✔ flush waits for the issued save and then confirms all latest input before resolving (1.5453ms)
✔ unknown outcomes preserve exact serialized bytes and explicit retry stops at original S1 (2.9838ms)
✔ known rejection clears the proposal, surfaces flush failure and does not replay failed S1 (1.9645ms)
✔ a different S2 already observed during rejected S1 may autosave without replaying S1 (2.0947ms)
✔ a known rejection of retry cannot erase an already uncertain operation (1.2345ms)
✔ restoring a confirmed draft is read-only and snapshots are detached (1.0695ms)
✔ inactive or advanced restored journals block flush and autosave (2.6797ms)
✔ historical or mismatched receipts cannot certify latest input (4.246ms)
✔ disposal stops publication and new work while leaving an issued operation uncancelled (1.0786ms)
✔ selection-only and composing-only changes are real generations; invalid UTF-16 offsets fail before send (1.1848ms)
✔ decimal generation increments preserve u64 precision and reject overflow/noncanonical values (0.6068ms)
✔ pre-send generation exhaustion is an explicit error and never an unknown transport outcome (1.489ms)
✔ disposing before debounce prevents new writes (0.6809ms)
ℹ tests 25
ℹ suites 0
ℹ pass 25
ℹ fail 0
ℹ cancelled 0
ℹ skipped 0
ℹ todo 0
ℹ duration_ms 404.0835
