✔ actual component methods source identity; builders retain full rows and no platform maxLength (1.5613ms)
ℹ pages/EditorTodos.ets normalized SHA256 00110309ff3dee60905501d3e5af45518aeaeb642cfc28ad3d8a2aa7cec68870
✔ actual row retry control invokes the real model using its owner, incarnation and exact snapshot admission (15.5329ms)
✔ remaining-count failure exposes the same explicit row recovery without dispatching a formatter before budget qualification (15.847ms)
✔ row retry refuses old incarnation, disabled, disappeared, new-owner and incompletely delivered revision snapshots (1.8955ms)
✔ retry makes no capture while pending and duplicate row presses cannot start a second pure request (13.2087ms)
✔ selection after failed input cannot masquerade as a successful retry or clear its saved qualification error (0.6206ms)
✔ failed-row state disables the other actual controller and preserves its unexpected focused input event (0.8144ms)
✔ actual parent captures whole raw field and maps per-row selection (0.3869ms)
✔ preview text is forwarded unchanged to model and raw composing offsets (0.2542ms)
✔ successful Add reveals the exact owned element before its guarded focus callback (92.2363ms)
✔ manual row focus supersedes a pending Add focus without losing the added row (14.6465ms)
✔ external field focus revokes pending Add even before its prop watcher runs (15.5261ms)
✔ user focus during awaited Add prevents a late focus request while retaining the row (30.2748ms)
✔ old row incarnation area notification cannot delete the current measured area (0.8255ms)
✔ new empty row waits for its measured incarnation before reveal/focus and retains the raw echo (139.7345ms)
✔ API26 invisible focus error is contained and the same mounted row can become focusable later (234.1767ms)
✔ permanently unavailable focus remains bounded without losing or deleting the added row (14.8866ms)
✔ disable and disappear revoke pending mounted-row focus before an old callback can request it (31.1387ms)
✔ owner switch between Add and queued focus cancels old-card focus (15.9788ms)
✔ parent disable/disappear blocks editing and late row callbacks without borrowing a new owner (0.6123ms)
✔ parent status distinguishes complete raw capture and pending formatting before exact reply (14.9424ms)
✔ readonly count failure keeps full rows visible with unconfirmed counter (15.0214ms)
✔ drop uses matching private drag token and measured window geometry to insert after target (0.5604ms)
✔ drop before midpoint preserves moved row identity (0.2241ms)
✔ foreign drop, malformed geometry and drag-end leave raw unchanged (0.195ms)
✔ drag frozen before selection change cannot reorder on late drop (0.3423ms)
✔ drag-position callback forwards only a current drag and cancels a stale revision (0.472ms)
✔ actual child forwards committed string plus exact SDK preview separately (0.1095ms)
✔ child selection only captures while focused and preserves reverse UTF16 order (0.1443ms)
✔ child controllers are stable through refresh and restore confirmed selection after a frame (13.794ms)
✔ child does not attempt arbitrary composition restore or confirmed cursor during pending (31.9311ms)
✔ child old incarnation callbacks and destroyed controller queued selection are revoked (15.0119ms)
✔ same local row ID on another owner cannot admit old callbacks (0.2153ms)
✔ actual builder uses SDK adaptive1..3 SCROLL lines with full source and Flutter row geometry (0.2952ms)
✔ parent Unknown status keeps complete raw retain permission and separately blocks business readiness (0.4202ms)
✔ valid preview reports complete captured composition rather than formatter failure (0.235ms)
✔ unlocatable preview reports capture incomplete and preserves exact old raw identity (0.2808ms)
✔ invalid new-owner source status does not borrow previous owner row state (0.2269ms)
✔ failed nonmutating Add count does not misreport the current full raw as capture-incomplete (14.127ms)
✔ disable pending preserves raw retain permission but cannot turn canceled format into a confirmed receipt (15.5842ms)
✔ disabled same-owner parent input and selection notify complete events without raw mutation or formatting (0.4298ms)
✔ disabled current parent ticket can notify after epoch preflight is invalidated but old identity never does (0.3092ms)
✔ disabled actual child input/selection forward raw events without changing its text or invoking normal capture (0.1428ms)
✔ disabled child refuses old owner/incarnation/disposed callbacks and current child notification reaches parent (0.2213ms)
✔ restored disabled unfocused row initialization does not report a missing raw selection (14.0606ms)
✔ already issued controller restoration echo remains identifiable after a focused row is disabled (15.7144ms)
✔ disabled blur revokes current focus after a delivered genuine selection, while all text input remains observable (0.2521ms)
✔ disabled focused invalid or absent-selection positions are retained, never mistaken for an unissued restoration (0.3138ms)
✔ old row identity cannot consume a new controller echo or blur the new incarnation (14.4713ms)
✔ refreshing a pending row invalidates the previous incarnation controller restoration marker (15.1794ms)
✔ actual per-prop revision-first-source self echo preserves changed-text pending formatter and exact ACK (15.2906ms)
✔ actual per-prop source-first-revision self echo preserves changed-text pending formatter and exact ACK (15.7801ms)
✔ actual per-prop self selection echo preserves latest same-text formatter, reverse positions and stale-reply fence (31.2633ms)
✔ actual per-prop self composition-commit echo keeps same-text full raw and confirms only the exact formatter ACK (16.5538ms)
✔ actual full external replacement still cancels the older formatter after mixed props are deferred (15.9171ms)
✔ actual new-owner prop delivery cannot clear old-owner rows or areas until its complete parent snapshot arrives (0.7443ms)
✔ actual disabled restore admits its complete parent snapshot without allowing editing or reusing an old row ticket (0.5943ms)
✔ initial disabled display callback with exact empty-minus-one preview is acknowledged once without a raw event (0.273ms)
✔ an absent preview initial callback is acknowledged once on either initial enabled state (0.2227ms)
✔ first different input consumes the initial capability and every later same-text event stays observable (0.2091ms)
✔ nonempty, other-offset, malformed or null preview cannot acknowledge even a matching initial display (0.2648ms)
✔ any admitted focus including disabled focus and blur revokes initial display acknowledgement (0.1309ms)
✔ same-text input after real focus and a disabled blur remains captured as a complete unresolved event (0.1941ms)
✔ a row refresh even with identical bytes never rearms the initial display capability (0.1163ms)
✔ old owner or incarnation input and focus cannot consume a new instance initial display capability (0.1709ms)
✔ complete initial raw snapshot checks every TextValue field instead of only equal text (0.2185ms)
✔ pending, original composition or mismatched raw display do not qualify as initial display echoes (0.2178ms)
✔ controller, display and displayed control mutations invalidate the frozen initial capability (0.1883ms)
✔ enabled changes and repeated lifecycle appearances never create a second initial capability (0.1548ms)
✔ matching initial display leaves complete model raw, epoch, status and prior Unknown untouched (12.0178ms)
✔ an incomplete preview with unmatched raw/display remains observable and cannot be cleared by equal control text (1.5739ms)
✔ actual ETS model exposes its fresh source identity and uses injected field count/formatter only (2.3627ms)
ℹ EditorTodos.ets SHA256 3bd03723925e933db652898c1e42378dd6120270292f578259a55e2d418cb64c
✔ LF split preserves interior/trailing blanks and CR original without trimming or normalization (1.5976ms)
✔ empty source has zero rows but explicit Add keeps an empty local row across its same-value echo (0.6528ms)
✔ external source sync reuses IDs by index and invalidates previous row callbacks (0.5561ms)
✔ row and view copies cannot mutate private raw state (0.243ms)
✔ duplicate and malformed local IDs reject instead of producing ambiguous rows (0.3878ms)
✔ selection mapping uses UTF16 offsets across rows including a supplementary emoji (0.3634ms)
✔ external aggregate selection maps within one row but preserves a cross-row selection only in raw (0.2964ms)
✔ external metadata clearing does not leave stale composition on a row (0.3055ms)
✔ remaining budget subtracts other graphemes and one LF per gap, not their UTF16 lengths (0.6757ms)
✔ zero remaining is forwarded intact to native row no-growth policy (0.9265ms)
✔ zero retained adopts complete filtered-old invalid-selection finalize instead of demanding exact-old (0.701ms)
✔ zero retained keeps legal reverse UTF16 positions/affinity/direction and replaces raw CR with one space (0.7457ms)
✔ zero retained finalizes collapsed composition but rejects any unrelated receipt position change (1.8731ms)
✔ positive remaining retained continues to require exact old without zero-rule metadata relaxation (0.3895ms)
✔ native CRLF-filter full result is adopted without an independent ETS replacement (0.2743ms)
✔ complete raw future candidate is captured before any asynchronous formatter; result is visible (5.6698ms)
✔ malformed native receipt preserves complete candidate and blocks confirmed publication (0.4001ms)
✔ pure worker Unknown never removes or truncates the captured raw candidate (0.3141ms)
✔ preview keeps complete text and composition in aggregate, with no native formatting until commit (0.2925ms)
✔ unknown preview offset preserves old raw and reports capture incomplete without guessing (0.143ms)
✔ row selection during pending formatting invalidates old reply and rechecks exact new UTF16 selection (2.9006ms)
✔ rapid same-row typing retains frozen last confirmed old value and rejects late candidate reply (0.587ms)
✔ unexpected second-row input preserves complete raw candidates but cannot publish pending formatting (0.5099ms)
✔ owner switch blocks late row formatter and old controller events (0.3786ms)
✔ same text edit-away-and-back at parent epoch blocks a late formatter (0.2964ms)
✔ stop revokes callbacks and preserves complete raw, while fresh bind cannot qualify canceled formatting (0.3721ms)
✔ capture rejection restores source-consistent local rows instead of creating a second raw draft (0.192ms)
✔ Add includes new separator in full future count and refuses total1000 without slicing (0.5436ms)
✔ Add caps local rows100 but restore preserves over100 existing raw rows (0.3427ms)
✔ late Add count after changed owner cannot append a row to a new card (0.3195ms)
✔ remove accepts blank row, joins all remaining rows, and resets aggregate selection only (0.3551ms)
✔ up/down preserve row IDs and row UTF16 cursor metadata while changing aggregate order (0.2492ms)
✔ private drag can insert before and after a real target with stable row identity (0.3276ms)
✔ stale drag revision and old owner never reorder raw (0.2487ms)
✔ pending/IME prevents remove, move, Add and beginDrag without losing raw candidate (0.1778ms)
✔ status owns an independent full TextValue and cannot mutate row capture authority (0.1712ms)
✔ pending count and formatter never transiently publish a captured candidate as business-ready (1.2254ms)
✔ same exact parent echo retains pending status and full raw; epoch change cancels only formatting qualification (0.5641ms)
✔ Unknown and incomplete capture remain separate across same raw rebind and recover after a confirmed new input (0.5355ms)
✔ disabling a fully confirmed raw value does not make its existing formatting result incomplete (0.1841ms)
✔ raw sentinel and cross-row composition are retained without guessing a restorable row range (0.2208ms)
✔ other row controller callbacks cannot clear the captured active preview composition (0.1907ms)
✔ remaining-count failure preserves complete future raw and blocks only formatter business qualification (0.2347ms)
✔ explicit formatter retry reuses the complete original wire and fixed remaining without recapturing raw (1.4444ms)
✔ remaining-count Unknown retries only pure counts for the same complete raw before its first formatter request (0.4876ms)
✔ a malformed receipt stays unqualified and another explicit attempt still uses the same failed wire (0.6044ms)
✔ duplicate explicit retry cannot dispatch twice while its real pure worker is pending (1.3316ms)
✔ zero remaining retry preserves filtered-old no-growth with exact reverse UTF16 metadata (1.5514ms)
✔ successful other-row input cannot clear a failed row or borrow its formatting qualification (0.7986ms)
✔ same-row input after Unknown preserves original confirmed old instead of trusting the unchecked current raw (0.3796ms)
✔ selection-only changes invalidate exact retry but do not grant failed raw business readiness (0.3823ms)
✔ revision rebind, stopped owner, foreign ticket and replaced source cannot reissue a failed formatter snapshot (0.8231ms)
✔ failed-row preview invalidates pure retry and waits for commit without losing its original old baseline (0.5501ms)
✔ late explicit-retry receipt cannot affect a changed owner or newer same-row input (1.674ms)
ℹ tests 126
ℹ suites 0
ℹ pass 126
ℹ fail 0
ℹ cancelled 0
ℹ skipped 0
ℹ todo 0
ℹ duration_ms 1437.6912
