✔ actual ETS keeps full Unicode text and editing metadata in the hashed request (7.0573ms)
✔ selection-only overlimit receipt is accepted without authorizing a save (0.9212ms)
✔ truncated native prefix requires a full boundary count and retains full request (1.7962ms)
✔ positive-limit retained must preserve the entire old editing value (1.7477ms)
✔ zero-budget retained validates filtered old: collapsed composition (1.4215ms)
✔ zero-budget retained validates filtered old: invalid selection (2.7965ms)
✔ zero-budget retained validates filtered old: CRLF replacement (2.1961ms)
✔ accepted row validates filtering metadata as well as its text (2.1634ms)
✔ accepted row cannot contradict a positive quota or zero-budget no-growth guard (2.3119ms)
✔ wrong request hash, full echoes, Unicode identity and all lengths reject once (6.0973ms)
✔ stop or owner change during hashing prevents any worker request (1.202ms)
✔ late worker reply cannot survive stop or a same-text owner epoch change (41.8361ms)
✔ original full editing values are frozen and caller mutations invalidate pending results (1.0604ms)
✔ invalid Unicode, row mode and wire budgets fail before issuing a worker (10.2507ms)
✔ explicit failure and malformed replies fail without an automatic replay (6.1441ms)
✔ actual component methods source identity; builders retain full rows and no platform maxLength (1.3577ms)
ℹ pages/EditorTodos.ets normalized SHA256 00110309ff3dee60905501d3e5af45518aeaeb642cfc28ad3d8a2aa7cec68870
✔ actual row retry control invokes the real model using its owner, incarnation and exact snapshot admission (14.4043ms)
✔ remaining-count failure exposes the same explicit row recovery without dispatching a formatter before budget qualification (7.6348ms)
✔ row retry refuses old incarnation, disabled, disappeared, new-owner and incompletely delivered revision snapshots (1.9688ms)
✔ retry makes no capture while pending and duplicate row presses cannot start a second pure request (12.8266ms)
✔ selection after failed input cannot masquerade as a successful retry or clear its saved qualification error (0.7539ms)
✔ repeated identical focused controller selection keeps the row retry available and its original complete wire (0.6693ms)
✔ failed-row state disables the other actual controller and preserves its unexpected focused input event (0.7949ms)
✔ actual parent captures whole raw field and maps per-row selection (0.5027ms)
✔ preview text is forwarded unchanged to model and raw composing offsets (0.2928ms)
✔ successful Add reveals the exact owned element before its guarded focus callback (91.4007ms)
✔ manual row focus supersedes a pending Add focus without losing the added row (15.1975ms)
✔ external field focus revokes pending Add even before its prop watcher runs (15.4492ms)
✔ user focus during awaited Add prevents a late focus request while retaining the row (31.6632ms)
✔ old row incarnation area notification cannot delete the current measured area (0.4274ms)
✔ new empty row waits for its measured incarnation before reveal/focus and retains the raw echo (124.8756ms)
✔ API26 invisible focus error is contained and the same mounted row can become focusable later (217.4384ms)
✔ permanently unavailable focus remains bounded without losing or deleting the added row (15.123ms)
✔ disable and disappear revoke pending mounted-row focus before an old callback can request it (31.1221ms)
✔ owner switch between Add and queued focus cancels old-card focus (15.2242ms)
✔ parent disable/disappear blocks editing and late row callbacks without borrowing a new owner (0.8005ms)
✔ parent status distinguishes complete raw capture and pending formatting before exact reply (14.4531ms)
✔ readonly count failure keeps full rows visible with unconfirmed counter (15.8833ms)
✔ drop uses matching private drag token and measured window geometry to insert after target (0.5926ms)
✔ drop before midpoint preserves moved row identity (0.5797ms)
✔ foreign drop, malformed geometry and drag-end leave raw unchanged (0.2829ms)
✔ drag frozen before selection change cannot reorder on late drop (0.3627ms)
✔ drag-position callback forwards only a current drag and cancels a stale revision (0.3284ms)
✔ actual child forwards committed string plus exact SDK preview separately (0.1914ms)
✔ child selection only captures while focused and preserves reverse UTF16 order (0.1437ms)
✔ child controllers are stable through refresh and restore confirmed selection after a frame (13.3021ms)
✔ child does not attempt arbitrary composition restore or confirmed cursor during pending (30.856ms)
✔ child old incarnation callbacks and destroyed controller queued selection are revoked (14.9975ms)
✔ same local row ID on another owner cannot admit old callbacks (0.2063ms)
✔ actual builder uses SDK adaptive1..3 SCROLL lines with full source and Flutter row geometry (0.3075ms)
✔ parent Unknown status keeps complete raw retain permission and separately blocks business readiness (0.3864ms)
✔ valid preview reports complete captured composition rather than formatter failure (0.3211ms)
✔ unlocatable preview reports capture incomplete and preserves exact old raw identity (0.231ms)
✔ invalid new-owner source status does not borrow previous owner row state (0.1556ms)
✔ failed nonmutating Add count does not misreport the current full raw as capture-incomplete (14.2696ms)
✔ disable pending preserves raw retain permission but cannot turn canceled format into a confirmed receipt (15.1709ms)
✔ disabled same-owner parent input and selection notify complete events without raw mutation or formatting (0.4429ms)
✔ disabled current parent ticket can notify after epoch preflight is invalidated but old identity never does (0.3092ms)
✔ disabled actual child input/selection forward raw events without changing its text or invoking normal capture (0.144ms)
✔ disabled child refuses old owner/incarnation/disposed callbacks and current child notification reaches parent (0.2646ms)
✔ restored disabled unfocused row initialization does not report a missing raw selection (14.3097ms)
✔ already issued controller restoration echo remains identifiable after a focused row is disabled (15.6087ms)
✔ disabled blur revokes current focus after a delivered genuine selection, while all text input remains observable (0.2994ms)
✔ disabled focused invalid or absent-selection positions are retained, never mistaken for an unissued restoration (0.1354ms)
✔ old row identity cannot consume a new controller echo or blur the new incarnation (15.5613ms)
✔ refreshing a pending row invalidates the previous incarnation controller restoration marker (16.2817ms)
✔ actual per-prop revision-first-source self echo preserves changed-text pending formatter and exact ACK (14.884ms)
✔ actual per-prop source-first-revision self echo preserves changed-text pending formatter and exact ACK (15.9754ms)
✔ actual per-prop self selection echo preserves latest same-text formatter, reverse positions and stale-reply fence (31.2922ms)
✔ actual per-prop self composition-commit echo keeps same-text full raw and confirms only the exact formatter ACK (15.5854ms)
✔ actual full external replacement still cancels the older formatter after mixed props are deferred (16.0554ms)
✔ actual new-owner prop delivery cannot clear old-owner rows or areas until its complete parent snapshot arrives (0.4299ms)
✔ actual disabled restore admits its complete parent snapshot without allowing editing or reusing an old row ticket (0.3769ms)
✔ initial disabled display callback with exact empty-minus-one preview is acknowledged once without a raw event (0.1574ms)
✔ an absent preview initial callback is acknowledged once on either initial enabled state (0.1131ms)
✔ first different input consumes the initial capability and every later same-text event stays observable (0.1137ms)
✔ nonempty, other-offset, malformed or null preview cannot acknowledge even a matching initial display (0.1238ms)
✔ any admitted focus including disabled focus and blur revokes initial display acknowledgement (0.0737ms)
✔ same-text input after real focus and a disabled blur remains captured as a complete unresolved event (0.0876ms)
✔ a row refresh even with identical bytes never rearms the initial display capability (0.0574ms)
✔ old owner or incarnation input and focus cannot consume a new instance initial display capability (0.0917ms)
✔ complete initial raw snapshot checks every TextValue field instead of only equal text (0.1089ms)
✔ pending, original composition or mismatched raw display do not qualify as initial display echoes (0.1141ms)
✔ controller, display and displayed control mutations invalidate the frozen initial capability (0.1852ms)
✔ enabled changes and repeated lifecycle appearances never create a second initial capability (0.0751ms)
✔ matching initial display leaves complete model raw, epoch, status and prior Unknown untouched (13.5342ms)
✔ an incomplete preview with unmatched raw/display remains observable and cannot be cleared by equal control text (0.4421ms)
✔ actual ETS model exposes its fresh source identity and uses injected field count/formatter only (1.463ms)
ℹ EditorTodos.ets SHA256 72d6e76423130e183dd770c1bef9aad1313dc297969c9882bdc0e03ae540a440
✔ LF split preserves interior/trailing blanks and CR original without trimming or normalization (1.7894ms)
✔ empty source has zero rows but explicit Add keeps an empty local row across its same-value echo (0.7253ms)
✔ external source sync reuses IDs by index and invalidates previous row callbacks (0.6187ms)
✔ row and view copies cannot mutate private raw state (0.2697ms)
✔ duplicate and malformed local IDs reject instead of producing ambiguous rows (1.4037ms)
✔ selection mapping uses UTF16 offsets across rows including a supplementary emoji (0.5893ms)
✔ external aggregate selection maps within one row but preserves a cross-row selection only in raw (0.3418ms)
✔ external metadata clearing does not leave stale composition on a row (0.3495ms)
✔ remaining budget subtracts other graphemes and one LF per gap, not their UTF16 lengths (0.8307ms)
✔ zero remaining is forwarded intact to native row no-growth policy (1.0319ms)
✔ zero retained adopts complete filtered-old invalid-selection finalize instead of demanding exact-old (0.8828ms)
✔ zero retained keeps legal reverse UTF16 positions/affinity/direction and replaces raw CR with one space (0.9448ms)
✔ zero retained finalizes collapsed composition but rejects any unrelated receipt position change (1.7557ms)
✔ positive remaining retained continues to require exact old without zero-rule metadata relaxation (0.3016ms)
✔ native CRLF-filter full result is adopted without an independent ETS replacement (0.288ms)
✔ complete raw future candidate is captured before any asynchronous formatter; result is visible (6.0692ms)
✔ malformed native receipt preserves complete candidate and blocks confirmed publication (0.4712ms)
✔ pure worker Unknown never removes or truncates the captured raw candidate (0.3319ms)
✔ preview keeps complete text and composition in aggregate, with no native formatting until commit (1.9458ms)
✔ unknown preview offset preserves old raw and reports capture incomplete without guessing (0.2791ms)
✔ row selection during pending formatting invalidates old reply and rechecks exact new UTF16 selection (1.3786ms)
✔ rapid same-row typing retains frozen last confirmed old value and rejects late candidate reply (6.6752ms)
✔ unexpected second-row input preserves complete raw candidates but cannot publish pending formatting (0.9817ms)
✔ owner switch blocks late row formatter and old controller events (0.5571ms)
✔ same text edit-away-and-back at parent epoch blocks a late formatter (0.4478ms)
✔ stop revokes callbacks and preserves complete raw, while fresh bind cannot qualify canceled formatting (0.543ms)
✔ capture rejection restores source-consistent local rows instead of creating a second raw draft (0.2834ms)
✔ Add includes new separator in full future count and refuses total1000 without slicing (0.7806ms)
✔ Add caps local rows100 but restore preserves over100 existing raw rows (0.4595ms)
✔ late Add count after changed owner cannot append a row to a new card (0.5174ms)
✔ remove accepts blank row, joins all remaining rows, and resets aggregate selection only (0.3197ms)
✔ up/down preserve row IDs and row UTF16 cursor metadata while changing aggregate order (0.3368ms)
✔ private drag can insert before and after a real target with stable row identity (0.3046ms)
✔ stale drag revision and old owner never reorder raw (0.2663ms)
✔ pending/IME prevents remove, move, Add and beginDrag without losing raw candidate (0.2015ms)
✔ status owns an independent full TextValue and cannot mutate row capture authority (0.2515ms)
✔ pending count and formatter never transiently publish a captured candidate as business-ready (1.5002ms)
✔ same exact parent echo retains pending status and full raw; epoch change cancels only formatting qualification (0.5035ms)
✔ Unknown and incomplete capture remain separate across same raw rebind and recover after a confirmed new input (0.4581ms)
✔ disabling a fully confirmed raw value does not make its existing formatting result incomplete (0.205ms)
✔ raw sentinel and cross-row composition are retained without guessing a restorable row range (0.2524ms)
✔ other row controller callbacks cannot clear the captured active preview composition (0.2232ms)
✔ remaining-count failure preserves complete future raw and blocks only formatter business qualification (0.2278ms)
✔ explicit formatter retry reuses the complete original wire and fixed remaining without recapturing raw (1.6691ms)
✔ remaining-count Unknown retries only pure counts for the same complete raw before its first formatter request (0.5609ms)
✔ a malformed receipt stays unqualified and another explicit attempt still uses the same failed wire (0.5844ms)
✔ duplicate explicit retry cannot dispatch twice while its real pure worker is pending (1.5547ms)
✔ zero remaining retry preserves filtered-old no-growth with exact reverse UTF16 metadata (1.646ms)
✔ successful other-row input cannot clear a failed row or borrow its formatting qualification (0.9808ms)
✔ same-row input after Unknown preserves original confirmed old instead of trusting the unchecked current raw (0.5716ms)
✔ selection-only changes invalidate exact retry but do not grant failed raw business readiness (0.7455ms)
✔ identical complete selection echo preserves the failed fixed-wire retry without recapturing or confirming (0.4655ms)
✔ revision rebind, stopped owner, foreign ticket and replaced source cannot reissue a failed formatter snapshot (0.8907ms)
✔ failed-row preview invalidates pure retry and waits for commit without losing its original old baseline (0.6676ms)
✔ late explicit-retry receipt cannot affect a changed owner or newer same-row input (2.3227ms)
Index.ets SHA256=0c1620875c82c517bea1d8c4a3029dc851452978a323667fed8af91e483696b6; SDK TypeScript=4.9.5
✔ actual Index create sends one immutable operation with complete raw todos and confirmed publication (267.643ms)
✔ new-card todos composition is preserved in confirmed raw but never admitted as create (213.7184ms)
✔ complete grapheme overflow or 101 original blank rows stay raw without a partial create (378.2905ms)
✔ complete Save admits exactly 100 original LF rows with full publication and no legacy create transport (205.4152ms)
✔ continued_todos uses own root context and admits 100 rows but preserves 101 blank rows before issuing another intent (397.9178ms)
✔ unready direct-input or row formatting blocks business while exact raw remains retainable (384.8455ms)
✔ issued backend rejection preserves full todos/pins and requires explicit original-request retry (178.9801ms)
✔ Unknown create retains exact wire and explicit retry does not borrow later todos (167.6608ms)
✔ raw journal Unknown reconciles only its original todos; later rows need a fresh confirmed publication (201.7408ms)
✔ structured unconfirmed or historical committed error preserves the original create wire (362.9991ms)
✔ late todos text/range/composition/edit-away-back revokes create input consumption (653.4868ms)
✔ a different editor owner with identical raw values cannot be consumed by an old create receipt (155.4787ms)
✔ successful exact create retires its full raw generation without emptying/normalizing it first (162.5254ms)
✔ late input/range/roundtrip or owner change during exact close preserves live input; revoked SDK lease cannot submit (834.8235ms)
✔ invalid exact-close receipt retains its original fixed close and raw editor (165.5689ms)
✔ existing V2 pending task blocks body Save and preserves task identity; separate raw remains retainable (205.8056ms)
✔ legacy create command cannot borrow raw todos or bypass complete Save (237.6253ms)
✔ emit fresh source identity for the actual Index business boundary (1.4079ms)
ℹ tests 161
ℹ suites 0
ℹ pass 161
ℹ fail 0
ℹ cancelled 0
ℹ skipped 0
ℹ todo 0
ℹ duration_ms 7961.2857
