✔ actual ETS keeps full Unicode text and editing metadata in the hashed request (2.6141ms)
✔ selection-only overlimit receipt is accepted without authorizing a save (0.4659ms)
✔ truncated native prefix requires a full boundary count and retains full request (0.438ms)
✔ positive-limit retained must preserve the entire old editing value (0.8113ms)
✔ zero-budget retained validates filtered old: collapsed composition (0.549ms)
✔ zero-budget retained validates filtered old: invalid selection (0.3535ms)
✔ zero-budget retained validates filtered old: CRLF replacement (0.4183ms)
✔ accepted row validates filtering metadata as well as its text (0.4632ms)
✔ accepted row cannot contradict a positive quota or zero-budget no-growth guard (0.4759ms)
✔ wrong request hash, full echoes, Unicode identity and all lengths reject once (1.5439ms)
✔ stop or owner change during hashing prevents any worker request (0.388ms)
✔ late worker reply cannot survive stop or a same-text owner epoch change (4.2149ms)
✔ original full editing values are frozen and caller mutations invalidate pending results (0.4997ms)
✔ invalid Unicode, row mode and wire budgets fail before issuing a worker (8.1377ms)
✔ explicit failure and malformed replies fail without an automatic replay (25.2538ms)
✔ actual component methods source identity; builders retain full rows and no platform maxLength (1.5914ms)
ℹ pages/EditorTodos.ets normalized SHA256 00110309ff3dee60905501d3e5af45518aeaeb642cfc28ad3d8a2aa7cec68870
✔ actual row retry control invokes the real model using its owner, incarnation and exact snapshot admission (33.2469ms)
✔ remaining-count failure exposes the same explicit row recovery without dispatching a formatter before budget qualification (11.8074ms)
✔ row retry refuses old incarnation, disabled, disappeared, new-owner and incompletely delivered revision snapshots (2.0088ms)
✔ retry makes no capture while pending and duplicate row presses cannot start a second pure request (12.7231ms)
✔ selection after failed input cannot masquerade as a successful retry or clear its saved qualification error (0.8137ms)
✔ failed-row state disables the other actual controller and preserves its unexpected focused input event (1.0457ms)
✔ actual parent captures whole raw field and maps per-row selection (0.4431ms)
✔ preview text is forwarded unchanged to model and raw composing offsets (0.2651ms)
✔ successful Add reveals the exact owned element before its guarded focus callback (92.3987ms)
✔ manual row focus supersedes a pending Add focus without losing the added row (14.6265ms)
✔ external field focus revokes pending Add even before its prop watcher runs (15.4767ms)
✔ user focus during awaited Add prevents a late focus request while retaining the row (31.6413ms)
✔ old row incarnation area notification cannot delete the current measured area (0.3895ms)
✔ new empty row waits for its measured incarnation before reveal/focus and retains the raw echo (127.4582ms)
✔ API26 invisible focus error is contained and the same mounted row can become focusable later (220.1243ms)
✔ permanently unavailable focus remains bounded without losing or deleting the added row (16.0767ms)
✔ disable and disappear revoke pending mounted-row focus before an old callback can request it (31.3116ms)
✔ owner switch between Add and queued focus cancels old-card focus (15.4271ms)
✔ parent disable/disappear blocks editing and late row callbacks without borrowing a new owner (0.4959ms)
✔ parent status distinguishes complete raw capture and pending formatting before exact reply (14.6744ms)
✔ readonly count failure keeps full rows visible with unconfirmed counter (40.6151ms)
✔ drop uses matching private drag token and measured window geometry to insert after target (1.2658ms)
✔ drop before midpoint preserves moved row identity (0.3141ms)
✔ foreign drop, malformed geometry and drag-end leave raw unchanged (0.3621ms)
✔ drag frozen before selection change cannot reorder on late drop (0.2667ms)
✔ drag-position callback forwards only a current drag and cancels a stale revision (0.344ms)
✔ actual child forwards committed string plus exact SDK preview separately (0.0969ms)
✔ child selection only captures while focused and preserves reverse UTF16 order (0.1369ms)
✔ child controllers are stable through refresh and restore confirmed selection after a frame (28.4331ms)
✔ child does not attempt arbitrary composition restore or confirmed cursor during pending (64.8405ms)
✔ child old incarnation callbacks and destroyed controller queued selection are revoked (19.6709ms)
✔ same local row ID on another owner cannot admit old callbacks (0.3575ms)
✔ actual builder uses SDK adaptive1..3 SCROLL lines with full source and Flutter row geometry (0.359ms)
✔ parent Unknown status keeps complete raw retain permission and separately blocks business readiness (0.662ms)
✔ valid preview reports complete captured composition rather than formatter failure (1.2089ms)
✔ unlocatable preview reports capture incomplete and preserves exact old raw identity (0.293ms)
✔ invalid new-owner source status does not borrow previous owner row state (0.1873ms)
✔ failed nonmutating Add count does not misreport the current full raw as capture-incomplete (21.3541ms)
✔ disable pending preserves raw retain permission but cannot turn canceled format into a confirmed receipt (17.8147ms)
✔ disabled same-owner parent input and selection notify complete events without raw mutation or formatting (2.7326ms)
✔ disabled current parent ticket can notify after epoch preflight is invalidated but old identity never does (1.3055ms)
✔ disabled actual child input/selection forward raw events without changing its text or invoking normal capture (0.2121ms)
✔ disabled child refuses old owner/incarnation/disposed callbacks and current child notification reaches parent (0.2651ms)
✔ restored disabled unfocused row initialization does not report a missing raw selection (29.0432ms)
✔ already issued controller restoration echo remains identifiable after a focused row is disabled (13.3593ms)
✔ disabled blur revokes current focus after a delivered genuine selection, while all text input remains observable (0.3306ms)
✔ disabled focused invalid or absent-selection positions are retained, never mistaken for an unissued restoration (0.2488ms)
✔ old row identity cannot consume a new controller echo or blur the new incarnation (27.0859ms)
✔ refreshing a pending row invalidates the previous incarnation controller restoration marker (25.8535ms)
✔ actual per-prop revision-first-source self echo preserves changed-text pending formatter and exact ACK (24.8223ms)
✔ actual per-prop source-first-revision self echo preserves changed-text pending formatter and exact ACK (33.6175ms)
✔ actual per-prop self selection echo preserves latest same-text formatter, reverse positions and stale-reply fence (64.6121ms)
✔ actual per-prop self composition-commit echo keeps same-text full raw and confirms only the exact formatter ACK (23.825ms)
✔ actual full external replacement still cancels the older formatter after mixed props are deferred (25.8357ms)
✔ actual new-owner prop delivery cannot clear old-owner rows or areas until its complete parent snapshot arrives (0.4478ms)
✔ actual disabled restore admits its complete parent snapshot without allowing editing or reusing an old row ticket (0.4064ms)
✔ initial disabled display callback with exact empty-minus-one preview is acknowledged once without a raw event (0.1783ms)
✔ an absent preview initial callback is acknowledged once on either initial enabled state (0.1406ms)
✔ first different input consumes the initial capability and every later same-text event stays observable (0.1131ms)
✔ nonempty, other-offset, malformed or null preview cannot acknowledge even a matching initial display (0.1491ms)
✔ any admitted focus including disabled focus and blur revokes initial display acknowledgement (0.1522ms)
✔ same-text input after real focus and a disabled blur remains captured as a complete unresolved event (0.137ms)
✔ a row refresh even with identical bytes never rearms the initial display capability (0.0688ms)
✔ old owner or incarnation input and focus cannot consume a new instance initial display capability (0.4177ms)
✔ complete initial raw snapshot checks every TextValue field instead of only equal text (0.1724ms)
✔ pending, original composition or mismatched raw display do not qualify as initial display echoes (0.1457ms)
✔ controller, display and displayed control mutations invalidate the frozen initial capability (0.1104ms)
✔ enabled changes and repeated lifecycle appearances never create a second initial capability (0.1306ms)
✔ matching initial display leaves complete model raw, epoch, status and prior Unknown untouched (36.9621ms)
✔ an incomplete preview with unmatched raw/display remains observable and cannot be cleared by equal control text (0.6154ms)
✔ actual ETS model exposes its fresh source identity and uses injected field count/formatter only (1.7731ms)
ℹ EditorTodos.ets SHA256 b4dbb56401157f107c0e98e13799332b86808cbdcaf618964fe87133b281c75c
✔ LF split preserves interior/trailing blanks and CR original without trimming or normalization (2.0527ms)
✔ empty source has zero rows but explicit Add keeps an empty local row across its same-value echo (1.0162ms)
✔ external source sync reuses IDs by index and invalidates previous row callbacks (0.7373ms)
✔ row and view copies cannot mutate private raw state (0.2928ms)
✔ duplicate and malformed local IDs reject instead of producing ambiguous rows (0.4407ms)
✔ selection mapping uses UTF16 offsets across rows including a supplementary emoji (1.6156ms)
✔ external aggregate selection maps within one row but preserves a cross-row selection only in raw (0.3533ms)
✔ external metadata clearing does not leave stale composition on a row (0.3149ms)
✔ remaining budget subtracts other graphemes and one LF per gap, not their UTF16 lengths (0.8085ms)
✔ zero remaining is forwarded intact to native row no-growth policy (1.0436ms)
✔ zero retained adopts complete filtered-old invalid-selection finalize instead of demanding exact-old (1.1113ms)
✔ zero retained keeps legal reverse UTF16 positions/affinity/direction and replaces raw CR with one space (0.9993ms)
✔ zero retained finalizes collapsed composition but rejects any unrelated receipt position change (1.7813ms)
✔ positive remaining retained continues to require exact old without zero-rule metadata relaxation (0.274ms)
✔ native CRLF-filter full result is adopted without an independent ETS replacement (0.2471ms)
✔ complete raw future candidate is captured before any asynchronous formatter; result is visible (28.3266ms)
✔ malformed native receipt preserves complete candidate and blocks confirmed publication (0.8935ms)
✔ pure worker Unknown never removes or truncates the captured raw candidate (0.5647ms)
✔ preview keeps complete text and composition in aggregate, with no native formatting until commit (0.5728ms)
✔ unknown preview offset preserves old raw and reports capture incomplete without guessing (0.3085ms)
✔ row selection during pending formatting invalidates old reply and rechecks exact new UTF16 selection (1.9432ms)
✔ rapid same-row typing retains frozen last confirmed old value and rejects late candidate reply (1.3711ms)
✔ unexpected second-row input preserves complete raw candidates but cannot publish pending formatting (2.3816ms)
✔ owner switch blocks late row formatter and old controller events (21.8968ms)
✔ same text edit-away-and-back at parent epoch blocks a late formatter (0.8612ms)
✔ stop revokes callbacks and preserves complete raw, while fresh bind cannot qualify canceled formatting (0.4989ms)
✔ capture rejection restores source-consistent local rows instead of creating a second raw draft (0.2312ms)
✔ Add includes new separator in full future count and refuses total1000 without slicing (0.6476ms)
✔ Add caps local rows100 but restore preserves over100 existing raw rows (0.336ms)
✔ late Add count after changed owner cannot append a row to a new card (0.3581ms)
✔ remove accepts blank row, joins all remaining rows, and resets aggregate selection only (0.262ms)
✔ up/down preserve row IDs and row UTF16 cursor metadata while changing aggregate order (0.2848ms)
✔ private drag can insert before and after a real target with stable row identity (0.303ms)
✔ stale drag revision and old owner never reorder raw (0.2459ms)
✔ pending/IME prevents remove, move, Add and beginDrag without losing raw candidate (0.1932ms)
✔ status owns an independent full TextValue and cannot mutate row capture authority (0.1892ms)
✔ pending count and formatter never transiently publish a captured candidate as business-ready (1.7685ms)
✔ same exact parent echo retains pending status and full raw; epoch change cancels only formatting qualification (0.5587ms)
✔ Unknown and incomplete capture remain separate across same raw rebind and recover after a confirmed new input (0.5842ms)
✔ disabling a fully confirmed raw value does not make its existing formatting result incomplete (0.2498ms)
✔ raw sentinel and cross-row composition are retained without guessing a restorable row range (0.2613ms)
✔ other row controller callbacks cannot clear the captured active preview composition (0.2316ms)
✔ remaining-count failure preserves complete future raw and blocks only formatter business qualification (0.2611ms)
✔ explicit formatter retry reuses the complete original wire and fixed remaining without recapturing raw (1.7368ms)
✔ remaining-count Unknown retries only pure counts for the same complete raw before its first formatter request (0.6219ms)
✔ a malformed receipt stays unqualified and another explicit attempt still uses the same failed wire (0.6557ms)
✔ duplicate explicit retry cannot dispatch twice while its real pure worker is pending (1.9028ms)
✔ zero remaining retry preserves filtered-old no-growth with exact reverse UTF16 metadata (1.7347ms)
✔ successful other-row input cannot clear a failed row or borrow its formatting qualification (1.2263ms)
✔ same-row input after Unknown preserves original confirmed old instead of trusting the unchecked current raw (0.7422ms)
✔ selection-only changes invalidate exact retry but do not grant failed raw business readiness (0.4634ms)
✔ revision rebind, stopped owner, foreign ticket and replaced source cannot reissue a failed formatter snapshot (1.1387ms)
✔ failed-row preview invalidates pure retry and waits for commit without losing its original old baseline (32.3952ms)
✔ late explicit-retry receipt cannot affect a changed owner or newer same-row input (3.73ms)
Index.ets SHA256=0c1620875c82c517bea1d8c4a3029dc851452978a323667fed8af91e483696b6; SDK TypeScript=4.9.5
✔ actual Index create sends one immutable operation with complete raw todos and confirmed publication (550.9538ms)
✔ new-card todos composition is preserved in confirmed raw but never admitted as create (432.3285ms)
✔ complete grapheme overflow or 101 original blank rows stay raw without a partial create (978.4336ms)
✔ complete Save admits exactly 100 original LF rows with full publication and no legacy create transport (369.3971ms)
✔ continued_todos uses own root context and admits 100 rows but preserves 101 blank rows before issuing another intent (791.2556ms)
✔ unready direct-input or row formatting blocks business while exact raw remains retainable (742.3176ms)
✔ issued backend rejection preserves full todos/pins and requires explicit original-request retry (347.3646ms)
✔ Unknown create retains exact wire and explicit retry does not borrow later todos (277.2492ms)
✔ raw journal Unknown reconciles only its original todos; later rows need a fresh confirmed publication (315.3784ms)
✔ structured unconfirmed or historical committed error preserves the original create wire (663.1121ms)
✔ late todos text/range/composition/edit-away-back revokes create input consumption (1345.0759ms)
✔ a different editor owner with identical raw values cannot be consumed by an old create receipt (305.0303ms)
✔ successful exact create retires its full raw generation without emptying/normalizing it first (298.3303ms)
✔ late input/range/roundtrip or owner change during exact close preserves live input; revoked SDK lease cannot submit (1433.8527ms)
✔ invalid exact-close receipt retains its original fixed close and raw editor (220.4895ms)
✔ existing V2 pending task blocks body Save and preserves task identity; separate raw remains retainable (217.6141ms)
✔ legacy create command cannot borrow raw todos or bypass complete Save (202.0502ms)
✔ emit fresh source identity for the actual Index business boundary (1.3839ms)
ℹ tests 159
ℹ suites 0
ℹ pass 159
ℹ fail 0
ℹ cancelled 0
ℹ skipped 0
ℹ todo 0
ℹ duration_ms 16976.1321
