- Dumping layout…
- Dumping layout…
- Executing click...
√ click at (1227, 213)
- Dumping layout…
- Dumping layout…
- Dumping layout…
- Executing click...
√ click at (1101, 428)
- Dumping layout…
- Executing text input...
√ input HMOS-draft-20261005-C at (582, 213)
- Dumping layout…
- Dumping layout…
- Executing click...
√ click at (948, 214)
- Dumping layout…
- Executing click...
√ click at (1173, 455)
- Dumping layout…
- Dumping layout…
- Dumping layout…
- Dumping layout…
PASS empty new-card draft is acknowledged without a business card
- Dumping layout…
- Executing click...
√ click at (660, 620)
- Dumping layout…
- Dumping layout…
- Executing click...
√ click at (660, 1573)
- Dumping layout…
- Dumping layout…
- Dumping layout…
- Dumping layout…
- Executing click...
√ click at (752, 1983)
- Dumping layout…
- Dumping layout…
- Executing text input...
√ input HMOS-draft-20261005-C at (567, 213)
- Dumping layout…
- Dumping layout…
- Executing click...
√ click at (919, 214)
PASS close keeps raw values and does not submit business content
- Dumping layout…
- Dumping layout…
- Executing click...
√ click at (1213, 213)
- Dumping layout…
- Dumping layout…
- Executing click...
√ click at (1017, 961)
- Dumping layout…
- Dumping layout…
- Dumping layout…
PASS new-card raw Unicode and multiline values recover after process restart
- Dumping layout…
- Executing click...
√ click at (660, 1573)
- Dumping layout…
- Dumping layout…
- Dumping layout…
- Dumping layout…
- Dumping layout…
- Executing click...
√ click at (1213, 213)
- Dumping layout…
- Dumping layout…
- Executing click...
√ click at (1017, 877)
- Dumping layout…
- Dumping layout…
PASS latest autosaved raw generation recovers without closing the editor
- Dumping layout…
- Executing click...
√ click at (1047, 1983)
- Dumping layout…
- Dumping layout…
- Executing text input...
√ input HMOS-draft-20261005-C at (582, 213)
- Dumping layout…
- Dumping layout…
- Executing click...
√ click at (1227, 213)
- Dumping layout…
- Dumping layout…
- Dumping layout…
- Executing click...
√ click at (1101, 428)
- Dumping layout…
PASS explicit submission creates one business identity and retires its raw draft
- Dumping layout…
- Executing click...
√ click at (1194, 1853)
- Dumping layout…
- Executing click...
√ click at (348, 1823)
- Dumping layout…
- Executing click...
√ click at (660, 1573)
- Dumping layout…
- Dumping layout…
- Dumping layout…
- Executing click...
√ click at (752, 1983)
- Dumping layout…
PASS existing-card draft leaves the committed source content unchanged
- Dumping layout…
- Dumping layout…
- Executing click...
√ click at (1213, 213)
- Dumping layout…
- Dumping layout…
- Executing click...
√ click at (1017, 877)
- Dumping layout…
- Dumping layout…
- Dumping layout…
PASS existing-card unsubmitted values recover after restart
- Dumping layout…
- Executing click...
√ click at (243, 1983)
- Dumping layout…
- Dumping layout…
- Executing click...
√ click at (373, 1216)
- Dumping layout…
PASS discard cancellation keeps the editor and draft
- Dumping layout…
- Executing click...
√ click at (243, 1983)
- Dumping layout…
- Executing click...
√ click at (949, 1216)
- Dumping layout…
- Dumping layout…
- Executing click...
√ click at (1227, 213)
- Dumping layout…
- Dumping layout…
- Dumping layout…
- Executing click...
√ click at (1101, 428)
- Dumping layout…
- Executing text input...
√ input HMOS-draft-20261005-C at (582, 213)
- Dumping layout…
- Dumping layout…
- Dumping layout…
- Dumping layout…
- Executing click...
√ click at (1227, 213)
- Dumping layout…
- Dumping layout…
- Dumping layout…
- Executing click...
√ click at (1101, 428)
- Dumping layout…
- Executing text input...
√ input HMOS-draft-20261005-C at (582, 213)
- Dumping layout…
- Dumping layout…
PASS confirmed discard remains inactive after restart and never changes the business card
- Dumping layout…
- Executing click...
√ click at (948, 214)
{"result":"PASS","device":"127.0.0.1:5557","title":"HMOS-draft-20261005-C","cardId":"workspace-card:b6f32cb3-6cf6-48ac-bf34-772c3356d14f","checks":["empty new-card draft is acknowledged without a business card","close keeps raw values and does not submit business content","new-card raw Unicode and multiline values recover after process restart","latest autosaved raw generation recovers without closing the editor","explicit submission creates one business identity and retires its raw draft","existing-card draft leaves the committed source content unchanged","existing-card unsubmitted values recover after restart","discard cancellation keeps the editor and draft","confirmed discard remains inactive after restart and never changes the business card"],"note":"UI creates one named development fixture. Native model tests cover raw selection/composing metadata; this is not IME session restoration or captured S1/S2 handoff acceptance."}
