- Dumping layout…
- Dumping layout…
- Executing click...
√ click at (1227, 213)
- Dumping layout…
- Dumping layout…
- Dumping layout…
- Executing click...
√ click at (1101, 428)
- Dumping layout…
- Executing text input...
√ input HMOS-draft-20261005-C at (582, 213)
- Dumping layout…
- Dumping layout…
- Executing click...
√ click at (348, 1823)
- Dumping layout…
- Executing swipe...
√ swipe from (1247, 1830) to (1247, 624)
- Dumping layout…
- Dumping layout…
- Dumping layout…
- Dumping layout…
- Executing click...
√ click at (752, 1983)
- Dumping layout…
- Executing click...
√ click at (1227, 213)
- Dumping layout…
- Dumping layout…
- Dumping layout…
- Executing click...
√ click at (1101, 428)
PASS view and scroll of unchanged existing card consumes no draft slot
- Dumping layout…
- Dumping layout…
- Executing click...
√ click at (1227, 213)
- Dumping layout…
- Dumping layout…
- Dumping layout…
- Executing click...
√ click at (1101, 428)
PASS read-only view remains without a journal after restart
