    Blocking waiting for file lock on package cache
    Blocking waiting for file lock on package cache
    Blocking waiting for file lock on package cache
   Compiling proc-macro2 v1.0.107
   Compiling quote v1.0.47
   Compiling unicode-ident v1.0.26
   Compiling anyhow v1.0.104
   Compiling typenum v1.20.1
   Compiling either v1.18.0
   Compiling bytes v1.12.1
   Compiling windows-link v0.2.1
   Compiling regex-syntax v0.8.11
   Compiling fastrand v2.5.0
   Compiling windows-sys v0.61.2
   Compiling equivalent v1.0.2
   Compiling itertools v0.14.0
   Compiling prettyplease v0.2.37
   Compiling once_cell v1.21.4
   Compiling version_check v0.9.5
   Compiling hashbrown v0.17.1
   Compiling foldhash v0.1.5
   Compiling hybrid-array v0.4.15
   Compiling hashbrown v0.15.5
   Compiling generic-array v0.14.7
   Compiling fixedbitset v0.5.7
   Compiling cfg-if v1.0.5
   Compiling tempfile v3.27.0
   Compiling syn v2.0.119
   Compiling indexmap v2.14.2
   Compiling protoc-bin-vendored-macos-aarch_64 v3.2.0
   Compiling protoc-bin-vendored-linux-s390_64 v3.2.0
   Compiling multimap v0.10.1
   Compiling protoc-bin-vendored-macos-x86_64 v3.2.0
   Compiling semver v1.0.28
   Compiling shlex v2.0.1
   Compiling protoc-bin-vendored-linux-ppcle_64 v3.2.0
   Compiling protoc-bin-vendored-linux-x86_32 v3.2.0
   Compiling protoc-bin-vendored-linux-aarch_64 v3.2.0
   Compiling log v0.4.34
   Compiling regex-automata v0.4.18
   Compiling protoc-bin-vendored-win32 v3.2.0
   Compiling heck v0.5.0
   Compiling protoc-bin-vendored-linux-x86_64 v3.2.0
   Compiling find-msvc-tools v0.1.13
   Compiling rustc_version v0.4.1
   Compiling petgraph v0.8.3
   Compiling protoc-bin-vendored v3.2.0
   Compiling crypto-common v0.2.2
   Compiling block-buffer v0.12.1
   Compiling vcpkg v0.2.15
   Compiling cc v1.4.7
   Compiling pkg-config v0.3.34
   Compiling digest v0.11.3
   Compiling curve25519-dalek v5.0.0
   Compiling capnp v0.24.1
   Compiling regex v1.13.1
   Compiling foldhash v0.2.0
   Compiling getrandom v0.4.3
   Compiling cpufeatures v0.3.1
   Compiling block-buffer v0.10.4
   Compiling crypto-common v0.1.7
   Compiling subtle v2.6.1
   Compiling signature v3.0.0
   Compiling zeroize v1.9.0
   Compiling digest v0.10.7
   Compiling hashlink v0.12.2
   Compiling ed25519 v3.0.0
   Compiling sha2 v0.11.0
   Compiling libsqlite3-sys v0.38.2
   Compiling fallible-streaming-iterator v0.1.9
   Compiling smallvec v1.16.1
   Compiling capnpc v0.24.0
   Compiling fallible-iterator v0.3.0
   Compiling cpufeatures v0.2.17
   Compiling bitflags v2.13.2
   Compiling sha2 v0.10.9
   Compiling lz4_flex v0.14.0
   Compiling prost-derive v0.14.4
   Compiling curve25519-dalek-derive v0.1.1
   Compiling prost v0.14.4
   Compiling ed25519-dalek v3.0.0
   Compiling prost-types v0.14.4
   Compiling rusqlite v0.40.2
   Compiling prost-build v0.14.4
   Compiling prost-reflect v0.16.5
   Compiling morrow-core v0.1.9-test.50 (C:\Users\Administrator\Desktop\CodeXProjext\morrow\hmos\shared\core)
   Compiling morrow-editor-draft-model v0.1.0 (C:\Users\Administrator\Desktop\CodeXProjext\morrow\hmos\rust\editor-draft-model)
    Finished `test` profile [unoptimized + debuginfo] target(s) in 23.36s
     Running unittests src\wrapper.rs (hmos/.build/draft-model\debug\deps\morrow_editor_draft_model-fd2804223270585b.exe)

running 10 tests
test model::tests::empty_and_intermediate_values_are_retained ... ok
test model::tests::emoji_code_unit_offsets_roundtrip_even_inside_surrogate_pair ... ok
test model::tests::mixed_sentinels_roundtrip_and_out_of_range_offsets_reject ... ok
test model::tests::new_card_has_no_source_or_predecessor_and_only_draft_assets ... ok
test model::tests::parent_link_requires_existing_source_without_predecessor_and_first_operation ... ok
test model::tests::parent_link_rejects_bad_identity_generation_and_digests ... ok
test model::tests::validates_origins_predecessor_and_all_identities ... ok
test model::tests::parent_link_accepts_first_and_later_child_generations ... ok
test model::tests::rejects_reversed_composition_and_unknown_affinity ... ok
test model::tests::enforces_text_alias_and_encoded_body_budgets ... ok

test result: ok. 10 passed; 0 failed; 0 ignored; 0 measured; 0 filtered out; finished in 0.00s

   Doc-tests morrow_editor_draft_model

running 0 tests

test result: ok. 0 passed; 0 failed; 0 ignored; 0 measured; 0 filtered out; finished in 0.00s
