- Dumping layout…
- Dumping layout…
- Dumping layout…
- Executing swipe...
√ swipe from (1247, 1696) to (1247, 624)
- Dumping layout…
- Executing click...
√ click at (216, 1638)
- Dumping layout…
- Dumping layout…
- Dumping layout…
- Dumping layout…
PASS ordinary business mutation preserves pending todo and surfaces source conflict
- Dumping layout…
- Executing click...
√ click at (752, 1983)
- Dumping layout…
- Dumping layout…
- Executing click...
√ click at (1213, 213)
- Dumping layout…
- Dumping layout…
- Executing click...
√ click at (1017, 877)
- Dumping layout…
- Dumping layout…
- Executing swipe...
√ swipe from (1247, 1657) to (1247, 624)
- Dumping layout…
- Dumping layout…
PASS pending todo survives process restart after source change
- Dumping layout…
- Executing click...
√ click at (243, 1983)
- Dumping layout…
- Executing click...
√ click at (949, 1216)
- Dumping layout…
- Executing click...
√ click at (1227, 213)
- Dumping layout…
- Dumping layout…
- Dumping layout…
- Executing click...
√ click at (1101, 428)
- Dumping layout…
- Executing text input...
√ input HMOS-draft-20261005-C at (582, 213)
- Dumping layout…
node:internal/assert/utils:77
    throw err;
    ^

AssertionError [ERR_ASSERTION]: The expression evaluated to a falsy value:

  assert.ok(d.flatten([fixtureCard()]).some(x=>x.n.text===submitted))

    at Object.<anonymous> (C:\Users\Administrator\Desktop\CodeXProjext\morrow\hmos\tool\draft-device-check.cjs:66:10)
    at Module._compile (node:internal/modules/cjs/loader:1872:14)
    at Object..js (node:internal/modules/cjs/loader:2003:10)
    at Module.load (node:internal/modules/cjs/loader:1594:32)
    at Module._load (node:internal/modules/cjs/loader:1396:12)
    at wrapModuleLoad (node:internal/modules/cjs/loader:255:19)
    at Module.executeUserEntryPoint [as runMain] (node:internal/modules/run_main:154:5)
    at node:internal/main/run_main_module:33:47 {
  generatedMessage: true,
  code: 'ERR_ASSERTION',
  actual: false,
  expected: true,
  operator: '==',
  diff: 'simple'
}

Node.js v24.19.0
