- Dumping layout…
- Dumping layout…
- Dumping layout…
- Executing swipe...
√ swipe from (1247, 1771) to (1247, 624)
- Dumping layout…
- Dumping layout…
- Executing click...
√ click at (594, 1545)
- Dumping layout…
- Dumping layout…
- Dumping layout…
- Executing click...
√ click at (1131, 1545)
- Dumping layout…
- Dumping layout…
PASS completed raw todo is submitted once and only its consumed input is cleared
- Dumping layout…
- Executing click...
√ click at (594, 1694)
- Dumping layout…
- Dumping layout…
- Dumping layout…
node:internal/assert/utils:77
    throw err;
    ^

AssertionError [ERR_ASSERTION]: observed control
    at click (C:\Users\Administrator\Desktop\CodeXProjext\morrow\hmos\tool\draft-device-check.cjs:11:26)
    at Object.<anonymous> (C:\Users\Administrator\Desktop\CodeXProjext\morrow\hmos\tool\draft-device-check.cjs:54:44)
    at Module._compile (node:internal/modules/cjs/loader:1872:14)
    at Object..js (node:internal/modules/cjs/loader:2003:10)
    at Module.load (node:internal/modules/cjs/loader:1594:32)
    at Module._load (node:internal/modules/cjs/loader:1396:12)
    at wrapModuleLoad (node:internal/modules/cjs/loader:255:19)
    at Module.executeUserEntryPoint [as runMain] (node:internal/modules/run_main:154:5)
    at node:internal/main/run_main_module:33:47 {
  generatedMessage: false,
  code: 'ERR_ASSERTION',
  actual: undefined,
  expected: true,
  operator: '==',
  diff: 'simple'
}

Node.js v24.19.0
