- Dumping layout…
- Dumping layout…
- Executing click...
√ click at (1227, 213)
- Dumping layout…
- Dumping layout…
- Dumping layout…
- Executing click...
√ click at (1101, 428)
- Dumping layout…
- Dumping layout…
- Executing click...
√ click at (1194, 1861)
- Dumping layout…
- Executing click...
√ click at (348, 1823)
- Dumping layout…
- Executing swipe...
√ swipe from (1247, 1771) to (1247, 624)
- Dumping layout…
- Dumping layout…
- Dumping layout…
PASS explicit raw discard preserves previously committed task
- Dumping layout…
- Executing click...
√ click at (752, 1983)
- Dumping layout…
- Executing click...
√ click at (919, 214)
