PASS actual provider image and document exports match original bytes and SHA256
- Dumping layout…
- Dumping layout…
- Executing click...
√ click at (1155, 425)
- Dumping layout…
- Dumping layout…
- Dumping layout…
- Executing click...
√ click at (582, 213)
- Dumping layout…
- Dumping layout…
- Dumping layout…
- Dumping layout…
- Dumping layout…
- Dumping layout…
- Executing click...
√ click at (412, 1858)
- Dumping layout…
- Dumping layout…
- Dumping layout…
- Executing click...
√ click at (956, 1828)
- Dumping layout…
- Dumping layout…
- Executing click...
√ click at (790, 907)
- Dumping layout…
- Dumping layout…
- Dumping layout…
- Dumping layout…
- Dumping layout…
- Executing click...
√ click at (752, 1983)
- Dumping layout…
- Dumping layout…
- Executing click...
√ click at (1227, 213)
- Dumping layout…
- Dumping layout…
- Dumping layout…
- Executing click...
√ click at (1101, 428)
PASS final HAP reopens two published assets; cancelling chooser and unchanged editor creates no journal
- Dumping layout…
- Dumping layout…
- Executing click...
√ click at (412, 1858)
