✔ picker opens exact authorized URI, native streams Unicode bytes, returned metadata has no path (4.8361ms)
✔ picker cancellation does not prepare or create spool (0.8528ms)
✔ provider open denial closes caller files and removes unadmitted private directory (1.0416ms)
✔ native over-budget partial prepare is removed (0.819ms)
✔ unknown import retains exact original JSON and recovery supports only the same proposal (2.7785ms)
✔ 20 retained requests block picker before provider admission (2.9547ms)
✔ remaining quota includes reserved sidecars of unknown imports (1.0457ms)
✔ bad native whole hash never opens save picker (1.3724ms)
✔ verified short export truncates longer destination, syncs and checks final size (1.6296ms)
✔ provider destination stat unsupported is explicitly unconfirmed (2.0715ms)
✔ private image preview is verified, one at a time, and token-scoped cleanup (4.2913ms)
✔ preview length mismatch removes private copy and closes FD (1.0412ms)
✔ unknown preview copy result removes private partial bytes without retry (0.7182ms)
✔ provider copy failure is unconfirmed and private export is cleaned (0.7305ms)
✔ crash after mkdtemp before data creation cleans only strict unadmitted directory (0.8942ms)
✔ crash with partial data and undefined metadata, no request, frees quota (0.8322ms)
✔ crash with partial data and  metadata, no request, frees quota (0.7256ms)
✔ crash with partial data and {"spool_id": metadata, no request, frees quota (0.7355ms)
✔ metadata write failure during live pick leaves no admitted request or caller FD (0.8282ms)
✔ 20 crashed preparations are cleaned before a new picker request (3.3014ms)
✔ existing corrupt request "" is retained with diagnostic and no handle (1.3714ms)
✔ existing corrupt request "{\"action\":" is retained with diagnostic and no handle (1.2769ms)
✔ existing corrupt request "null" is retained with diagnostic and no handle (0.9539ms)
✔ existing corrupt request "{}" is retained with diagnostic and no handle (2.0561ms)
✔ existing corrupt request "{\"action\":\"import_file\",\"import_request\":[]}" is retained with diagnostic and no handle (1.0118ms)
✔ partial metadata and partial request remain visible, neither becomes an import handle (0.8844ms)
✔ missing metadata with a valid request is preserved (1.1166ms)
✔ schema-invalid or mismatched retained request {"sha256":"0000000000000000000000000000000000000000000000000000000000000000"} is not importable (0.9009ms)
✔ schema-invalid or mismatched retained request {"kind":"unknown"} is not importable (0.8148ms)
✔ schema-invalid or mismatched retained request {"expected_generation":"18446744073709551616"} is not importable (1.1521ms)
✔ schema-invalid or mismatched retained request {"operation_id":""} is not importable (0.8479ms)
✔ symlink directory is never recursively removed or exposed (1.0102ms)
✔ symlink data is never recursively removed or exposed (0.6992ms)
✔ symlink metadata.json is never recursively removed or exposed (0.7051ms)
✔ symlink request.json is never recursively removed or exposed (1.0386ms)
✔ permission failure does not imply request absence and prevents quota admission (0.9943ms)
✔ unexpected child directory survives recursive SDK rmdir and blocks new admission (0.9154ms)
✔ unknown namespace is retained, diagnosed, and cannot be quota-evicted (0.8443ms)
✔ complete preparation without request recovers an opaque handle for explicit use (0.7879ms)
✔ corrupt cached metadata invalidates the old in-memory handle (1.2837ms)
✔ cleanup failure remains visible and blocks the unsafe cached item (0.9395ms)
✔ oversized corrupt journals count actual bytes and block a new picker (1.268ms)
✔ diagnostics are copied so caller mutation cannot hide retained review state (0.9871ms)
✔ same identity receives new content without invalidating unrelated cards (7.7389ms)
✔ reordered results refresh revised retained identities and discard removed entries (0.3497ms)
✔ moved identities invalidate positional height caches even without a content revision (0.1791ms)
✔ page identity separates different card presentations and empty queries clear visible data (0.2012ms)
✔ identical queries do not invalidate nodes and detached views receive no events (0.1588ms)
✔ stable page identities include the five Flutter pages and exclude trash (4.0397ms)
✔ restore retains source v1 schema, manual flags and page-specific orders (1.6931ms)
✔ order projects surviving saved IDs and appends new cards without destructive pruning (0.7557ms)
✔ moveRelative uses target identity after removal, including before/after and no-ops (0.6792ms)
✔ filtered moves replace visible slots and leave hidden card anchors unchanged (1.2651ms)
✔ visible query order may differ from full order and is merged into visible slots exactly (1.4353ms)
✔ a successful move prunes removed IDs, appends new ones, and does not change other pages (1.6258ms)
✔ disabling and enabling manual order preserves its saved identities (0.9195ms)
✔ write failure rolls back the exact prior order/manual state and never auto-replays (1.8884ms)
✔ failed mode selection restores the previous manual mode and retained order (1.2281ms)
✔ busy and loading reject new changes instead of issuing concurrent writes or reads (0.849ms)
✔ invalid candidate identities, page, duplicates, missing targets and overflow never write (0.7551ms)
✔ view tokens and model revision reject stale drags, even for identical identity arrays (0.6939ms)
✔ switching pages during a write does not publish the old page mode into the current page (1.3421ms)
✔ serialized preferences recover the acknowledged state after restart (1.1888ms)
✔ caller mutations of input arrays, views and returned snapshots cannot change a pending request (0.8206ms)
✔ invalid persisted JSON is rejected atomically without partially replacing prior preferences (1.57ms)
✔ exact 256-card candidates can be persisted without truncation (1.1628ms)
✔ dispose prevents late read/write callbacks from updating the current UI (1.8369ms)
✔ new cards durably save the initial empty snapshot; unchanged existing cards do not (24.1865ms)
✔ successful explicit import preparation establishes an unchanged source journal once; opening does not (6.2265ms)
✔ selected identities and aliases are immutable snapshot input; attachment-only changes save a generation (6.3008ms)
✔ an unknown attachment save retries exact selection bytes and leaves newer removal intact (5.6739ms)
✔ restored selected pins remain read-only and text autosave preserves origin, aliases and inventory (4.0469ms)
✔ missing or altered stored asset evidence cannot certify a selection receipt (8.4659ms)
✔ parent/predecessor, duplicate and oversized attachment selections fail before transport (1.243ms)
✔ ensureConfirmed surfaces failure without silently certifying empty state or retrying it (3.2609ms)
✔ a later receipt cannot substitute bytes for the same already confirmed asset identity (4.761ms)
✔ all twenty selected asset identities and Unicode aliases survive serialization without truncation (3.4929ms)
✔ debounce coalesces input and owns scope and full UTF-16 editing values (2.8009ms)
✔ an older receipt confirms history but never replaces newer input; automatic S2 is debounced (1.4665ms)
✔ flush waits for the issued save and then confirms all latest input before resolving (1.4183ms)
✔ unknown outcomes preserve exact serialized bytes and explicit retry stops at original S1 (1.4192ms)
✔ known rejection clears the proposal, surfaces flush failure and does not replay failed S1 (1.7754ms)
✔ a different S2 already observed during rejected S1 may autosave without replaying S1 (1.2892ms)
✔ a known rejection of retry cannot erase an already uncertain operation (0.9921ms)
✔ restoring a confirmed draft is read-only and snapshots are detached (0.9247ms)
✔ inactive or advanced restored journals block flush and autosave (3.2543ms)
✔ historical or mismatched receipts cannot certify latest input (3.2133ms)
✔ disposal stops publication and new work while leaving an issued operation uncancelled (1.2848ms)
✔ selection-only and composing-only changes are real generations; invalid UTF-16 offsets fail before send (1.4071ms)
✔ decimal generation increments preserve u64 precision and reject overflow/noncanonical values (0.8168ms)
✔ pre-send generation exhaustion is an explicit error and never an unknown transport outcome (1.5451ms)
✔ disposing before debounce prevents new writes (0.7172ms)
✔ full Unicode, leading spaces and trailing LF survive an unset selection (1.0235ms)
✔ reversed UTF16 selection replaces only the selected emoji (0.5979ms)
✔ a caret at a valid UTF16 boundary inserts without replacing neighbors (0.1538ms)
✔ the complete resulting field is limited, never truncated (0.4745ms)
✔ live composing text cannot be replaced by a clipboard result (0.1595ms)
✔ invalid or partial selection sentinels are rejected (0.3621ms)
✔ a surrogate cannot be split while pasting (0.5128ms)
✔ a frozen paste target detects raw text, selection and composing drift (0.2543ms)
✔ enabled preview debounces and sends only latest input (13.6975ms)
✔ pending input removes old preview; serial work coalesces later input (5.8621ms)
✔ switching editor with identical text rejects stale success and failure (1.7009ms)
✔ A to B to A cannot revive an earlier receipt (2.4385ms)
✔ stale failure cannot show an error or block the latest request (1.9633ms)
✔ failure has a nonempty error, no automatic replay, and explicit retry (1.498ms)
✔ corrected input schedules only the corrected text after a failure (1.0029ms)
✔ disable cancels debounce and ignores issued work while preserving original input (0.7254ms)
✔ closing and reopening the same editor rejects the previous request (1.7215ms)
✔ dispose cancels debounce and late work cannot publish or schedule (2.0343ms)
✔ 20k UTF-16 input is sent whole without trimming or clipping surrogate pairs (0.7952ms)
✔ malformed JSON blocks, runs and tables are rejected rather than displayed (3.146ms)
✔ complete DTO snapshots are owned independently of transport and getter mutations (4.9517ms)
✔ valid empty documents render without invented content (2.95ms)
✔ obsolete reply is discarded and only latest pending page reaches the owner (63.3689ms)
✔ typing is debounced while tabs and confirmed content refresh issue immediately (169.958ms)
✔ failures clear confirmed membership and explicit retry is a new read (94.3878ms)
✔ obsolete failure, invalidation and disposal cannot publish or replay pending work (108.4572ms)
✔ selection owns conditions and an unchanged view does not duplicate requests (62.8467ms)
ℹ tests 119
ℹ suites 0
ℹ pass 119
ℹ fail 0
ℹ cancelled 0
ℹ skipped 0
ℹ todo 0
ℹ duration_ms 1012.8059
