> hvigor [32mUP-TO-DATE :entry:default@PreBuild...  [39m
> hvigor [32mFinished :entry:default@CreateModuleInfo... after 1 ms [39m
> hvigor [32mUP-TO-DATE :entry:default@GenerateMetadata...  [39m
> hvigor [32mFinished :entry:default@ConfigureCmake... after 10 ms [39m
> hvigor [32mUP-TO-DATE :entry:default@MergeProfile...  [39m
> hvigor [32mUP-TO-DATE :entry:default@CreateBuildProfile...  [39m
> hvigor [32mFinished :entry:default@PreCheckSyscap... after 1 ms [39m
> hvigor [32mFinished :entry:default@GeneratePkgSdkInfo... after 3 ms [39m
> hvigor [32mFinished :entry:default@ProcessIntegratedHsp... after 1 ms [39m
> hvigor [32mFinished :entry:default@BuildNativeWithCmake... after 22 ms [39m
> hvigor [32mUP-TO-DATE :entry:default@MakePackInfo...  [39m
> hvigor [32mFinished :entry:default@SyscapTransform... after 20 ms [39m
> hvigor [32mUP-TO-DATE :entry:default@GeneratePkgContextInfo...  [39m
> hvigor [32mUP-TO-DATE :entry:default@ProcessProfile...  [39m
> hvigor [32mUP-TO-DATE :entry:default@ProcessRouterMap...  [39m
> hvigor [32mUP-TO-DATE :entry:default@ProcessShareConfig...  [39m
> hvigor [32mFinished :entry:default@ProcessStartupConfig... after 2 ms [39m
> hvigor [32mUP-TO-DATE :entry:default@ProcessResource...  [39m
> hvigor [32mUP-TO-DATE :entry:default@GenerateLoaderJson...  [39m
> hvigor [32mUP-TO-DATE :entry:default@CompileResource...  [39m
> hvigor [32mFinished :entry:default@BuildJS... after 2 ms [39m
> hvigor [32mFinished :entry:default@BuildNativeWithNinja... after 300 ms [39m
> hvigor [32mFinished :entry:default@ProcessLibs... after 137 ms [39m
> hvigor [32mFinished :entry:default@DoNativeStrip... after 72 ms [39m
> hvigor [32mFinished :entry:default@CacheNativeLibs... after 5 ms [39m
> hvigor ERROR: Failed :entry:default@CompileArkTS... 
> hvigor WARN: 
1 WARN: ArkTS:WARN File: C:/Users/Administrator/Desktop/CodeXProjext/morrow/hmos/entry/src/main/ets/pages/Index.ets:1598:83
 'Function.bind' is not supported (arkts-no-func-bind)

2 WARN: ArkTS:WARN: For details about ArkTS syntax errors, see FAQs
3 WARN: ArkTS:WARN File: C:/Users/Administrator/Desktop/CodeXProjext/morrow/hmos/entry/src/main/ets/model/AttachmentFiles.ets:125:58
 Function may throw exceptions. Special handling is required.

4 WARN: ArkTS:WARN File: C:/Users/Administrator/Desktop/CodeXProjext/morrow/hmos/entry/src/main/ets/model/AttachmentFiles.ets:126:27
 Function may throw exceptions. Special handling is required.

5 WARN: ArkTS:WARN File: C:/Users/Administrator/Desktop/CodeXProjext/morrow/hmos/entry/src/main/ets/model/AttachmentFiles.ets:127:15
 Function may throw exceptions. Special handling is required.

6 WARN: ArkTS:WARN File: C:/Users/Administrator/Desktop/CodeXProjext/morrow/hmos/entry/src/main/ets/model/AttachmentFiles.ets:127:37
 Function may throw exceptions. Special handling is required.

7 WARN: ArkTS:WARN File: C:/Users/Administrator/Desktop/CodeXProjext/morrow/hmos/entry/src/main/ets/model/AttachmentFiles.ets:169:28
 Function may throw exceptions. Special handling is required.

8 WARN: ArkTS:WARN File: C:/Users/Administrator/Desktop/CodeXProjext/morrow/hmos/entry/src/main/ets/model/AttachmentFiles.ets:175:31
 Function may throw exceptions. Special handling is required.

9 WARN: ArkTS:WARN File: C:/Users/Administrator/Desktop/CodeXProjext/morrow/hmos/entry/src/main/ets/model/AttachmentFiles.ets:176:19
 Function may throw exceptions. Special handling is required.

10 WARN: ArkTS:WARN File: C:/Users/Administrator/Desktop/CodeXProjext/morrow/hmos/entry/src/main/ets/model/AttachmentFiles.ets:176:43
 Function may throw exceptions. Special handling is required.

11 WARN: ArkTS:WARN File: C:/Users/Administrator/Desktop/CodeXProjext/morrow/hmos/entry/src/main/ets/model/AttachmentFiles.ets:177:33
 Function may throw exceptions. Special handling is required.

12 WARN: ArkTS:WARN File: C:/Users/Administrator/Desktop/CodeXProjext/morrow/hmos/entry/src/main/ets/model/AttachmentFiles.ets:185:21
 Function may throw exceptions. Special handling is required.

13 WARN: ArkTS:WARN File: C:/Users/Administrator/Desktop/CodeXProjext/morrow/hmos/entry/src/main/ets/model/AttachmentFiles.ets:185:38
 Function may throw exceptions. Special handling is required.

14 WARN: ArkTS:WARN File: C:/Users/Administrator/Desktop/CodeXProjext/morrow/hmos/entry/src/main/ets/model/AttachmentFiles.ets:205:23
 Function may throw exceptions. Special handling is required.

15 WARN: ArkTS:WARN File: C:/Users/Administrator/Desktop/CodeXProjext/morrow/hmos/entry/src/main/ets/model/AttachmentFiles.ets:208:34
 Function may throw exceptions. Special handling is required.

16 WARN: ArkTS:WARN File: C:/Users/Administrator/Desktop/CodeXProjext/morrow/hmos/entry/src/main/ets/model/AttachmentFiles.ets:214:16
 Function may throw exceptions. Special handling is required.

17 WARN: ArkTS:WARN File: C:/Users/Administrator/Desktop/CodeXProjext/morrow/hmos/entry/src/main/ets/model/AttachmentFiles.ets:229:17
 Function may throw exceptions. Special handling is required.

18 WARN: ArkTS:WARN File: C:/Users/Administrator/Desktop/CodeXProjext/morrow/hmos/entry/src/main/ets/model/AttachmentFiles.ets:229:41
 Function may throw exceptions. Special handling is required.

19 WARN: ArkTS:WARN File: C:/Users/Administrator/Desktop/CodeXProjext/morrow/hmos/entry/src/main/ets/model/AttachmentFiles.ets:230:28
 Function may throw exceptions. Special handling is required.

20 WARN: ArkTS:WARN File: C:/Users/Administrator/Desktop/CodeXProjext/morrow/hmos/entry/src/main/ets/model/AttachmentFiles.ets:238:26
 Function may throw exceptions. Special handling is required.

21 WARN: ArkTS:WARN File: C:/Users/Administrator/Desktop/CodeXProjext/morrow/hmos/entry/src/main/ets/model/AttachmentFiles.ets:238:43
 Function may throw exceptions. Special handling is required.

22 WARN: ArkTS:WARN File: C:/Users/Administrator/Desktop/CodeXProjext/morrow/hmos/entry/src/main/ets/model/AttachmentFiles.ets:248:54
 Function may throw exceptions. Special handling is required.

23 WARN: ArkTS:WARN File: C:/Users/Administrator/Desktop/CodeXProjext/morrow/hmos/entry/src/main/ets/model/AttachmentFiles.ets:253:19
 Function may throw exceptions. Special handling is required.

24 WARN: ArkTS:WARN File: C:/Users/Administrator/Desktop/CodeXProjext/morrow/hmos/entry/src/main/ets/model/AttachmentFiles.ets:254:14
 Function may throw exceptions. Special handling is required.

25 WARN: ArkTS:WARN File: C:/Users/Administrator/Desktop/CodeXProjext/morrow/hmos/entry/src/main/ets/model/AttachmentFiles.ets:304:33
 Function may throw exceptions. Special handling is required.

26 WARN: ArkTS:WARN File: C:/Users/Administrator/Desktop/CodeXProjext/morrow/hmos/entry/src/main/ets/pages/Index.ets:117:54
 The system capacity of this api 'TextInputController' is not supported on all devices

27 WARN: ArkTS:WARN File: C:/Users/Administrator/Desktop/CodeXProjext/morrow/hmos/entry/src/main/ets/pages/Index.ets:118:59
 The system capacity of this api 'TextAreaController' is not supported on all devices

28 WARN: ArkTS:WARN File: C:/Users/Administrator/Desktop/CodeXProjext/morrow/hmos/entry/src/main/ets/pages/Index.ets:119:58
 The system capacity of this api 'TextAreaController' is not supported on all devices

29 WARN: ArkTS:WARN File: C:/Users/Administrator/Desktop/CodeXProjext/morrow/hmos/entry/src/main/ets/pages/Index.ets:120:58
 The system capacity of this api 'TextAreaController' is not supported on all devices

30 WARN: ArkTS:WARN File: C:/Users/Administrator/Desktop/CodeXProjext/morrow/hmos/entry/src/main/ets/pages/Index.ets:121:53
 The system capacity of this api 'TextInputController' is not supported on all devices

31 WARN: ArkTS:WARN File: C:/Users/Administrator/Desktop/CodeXProjext/morrow/hmos/entry/src/main/ets/pages/Index.ets:374:36
 To use this API, you need to apply for the permissions: ohos.permission.READ_PASTEBOARD [since 12]

> hvigor ERROR: ArkTS Compiler Error
1 ERROR: 10605087 ArkTS Compiler Error
Error Message: "throw" statements cannot accept values of arbitrary types (arkts-limited-throw) At File: C:/Users/Administrator/Desktop/CodeXProjext/morrow/hmos/entry/src/main/ets/model/AttachmentFiles.ets:136:7


COMPILE RESULT:FAIL {ERROR:2 WARN:31}

* Try:
> Run with --stacktrace option to get the stack trace.
> Run with --debug option to get more log output.

[31m
FAILURE: Build completed with 1 failure.[31m[39m
[31m
1: Task failed with an exception.
-----------
* What went wrong:
Execution failed for task 'default@CompileArkTS'.
  > Compilation error. See log for more details

[31m* Try:
> Run with --stacktrace option to get the stack trace.
> Run with --debug option to get more log output.
[31m[39m
[31m================================================================================[31m[39m
> hvigor ERROR: BUILD FAILED in 8 s 668 ms 

25 tasks in total: 13 executed, 12 up-to-date
HAP build failed
At C:\Users\Administrator\Desktop\CodeXProjext\morrow\hmos\scripts\build-hap.ps1:10 char:22
+   if($LASTEXITCODE) {throw 'HAP build failed'}
+                      ~~~~~~~~~~~~~~~~~~~~~~~~
    + CategoryInfo          : OperationStopped: (HAP build failed:String) [], RuntimeException
    + FullyQualifiedErrorId : HAP build failed
 
