> hvigor [32mUP-TO-DATE :entry:default@PreBuild...  [39m
> hvigor [32mFinished :entry:default@CreateModuleInfo... after 1 ms [39m
> hvigor [32mUP-TO-DATE :entry:default@GenerateMetadata...  [39m
> hvigor [32mFinished :entry:default@ConfigureCmake... after 10 ms [39m
> hvigor [32mUP-TO-DATE :entry:default@MergeProfile...  [39m
> hvigor [32mUP-TO-DATE :entry:default@CreateBuildProfile...  [39m
> hvigor [32mFinished :entry:default@PreCheckSyscap... after 1 ms [39m
> hvigor [32mFinished :entry:default@GeneratePkgSdkInfo... after 3 ms [39m
> hvigor [32mFinished :entry:default@ProcessIntegratedHsp... after 1 ms [39m
> hvigor [32mFinished :entry:default@BuildNativeWithCmake... after 18 ms [39m
> hvigor [32mUP-TO-DATE :entry:default@MakePackInfo...  [39m
> hvigor [32mFinished :entry:default@SyscapTransform... after 17 ms [39m
> hvigor [32mUP-TO-DATE :entry:default@GeneratePkgContextInfo...  [39m
> hvigor [32mUP-TO-DATE :entry:default@ProcessProfile...  [39m
> hvigor [32mUP-TO-DATE :entry:default@ProcessRouterMap...  [39m
> hvigor [32mUP-TO-DATE :entry:default@ProcessShareConfig...  [39m
> hvigor [32mFinished :entry:default@ProcessStartupConfig... after 2 ms [39m
> hvigor [32mUP-TO-DATE :entry:default@ProcessResource...  [39m
> hvigor [32mUP-TO-DATE :entry:default@GenerateLoaderJson...  [39m
> hvigor [32mUP-TO-DATE :entry:default@CompileResource...  [39m
> hvigor [32mFinished :entry:default@BuildJS... after 2 ms [39m
> hvigor [32mFinished :entry:default@BuildNativeWithNinja... after 361 ms [39m
> hvigor [32mFinished :entry:default@ProcessLibs... after 126 ms [39m
> hvigor [32mFinished :entry:default@DoNativeStrip... after 79 ms [39m
> hvigor [32mFinished :entry:default@CacheNativeLibs... after 5 ms [39m
> hvigor WARN: WARN: ArkTS:WARN File: C:/Users/Administrator/Desktop/CodeXProjext/morrow/hmos/entry/src/main/ets/pages/Index.ets:1596:83
 'Function.bind' is not supported (arkts-no-func-bind)

WARN: ArkTS:WARN: For details about ArkTS syntax errors, see FAQs
WARN: ArkTS:WARN File: C:/Users/Administrator/Desktop/CodeXProjext/morrow/hmos/entry/src/main/ets/model/AttachmentFiles.ets:97:19
 Function may throw exceptions. Special handling is required.

WARN: ArkTS:WARN File: C:/Users/Administrator/Desktop/CodeXProjext/morrow/hmos/entry/src/main/ets/model/AttachmentFiles.ets:97:49
 Function may throw exceptions. Special handling is required.

WARN: ArkTS:WARN File: C:/Users/Administrator/Desktop/CodeXProjext/morrow/hmos/entry/src/main/ets/model/AttachmentFiles.ets:98:27
 Function may throw exceptions. Special handling is required.

WARN: ArkTS:WARN File: C:/Users/Administrator/Desktop/CodeXProjext/morrow/hmos/entry/src/main/ets/model/AttachmentFiles.ets:99:15
 Function may throw exceptions. Special handling is required.

WARN: ArkTS:WARN File: C:/Users/Administrator/Desktop/CodeXProjext/morrow/hmos/entry/src/main/ets/model/AttachmentFiles.ets:99:37
 Function may throw exceptions. Special handling is required.

WARN: ArkTS:WARN File: C:/Users/Administrator/Desktop/CodeXProjext/morrow/hmos/entry/src/main/ets/model/AttachmentFiles.ets:113:28
 Function may throw exceptions. Special handling is required.

WARN: ArkTS:WARN File: C:/Users/Administrator/Desktop/CodeXProjext/morrow/hmos/entry/src/main/ets/model/AttachmentFiles.ets:119:31
 Function may throw exceptions. Special handling is required.

WARN: ArkTS:WARN File: C:/Users/Administrator/Desktop/CodeXProjext/morrow/hmos/entry/src/main/ets/model/AttachmentFiles.ets:120:19
 Function may throw exceptions. Special handling is required.

WARN: ArkTS:WARN File: C:/Users/Administrator/Desktop/CodeXProjext/morrow/hmos/entry/src/main/ets/model/AttachmentFiles.ets:120:43
 Function may throw exceptions. Special handling is required.

WARN: ArkTS:WARN File: C:/Users/Administrator/Desktop/CodeXProjext/morrow/hmos/entry/src/main/ets/model/AttachmentFiles.ets:122:20
 Function may throw exceptions. Special handling is required.

WARN: ArkTS:WARN File: C:/Users/Administrator/Desktop/CodeXProjext/morrow/hmos/entry/src/main/ets/model/AttachmentFiles.ets:123:31
 Function may throw exceptions. Special handling is required.

WARN: ArkTS:WARN File: C:/Users/Administrator/Desktop/CodeXProjext/morrow/hmos/entry/src/main/ets/model/AttachmentFiles.ets:124:19
 Function may throw exceptions. Special handling is required.

WARN: ArkTS:WARN File: C:/Users/Administrator/Desktop/CodeXProjext/morrow/hmos/entry/src/main/ets/model/AttachmentFiles.ets:124:36
 Function may throw exceptions. Special handling is required.

WARN: ArkTS:WARN File: C:/Users/Administrator/Desktop/CodeXProjext/morrow/hmos/entry/src/main/ets/model/AttachmentFiles.ets:141:23
 Function may throw exceptions. Special handling is required.

WARN: ArkTS:WARN File: C:/Users/Administrator/Desktop/CodeXProjext/morrow/hmos/entry/src/main/ets/model/AttachmentFiles.ets:144:34
 Function may throw exceptions. Special handling is required.

WARN: ArkTS:WARN File: C:/Users/Administrator/Desktop/CodeXProjext/morrow/hmos/entry/src/main/ets/model/AttachmentFiles.ets:150:16
 Function may throw exceptions. Special handling is required.

WARN: ArkTS:WARN File: C:/Users/Administrator/Desktop/CodeXProjext/morrow/hmos/entry/src/main/ets/model/AttachmentFiles.ets:165:20
 Function may throw exceptions. Special handling is required.

WARN: ArkTS:WARN File: C:/Users/Administrator/Desktop/CodeXProjext/morrow/hmos/entry/src/main/ets/model/AttachmentFiles.ets:165:45
 Function may throw exceptions. Special handling is required.

WARN: ArkTS:WARN File: C:/Users/Administrator/Desktop/CodeXProjext/morrow/hmos/entry/src/main/ets/model/AttachmentFiles.ets:167:14
 Function may throw exceptions. Special handling is required.

WARN: ArkTS:WARN File: C:/Users/Administrator/Desktop/CodeXProjext/morrow/hmos/entry/src/main/ets/pages/Index.ets:116:54
 The system capacity of this api 'TextInputController' is not supported on all devices

WARN: ArkTS:WARN File: C:/Users/Administrator/Desktop/CodeXProjext/morrow/hmos/entry/src/main/ets/pages/Index.ets:117:59
 The system capacity of this api 'TextAreaController' is not supported on all devices

WARN: ArkTS:WARN File: C:/Users/Administrator/Desktop/CodeXProjext/morrow/hmos/entry/src/main/ets/pages/Index.ets:118:58
 The system capacity of this api 'TextAreaController' is not supported on all devices

WARN: ArkTS:WARN File: C:/Users/Administrator/Desktop/CodeXProjext/morrow/hmos/entry/src/main/ets/pages/Index.ets:119:58
 The system capacity of this api 'TextAreaController' is not supported on all devices

WARN: ArkTS:WARN File: C:/Users/Administrator/Desktop/CodeXProjext/morrow/hmos/entry/src/main/ets/pages/Index.ets:120:53
 The system capacity of this api 'TextInputController' is not supported on all devices

WARN: ArkTS:WARN File: C:/Users/Administrator/Desktop/CodeXProjext/morrow/hmos/entry/src/main/ets/pages/Index.ets:373:36
 To use this API, you need to apply for the permissions: ohos.permission.READ_PASTEBOARD [since 12]


> hvigor [32mFinished :entry:default@CompileArkTS... after 6 s 321 ms [39m
> hvigor [32mFinished :entry:default@GeneratePkgModuleJson... after 2 ms [39m
> hvigor [32mFinished :entry:default@ProcessCompiledResources... after 1 ms [39m
> hvigor [32mFinished :entry:default@PackageHap... after 406 ms [39m
> hvigor [32mFinished :entry:default@PackingCheck... after 4 ms [39m
> hvigor WARN: Will skip sign 'hos_hap'. No signingConfigs profile is configured in current project.
             If needed, configure the signingConfigs in C:\Users\Administrator\Desktop\CodeXProjext\morrow\hmos\build-profile.json5.
> hvigor [32mFinished :entry:default@SignHap... after 2 ms [39m
> hvigor [32mFinished :entry:default@CollectDebugSymbol... after 1 ms [39m
> hvigor [32mFinished :entry:assembleHap... after 1 ms [39m
> hvigor [32mBUILD SUCCESSFUL in 10 s 14 ms [39m

33 tasks in total: 21 executed, 12 up-to-date
